Archive member included to satisfy reference by file (symbol)

d:/apps/embedded_gcc/arm_gcc/bin/../lib/gcc/arm-none-eabi/8.2.1/../../../../arm-none-eabi/lib/thumb/v7e-m+fp/hard\libc_nano.a(lib_a-exit.o)
                              d:/apps/embedded_gcc/arm_gcc/bin/../lib/gcc/arm-none-eabi/8.2.1/../../../../arm-none-eabi/lib/thumb/v7e-m+fp/hard/crt0.o (exit)
d:/apps/embedded_gcc/arm_gcc/bin/../lib/gcc/arm-none-eabi/8.2.1/../../../../arm-none-eabi/lib/thumb/v7e-m+fp/hard\libc_nano.a(lib_a-impure.o)
                              d:/apps/embedded_gcc/arm_gcc/bin/../lib/gcc/arm-none-eabi/8.2.1/../../../../arm-none-eabi/lib/thumb/v7e-m+fp/hard\libc_nano.a(lib_a-exit.o) (_global_impure_ptr)
d:/apps/embedded_gcc/arm_gcc/bin/../lib/gcc/arm-none-eabi/8.2.1/../../../../arm-none-eabi/lib/thumb/v7e-m+fp/hard\libc_nano.a(lib_a-init.o)
                              d:/apps/embedded_gcc/arm_gcc/bin/../lib/gcc/arm-none-eabi/8.2.1/../../../../arm-none-eabi/lib/thumb/v7e-m+fp/hard/crt0.o (__libc_init_array)
d:/apps/embedded_gcc/arm_gcc/bin/../lib/gcc/arm-none-eabi/8.2.1/../../../../arm-none-eabi/lib/thumb/v7e-m+fp/hard\libc_nano.a(lib_a-memcpy-stub.o)
                              build/utils.o (memcpy)
d:/apps/embedded_gcc/arm_gcc/bin/../lib/gcc/arm-none-eabi/8.2.1/../../../../arm-none-eabi/lib/thumb/v7e-m+fp/hard\libc_nano.a(lib_a-memset.o)
                              d:/apps/embedded_gcc/arm_gcc/bin/../lib/gcc/arm-none-eabi/8.2.1/../../../../arm-none-eabi/lib/thumb/v7e-m+fp/hard/crt0.o (memset)
d:/apps/embedded_gcc/arm_gcc/bin/../lib/gcc/arm-none-eabi/8.2.1/../../../../arm-none-eabi/lib/thumb/v7e-m+fp/hard\libc_nano.a(lib_a-qsort.o)
                              build/utils.o (qsort)
d:/apps/embedded_gcc/arm_gcc/bin/../lib/gcc/arm-none-eabi/8.2.1/../../../../arm-none-eabi/lib/thumb/v7e-m+fp/hard\libc_nano.a(lib_a-strcat.o)
                              build/utils.o (strcat)
d:/apps/embedded_gcc/arm_gcc/bin/../lib/gcc/arm-none-eabi/8.2.1/../../../../arm-none-eabi/lib/thumb/v7e-m+fp/hard\libm.a(lib_a-w_exp.o)
                              build/main.o (exp)
d:/apps/embedded_gcc/arm_gcc/bin/../lib/gcc/arm-none-eabi/8.2.1/../../../../arm-none-eabi/lib/thumb/v7e-m+fp/hard\libm.a(lib_a-wf_exp.o)
                              build/utils.o (expf)
d:/apps/embedded_gcc/arm_gcc/bin/../lib/gcc/arm-none-eabi/8.2.1/../../../../arm-none-eabi/lib/thumb/v7e-m+fp/hard\libm.a(lib_a-wf_fmod.o)
                              build/utils.o (fmodf)
d:/apps/embedded_gcc/arm_gcc/bin/../lib/gcc/arm-none-eabi/8.2.1/../../../../arm-none-eabi/lib/thumb/v7e-m+fp/hard\libm.a(lib_a-wf_log.o)
                              build/main.o (logf)
d:/apps/embedded_gcc/arm_gcc/bin/../lib/gcc/arm-none-eabi/8.2.1/../../../../arm-none-eabi/lib/thumb/v7e-m+fp/hard\libm.a(lib_a-wf_pow.o)
                              build/utils.o (powf)
d:/apps/embedded_gcc/arm_gcc/bin/../lib/gcc/arm-none-eabi/8.2.1/../../../../arm-none-eabi/lib/thumb/v7e-m+fp/hard\libm.a(lib_a-wf_sqrt.o)
                              build/main.o (sqrtf)
d:/apps/embedded_gcc/arm_gcc/bin/../lib/gcc/arm-none-eabi/8.2.1/../../../../arm-none-eabi/lib/thumb/v7e-m+fp/hard\libm.a(lib_a-e_exp.o)
                              d:/apps/embedded_gcc/arm_gcc/bin/../lib/gcc/arm-none-eabi/8.2.1/../../../../arm-none-eabi/lib/thumb/v7e-m+fp/hard\libm.a(lib_a-w_exp.o) (__ieee754_exp)
d:/apps/embedded_gcc/arm_gcc/bin/../lib/gcc/arm-none-eabi/8.2.1/../../../../arm-none-eabi/lib/thumb/v7e-m+fp/hard\libm.a(lib_a-ef_exp.o)
                              d:/apps/embedded_gcc/arm_gcc/bin/../lib/gcc/arm-none-eabi/8.2.1/../../../../arm-none-eabi/lib/thumb/v7e-m+fp/hard\libm.a(lib_a-wf_exp.o) (__ieee754_expf)
d:/apps/embedded_gcc/arm_gcc/bin/../lib/gcc/arm-none-eabi/8.2.1/../../../../arm-none-eabi/lib/thumb/v7e-m+fp/hard\libm.a(lib_a-ef_fmod.o)
                              d:/apps/embedded_gcc/arm_gcc/bin/../lib/gcc/arm-none-eabi/8.2.1/../../../../arm-none-eabi/lib/thumb/v7e-m+fp/hard\libm.a(lib_a-wf_fmod.o) (__ieee754_fmodf)
d:/apps/embedded_gcc/arm_gcc/bin/../lib/gcc/arm-none-eabi/8.2.1/../../../../arm-none-eabi/lib/thumb/v7e-m+fp/hard\libm.a(lib_a-ef_log.o)
                              d:/apps/embedded_gcc/arm_gcc/bin/../lib/gcc/arm-none-eabi/8.2.1/../../../../arm-none-eabi/lib/thumb/v7e-m+fp/hard\libm.a(lib_a-wf_log.o) (__ieee754_logf)
d:/apps/embedded_gcc/arm_gcc/bin/../lib/gcc/arm-none-eabi/8.2.1/../../../../arm-none-eabi/lib/thumb/v7e-m+fp/hard\libm.a(lib_a-ef_pow.o)
                              d:/apps/embedded_gcc/arm_gcc/bin/../lib/gcc/arm-none-eabi/8.2.1/../../../../arm-none-eabi/lib/thumb/v7e-m+fp/hard\libm.a(lib_a-wf_pow.o) (__ieee754_powf)
d:/apps/embedded_gcc/arm_gcc/bin/../lib/gcc/arm-none-eabi/8.2.1/../../../../arm-none-eabi/lib/thumb/v7e-m+fp/hard\libm.a(lib_a-ef_sqrt.o)
                              d:/apps/embedded_gcc/arm_gcc/bin/../lib/gcc/arm-none-eabi/8.2.1/../../../../arm-none-eabi/lib/thumb/v7e-m+fp/hard\libm.a(lib_a-wf_sqrt.o) (__ieee754_sqrtf)
[...]
Memory Configuration

Name             Origin             Length             Attributes
RAM              0x0000000020000000 0x0000000000020000 xrw
FLASH            0x0000000008000000 0x0000000000080000 xr
*default*        0x0000000000000000 0xffffffffffffffff

Linker script and memory map

LOAD d:/apps/embedded_gcc/arm_gcc/bin/../lib/gcc/arm-none-eabi/8.2.1/thumb/v7e-m+fp/hard/crti.o
LOAD d:/apps/embedded_gcc/arm_gcc/bin/../lib/gcc/arm-none-eabi/8.2.1/thumb/v7e-m+fp/hard/crtbegin.o
LOAD d:/apps/embedded_gcc/arm_gcc/bin/../lib/gcc/arm-none-eabi/8.2.1/../../../../arm-none-eabi/lib/thumb/v7e-m+fp/hard/crt0.o
LOAD build/main.o
LOAD build/gpio.o
LOAD build/adc.o
LOAD build/hrtim.o
LOAD build/sys.o
LOAD build/usart.o
LOAD build/stm32g4xx_it.o
LOAD build/stm32g4xx_ll_utils.o
LOAD build/stm32g4xx_ll_exti.o
LOAD build/stm32g4xx_ll_gpio.o
LOAD build/stm32g4xx_ll_adc.o
LOAD build/stm32g4xx_ll_dma.o
LOAD build/stm32g4xx_ll_hrtim.o
LOAD build/stm32g4xx_ll_pwr.o
LOAD build/stm32g4xx_ll_usart.o
LOAD build/stm32g4xx_ll_rcc.o
LOAD build/system_stm32g4xx.o
LOAD build/tim.o
LOAD build/stm32g4xx_ll_tim.o
LOAD build/lptim.o
LOAD build/utils.o
LOAD build/stm32g4xx_ll_lptim.o
LOAD build/startup_stm32g474xx.o
LOAD d:/apps/embedded_gcc/arm_gcc/bin/../lib/gcc/arm-none-eabi/8.2.1/../../../../arm-none-eabi/lib/thumb/v7e-m+fp/hard\libc_nano.a
LOAD d:/apps/embedded_gcc/arm_gcc/bin/../lib/gcc/arm-none-eabi/8.2.1/../../../../arm-none-eabi/lib/thumb/v7e-m+fp/hard\libm.a
LOAD d:/apps/embedded_gcc/arm_gcc/bin/../lib/gcc/arm-none-eabi/8.2.1/../../../../arm-none-eabi/lib/thumb/v7e-m+fp/hard\libnosys.a
START GROUP
LOAD d:/apps/embedded_gcc/arm_gcc/bin/../lib/gcc/arm-none-eabi/8.2.1/thumb/v7e-m+fp/hard\libgcc.a
LOAD d:/apps/embedded_gcc/arm_gcc/bin/../lib/gcc/arm-none-eabi/8.2.1/../../../../arm-none-eabi/lib/thumb/v7e-m+fp/hard\libc_nano.a
END GROUP
START GROUP
LOAD d:/apps/embedded_gcc/arm_gcc/bin/../lib/gcc/arm-none-eabi/8.2.1/thumb/v7e-m+fp/hard\libgcc.a
LOAD d:/apps/embedded_gcc/arm_gcc/bin/../lib/gcc/arm-none-eabi/8.2.1/../../../../arm-none-eabi/lib/thumb/v7e-m+fp/hard\libc_nano.a
END GROUP
LOAD d:/apps/embedded_gcc/arm_gcc/bin/../lib/gcc/arm-none-eabi/8.2.1/thumb/v7e-m+fp/hard/crtend.o
LOAD d:/apps/embedded_gcc/arm_gcc/bin/../lib/gcc/arm-none-eabi/8.2.1/thumb/v7e-m+fp/hard/crtn.o
                0x0000000020020000                _estack = 0x20020000
                0x0000000000000200                _Min_Heap_Size = 0x200
                0x0000000000000400                _Min_Stack_Size = 0x400

.isr_vector     0x0000000008000000      0x1d8
                0x0000000008000000                . = ALIGN (0x4)
 *(.isr_vector)
 .isr_vector    0x0000000008000000      0x1d8 build/startup_stm32g474xx.o
                0x0000000008000000                g_pfnVectors
                0x00000000080001d8                . = ALIGN (0x4)

.text           0x00000000080001d8     0xfb84
                0x00000000080001d8                . = ALIGN (0x4)
 *(.text)
 .text          0x00000000080001d8      0x378 d:/apps/embedded_gcc/arm_gcc/bin/../lib/gcc/arm-none-eabi/8.2.1/thumb/v7e-m+fp/hard\libgcc.a(_arm_addsubdf3.o)
                0x00000000080001d8                __aeabi_drsub
                0x00000000080001e0                __aeabi_dsub
                0x00000000080001e0                __subdf3
                0x00000000080001e4                __aeabi_dadd
                0x00000000080001e4                __adddf3
                0x000000000800045c                __floatunsidf
                0x000000000800045c                __aeabi_ui2d
                0x000000000800047c                __floatsidf
                0x000000000800047c                __aeabi_i2d
                0x00000000080004a0                __aeabi_f2d
                0x00000000080004a0                __extendsfdf2
                0x00000000080004e4                __floatundidf
                0x00000000080004e4                __aeabi_ul2d
                0x00000000080004f4                __floatdidf
                0x00000000080004f4                __aeabi_l2d
 .text          0x0000000008000550      0x424 d:/apps/embedded_gcc/arm_gcc/bin/../lib/gcc/arm-none-eabi/8.2.1/thumb/v7e-m+fp/hard\libgcc.a(_arm_muldivdf3.o)
                0x0000000008000550                __aeabi_dmul
                0x0000000008000550                __muldf3
                0x00000000080007a4                __divdf3
                0x00000000080007a4                __aeabi_ddiv
 .text          0x0000000008000974      0x110 d:/apps/embedded_gcc/arm_gcc/bin/../lib/gcc/arm-none-eabi/8.2.1/thumb/v7e-m+fp/hard\libgcc.a(_arm_cmpdf2.o)
                0x0000000008000974                __gtdf2
                0x0000000008000974                __gedf2
                0x000000000800097c                __ltdf2
                0x000000000800097c                __ledf2
                0x0000000008000984                __nedf2
                0x0000000008000984                __eqdf2
                0x0000000008000984                __cmpdf2
                0x0000000008000a00                __aeabi_cdrcmple
                0x0000000008000a10                __aeabi_cdcmpeq
                0x0000000008000a10                __aeabi_cdcmple
                0x0000000008000a20                __aeabi_dcmpeq
                0x0000000008000a34                __aeabi_dcmplt
                0x0000000008000a48                __aeabi_dcmple
                0x0000000008000a5c                __aeabi_dcmpge
                0x0000000008000a70                __aeabi_dcmpgt
 .text          0x0000000008000a84       0x50 d:/apps/embedded_gcc/arm_gcc/bin/../lib/gcc/arm-none-eabi/8.2.1/thumb/v7e-m+fp/hard\libgcc.a(_arm_fixdfsi.o)
                0x0000000008000a84                __aeabi_d2iz
                0x0000000008000a84                __fixdfsi
 .text          0x0000000008000ad4       0xa0 d:/apps/embedded_gcc/arm_gcc/bin/../lib/gcc/arm-none-eabi/8.2.1/thumb/v7e-m+fp/hard\libgcc.a(_arm_truncdfsf2.o)
                0x0000000008000ad4                __truncdfsf2
                0x0000000008000ad4                __aeabi_d2f
 *(.text*)
 .text.deregister_tm_clones
                0x0000000008000b74       0x1c d:/apps/embedded_gcc/arm_gcc/bin/../lib/gcc/arm-none-eabi/8.2.1/thumb/v7e-m+fp/hard/crtbegin.o
 .text.register_tm_clones
                0x0000000008000b90       0x24 d:/apps/embedded_gcc/arm_gcc/bin/../lib/gcc/arm-none-eabi/8.2.1/thumb/v7e-m+fp/hard/crtbegin.o
 .text.__do_global_dtors_aux
                0x0000000008000bb4       0x28 d:/apps/embedded_gcc/arm_gcc/bin/../lib/gcc/arm-none-eabi/8.2.1/thumb/v7e-m+fp/hard/crtbegin.o
 .text.frame_dummy
                0x0000000008000bdc       0x24 d:/apps/embedded_gcc/arm_gcc/bin/../lib/gcc/arm-none-eabi/8.2.1/thumb/v7e-m+fp/hard/crtbegin.o
 .text.__NVIC_SetPriorityGrouping
                0x0000000008000c00       0x48 build/main.o
 .text.__NVIC_SystemReset
                0x0000000008000c48       0x28 build/main.o
 .text.LL_ADC_INJ_StartConversion
                0x0000000008000c70       0x28 build/main.o
 .text.LL_ADC_ClearFlag_JEOS
                0x0000000008000c98       0x1a build/main.o
 .text.LL_HRTIM_EnableOutput
                0x0000000008000cb2       0x2a build/main.o
 .text.LL_HRTIM_DisableOutput
                0x0000000008000cdc       0x2a build/main.o
 *fill*         0x0000000008000d06        0x2 
 .text.LL_HRTIM_TIM_GetPeriod
                0x0000000008000d08       0x48 build/main.o
 .text.LL_HRTIM_TIM_SetCompare1
                0x0000000008000d50       0x50 build/main.o
 .text.LL_RCC_HSE_Enable
                0x0000000008000da0       0x20 build/main.o
 .text.LL_RCC_HSE_IsReady
                0x0000000008000dc0       0x28 build/main.o
 .text.LL_RCC_SetSysClkSource
                0x0000000008000de8       0x28 build/main.o
 .text.LL_RCC_GetSysClkSource
                0x0000000008000e10       0x1c build/main.o
 .text.LL_RCC_SetAHBPrescaler
                0x0000000008000e2c       0x28 build/main.o
 .text.LL_RCC_SetAPB1Prescaler
                0x0000000008000e54       0x28 build/main.o
 .text.LL_RCC_SetAPB2Prescaler
                0x0000000008000e7c       0x28 build/main.o
 .text.LL_RCC_SetUSARTClockSource
                0x0000000008000ea4       0x34 build/main.o
 .text.LL_RCC_SetLPTIMClockSource
                0x0000000008000ed8       0x2c build/main.o
 .text.LL_RCC_SetADCClockSource
                0x0000000008000f04       0x48 build/main.o
 .text.LL_RCC_PLL_Enable
                0x0000000008000f4c       0x20 build/main.o
 .text.LL_RCC_PLL_IsReady
                0x0000000008000f6c       0x28 build/main.o
 .text.LL_RCC_PLL_ConfigDomain_SYS
                0x0000000008000f94       0x40 build/main.o
 .text.LL_RCC_PLL_ConfigDomain_ADC
                0x0000000008000fd4       0x40 build/main.o
 .text.LL_RCC_PLL_EnableDomain_ADC
                0x0000000008001014       0x20 build/main.o
 .text.LL_RCC_PLL_EnableDomain_SYS
                0x0000000008001034       0x20 build/main.o
 .text.LL_APB1_GRP1_EnableClock
                0x0000000008001054       0x30 build/main.o
 .text.LL_APB2_GRP1_EnableClock
                0x0000000008001084       0x30 build/main.o
 .text.LL_FLASH_SetLatency
                0x00000000080010b4       0x28 build/main.o
 .text.LL_SYSTICK_SetClkSource
                0x00000000080010dc       0x38 build/main.o
 .text.LL_PWR_EnableRange1BoostMode
                0x0000000008001114       0x24 build/main.o
 .text.LL_PWR_DisableDeadBatteryPD
                0x0000000008001138       0x20 build/main.o
 .text.LL_TIM_IC_GetCaptureCH1
                0x0000000008001158       0x18 build/main.o
 .text.LL_TIM_IC_GetCaptureCH2
                0x0000000008001170       0x18 build/main.o
 .text.LL_TIM_ClearFlag_CC1
                0x0000000008001188       0x1c build/main.o
 .text.LL_TIM_IsActiveFlag_CC1
                0x00000000080011a4       0x26 build/main.o
 .text.LL_GPIO_IsInputPinSet
                0x00000000080011ca       0x2a build/main.o
 .text.LL_GPIO_ResetOutputPin
                0x00000000080011f4       0x1c build/main.o
 .text.LL_GPIO_TogglePin
                0x0000000008001210       0x22 build/main.o
 .text.LPF_calc
                0x0000000008001232       0x3e build/main.o
 .text.HPF_calc
                0x0000000008001270       0x46 build/main.o
 *fill*         0x00000000080012b6        0x2 
 .text.utSinPU  0x00000000080012b8       0xc0 build/main.o
 .text.utSinAbs
                0x0000000008001378       0x50 build/main.o
 .text.utCosAbs
                0x00000000080013c8       0x54 build/main.o
 .text.ModelBLDC_Init
                0x000000000800141c       0xec build/main.o
 .text.ModelBLDC_Calc
                0x0000000008001508      0x664 build/main.o
 .text.bldcpwm_update
                0x0000000008001b6c      0x188 build/main.o
 .text.Svgen_calc
                0x0000000008001cf4      0x1ac build/main.o
 .text.PI_calc  0x0000000008001ea0       0xe8 build/main.o
 .text.Volt_calc
                0x0000000008001f88       0xe8 build/main.o
 .text.FluxObs_calc
                0x0000000008002070      0x19e build/main.o
 *fill*         0x000000000800220e        0x2 
 .text.Smopos_calc
                0x0000000008002210      0x2d8 build/main.o
 .text.Prot_calc
                0x00000000080024e8      0x124 build/main.o
 .text.Pll_calc
                0x000000000800260c      0x144 build/main.o
 .text.CMTN_run
                0x0000000008002750      0x65c build/main.o
 .text.Foc_Init
                0x0000000008002dac      0x494 build/main.o
 .text.datalogCalc
                0x0000000008003240      0x174 build/main.o
 .text.datalogCalcUART
                0x00000000080033b4      0x26e build/main.o
 *fill*         0x0000000008003622        0x2 
 .text.ntc_temperature
                0x0000000008003624       0x9c build/main.o
 .text.Hall_update
                0x00000000080036c0      0x3a0 build/main.o
 .text.main     0x0000000008003a60      0x150 build/main.o
                0x0000000008003a60                main
 .text.CoreInit
                0x0000000008003bb0      0x100 build/main.o
                0x0000000008003bb0                CoreInit
 .text.CoreStart
                0x0000000008003cb0       0x80 build/main.o
                0x0000000008003cb0                CoreStart
 .text.ADC1_2_IRQHandler
                0x0000000008003d30     0x4f20 build/main.o
                0x0000000008003d30                ADC1_2_IRQHandler
 .text.slowCalc
                0x0000000008008c50      0x1a8 build/main.o
                0x0000000008008c50                slowCalc
 .text.TIM2_IRQHandler
                0x0000000008008df8       0x54 build/main.o
                0x0000000008008df8                TIM2_IRQHandler
 .text.LL_AHB2_GRP1_EnableClock
                0x0000000008008e4c       0x30 build/gpio.o
 .text.LL_GPIO_ResetOutputPin
                0x0000000008008e7c       0x1c build/gpio.o
 .text.MX_GPIO_Init
                0x0000000008008e98      0x17c build/gpio.o
                0x0000000008008e98                MX_GPIO_Init
 .text.__NVIC_GetPriorityGrouping
                0x0000000008009014       0x1c build/adc.o
 .text.__NVIC_EnableIRQ
                0x0000000008009030       0x3c build/adc.o
 .text.__NVIC_SetPriority
                0x000000000800906c       0x54 build/adc.o
 .text.NVIC_EncodePriority
                0x00000000080090c0       0x66 build/adc.o
 .text.LL_ADC_SetGainCompensation
                0x0000000008009126       0x4a build/adc.o
 .text.LL_ADC_REG_SetSequencerRanks
                0x0000000008009170       0x52 build/adc.o
 .text.LL_ADC_INJ_SetTriggerEdge
                0x00000000080091c2       0x26 build/adc.o
 .text.LL_ADC_INJ_SetSequencerRanks
                0x00000000080091e8       0x44 build/adc.o
 .text.LL_ADC_INJ_SetQueueMode
                0x000000000800922c       0x2a build/adc.o
 .text.LL_ADC_SetChannelSamplingTime
                0x0000000008009256       0x50 build/adc.o
 *fill*         0x00000000080092a6        0x2 
 .text.LL_ADC_SetChannelSingleDiff
                0x00000000080092a8       0x48 build/adc.o
 .text.LL_ADC_SetOverSamplingScope
                0x00000000080092f0       0x2a build/adc.o
 .text.LL_ADC_ConfigOverSamplingRatioShift
                0x000000000800931a       0x2c build/adc.o
 .text.LL_ADC_DisableDeepPowerDown
                0x0000000008009346       0x24 build/adc.o
 .text.LL_ADC_EnableInternalRegulator
                0x000000000800936a       0x28 build/adc.o
 .text.LL_ADC_Enable
                0x0000000008009392       0x28 build/adc.o
 .text.LL_ADC_StartCalibration
                0x00000000080093ba       0x32 build/adc.o
 .text.LL_ADC_IsCalibrationOnGoing
                0x00000000080093ec       0x28 build/adc.o
 .text.LL_ADC_INJ_StartConversion
                0x0000000008009414       0x28 build/adc.o
 .text.LL_ADC_IsActiveFlag_ADRDY
                0x000000000800943c       0x26 build/adc.o
 .text.LL_ADC_ClearFlag_ADRDY
                0x0000000008009462       0x1a build/adc.o
 .text.LL_ADC_EnableIT_JEOS
                0x000000000800947c       0x20 build/adc.o
 .text.LL_ADC_DisableIT_EOC
                0x000000000800949c       0x20 build/adc.o
 .text.LL_ADC_DisableIT_EOS
                0x00000000080094bc       0x20 build/adc.o
 .text.LL_ADC_DisableIT_JEOC
                0x00000000080094dc       0x20 build/adc.o
 .text.LL_ADC_DisableIT_JEOS
                0x00000000080094fc       0x20 build/adc.o
 .text.LL_AHB2_GRP1_EnableClock
                0x000000000800951c       0x30 build/adc.o
 .text.adc_start_bldc
                0x000000000800954c       0xc0 build/adc.o
                0x000000000800954c                adc_start_bldc
 .text.adc_start
                0x000000000800960c       0xc0 build/adc.o
                0x000000000800960c                adc_start
 .text.MX_ADC1_Init
                0x00000000080096cc      0x25c build/adc.o
                0x00000000080096cc                MX_ADC1_Init
 .text.MX_ADC2_Init
                0x0000000008009928      0x1b0 build/adc.o
                0x0000000008009928                MX_ADC2_Init
 .text.MX_ADC3_Init
                0x0000000008009ad8      0x14c build/adc.o
                0x0000000008009ad8                MX_ADC3_Init
 .text.ADC1_Init_BLDC
                0x0000000008009c24      0x26c build/adc.o
                0x0000000008009c24                ADC1_Init_BLDC
 .text.ADC2_Init_BLDC
                0x0000000008009e90      0x208 build/adc.o
                0x0000000008009e90                ADC2_Init_BLDC
 .text.__NVIC_GetPriorityGrouping
                0x000000000800a098       0x1c build/hrtim.o
 .text.__NVIC_EnableIRQ
                0x000000000800a0b4       0x3c build/hrtim.o
 .text.__NVIC_SetPriority
                0x000000000800a0f0       0x54 build/hrtim.o
 .text.NVIC_EncodePriority
                0x000000000800a144       0x66 build/hrtim.o
 .text.LL_HRTIM_ForceUpdate
                0x000000000800a1aa       0x2c build/hrtim.o
 .text.LL_HRTIM_EnableOutput
                0x000000000800a1d6       0x2a build/hrtim.o
 .text.LL_HRTIM_ConfigADCTrig
                0x000000000800a200       0x98 build/hrtim.o
 .text.LL_HRTIM_SetADCPostScaler
                0x000000000800a298       0xc8 build/hrtim.o
 .text.LL_HRTIM_ConfigDLLCalibration
                0x000000000800a360       0x30 build/hrtim.o
 .text.LL_HRTIM_StartDLLCalibration
                0x000000000800a390       0x24 build/hrtim.o
 .text.LL_HRTIM_TIM_CounterEnable
                0x000000000800a3b4       0x22 build/hrtim.o
 *fill*         0x000000000800a3d6        0x2 
 .text.LL_HRTIM_TIM_SetPrescaler
                0x000000000800a3d8       0x50 build/hrtim.o
 .text.LL_HRTIM_TIM_SetCounterMode
                0x000000000800a428       0x50 build/hrtim.o
 .text.LL_HRTIM_TIM_DisableHalfMode
                0x000000000800a478       0x60 build/hrtim.o
 .text.LL_HRTIM_TIM_DisableResyncUpdate
                0x000000000800a4d8       0x4c build/hrtim.o
 .text.LL_HRTIM_TIM_SetInterleavedMode
                0x000000000800a524       0x70 build/hrtim.o
 .text.LL_HRTIM_TIM_DisableStartOnSync
                0x000000000800a594       0x48 build/hrtim.o
 .text.LL_HRTIM_TIM_DisableResetOnSync
                0x000000000800a5dc       0x48 build/hrtim.o
 .text.LL_HRTIM_TIM_SetDACTrig
                0x000000000800a624       0x50 build/hrtim.o
 .text.LL_HRTIM_TIM_EnablePreload
                0x000000000800a674       0x48 build/hrtim.o
 .text.LL_HRTIM_TIM_DisablePreload
                0x000000000800a6bc       0x48 build/hrtim.o
 .text.LL_HRTIM_TIM_SetUpdateTrig
                0x000000000800a704       0x64 build/hrtim.o
 .text.LL_HRTIM_TIM_SetUpdateGating
                0x000000000800a768       0x64 build/hrtim.o
 .text.LL_HRTIM_TIM_DisablePushPullMode
                0x000000000800a7cc       0x4c build/hrtim.o
 .text.LL_HRTIM_TIM_SetPeriod
                0x000000000800a818       0x50 build/hrtim.o
 .text.LL_HRTIM_TIM_SetRepetition
                0x000000000800a868       0x50 build/hrtim.o
 .text.LL_HRTIM_TIM_SetCompare1
                0x000000000800a8b8       0x50 build/hrtim.o
 .text.LL_HRTIM_TIM_SetResetTrig
                0x000000000800a908       0x48 build/hrtim.o
 .text.LL_HRTIM_TIM_EnableDeadTime
                0x000000000800a950       0x4c build/hrtim.o
 .text.LL_HRTIM_TIM_SetBurstModeOption
                0x000000000800a99c       0x4a build/hrtim.o
 *fill*         0x000000000800a9e6        0x2 
 .text.LL_HRTIM_TIM_SetComp1Mode
                0x000000000800a9e8       0x68 build/hrtim.o
 .text.LL_HRTIM_TIM_SetRollOverMode
                0x000000000800aa50       0x68 build/hrtim.o
 .text.LL_HRTIM_TIM_SetFaultEventRollOverMode
                0x000000000800aab8       0x68 build/hrtim.o
 .text.LL_HRTIM_TIM_SetBMRollOverMode
                0x000000000800ab20       0x68 build/hrtim.o
 .text.LL_HRTIM_TIM_SetADCRollOverMode
                0x000000000800ab88       0x68 build/hrtim.o
 .text.LL_HRTIM_TIM_SetOutputRollOverMode
                0x000000000800abf0       0x68 build/hrtim.o
 .text.LL_HRTIM_TIM_SetCountingMode
                0x000000000800ac58       0x68 build/hrtim.o
 .text.LL_HRTIM_DT_SetPrescaler
                0x000000000800acc0       0x50 build/hrtim.o
 .text.LL_HRTIM_DT_SetRisingValue
                0x000000000800ad10       0x54 build/hrtim.o
 .text.LL_HRTIM_DT_SetRisingSign
                0x000000000800ad64       0x50 build/hrtim.o
 .text.LL_HRTIM_DT_SetFallingValue
                0x000000000800adb4       0x58 build/hrtim.o
 .text.LL_HRTIM_DT_SetFallingSign
                0x000000000800ae0c       0x50 build/hrtim.o
 .text.LL_HRTIM_OUT_SetOutputSetSrc
                0x000000000800ae5c       0x5c build/hrtim.o
 .text.LL_HRTIM_OUT_SetOutputResetSrc
                0x000000000800aeb8       0x5c build/hrtim.o
 .text.LL_HRTIM_OUT_SetPolarity
                0x000000000800af14       0x7c build/hrtim.o
 .text.LL_HRTIM_OUT_SetIdleMode
                0x000000000800af90       0x7c build/hrtim.o
 .text.LL_HRTIM_OUT_SetIdleLevel
                0x000000000800b00c       0x7c build/hrtim.o
 .text.LL_HRTIM_OUT_SetFaultState
                0x000000000800b088       0x7c build/hrtim.o
 .text.LL_HRTIM_OUT_SetChopperMode
                0x000000000800b104       0x7c build/hrtim.o
 .text.LL_HRTIM_FLT_SetSrc
                0x000000000800b180      0x190 build/hrtim.o
 .text.LL_HRTIM_FLT_SetPolarity
                0x000000000800b310       0xf8 build/hrtim.o
 .text.LL_HRTIM_FLT_SetFilter
                0x000000000800b408       0xf8 build/hrtim.o
 .text.LL_HRTIM_FLT_SetPrescaler
                0x000000000800b500       0x2a build/hrtim.o
 *fill*         0x000000000800b52a        0x2 
 .text.LL_HRTIM_FLT_Enable
                0x000000000800b52c       0x54 build/hrtim.o
 .text.LL_HRTIM_FLT_EnableBlanking
                0x000000000800b580       0x54 build/hrtim.o
 .text.LL_HRTIM_FLT_SetBlankingSrc
                0x000000000800b5d4       0x64 build/hrtim.o
 .text.LL_HRTIM_FLT_SetCounterThreshold
                0x000000000800b638       0x64 build/hrtim.o
 .text.LL_HRTIM_FLT_SetResetMode
                0x000000000800b69c       0x64 build/hrtim.o
 .text.LL_HRTIM_ClearFlag_FLT4
                0x000000000800b700       0x24 build/hrtim.o
 .text.LL_HRTIM_IsActiveFlag_DLLRDY
                0x000000000800b724       0x2a build/hrtim.o
 *fill*         0x000000000800b74e        0x2 
 .text.LL_AHB2_GRP1_EnableClock
                0x000000000800b750       0x30 build/hrtim.o
 .text.LL_APB2_GRP1_EnableClock
                0x000000000800b780       0x30 build/hrtim.o
 .text.hrtim_start
                0x000000000800b7b0      0x1c0 build/hrtim.o
                0x000000000800b7b0                hrtim_start
 .text.MX_HRTIM1_Init
                0x000000000800b970      0x8a4 build/hrtim.o
                0x000000000800b970                MX_HRTIM1_Init
 .text.MX_HRTIM1_Init_BLDC
                0x000000000800c214      0x8b8 build/hrtim.o
                0x000000000800c214                MX_HRTIM1_Init_BLDC
 .text.flashUnlock
                0x000000000800cacc       0x28 build/sys.o
                0x000000000800cacc                flashUnlock
 .text.flashLock
                0x000000000800caf4       0x20 build/sys.o
                0x000000000800caf4                flashLock
 .text.flashReadData
                0x000000000800cb14       0x18 build/sys.o
                0x000000000800cb14                flashReadData
 .text.FLASH_PageErase
                0x000000000800cb2c       0xb0 build/sys.o
                0x000000000800cb2c                FLASH_PageErase
 .text.FLASH_Program_DoubleWord
                0x000000000800cbdc       0x70 build/sys.o
                0x000000000800cbdc                FLASH_Program_DoubleWord
 .text.FLASH_UpdateConfig
                0x000000000800cc4c      0x168 build/sys.o
                0x000000000800cc4c                FLASH_UpdateConfig
 .text.FLASH_LoadConfig
                0x000000000800cdb4      0x10c build/sys.o
                0x000000000800cdb4                FLASH_LoadConfig
 .text.__NVIC_GetPriorityGrouping
                0x000000000800cec0       0x1c build/usart.o
 .text.__NVIC_EnableIRQ
                0x000000000800cedc       0x3c build/usart.o
 .text.__NVIC_SetPriority
                0x000000000800cf18       0x54 build/usart.o
 .text.NVIC_EncodePriority
                0x000000000800cf6c       0x66 build/usart.o
 *fill*         0x000000000800cfd2        0x2 
 .text.LL_AHB1_GRP1_EnableClock
                0x000000000800cfd4       0x30 build/usart.o
 .text.LL_AHB2_GRP1_EnableClock
                0x000000000800d004       0x30 build/usart.o
 .text.LL_APB1_GRP1_EnableClock
                0x000000000800d034       0x30 build/usart.o
 .text.LL_DMA_EnableChannel
                0x000000000800d064       0x44 build/usart.o
 .text.LL_DMA_DisableChannel
                0x000000000800d0a8       0x44 build/usart.o
 .text.LL_DMA_SetDataTransferDirection
                0x000000000800d0ec       0x50 build/usart.o
 .text.LL_DMA_GetDataTransferDirection
                0x000000000800d13c       0x34 build/usart.o
 .text.LL_DMA_SetMode
                0x000000000800d170       0x4c build/usart.o
 .text.LL_DMA_SetPeriphIncMode
                0x000000000800d1bc       0x4c build/usart.o
 .text.LL_DMA_SetMemoryIncMode
                0x000000000800d208       0x4c build/usart.o
 .text.LL_DMA_SetPeriphSize
                0x000000000800d254       0x4c build/usart.o
 .text.LL_DMA_SetMemorySize
                0x000000000800d2a0       0x4c build/usart.o
 .text.LL_DMA_SetChannelPriorityLevel
                0x000000000800d2ec       0x4c build/usart.o
 .text.LL_DMA_SetDataLength
                0x000000000800d338       0x4c build/usart.o
 .text.LL_DMA_ConfigAddresses
                0x000000000800d384       0x7c build/usart.o
 .text.LL_DMA_SetPeriphRequest
                0x000000000800d400       0x54 build/usart.o
 .text.LL_DMA_EnableIT_TC
                0x000000000800d454       0x44 build/usart.o
 .text.LL_USART_Enable
                0x000000000800d498       0x20 build/usart.o
 .text.LL_USART_DisableFIFO
                0x000000000800d4b8       0x20 build/usart.o
 .text.LL_USART_SetTXFIFOThreshold
                0x000000000800d4d8       0x28 build/usart.o
 .text.LL_USART_SetRXFIFOThreshold
                0x000000000800d500       0x28 build/usart.o
 .text.LL_USART_ConfigAsyncMode
                0x000000000800d528       0x2c build/usart.o
 .text.LL_USART_IsActiveFlag_TEACK
                0x000000000800d554       0x28 build/usart.o
 .text.LL_USART_ClearFlag_TC
                0x000000000800d57c       0x1a build/usart.o
 .text.LL_USART_EnableDMAReq_TX
                0x000000000800d596       0x20 build/usart.o
 .text.LL_USART_DMA_GetRegAddr
                0x000000000800d5b6       0x2a build/usart.o
 .text.MX_USART2_UART_Init
                0x000000000800d5e0      0x1d4 build/usart.o
                0x000000000800d5e0                MX_USART2_UART_Init
 .text.USART2_StartTransfer
                0x000000000800d7b4       0x3c build/usart.o
                0x000000000800d7b4                USART2_StartTransfer
 .text.LL_EXTI_IsActiveFlag_0_31
                0x000000000800d7f0       0x2c build/stm32g4xx_it.o
 .text.LL_EXTI_ClearFlag_0_31
                0x000000000800d81c       0x20 build/stm32g4xx_it.o
 .text.LL_DMA_IsActiveFlag_TC6
                0x000000000800d83c       0x28 build/stm32g4xx_it.o
 .text.LL_DMA_IsActiveFlag_TE6
                0x000000000800d864       0x28 build/stm32g4xx_it.o
 .text.LL_DMA_ClearFlag_GI6
                0x000000000800d88c       0x1c build/stm32g4xx_it.o
 .text.LL_DMA_ClearFlag_TE6
                0x000000000800d8a8       0x1c build/stm32g4xx_it.o
 .text.LL_TIM_ClearFlag_UPDATE
                0x000000000800d8c4       0x1c build/stm32g4xx_it.o
 .text.LL_TIM_IsActiveFlag_UPDATE
                0x000000000800d8e0       0x26 build/stm32g4xx_it.o
 .text.LL_GPIO_TogglePin
                0x000000000800d906       0x22 build/stm32g4xx_it.o
 .text.NMI_Handler
                0x000000000800d928        0xe build/stm32g4xx_it.o
                0x000000000800d928                NMI_Handler
 .text.HardFault_Handler
                0x000000000800d936        0x6 build/stm32g4xx_it.o
                0x000000000800d936                HardFault_Handler
 .text.MemManage_Handler
                0x000000000800d93c        0x6 build/stm32g4xx_it.o
                0x000000000800d93c                MemManage_Handler
 .text.BusFault_Handler
                0x000000000800d942        0x6 build/stm32g4xx_it.o
                0x000000000800d942                BusFault_Handler
 .text.UsageFault_Handler
                0x000000000800d948        0x6 build/stm32g4xx_it.o
                0x000000000800d948                UsageFault_Handler
 .text.SVC_Handler
                0x000000000800d94e        0xe build/stm32g4xx_it.o
                0x000000000800d94e                SVC_Handler
 .text.DebugMon_Handler
                0x000000000800d95c        0xe build/stm32g4xx_it.o
                0x000000000800d95c                DebugMon_Handler
 .text.PendSV_Handler
                0x000000000800d96a        0xe build/stm32g4xx_it.o
                0x000000000800d96a                PendSV_Handler
 .text.SysTick_Handler
                0x000000000800d978        0xe build/stm32g4xx_it.o
                0x000000000800d978                SysTick_Handler
 .text.EXTI9_5_IRQHandler
                0x000000000800d986       0x1a build/stm32g4xx_it.o
                0x000000000800d986                EXTI9_5_IRQHandler
 .text.TIM7_DAC_IRQHandler
                0x000000000800d9a0       0x24 build/stm32g4xx_it.o
                0x000000000800d9a0                TIM7_DAC_IRQHandler
 .text.HRTIM1_FLT_IRQHandler
                0x000000000800d9c4       0x1c build/stm32g4xx_it.o
                0x000000000800d9c4                HRTIM1_FLT_IRQHandler
 .text.DMA1_Channel6_IRQHandler
                0x000000000800d9e0       0x3c build/stm32g4xx_it.o
                0x000000000800d9e0                DMA1_Channel6_IRQHandler
 .text.USART2_IRQHandler
                0x000000000800da1c        0xe build/stm32g4xx_it.o
                0x000000000800da1c                USART2_IRQHandler
 *fill*         0x000000000800da2a        0x2 
 .text.LL_InitTick
                0x000000000800da2c       0x34 build/stm32g4xx_ll_utils.o
 .text.LL_Init1msTick
                0x000000000800da60       0x1a build/stm32g4xx_ll_utils.o
                0x000000000800da60                LL_Init1msTick
 *fill*         0x000000000800da7a        0x2 
 .text.LL_mDelay
                0x000000000800da7c       0x4c build/stm32g4xx_ll_utils.o
                0x000000000800da7c                LL_mDelay
 .text.LL_SetSystemCoreClock
                0x000000000800dac8       0x20 build/stm32g4xx_ll_utils.o
                0x000000000800dac8                LL_SetSystemCoreClock
 .text.LL_GPIO_SetPinMode
                0x000000000800dae8       0x5e build/stm32g4xx_ll_gpio.o
 .text.LL_GPIO_SetPinOutputType
                0x000000000800db46       0x30 build/stm32g4xx_ll_gpio.o
 .text.LL_GPIO_SetPinSpeed
                0x000000000800db76       0x5e build/stm32g4xx_ll_gpio.o
 .text.LL_GPIO_SetPinPull
                0x000000000800dbd4       0x5e build/stm32g4xx_ll_gpio.o
 .text.LL_GPIO_SetAFPin_0_7
                0x000000000800dc32       0x5e build/stm32g4xx_ll_gpio.o
 .text.LL_GPIO_SetAFPin_8_15
                0x000000000800dc90       0x62 build/stm32g4xx_ll_gpio.o
 .text.LL_GPIO_Init
                0x000000000800dcf2       0xde build/stm32g4xx_ll_gpio.o
                0x000000000800dcf2                LL_GPIO_Init
 .text.LL_ADC_REG_SetSequencerLength
                0x000000000800ddd0       0x26 build/stm32g4xx_ll_adc.o
 .text.LL_ADC_IsEnabled
                0x000000000800ddf6       0x26 build/stm32g4xx_ll_adc.o
 .text.LL_ADC_CommonInit
                0x000000000800de1c       0xc8 build/stm32g4xx_ll_adc.o
                0x000000000800de1c                LL_ADC_CommonInit
 .text.LL_ADC_Init
                0x000000000800dee4       0x4c build/stm32g4xx_ll_adc.o
                0x000000000800dee4                LL_ADC_Init
 .text.LL_ADC_REG_Init
                0x000000000800df30       0x94 build/stm32g4xx_ll_adc.o
                0x000000000800df30                LL_ADC_REG_Init
 .text.LL_ADC_INJ_Init
                0x000000000800dfc4       0x7a build/stm32g4xx_ll_adc.o
                0x000000000800dfc4                LL_ADC_INJ_Init
 .text.LL_USART_IsEnabled
                0x000000000800e03e       0x26 build/stm32g4xx_ll_usart.o
 .text.LL_USART_SetPrescaler
                0x000000000800e064       0x28 build/stm32g4xx_ll_usart.o
 .text.LL_USART_SetStopBitsLength
                0x000000000800e08c       0x26 build/stm32g4xx_ll_usart.o
 .text.LL_USART_SetHWFlowCtrl
                0x000000000800e0b2       0x26 build/stm32g4xx_ll_usart.o
 .text.LL_USART_SetBaudRate
                0x000000000800e0d8       0x90 build/stm32g4xx_ll_usart.o
 .text.LL_USART_Init
                0x000000000800e168      0x10c build/stm32g4xx_ll_usart.o
                0x000000000800e168                LL_USART_Init
 .text.LL_RCC_HSI_IsReady
                0x000000000800e274       0x28 build/stm32g4xx_ll_rcc.o
 .text.LL_RCC_LSE_IsReady
                0x000000000800e29c       0x28 build/stm32g4xx_ll_rcc.o
 .text.LL_RCC_GetSysClkSource
                0x000000000800e2c4       0x1c build/stm32g4xx_ll_rcc.o
 .text.LL_RCC_GetAHBPrescaler
                0x000000000800e2e0       0x1c build/stm32g4xx_ll_rcc.o
 .text.LL_RCC_GetAPB1Prescaler
                0x000000000800e2fc       0x1c build/stm32g4xx_ll_rcc.o
 .text.LL_RCC_GetAPB2Prescaler
                0x000000000800e318       0x1c build/stm32g4xx_ll_rcc.o
 .text.LL_RCC_GetUSARTClockSource
                0x000000000800e334       0x28 build/stm32g4xx_ll_rcc.o
 .text.LL_RCC_GetUARTClockSource
                0x000000000800e35c       0x28 build/stm32g4xx_ll_rcc.o
 .text.LL_RCC_PLL_GetMainSource
                0x000000000800e384       0x1c build/stm32g4xx_ll_rcc.o
 .text.LL_RCC_PLL_GetN
                0x000000000800e3a0       0x1c build/stm32g4xx_ll_rcc.o
 .text.LL_RCC_PLL_GetR
                0x000000000800e3bc       0x1c build/stm32g4xx_ll_rcc.o
 .text.LL_RCC_PLL_GetDivider
                0x000000000800e3d8       0x1c build/stm32g4xx_ll_rcc.o
 .text.LL_RCC_GetUSARTClockFreq
                0x000000000800e3f4      0x178 build/stm32g4xx_ll_rcc.o
                0x000000000800e3f4                LL_RCC_GetUSARTClockFreq
 .text.LL_RCC_GetUARTClockFreq
                0x000000000800e56c      0x104 build/stm32g4xx_ll_rcc.o
                0x000000000800e56c                LL_RCC_GetUARTClockFreq
 .text.RCC_GetSystemClockFreq
                0x000000000800e670       0x44 build/stm32g4xx_ll_rcc.o
                0x000000000800e670                RCC_GetSystemClockFreq
 .text.RCC_GetHCLKClockFreq
                0x000000000800e6b4       0x30 build/stm32g4xx_ll_rcc.o
                0x000000000800e6b4                RCC_GetHCLKClockFreq
 .text.RCC_GetPCLK1ClockFreq
                0x000000000800e6e4       0x2c build/stm32g4xx_ll_rcc.o
                0x000000000800e6e4                RCC_GetPCLK1ClockFreq
 .text.RCC_GetPCLK2ClockFreq
                0x000000000800e710       0x2c build/stm32g4xx_ll_rcc.o
                0x000000000800e710                RCC_GetPCLK2ClockFreq
 .text.RCC_PLL_GetFreqDomain_SYS
                0x000000000800e73c       0x68 build/stm32g4xx_ll_rcc.o
                0x000000000800e73c                RCC_PLL_GetFreqDomain_SYS
 .text.SystemInit
                0x000000000800e7a4       0x2c build/system_stm32g4xx.o
                0x000000000800e7a4                SystemInit
 .text.__NVIC_GetPriorityGrouping
                0x000000000800e7d0       0x1c build/tim.o
 .text.__NVIC_EnableIRQ
                0x000000000800e7ec       0x3c build/tim.o
 .text.__NVIC_SetPriority
                0x000000000800e828       0x54 build/tim.o
 .text.NVIC_EncodePriority
                0x000000000800e87c       0x66 build/tim.o
 *fill*         0x000000000800e8e2        0x2 
 .text.LL_AHB2_GRP1_EnableClock
                0x000000000800e8e4       0x30 build/tim.o
 .text.LL_APB1_GRP1_EnableClock
                0x000000000800e914       0x30 build/tim.o
 .text.LL_TIM_EnableCounter
                0x000000000800e944       0x20 build/tim.o
 .text.LL_TIM_EnableARRPreload
                0x000000000800e964       0x20 build/tim.o
 .text.LL_TIM_DisableARRPreload
                0x000000000800e984       0x20 build/tim.o
 .text.LL_TIM_CC_EnableChannel
                0x000000000800e9a4       0x22 build/tim.o
 .text.LL_TIM_CC_DisableChannel
                0x000000000800e9c6       0x24 build/tim.o
 *fill*         0x000000000800e9ea        0x2 
 .text.LL_TIM_IC_SetActiveInput
                0x000000000800e9ec       0xb8 build/tim.o
 .text.LL_TIM_IC_SetPrescaler
                0x000000000800eaa4       0xb8 build/tim.o
 .text.LL_TIM_IC_SetFilter
                0x000000000800eb5c       0xb8 build/tim.o
 .text.LL_TIM_IC_SetPolarity
                0x000000000800ec14       0xa8 build/tim.o
 .text.LL_TIM_SetTriggerOutput
                0x000000000800ecbc       0x2a build/tim.o
 .text.LL_TIM_SetSlaveMode
                0x000000000800ece6       0x2a build/tim.o
 .text.LL_TIM_SetTriggerInput
                0x000000000800ed10       0x2a build/tim.o
 .text.LL_TIM_DisableMasterSlaveMode
                0x000000000800ed3a       0x20 build/tim.o
 .text.LL_TIM_EnableIT_UPDATE
                0x000000000800ed5a       0x20 build/tim.o
 .text.LL_TIM_EnableIT_CC1
                0x000000000800ed7a       0x20 build/tim.o
 .text.LL_TIM_DisableIT_TRIG
                0x000000000800ed9a       0x20 build/tim.o
 .text.LL_TIM_DisableDMAReq_TRIG
                0x000000000800edba       0x20 build/tim.o
 .text.tim2_start
                0x000000000800edda       0x2c build/tim.o
                0x000000000800edda                tim2_start
 *fill*         0x000000000800ee06        0x2 
 .text.tim7_start
                0x000000000800ee08       0x18 build/tim.o
                0x000000000800ee08                tim7_start
 .text.MX_TIM2_Init
                0x000000000800ee20      0x150 build/tim.o
                0x000000000800ee20                MX_TIM2_Init
 .text.MX_TIM7_Init
                0x000000000800ef70       0x74 build/tim.o
                0x000000000800ef70                MX_TIM7_Init
 .text.LL_TIM_SetPrescaler
                0x000000000800efe4       0x1c build/stm32g4xx_ll_tim.o
 .text.LL_TIM_SetAutoReload
                0x000000000800f000       0x1c build/stm32g4xx_ll_tim.o
 .text.LL_TIM_SetRepetitionCounter
                0x000000000800f01c       0x1c build/stm32g4xx_ll_tim.o
 .text.LL_TIM_GenerateEvent_UPDATE
                0x000000000800f038       0x20 build/stm32g4xx_ll_tim.o
 .text.LL_TIM_Init
                0x000000000800f058      0x144 build/stm32g4xx_ll_tim.o
                0x000000000800f058                LL_TIM_Init
 .text.utils_angle_difference_rad
                0x000000000800f19c       0x88 build/utils.o
                0x000000000800f19c                utils_angle_difference_rad
 .text.utils_fast_atan2
                0x000000000800f224      0x120 build/utils.o
                0x000000000800f224                utils_fast_atan2
 .text.utils_saturate_vector_2d
                0x000000000800f344       0xc4 build/utils.o
                0x000000000800f344                utils_saturate_vector_2d
 .text.Reset_Handler
                0x000000000800f408       0x50 build/startup_stm32g474xx.o
                0x000000000800f408                Reset_Handler
 .text.Default_Handler
                0x000000000800f458        0x2 build/startup_stm32g474xx.o
                0x000000000800f458                RTC_Alarm_IRQHandler
                0x000000000800f458                EXTI2_IRQHandler
                0x000000000800f458                TIM8_TRG_COM_IRQHandler
                0x000000000800f458                TIM8_CC_IRQHandler
                0x000000000800f458                HRTIM1_Master_IRQHandler
                0x000000000800f458                SPI4_IRQHandler
                0x000000000800f458                FDCAN3_IT0_IRQHandler
                0x000000000800f458                TIM1_CC_IRQHandler
                0x000000000800f458                HRTIM1_TIMF_IRQHandler
                0x000000000800f458                USB_HP_IRQHandler
                0x000000000800f458                CORDIC_IRQHandler
                0x000000000800f458                HRTIM1_TIMD_IRQHandler
                0x000000000800f458                DMA2_Channel8_IRQHandler
                0x000000000800f458                EXTI3_IRQHandler
                0x000000000800f458                I2C3_ER_IRQHandler
                0x000000000800f458                EXTI0_IRQHandler
                0x000000000800f458                I2C2_EV_IRQHandler
                0x000000000800f458                FPU_IRQHandler
                0x000000000800f458                FDCAN1_IT1_IRQHandler
                0x000000000800f458                TIM1_UP_TIM16_IRQHandler
                0x000000000800f458                HRTIM1_TIME_IRQHandler
                0x000000000800f458                SPI1_IRQHandler
                0x000000000800f458                TIM6_DAC_IRQHandler
                0x000000000800f458                HRTIM1_TIMC_IRQHandler
                0x000000000800f458                TIM8_UP_IRQHandler
                0x000000000800f458                DMA2_Channel2_IRQHandler
                0x000000000800f458                DMA1_Channel4_IRQHandler
                0x000000000800f458                TIM20_TRG_COM_IRQHandler
                0x000000000800f458                USART3_IRQHandler
                0x000000000800f458                DMA1_Channel7_IRQHandler
                0x000000000800f458                UART5_IRQHandler
                0x000000000800f458                ADC3_IRQHandler
                0x000000000800f458                TIM4_IRQHandler
                0x000000000800f458                DMA2_Channel1_IRQHandler
                0x000000000800f458                QUADSPI_IRQHandler
                0x000000000800f458                I2C1_EV_IRQHandler
                0x000000000800f458                UART4_IRQHandler
                0x000000000800f458                DMA2_Channel4_IRQHandler
                0x000000000800f458                TIM3_IRQHandler
                0x000000000800f458                RCC_IRQHandler
                0x000000000800f458                TIM20_UP_IRQHandler
                0x000000000800f458                DMA1_Channel1_IRQHandler
                0x000000000800f458                Default_Handler
                0x000000000800f458                DMA2_Channel7_IRQHandler
                0x000000000800f458                RTC_TAMP_LSECSS_IRQHandler
                0x000000000800f458                FMAC_IRQHandler
                0x000000000800f458                EXTI15_10_IRQHandler
                0x000000000800f458                DMA1_Channel8_IRQHandler
                0x000000000800f458                HRTIM1_TIMA_IRQHandler
                0x000000000800f458                FDCAN3_IT1_IRQHandler
                0x000000000800f458                TIM5_IRQHandler
                0x000000000800f458                UCPD1_IRQHandler
                0x000000000800f458                I2C3_EV_IRQHandler
                0x000000000800f458                RTC_WKUP_IRQHandler
                0x000000000800f458                PVD_PVM_IRQHandler
                0x000000000800f458                SPI2_IRQHandler
                0x000000000800f458                ADC5_IRQHandler
                0x000000000800f458                DMA2_Channel5_IRQHandler
                0x000000000800f458                CRS_IRQHandler
                0x000000000800f458                DMA1_Channel5_IRQHandler
                0x000000000800f458                USB_LP_IRQHandler
                0x000000000800f458                EXTI4_IRQHandler
                0x000000000800f458                RNG_IRQHandler
                0x000000000800f458                HRTIM1_TIMB_IRQHandler
                0x000000000800f458                TIM1_TRG_COM_TIM17_IRQHandler
                0x000000000800f458                FDCAN2_IT1_IRQHandler
                0x000000000800f458                DMA1_Channel3_IRQHandler
                0x000000000800f458                ADC4_IRQHandler
                0x000000000800f458                WWDG_IRQHandler
                0x000000000800f458                I2C4_EV_IRQHandler
                0x000000000800f458                FDCAN2_IT0_IRQHandler
                0x000000000800f458                LPUART1_IRQHandler
                0x000000000800f458                DMA2_Channel6_IRQHandler
                0x000000000800f458                FDCAN1_IT0_IRQHandler
                0x000000000800f458                COMP7_IRQHandler
                0x000000000800f458                COMP1_2_3_IRQHandler
                0x000000000800f458                EXTI1_IRQHandler
                0x000000000800f458                COMP4_5_6_IRQHandler
                0x000000000800f458                TIM20_BRK_IRQHandler
                0x000000000800f458                I2C2_ER_IRQHandler
                0x000000000800f458                DMA1_Channel2_IRQHandler
                0x000000000800f458                TIM8_BRK_IRQHandler
                0x000000000800f458                FLASH_IRQHandler
                0x000000000800f458                TIM20_CC_IRQHandler
                0x000000000800f458                USART1_IRQHandler
                0x000000000800f458                SPI3_IRQHandler
                0x000000000800f458                I2C1_ER_IRQHandler
                0x000000000800f458                FMC_IRQHandler
                0x000000000800f458                LPTIM1_IRQHandler
                0x000000000800f458                DMAMUX_OVR_IRQHandler
                0x000000000800f458                I2C4_ER_IRQHandler
                0x000000000800f458                USBWakeUp_IRQHandler
                0x000000000800f458                SAI1_IRQHandler
                0x000000000800f458                DMA2_Channel3_IRQHandler
                0x000000000800f458                TIM1_BRK_TIM15_IRQHandler
 *fill*         0x000000000800f45a        0x2 
 .text.__libc_init_array
                0x000000000800f45c       0x48 d:/apps/embedded_gcc/arm_gcc/bin/../lib/gcc/arm-none-eabi/8.2.1/../../../../arm-none-eabi/lib/thumb/v7e-m+fp/hard\libc_nano.a(lib_a-init.o)
                0x000000000800f45c                __libc_init_array
 .text.memset   0x000000000800f4a4       0x10 d:/apps/embedded_gcc/arm_gcc/bin/../lib/gcc/arm-none-eabi/8.2.1/../../../../arm-none-eabi/lib/thumb/v7e-m+fp/hard\libc_nano.a(lib_a-memset.o)
                0x000000000800f4a4                memset
 *fill*         0x000000000800f4b4        0x4 
 .text.exp      0x000000000800f4b8      0x108 d:/apps/embedded_gcc/arm_gcc/bin/../lib/gcc/arm-none-eabi/8.2.1/../../../../arm-none-eabi/lib/thumb/v7e-m+fp/hard\libm.a(lib_a-w_exp.o)
                0x000000000800f4b8                exp
 .text.logf     0x000000000800f5c0      0x104 d:/apps/embedded_gcc/arm_gcc/bin/../lib/gcc/arm-none-eabi/8.2.1/../../../../arm-none-eabi/lib/thumb/v7e-m+fp/hard\libm.a(lib_a-wf_log.o)
                0x000000000800f5c0                logf
 .text.sqrtf    0x000000000800f6c4       0xb0 d:/apps/embedded_gcc/arm_gcc/bin/../lib/gcc/arm-none-eabi/8.2.1/../../../../arm-none-eabi/lib/thumb/v7e-m+fp/hard\libm.a(lib_a-wf_sqrt.o)
                0x000000000800f6c4                sqrtf
 *fill*         0x000000000800f774        0x4 
 .text.__ieee754_exp
                0x000000000800f778      0x39c d:/apps/embedded_gcc/arm_gcc/bin/../lib/gcc/arm-none-eabi/8.2.1/../../../../arm-none-eabi/lib/thumb/v7e-m+fp/hard\libm.a(lib_a-e_exp.o)
                0x000000000800f778                __ieee754_exp
 .text.__ieee754_logf
                0x000000000800fb14      0x1f4 d:/apps/embedded_gcc/arm_gcc/bin/../lib/gcc/arm-none-eabi/8.2.1/../../../../arm-none-eabi/lib/thumb/v7e-m+fp/hard\libm.a(lib_a-ef_log.o)
                0x000000000800fb14                __ieee754_logf
 .text.__ieee754_sqrtf
                0x000000000800fd08        0x8 d:/apps/embedded_gcc/arm_gcc/bin/../lib/gcc/arm-none-eabi/8.2.1/../../../../arm-none-eabi/lib/thumb/v7e-m+fp/hard\libm.a(lib_a-ef_sqrt.o)
                0x000000000800fd08                __ieee754_sqrtf
 .text.finite   0x000000000800fd10       0x10 d:/apps/embedded_gcc/arm_gcc/bin/../lib/gcc/arm-none-eabi/8.2.1/../../../../arm-none-eabi/lib/thumb/v7e-m+fp/hard\libm.a(lib_a-s_finite.o)
                0x000000000800fd10                finite
 .text.matherr  0x000000000800fd20        0x4 d:/apps/embedded_gcc/arm_gcc/bin/../lib/gcc/arm-none-eabi/8.2.1/../../../../arm-none-eabi/lib/thumb/v7e-m+fp/hard\libm.a(lib_a-s_matherr.o)
                0x000000000800fd20                matherr
 *fill*         0x000000000800fd24        0x4 
 .text.nan      0x000000000800fd28       0x10 d:/apps/embedded_gcc/arm_gcc/bin/../lib/gcc/arm-none-eabi/8.2.1/../../../../arm-none-eabi/lib/thumb/v7e-m+fp/hard\libm.a(lib_a-s_nan.o)
                0x000000000800fd28                nan
 .text.__errno  0x000000000800fd38        0xc d:/apps/embedded_gcc/arm_gcc/bin/../lib/gcc/arm-none-eabi/8.2.1/../../../../arm-none-eabi/lib/thumb/v7e-m+fp/hard\libc_nano.a(lib_a-errno.o)
                0x000000000800fd38                __errno
 *(.glue_7)
 .glue_7        0x000000000800fd44        0x0 linker stubs
 *(.glue_7t)
 .glue_7t       0x000000000800fd44        0x0 linker stubs
 *(.eh_frame)
 .eh_frame      0x000000000800fd44        0x0 d:/apps/embedded_gcc/arm_gcc/bin/../lib/gcc/arm-none-eabi/8.2.1/thumb/v7e-m+fp/hard/crtbegin.o
 *(.init)
 .init          0x000000000800fd44        0x4 d:/apps/embedded_gcc/arm_gcc/bin/../lib/gcc/arm-none-eabi/8.2.1/thumb/v7e-m+fp/hard/crti.o
                0x000000000800fd44                _init
 .init          0x000000000800fd48        0x8 d:/apps/embedded_gcc/arm_gcc/bin/../lib/gcc/arm-none-eabi/8.2.1/thumb/v7e-m+fp/hard/crtn.o
 *(.fini)
 .fini          0x000000000800fd50        0x4 d:/apps/embedded_gcc/arm_gcc/bin/../lib/gcc/arm-none-eabi/8.2.1/thumb/v7e-m+fp/hard/crti.o
                0x000000000800fd50                _fini
 .fini          0x000000000800fd54        0x8 d:/apps/embedded_gcc/arm_gcc/bin/../lib/gcc/arm-none-eabi/8.2.1/thumb/v7e-m+fp/hard/crtn.o
                0x000000000800fd5c                . = ALIGN (0x4)
                0x000000000800fd5c                _etext = .

.vfp11_veneer   0x000000000800fd5c        0x0
 .vfp11_veneer  0x000000000800fd5c        0x0 linker stubs

.v4_bx          0x000000000800fd5c        0x0
 .v4_bx         0x000000000800fd5c        0x0 linker stubs

.iplt           0x000000000800fd5c        0x0
 .iplt          0x000000000800fd5c        0x0 d:/apps/embedded_gcc/arm_gcc/bin/../lib/gcc/arm-none-eabi/8.2.1/thumb/v7e-m+fp/hard/crtbegin.o

.rodata         0x000000000800fd60      0x240
                0x000000000800fd60                . = ALIGN (0x4)
 *(.rodata)
 *(.rodata*)
 .rodata.REG_OFFSET_TAB_TIMER
                0x000000000800fd60        0xe build/main.o
 *fill*         0x000000000800fd6e        0x2 
 .rodata.qN.15481
                0x000000000800fd70        0x4 build/main.o
 .rodata.B.15483
                0x000000000800fd74        0x4 build/main.o
 .rodata.C.15484
                0x000000000800fd78        0x4 build/main.o
 .rodata.qA.15482
                0x000000000800fd7c        0x4 build/main.o
 .rodata.REG_OFFSET_TAB_TIMER
                0x000000000800fd80        0xe build/hrtim.o
 *fill*         0x000000000800fd8e        0x2 
 .rodata.REG_OFFSET_TAB_ADCER
                0x000000000800fd90        0xa build/hrtim.o
 *fill*         0x000000000800fd9a        0x2 
 .rodata.REG_OFFSET_TAB_ADCUR
                0x000000000800fd9c        0xa build/hrtim.o
 *fill*         0x000000000800fda6        0x2 
 .rodata.REG_SHIFT_TAB_ADCER
                0x000000000800fda8        0xa build/hrtim.o
 *fill*         0x000000000800fdb2        0x2 
 .rodata.REG_SHIFT_TAB_ADCUR
                0x000000000800fdb4        0xa build/hrtim.o
 *fill*         0x000000000800fdbe        0x2 
 .rodata.REG_MASK_TAB_ADCER
                0x000000000800fdc0       0x28 build/hrtim.o
 .rodata.REG_MASK_TAB_ADCUR
                0x000000000800fde8       0x28 build/hrtim.o
 .rodata.REG_OFFSET_TAB_ADCPSx
                0x000000000800fe10        0xa build/hrtim.o
 *fill*         0x000000000800fe1a        0x2 
 .rodata.REG_OFFSET_TAB_SETxR
                0x000000000800fe1c       0x18 build/hrtim.o
 .rodata.REG_OFFSET_TAB_OUTxR
                0x000000000800fe34       0x18 build/hrtim.o
 .rodata.REG_OFFSET_TAB_FLTINR
                0x000000000800fe4c        0x6 build/hrtim.o
 *fill*         0x000000000800fe52        0x2 
 .rodata.REG_MASK_TAB_UPDATETRIG
                0x000000000800fe54       0x20 build/hrtim.o
 .rodata.REG_SHIFT_TAB_UPDATETRIG
                0x000000000800fe74        0x7 build/hrtim.o
 *fill*         0x000000000800fe7b        0x1 
 .rodata.REG_MASK_TAB_UPDATEGATING
                0x000000000800fe7c       0x1c build/hrtim.o
 .rodata.REG_SHIFT_TAB_UPDATEGATING
                0x000000000800fe98        0x7 build/hrtim.o
 *fill*         0x000000000800fe9f        0x1 
 .rodata.REG_SHIFT_TAB_OUTxR
                0x000000000800fea0        0xc build/hrtim.o
 .rodata.REG_SHIFT_TAB_FLTxE
                0x000000000800feac        0x6 build/hrtim.o
 *fill*         0x000000000800feb2        0x2 
 .rodata.REG_SHIFT_TAB_FLTxF
                0x000000000800feb4        0x6 build/hrtim.o
 *fill*         0x000000000800feba        0x2 
 .rodata.REG_SHIFT_TAB_FLTx
                0x000000000800febc        0x6 build/hrtim.o
 *fill*         0x000000000800fec2        0x2 
 .rodata.REG_SHIFT_TAB_INTLVD
                0x000000000800fec4        0x7 build/hrtim.o
 *fill*         0x000000000800fecb        0x1 
 .rodata.REG_MASK_TAB_INTLVD
                0x000000000800fecc       0x1c build/hrtim.o
 .rodata.CHANNEL_OFFSET_TAB
                0x000000000800fee8        0x8 build/usart.o
 .rodata.USART_PRESCALER_TAB
                0x000000000800fef0       0x30 build/stm32g4xx_ll_usart.o
 .rodata.AHBPrescTable
                0x000000000800ff20       0x10 build/system_stm32g4xx.o
                0x000000000800ff20                AHBPrescTable
 .rodata.APBPrescTable
                0x000000000800ff30        0x8 build/system_stm32g4xx.o
                0x000000000800ff30                APBPrescTable
 .rodata.OFFSET_TAB_CCMRx
                0x000000000800ff38        0xa build/tim.o
 *fill*         0x000000000800ff42        0x2 
 .rodata.SHIFT_TAB_ICxx
                0x000000000800ff44        0xa build/tim.o
 *fill*         0x000000000800ff4e        0x2 
 .rodata.SHIFT_TAB_CCxP
                0x000000000800ff50        0xa build/tim.o
 *fill*         0x000000000800ff5a        0x2 
 .rodata.exp.str1.4
                0x000000000800ff5c        0x4 d:/apps/embedded_gcc/arm_gcc/bin/../lib/gcc/arm-none-eabi/8.2.1/../../../../arm-none-eabi/lib/thumb/v7e-m+fp/hard\libm.a(lib_a-w_exp.o)
 .rodata.logf.str1.4
                0x000000000800ff60        0x5 d:/apps/embedded_gcc/arm_gcc/bin/../lib/gcc/arm-none-eabi/8.2.1/../../../../arm-none-eabi/lib/thumb/v7e-m+fp/hard\libm.a(lib_a-wf_log.o)
                                          0x9 (size before relaxing)
 *fill*         0x000000000800ff65        0x3 
 .rodata.sqrtf.str1.4
                0x000000000800ff68        0x8 d:/apps/embedded_gcc/arm_gcc/bin/../lib/gcc/arm-none-eabi/8.2.1/../../../../arm-none-eabi/lib/thumb/v7e-m+fp/hard\libm.a(lib_a-wf_sqrt.o)
                                          0x6 (size before relaxing)
 .rodata.halF   0x000000000800ff70       0x10 d:/apps/embedded_gcc/arm_gcc/bin/../lib/gcc/arm-none-eabi/8.2.1/../../../../arm-none-eabi/lib/thumb/v7e-m+fp/hard\libm.a(lib_a-e_exp.o)
 .rodata.ln2HI  0x000000000800ff80       0x10 d:/apps/embedded_gcc/arm_gcc/bin/../lib/gcc/arm-none-eabi/8.2.1/../../../../arm-none-eabi/lib/thumb/v7e-m+fp/hard\libm.a(lib_a-e_exp.o)
 .rodata.ln2LO  0x000000000800ff90       0x10 d:/apps/embedded_gcc/arm_gcc/bin/../lib/gcc/arm-none-eabi/8.2.1/../../../../arm-none-eabi/lib/thumb/v7e-m+fp/hard\libm.a(lib_a-e_exp.o)
                0x000000000800ffa0                . = ALIGN (0x4)

.rel.dyn        0x000000000800ffa0        0x0
 .rel.iplt      0x000000000800ffa0        0x0 d:/apps/embedded_gcc/arm_gcc/bin/../lib/gcc/arm-none-eabi/8.2.1/thumb/v7e-m+fp/hard/crtbegin.o

.ARM.extab
 *(.ARM.extab* .gnu.linkonce.armextab.*)

.ARM            0x000000000800ffa0        0x0
                0x000000000800ffa0                __exidx_start = .
 *(.ARM.exidx*)
                0x000000000800ffa0                __exidx_end = .

.preinit_array  0x000000000800ffa0        0x0
                0x000000000800ffa0                PROVIDE (__preinit_array_start = .)
 *(.preinit_array*)
                0x000000000800ffa0                PROVIDE (__preinit_array_end = .)

.init_array     0x000000000800ffa0        0x4
                0x000000000800ffa0                PROVIDE (__init_array_start = .)
 *(SORT_BY_NAME(.init_array.*))
 *(.init_array*)
 .init_array    0x000000000800ffa0        0x4 d:/apps/embedded_gcc/arm_gcc/bin/../lib/gcc/arm-none-eabi/8.2.1/thumb/v7e-m+fp/hard/crtbegin.o
                0x000000000800ffa4                PROVIDE (__init_array_end = .)

.fini_array     0x000000000800ffa4        0x4
                [!provide]                        PROVIDE (__fini_array_start = .)
 *(SORT_BY_NAME(.fini_array.*))
 *(.fini_array*)
 .fini_array    0x000000000800ffa4        0x4 d:/apps/embedded_gcc/arm_gcc/bin/../lib/gcc/arm-none-eabi/8.2.1/thumb/v7e-m+fp/hard/crtbegin.o
                [!provide]                        PROVIDE (__fini_array_end = .)
                0x000000000800ffa8                _sidata = LOADADDR (.data)

.data           0x0000000020000000      0x4c0 load address 0x000000000800ffa8
                0x0000000020000000                . = ALIGN (0x4)
                0x0000000020000000                _sdata = .
 *(.data)
 *(.data*)
 .data.foc1     0x0000000020000000      0x450 build/main.o
                0x0000000020000000                foc1
 .data.ubNbDataToTransmit
                0x0000000020000450        0x1 build/usart.o
                0x0000000020000450                ubNbDataToTransmit
 *fill*         0x0000000020000451        0x3 
 .data.SystemCoreClock
                0x0000000020000454        0x4 build/system_stm32g4xx.o
                0x0000000020000454                SystemCoreClock
 .data._impure_ptr
                0x0000000020000458        0x4 d:/apps/embedded_gcc/arm_gcc/bin/../lib/gcc/arm-none-eabi/8.2.1/../../../../arm-none-eabi/lib/thumb/v7e-m+fp/hard\libc_nano.a(lib_a-impure.o)
                0x0000000020000458                _impure_ptr
 .data.impure_data
                0x000000002000045c       0x60 d:/apps/embedded_gcc/arm_gcc/bin/../lib/gcc/arm-none-eabi/8.2.1/../../../../arm-none-eabi/lib/thumb/v7e-m+fp/hard\libc_nano.a(lib_a-impure.o)
 .data.__fdlib_version
                0x00000000200004bc        0x1 d:/apps/embedded_gcc/arm_gcc/bin/../lib/gcc/arm-none-eabi/8.2.1/../../../../arm-none-eabi/lib/thumb/v7e-m+fp/hard\libm.a(lib_a-s_lib_ver.o)
                0x00000000200004bc                __fdlib_version
                0x00000000200004c0                . = ALIGN (0x4)
 *fill*         0x00000000200004bd        0x3 
                0x00000000200004c0                _edata = .

.tm_clone_table
                0x00000000200004c0        0x0 load address 0x0000000008010468
 .tm_clone_table
                0x00000000200004c0        0x0 d:/apps/embedded_gcc/arm_gcc/bin/../lib/gcc/arm-none-eabi/8.2.1/thumb/v7e-m+fp/hard/crtbegin.o
 .tm_clone_table
                0x00000000200004c0        0x0 d:/apps/embedded_gcc/arm_gcc/bin/../lib/gcc/arm-none-eabi/8.2.1/thumb/v7e-m+fp/hard/crtend.o

.igot.plt       0x00000000200004c0        0x0 load address 0x0000000008010468
 .igot.plt      0x00000000200004c0        0x0 d:/apps/embedded_gcc/arm_gcc/bin/../lib/gcc/arm-none-eabi/8.2.1/thumb/v7e-m+fp/hard/crtbegin.o
                0x00000000200004c0                . = ALIGN (0x4)

.bss            0x00000000200004c0     0x4204 load address 0x0000000008010468
                0x00000000200004c0                _sbss = .
                0x00000000200004c0                __bss_start__ = _sbss
 *(.bss)
 *(.bss*)
 .bss.completed.8014
                0x00000000200004c0        0x1 d:/apps/embedded_gcc/arm_gcc/bin/../lib/gcc/arm-none-eabi/8.2.1/thumb/v7e-m+fp/hard/crtbegin.o
 *fill*         0x00000000200004c1        0x3 
 .bss.object.8019
                0x00000000200004c4       0x18 d:/apps/embedded_gcc/arm_gcc/bin/../lib/gcc/arm-none-eabi/8.2.1/thumb/v7e-m+fp/hard/crtbegin.o
 .bss.hall      0x00000000200004dc       0x78 build/main.o
                0x00000000200004dc                hall
 .bss.e         0x0000000020000554        0x1 build/main.o
                0x0000000020000554                e
 .bss.systemReset
                0x0000000020000555        0x1 build/main.o
                0x0000000020000555                systemReset
 *fill*         0x0000000020000556        0x2 
 .bss.ledDelay  0x0000000020000558        0x4 build/main.o
                0x0000000020000558                ledDelay
 *(COMMON)
 COMMON         0x000000002000055c     0x4168 build/main.o
                0x000000002000055c                execTime1
                0x0000000020000560                execTime0
                0x0000000020000564                cpuLoad
                0x0000000020000568                stop_cc
                0x000000002000056c                dataLog
                0x00000000200045b4                ntcPcb
                0x00000000200045d0                pwmInputValue
                0x00000000200045d4                start_cc
                0x00000000200045d8                bldc1
                0x00000000200046a0                pwmInputPeriod
                0x00000000200046a4                adcData
                0x00000000200046c4                . = ALIGN (0x4)
                0x00000000200046c4                _ebss = .
                0x00000000200046c4                __bss_end__ = _ebss

._user_heap_stack
                0x00000000200046c4      0x604 load address 0x0000000008010468
                0x00000000200046c8                . = ALIGN (0x8)
 *fill*         0x00000000200046c4        0x4 
                [!provide]                        PROVIDE (end = .)
                [!provide]                        PROVIDE (_end = .)
                0x00000000200048c8                . = (. + _Min_Heap_Size)
 *fill*         0x00000000200046c8      0x200 
                0x0000000020004cc8                . = (. + _Min_Stack_Size)
 *fill*         0x00000000200048c8      0x400 
                0x0000000020004cc8                . = ALIGN (0x8)

/DISCARD/
 libc.a(*)
 libm.a(*)
 libgcc.a(*)

.ARM.attributes
                0x0000000000000000       0x30
 *(.ARM.attributes)
 .ARM.attributes
                0x0000000000000000       0x1e d:/apps/embedded_gcc/arm_gcc/bin/../lib/gcc/arm-none-eabi/8.2.1/thumb/v7e-m+fp/hard/crti.o
 .ARM.attributes
                0x000000000000001e       0x34 d:/apps/embedded_gcc/arm_gcc/bin/../lib/gcc/arm-none-eabi/8.2.1/thumb/v7e-m+fp/hard/crtbegin.o
 .ARM.attributes
                0x0000000000000052       0x34 build/main.o
 .ARM.attributes
                0x0000000000000086       0x34 build/gpio.o
 .ARM.attributes
                0x00000000000000ba       0x34 build/adc.o
 .ARM.attributes
                0x00000000000000ee       0x34 build/hrtim.o
 .ARM.attributes
                0x0000000000000122       0x34 build/sys.o
 .ARM.attributes
                0x0000000000000156       0x34 build/usart.o
 .ARM.attributes
                0x000000000000018a       0x34 build/stm32g4xx_it.o
 .ARM.attributes
                0x00000000000001be       0x34 build/stm32g4xx_ll_utils.o
 .ARM.attributes
                0x00000000000001f2       0x34 build/stm32g4xx_ll_gpio.o
 .ARM.attributes
                0x0000000000000226       0x34 build/stm32g4xx_ll_adc.o
 .ARM.attributes
                0x000000000000025a       0x34 build/stm32g4xx_ll_usart.o
 .ARM.attributes
                0x000000000000028e       0x34 build/stm32g4xx_ll_rcc.o
 .ARM.attributes
                0x00000000000002c2       0x34 build/system_stm32g4xx.o
 .ARM.attributes
                0x00000000000002f6       0x34 build/tim.o
 .ARM.attributes
                0x000000000000032a       0x34 build/stm32g4xx_ll_tim.o
 .ARM.attributes
                0x000000000000035e       0x34 build/utils.o
 .ARM.attributes
                0x0000000000000392       0x21 build/startup_stm32g474xx.o
 .ARM.attributes
                0x00000000000003b3       0x32 d:/apps/embedded_gcc/arm_gcc/bin/../lib/gcc/arm-none-eabi/8.2.1/../../../../arm-none-eabi/lib/thumb/v7e-m+fp/hard\libc_nano.a(lib_a-impure.o)
 .ARM.attributes
                0x00000000000003e5       0x34 d:/apps/embedded_gcc/arm_gcc/bin/../lib/gcc/arm-none-eabi/8.2.1/../../../../arm-none-eabi/lib/thumb/v7e-m+fp/hard\libc_nano.a(lib_a-init.o)
 .ARM.attributes
                0x0000000000000419       0x34 d:/apps/embedded_gcc/arm_gcc/bin/../lib/gcc/arm-none-eabi/8.2.1/../../../../arm-none-eabi/lib/thumb/v7e-m+fp/hard\libc_nano.a(lib_a-memset.o)
 .ARM.attributes
                0x000000000000044d       0x34 d:/apps/embedded_gcc/arm_gcc/bin/../lib/gcc/arm-none-eabi/8.2.1/../../../../arm-none-eabi/lib/thumb/v7e-m+fp/hard\libm.a(lib_a-w_exp.o)
 .ARM.attributes
                0x0000000000000481       0x34 d:/apps/embedded_gcc/arm_gcc/bin/../lib/gcc/arm-none-eabi/8.2.1/../../../../arm-none-eabi/lib/thumb/v7e-m+fp/hard\libm.a(lib_a-wf_log.o)
 .ARM.attributes
                0x00000000000004b5       0x34 d:/apps/embedded_gcc/arm_gcc/bin/../lib/gcc/arm-none-eabi/8.2.1/../../../../arm-none-eabi/lib/thumb/v7e-m+fp/hard\libm.a(lib_a-wf_sqrt.o)
 .ARM.attributes
                0x00000000000004e9       0x34 d:/apps/embedded_gcc/arm_gcc/bin/../lib/gcc/arm-none-eabi/8.2.1/../../../../arm-none-eabi/lib/thumb/v7e-m+fp/hard\libm.a(lib_a-e_exp.o)
 .ARM.attributes
                0x000000000000051d       0x34 d:/apps/embedded_gcc/arm_gcc/bin/../lib/gcc/arm-none-eabi/8.2.1/../../../../arm-none-eabi/lib/thumb/v7e-m+fp/hard\libm.a(lib_a-ef_log.o)
 .ARM.attributes
                0x0000000000000551       0x34 d:/apps/embedded_gcc/arm_gcc/bin/../lib/gcc/arm-none-eabi/8.2.1/../../../../arm-none-eabi/lib/thumb/v7e-m+fp/hard\libm.a(lib_a-ef_sqrt.o)
 .ARM.attributes
                0x0000000000000585       0x34 d:/apps/embedded_gcc/arm_gcc/bin/../lib/gcc/arm-none-eabi/8.2.1/../../../../arm-none-eabi/lib/thumb/v7e-m+fp/hard\libm.a(lib_a-s_finite.o)
 .ARM.attributes
                0x00000000000005b9       0x32 d:/apps/embedded_gcc/arm_gcc/bin/../lib/gcc/arm-none-eabi/8.2.1/../../../../arm-none-eabi/lib/thumb/v7e-m+fp/hard\libm.a(lib_a-s_lib_ver.o)
 .ARM.attributes
                0x00000000000005eb       0x34 d:/apps/embedded_gcc/arm_gcc/bin/../lib/gcc/arm-none-eabi/8.2.1/../../../../arm-none-eabi/lib/thumb/v7e-m+fp/hard\libm.a(lib_a-s_matherr.o)
 .ARM.attributes
                0x000000000000061f       0x34 d:/apps/embedded_gcc/arm_gcc/bin/../lib/gcc/arm-none-eabi/8.2.1/../../../../arm-none-eabi/lib/thumb/v7e-m+fp/hard\libm.a(lib_a-s_nan.o)
 .ARM.attributes
                0x0000000000000653       0x1e d:/apps/embedded_gcc/arm_gcc/bin/../lib/gcc/arm-none-eabi/8.2.1/thumb/v7e-m+fp/hard\libgcc.a(_arm_addsubdf3.o)
 .ARM.attributes
                0x0000000000000671       0x1e d:/apps/embedded_gcc/arm_gcc/bin/../lib/gcc/arm-none-eabi/8.2.1/thumb/v7e-m+fp/hard\libgcc.a(_arm_muldivdf3.o)
 .ARM.attributes
                0x000000000000068f       0x1e d:/apps/embedded_gcc/arm_gcc/bin/../lib/gcc/arm-none-eabi/8.2.1/thumb/v7e-m+fp/hard\libgcc.a(_arm_cmpdf2.o)
 .ARM.attributes
                0x00000000000006ad       0x1e d:/apps/embedded_gcc/arm_gcc/bin/../lib/gcc/arm-none-eabi/8.2.1/thumb/v7e-m+fp/hard\libgcc.a(_arm_fixdfsi.o)
 .ARM.attributes
                0x00000000000006cb       0x1e d:/apps/embedded_gcc/arm_gcc/bin/../lib/gcc/arm-none-eabi/8.2.1/thumb/v7e-m+fp/hard\libgcc.a(_arm_truncdfsf2.o)
 .ARM.attributes
                0x00000000000006e9       0x34 d:/apps/embedded_gcc/arm_gcc/bin/../lib/gcc/arm-none-eabi/8.2.1/../../../../arm-none-eabi/lib/thumb/v7e-m+fp/hard\libc_nano.a(lib_a-errno.o)
 .ARM.attributes
                0x000000000000071d       0x32 d:/apps/embedded_gcc/arm_gcc/bin/../lib/gcc/arm-none-eabi/8.2.1/thumb/v7e-m+fp/hard/crtend.o
 .ARM.attributes
                0x000000000000074f       0x1e d:/apps/embedded_gcc/arm_gcc/bin/../lib/gcc/arm-none-eabi/8.2.1/thumb/v7e-m+fp/hard/crtn.o
OUTPUT(build/bldc_foc_g474_firmware.elf elf32-littlearm)

.debug_info     0x0000000000000000    0x1cb1b
 .debug_info    0x0000000000000000     0x4b69 build/main.o
 .debug_info    0x0000000000004b69     0x12f5 build/gpio.o
 .debug_info    0x0000000000005e5e     0x24c1 build/adc.o
 .debug_info    0x000000000000831f     0x523e build/hrtim.o
 .debug_info    0x000000000000d55d     0x2a19 build/sys.o
 .debug_info    0x000000000000ff76     0x24bf build/usart.o
 .debug_info    0x0000000000012435     0x172c build/stm32g4xx_it.o
 .debug_info    0x0000000000013b61      0xd7d build/stm32g4xx_ll_utils.o
 .debug_info    0x00000000000148de      0xa3f build/stm32g4xx_ll_gpio.o
 .debug_info    0x000000000001531d      0xdc2 build/stm32g4xx_ll_adc.o
 .debug_info    0x00000000000160df      0x98a build/stm32g4xx_ll_usart.o
 .debug_info    0x0000000000016a69      0xd97 build/stm32g4xx_ll_rcc.o
 .debug_info    0x0000000000017800      0x657 build/system_stm32g4xx.o
 .debug_info    0x0000000000017e57     0x20ce build/tim.o
 .debug_info    0x0000000000019f25     0x142a build/stm32g4xx_ll_tim.o
 .debug_info    0x000000000001b34f     0x17aa build/utils.o
 .debug_info    0x000000000001caf9       0x22 build/startup_stm32g474xx.o

.debug_abbrev   0x0000000000000000     0x2ac6
 .debug_abbrev  0x0000000000000000      0x4c0 build/main.o
 .debug_abbrev  0x00000000000004c0      0x268 build/gpio.o
 .debug_abbrev  0x0000000000000728      0x2d4 build/adc.o
 .debug_abbrev  0x00000000000009fc      0x36f build/hrtim.o
 .debug_abbrev  0x0000000000000d6b      0x33b build/sys.o
 .debug_abbrev  0x00000000000010a6      0x2f6 build/usart.o
 .debug_abbrev  0x000000000000139c      0x2f3 build/stm32g4xx_it.o
 .debug_abbrev  0x000000000000168f      0x269 build/stm32g4xx_ll_utils.o
 .debug_abbrev  0x00000000000018f8      0x230 build/stm32g4xx_ll_gpio.o
 .debug_abbrev  0x0000000000001b28      0x1c1 build/stm32g4xx_ll_adc.o
 .debug_abbrev  0x0000000000001ce9      0x1d6 build/stm32g4xx_ll_usart.o
 .debug_abbrev  0x0000000000001ebf      0x21b build/stm32g4xx_ll_rcc.o
 .debug_abbrev  0x00000000000020da      0x128 build/system_stm32g4xx.o
 .debug_abbrev  0x0000000000002202      0x2b8 build/tim.o
 .debug_abbrev  0x00000000000024ba      0x239 build/stm32g4xx_ll_tim.o
 .debug_abbrev  0x00000000000026f3      0x3c1 build/utils.o
 .debug_abbrev  0x0000000000002ab4       0x12 build/startup_stm32g474xx.o

.debug_loc      0x0000000000000000     0x99e2
 .debug_loc     0x0000000000000000     0x14e0 build/main.o
 .debug_loc     0x00000000000014e0      0x108 build/gpio.o
 .debug_loc     0x00000000000015e8      0xb8e build/adc.o
 .debug_loc     0x0000000000002176     0x16f6 build/hrtim.o
 .debug_loc     0x000000000000386c      0x364 build/sys.o
 .debug_loc     0x0000000000003bd0      0xb2e build/usart.o
 .debug_loc     0x00000000000046fe      0x634 build/stm32g4xx_it.o
 .debug_loc     0x0000000000004d32      0x8a8 build/stm32g4xx_ll_utils.o
 .debug_loc     0x00000000000055da      0x3dc build/stm32g4xx_ll_gpio.o
 .debug_loc     0x00000000000059b6      0x8b4 build/stm32g4xx_ll_adc.o
 .debug_loc     0x000000000000626a      0x540 build/stm32g4xx_ll_usart.o
 .debug_loc     0x00000000000067aa     0x1004 build/stm32g4xx_ll_rcc.o
 .debug_loc     0x00000000000077ae       0xa0 build/system_stm32g4xx.o
 .debug_loc     0x000000000000784e      0x924 build/tim.o
 .debug_loc     0x0000000000008172      0xd18 build/stm32g4xx_ll_tim.o
 .debug_loc     0x0000000000008e8a      0xb58 build/utils.o

.debug_aranges  0x0000000000000000     0x1028
 .debug_aranges
                0x0000000000000000      0x220 build/main.o
 .debug_aranges
                0x0000000000000220       0x30 build/gpio.o
 .debug_aranges
                0x0000000000000250      0x128 build/adc.o
 .debug_aranges
                0x0000000000000378      0x220 build/hrtim.o
 .debug_aranges
                0x0000000000000598       0x70 build/sys.o
 .debug_aranges
                0x0000000000000608      0x118 build/usart.o
 .debug_aranges
                0x0000000000000720       0xd0 build/stm32g4xx_it.o
 .debug_aranges
                0x00000000000007f0       0xf8 build/stm32g4xx_ll_utils.o
 .debug_aranges
                0x00000000000008e8       0x70 build/stm32g4xx_ll_gpio.o
 .debug_aranges
                0x0000000000000958       0xe0 build/stm32g4xx_ll_adc.o
 .debug_aranges
                0x0000000000000a38       0x90 build/stm32g4xx_ll_usart.o
 .debug_aranges
                0x0000000000000ac8      0x1b8 build/stm32g4xx_ll_rcc.o
 .debug_aranges
                0x0000000000000c80       0x28 build/system_stm32g4xx.o
 .debug_aranges
                0x0000000000000ca8       0xf0 build/tim.o
 .debug_aranges
                0x0000000000000d98      0x148 build/stm32g4xx_ll_tim.o
 .debug_aranges
                0x0000000000000ee0      0x120 build/utils.o
 .debug_aranges
                0x0000000000001000       0x28 build/startup_stm32g474xx.o

.debug_ranges   0x0000000000000000      0xf38
 .debug_ranges  0x0000000000000000      0x210 build/main.o
 .debug_ranges  0x0000000000000210       0x20 build/gpio.o
 .debug_ranges  0x0000000000000230      0x118 build/adc.o
 .debug_ranges  0x0000000000000348      0x210 build/hrtim.o
 .debug_ranges  0x0000000000000558       0x60 build/sys.o
 .debug_ranges  0x00000000000005b8      0x108 build/usart.o
 .debug_ranges  0x00000000000006c0       0xc0 build/stm32g4xx_it.o
 .debug_ranges  0x0000000000000780       0xe8 build/stm32g4xx_ll_utils.o
 .debug_ranges  0x0000000000000868       0x60 build/stm32g4xx_ll_gpio.o
 .debug_ranges  0x00000000000008c8       0xd0 build/stm32g4xx_ll_adc.o
 .debug_ranges  0x0000000000000998       0x80 build/stm32g4xx_ll_usart.o
 .debug_ranges  0x0000000000000a18      0x1a8 build/stm32g4xx_ll_rcc.o
 .debug_ranges  0x0000000000000bc0       0x18 build/system_stm32g4xx.o
 .debug_ranges  0x0000000000000bd8       0xe0 build/tim.o
 .debug_ranges  0x0000000000000cb8      0x138 build/stm32g4xx_ll_tim.o
 .debug_ranges  0x0000000000000df0      0x128 build/utils.o
 .debug_ranges  0x0000000000000f18       0x20 build/startup_stm32g474xx.o

.debug_line     0x0000000000000000     0xc028
 .debug_line    0x0000000000000000     0x4a5c build/main.o
 .debug_line    0x0000000000004a5c      0x378 build/gpio.o
 .debug_line    0x0000000000004dd4      0x9e1 build/adc.o
 .debug_line    0x00000000000057b5     0x16af build/hrtim.o
 .debug_line    0x0000000000006e64      0x5a2 build/sys.o
 .debug_line    0x0000000000007406      0x74b build/usart.o
 .debug_line    0x0000000000007b51      0x555 build/stm32g4xx_it.o
 .debug_line    0x00000000000080a6      0x6a9 build/stm32g4xx_ll_utils.o
 .debug_line    0x000000000000874f      0x464 build/stm32g4xx_ll_gpio.o
 .debug_line    0x0000000000008bb3      0x5f1 build/stm32g4xx_ll_adc.o
 .debug_line    0x00000000000091a4      0x40a build/stm32g4xx_ll_usart.o
 .debug_line    0x00000000000095ae      0xc12 build/stm32g4xx_ll_rcc.o
 .debug_line    0x000000000000a1c0      0x1ca build/system_stm32g4xx.o
 .debug_line    0x000000000000a38a      0x836 build/tim.o
 .debug_line    0x000000000000abc0      0x96a build/stm32g4xx_ll_tim.o
 .debug_line    0x000000000000b52a      0xa87 build/utils.o
 .debug_line    0x000000000000bfb1       0x77 build/startup_stm32g474xx.o

.debug_str      0x0000000000000000     0x5249
 .debug_str     0x0000000000000000     0x1f28 build/main.o
                                       0x2099 (size before relaxing)
 .debug_str     0x0000000000001f28       0x6a build/gpio.o
                                        0xb31 (size before relaxing)
 .debug_str     0x0000000000001f92      0xaf4 build/adc.o
                                       0x1772 (size before relaxing)
 .debug_str     0x0000000000002a86      0x667 build/hrtim.o
                                       0x2497 (size before relaxing)
 .debug_str     0x00000000000030ed       0xb5 build/sys.o
                                       0x14e9 (size before relaxing)
 .debug_str     0x00000000000031a2      0x40f build/usart.o
                                       0x179e (size before relaxing)
 .debug_str     0x00000000000035b1      0x222 build/stm32g4xx_it.o
                                        0xccf (size before relaxing)
 .debug_str     0x00000000000037d3      0x2c5 build/stm32g4xx_ll_utils.o
                                        0x843 (size before relaxing)
 .debug_str     0x0000000000003a98      0x126 build/stm32g4xx_ll_gpio.o
                                        0x533 (size before relaxing)
 .debug_str     0x0000000000003bbe      0x261 build/stm32g4xx_ll_adc.o
                                        0x82c (size before relaxing)
 .debug_str     0x0000000000003e1f      0x20f build/stm32g4xx_ll_usart.o
                                        0x657 (size before relaxing)
 .debug_str     0x000000000000402e      0x622 build/stm32g4xx_ll_rcc.o
                                        0xa67 (size before relaxing)
 .debug_str     0x0000000000004650       0x49 build/system_stm32g4xx.o
                                        0x3ee (size before relaxing)
 .debug_str     0x0000000000004699      0x257 build/tim.o
                                       0x1581 (size before relaxing)
 .debug_str     0x00000000000048f0      0x534 build/stm32g4xx_ll_tim.o
                                        0xa94 (size before relaxing)
 .debug_str     0x0000000000004e24      0x400 build/utils.o
                                        0xa4f (size before relaxing)
 .debug_str     0x0000000000005224       0x25 build/startup_stm32g474xx.o
                                         0x62 (size before relaxing)

.comment        0x0000000000000000       0x68
 .comment       0x0000000000000000       0x68 build/main.o
                                         0x69 (size before relaxing)
 .comment       0x0000000000000068       0x69 build/gpio.o
 .comment       0x0000000000000068       0x69 build/adc.o
 .comment       0x0000000000000068       0x69 build/hrtim.o
 .comment       0x0000000000000068       0x69 build/sys.o
 .comment       0x0000000000000068       0x69 build/usart.o
 .comment       0x0000000000000068       0x69 build/stm32g4xx_it.o
 .comment       0x0000000000000068       0x69 build/stm32g4xx_ll_utils.o
 .comment       0x0000000000000068       0x69 build/stm32g4xx_ll_gpio.o
 .comment       0x0000000000000068       0x69 build/stm32g4xx_ll_adc.o
 .comment       0x0000000000000068       0x69 build/stm32g4xx_ll_usart.o
 .comment       0x0000000000000068       0x69 build/stm32g4xx_ll_rcc.o
 .comment       0x0000000000000068       0x69 build/system_stm32g4xx.o
 .comment       0x0000000000000068       0x69 build/tim.o
 .comment       0x0000000000000068       0x69 build/stm32g4xx_ll_tim.o
 .comment       0x0000000000000068       0x69 build/utils.o

.debug_frame    0x0000000000000000     0x4e6c
 .debug_frame   0x0000000000000000      0x9fc build/main.o
 .debug_frame   0x00000000000009fc       0x88 build/gpio.o
 .debug_frame   0x0000000000000a84      0x54c build/adc.o
 .debug_frame   0x0000000000000fd0      0xbc4 build/hrtim.o
 .debug_frame   0x0000000000001b94      0x1b8 build/sys.o
 .debug_frame   0x0000000000001d4c      0x50c build/usart.o
 .debug_frame   0x0000000000002258      0x330 build/stm32g4xx_it.o
 .debug_frame   0x0000000000002588      0x440 build/stm32g4xx_ll_utils.o
 .debug_frame   0x00000000000029c8      0x1c8 build/stm32g4xx_ll_gpio.o
 .debug_frame   0x0000000000002b90      0x400 build/stm32g4xx_ll_adc.o
 .debug_frame   0x0000000000002f90      0x26c build/stm32g4xx_ll_usart.o
 .debug_frame   0x00000000000031fc      0x7e8 build/stm32g4xx_ll_rcc.o
 .debug_frame   0x00000000000039e4       0x5c build/system_stm32g4xx.o
 .debug_frame   0x0000000000003a40      0x458 build/tim.o
 .debug_frame   0x0000000000003e98      0x600 build/stm32g4xx_ll_tim.o
 .debug_frame   0x0000000000004498      0x554 build/utils.o
 .debug_frame   0x00000000000049ec       0x2c d:/apps/embedded_gcc/arm_gcc/bin/../lib/gcc/arm-none-eabi/8.2.1/../../../../arm-none-eabi/lib/thumb/v7e-m+fp/hard\libc_nano.a(lib_a-init.o)
 .debug_frame   0x0000000000004a18       0x20 d:/apps/embedded_gcc/arm_gcc/bin/../lib/gcc/arm-none-eabi/8.2.1/../../../../arm-none-eabi/lib/thumb/v7e-m+fp/hard\libc_nano.a(lib_a-memset.o)
 .debug_frame   0x0000000000004a38       0x50 d:/apps/embedded_gcc/arm_gcc/bin/../lib/gcc/arm-none-eabi/8.2.1/../../../../arm-none-eabi/lib/thumb/v7e-m+fp/hard\libm.a(lib_a-w_exp.o)
 .debug_frame   0x0000000000004a88       0x50 d:/apps/embedded_gcc/arm_gcc/bin/../lib/gcc/arm-none-eabi/8.2.1/../../../../arm-none-eabi/lib/thumb/v7e-m+fp/hard\libm.a(lib_a-wf_log.o)
 .debug_frame   0x0000000000004ad8       0x50 d:/apps/embedded_gcc/arm_gcc/bin/../lib/gcc/arm-none-eabi/8.2.1/../../../../arm-none-eabi/lib/thumb/v7e-m+fp/hard\libm.a(lib_a-wf_sqrt.o)
 .debug_frame   0x0000000000004b28       0x54 d:/apps/embedded_gcc/arm_gcc/bin/../lib/gcc/arm-none-eabi/8.2.1/../../../../arm-none-eabi/lib/thumb/v7e-m+fp/hard\libm.a(lib_a-e_exp.o)
 .debug_frame   0x0000000000004b7c       0x48 d:/apps/embedded_gcc/arm_gcc/bin/../lib/gcc/arm-none-eabi/8.2.1/../../../../arm-none-eabi/lib/thumb/v7e-m+fp/hard\libm.a(lib_a-ef_log.o)
 .debug_frame   0x0000000000004bc4       0x20 d:/apps/embedded_gcc/arm_gcc/bin/../lib/gcc/arm-none-eabi/8.2.1/../../../../arm-none-eabi/lib/thumb/v7e-m+fp/hard\libm.a(lib_a-ef_sqrt.o)
 .debug_frame   0x0000000000004be4       0x20 d:/apps/embedded_gcc/arm_gcc/bin/../lib/gcc/arm-none-eabi/8.2.1/../../../../arm-none-eabi/lib/thumb/v7e-m+fp/hard\libm.a(lib_a-s_finite.o)
 .debug_frame   0x0000000000004c04       0x20 d:/apps/embedded_gcc/arm_gcc/bin/../lib/gcc/arm-none-eabi/8.2.1/../../../../arm-none-eabi/lib/thumb/v7e-m+fp/hard\libm.a(lib_a-s_matherr.o)
 .debug_frame   0x0000000000004c24       0x20 d:/apps/embedded_gcc/arm_gcc/bin/../lib/gcc/arm-none-eabi/8.2.1/../../../../arm-none-eabi/lib/thumb/v7e-m+fp/hard\libm.a(lib_a-s_nan.o)
 .debug_frame   0x0000000000004c44       0xac d:/apps/embedded_gcc/arm_gcc/bin/../lib/gcc/arm-none-eabi/8.2.1/thumb/v7e-m+fp/hard\libgcc.a(_arm_addsubdf3.o)
 .debug_frame   0x0000000000004cf0       0x50 d:/apps/embedded_gcc/arm_gcc/bin/../lib/gcc/arm-none-eabi/8.2.1/thumb/v7e-m+fp/hard\libgcc.a(_arm_muldivdf3.o)
 .debug_frame   0x0000000000004d40       0xc4 d:/apps/embedded_gcc/arm_gcc/bin/../lib/gcc/arm-none-eabi/8.2.1/thumb/v7e-m+fp/hard\libgcc.a(_arm_cmpdf2.o)
 .debug_frame   0x0000000000004e04       0x24 d:/apps/embedded_gcc/arm_gcc/bin/../lib/gcc/arm-none-eabi/8.2.1/thumb/v7e-m+fp/hard\libgcc.a(_arm_fixdfsi.o)
 .debug_frame   0x0000000000004e28       0x24 d:/apps/embedded_gcc/arm_gcc/bin/../lib/gcc/arm-none-eabi/8.2.1/thumb/v7e-m+fp/hard\libgcc.a(_arm_truncdfsf2.o)
 .debug_frame   0x0000000000004e4c       0x20 d:/apps/embedded_gcc/arm_gcc/bin/../lib/gcc/arm-none-eabi/8.2.1/../../../../arm-none-eabi/lib/thumb/v7e-m+fp/hard\libc_nano.a(lib_a-errno.o)

Cross Reference Table

Symbol                                            File
ADC1_2_IRQHandler                                 build/main.o
ADC1_Init_BLDC                                    build/adc.o
                                                  build/main.o
ADC2_Init_BLDC                                    build/adc.o
                                                  build/main.o
ADC3_IRQHandler                                   build/startup_stm32g474xx.o
ADC4_IRQHandler                                   build/startup_stm32g474xx.o
ADC5_IRQHandler                                   build/startup_stm32g474xx.o
AHBPrescTable                                     build/system_stm32g4xx.o
                                                  build/stm32g4xx_ll_rcc.o
                                                  build/stm32g4xx_ll_utils.o
APBPrescTable                                     build/system_stm32g4xx.o
                                                  build/stm32g4xx_ll_rcc.o
BusFault_Handler                                  build/stm32g4xx_it.o
COMP1_2_3_IRQHandler                              build/startup_stm32g474xx.o
COMP4_5_6_IRQHandler                              build/startup_stm32g474xx.o
COMP7_IRQHandler                                  build/startup_stm32g474xx.o
CORDIC_IRQHandler                                 build/startup_stm32g474xx.o
CRS_IRQHandler                                    build/startup_stm32g474xx.o
CoreInit                                          build/main.o
CoreStart                                         build/main.o
DMA1_Channel1_IRQHandler                          build/startup_stm32g474xx.o
DMA1_Channel2_IRQHandler                          build/startup_stm32g474xx.o
DMA1_Channel3_IRQHandler                          build/startup_stm32g474xx.o
DMA1_Channel4_IRQHandler                          build/startup_stm32g474xx.o
DMA1_Channel5_IRQHandler                          build/startup_stm32g474xx.o
DMA1_Channel6_IRQHandler                          build/stm32g4xx_it.o
DMA1_Channel7_IRQHandler                          build/startup_stm32g474xx.o
DMA1_Channel8_IRQHandler                          build/startup_stm32g474xx.o
DMA2_Channel1_IRQHandler                          build/startup_stm32g474xx.o
DMA2_Channel2_IRQHandler                          build/startup_stm32g474xx.o
DMA2_Channel3_IRQHandler                          build/startup_stm32g474xx.o
DMA2_Channel4_IRQHandler                          build/startup_stm32g474xx.o
DMA2_Channel5_IRQHandler                          build/startup_stm32g474xx.o
DMA2_Channel6_IRQHandler                          build/startup_stm32g474xx.o
DMA2_Channel7_IRQHandler                          build/startup_stm32g474xx.o
DMA2_Channel8_IRQHandler                          build/startup_stm32g474xx.o
DMAMUX_OVR_IRQHandler                             build/startup_stm32g474xx.o
DebugMon_Handler                                  build/stm32g4xx_it.o
Default_Handler                                   build/startup_stm32g474xx.o
EXTI0_IRQHandler                                  build/startup_stm32g474xx.o
EXTI15_10_IRQHandler                              build/startup_stm32g474xx.o
EXTI1_IRQHandler                                  build/startup_stm32g474xx.o
EXTI2_IRQHandler                                  build/startup_stm32g474xx.o
EXTI3_IRQHandler                                  build/startup_stm32g474xx.o
EXTI4_IRQHandler                                  build/startup_stm32g474xx.o
EXTI9_5_IRQHandler                                build/stm32g4xx_it.o
Error_Handler                                     build/main.o
FDCAN1_IT0_IRQHandler                             build/startup_stm32g474xx.o
FDCAN1_IT1_IRQHandler                             build/startup_stm32g474xx.o
FDCAN2_IT0_IRQHandler                             build/startup_stm32g474xx.o
FDCAN2_IT1_IRQHandler                             build/startup_stm32g474xx.o
FDCAN3_IT0_IRQHandler                             build/startup_stm32g474xx.o
FDCAN3_IT1_IRQHandler                             build/startup_stm32g474xx.o
FLASH_IRQHandler                                  build/startup_stm32g474xx.o
FLASH_LoadConfig                                  build/sys.o
                                                  build/main.o
FLASH_PageErase                                   build/sys.o
FLASH_Program_DoubleWord                          build/sys.o
FLASH_UpdateConfig                                build/sys.o
                                                  build/main.o
FMAC_IRQHandler                                   build/startup_stm32g474xx.o
FMC_IRQHandler                                    build/startup_stm32g474xx.o
FPU_IRQHandler                                    build/startup_stm32g474xx.o
HRTIM1_FLT_IRQHandler                             build/stm32g4xx_it.o
HRTIM1_Master_IRQHandler                          build/startup_stm32g474xx.o
HRTIM1_TIMA_IRQHandler                            build/startup_stm32g474xx.o
HRTIM1_TIMB_IRQHandler                            build/startup_stm32g474xx.o
HRTIM1_TIMC_IRQHandler                            build/startup_stm32g474xx.o
HRTIM1_TIMD_IRQHandler                            build/startup_stm32g474xx.o
HRTIM1_TIME_IRQHandler                            build/startup_stm32g474xx.o
HRTIM1_TIMF_IRQHandler                            build/startup_stm32g474xx.o
HardFault_Handler                                 build/stm32g4xx_it.o
I2C1_ER_IRQHandler                                build/startup_stm32g474xx.o
I2C1_EV_IRQHandler                                build/startup_stm32g474xx.o
I2C2_ER_IRQHandler                                build/startup_stm32g474xx.o
I2C2_EV_IRQHandler                                build/startup_stm32g474xx.o
I2C3_ER_IRQHandler                                build/startup_stm32g474xx.o
I2C3_EV_IRQHandler                                build/startup_stm32g474xx.o
I2C4_ER_IRQHandler                                build/startup_stm32g474xx.o
I2C4_EV_IRQHandler                                build/startup_stm32g474xx.o
LL_ADC_CommonDeInit                               build/stm32g4xx_ll_adc.o
LL_ADC_CommonInit                                 build/stm32g4xx_ll_adc.o
                                                  build/adc.o
LL_ADC_CommonStructInit                           build/stm32g4xx_ll_adc.o
LL_ADC_DeInit                                     build/stm32g4xx_ll_adc.o
LL_ADC_INJ_Init                                   build/stm32g4xx_ll_adc.o
                                                  build/adc.o
LL_ADC_INJ_StructInit                             build/stm32g4xx_ll_adc.o
LL_ADC_Init                                       build/stm32g4xx_ll_adc.o
                                                  build/adc.o
LL_ADC_REG_Init                                   build/stm32g4xx_ll_adc.o
                                                  build/adc.o
LL_ADC_REG_StructInit                             build/stm32g4xx_ll_adc.o
LL_ADC_StructInit                                 build/stm32g4xx_ll_adc.o
LL_DMA_DeInit                                     build/stm32g4xx_ll_dma.o
LL_DMA_Init                                       build/stm32g4xx_ll_dma.o
LL_DMA_StructInit                                 build/stm32g4xx_ll_dma.o
LL_EXTI_DeInit                                    build/stm32g4xx_ll_exti.o
LL_EXTI_Init                                      build/stm32g4xx_ll_exti.o
LL_EXTI_StructInit                                build/stm32g4xx_ll_exti.o
LL_GPIO_DeInit                                    build/stm32g4xx_ll_gpio.o
LL_GPIO_Init                                      build/stm32g4xx_ll_gpio.o
                                                  build/lptim.o
                                                  build/tim.o
                                                  build/usart.o
                                                  build/hrtim.o
                                                  build/adc.o
                                                  build/gpio.o
LL_GPIO_StructInit                                build/stm32g4xx_ll_gpio.o
LL_HRTIM_DeInit                                   build/stm32g4xx_ll_hrtim.o
LL_Init1msTick                                    build/stm32g4xx_ll_utils.o
                                                  build/main.o
LL_LPTIM_DeInit                                   build/stm32g4xx_ll_lptim.o
LL_LPTIM_Disable                                  build/stm32g4xx_ll_lptim.o
LL_LPTIM_Init                                     build/stm32g4xx_ll_lptim.o
LL_LPTIM_StructInit                               build/stm32g4xx_ll_lptim.o
LL_PLL_ConfigSystemClock_HSE                      build/stm32g4xx_ll_utils.o
LL_PLL_ConfigSystemClock_HSI                      build/stm32g4xx_ll_utils.o
LL_PWR_DeInit                                     build/stm32g4xx_ll_pwr.o
LL_RCC_DeInit                                     build/stm32g4xx_ll_rcc.o
LL_RCC_GetADCClockFreq                            build/stm32g4xx_ll_rcc.o
LL_RCC_GetFDCANClockFreq                          build/stm32g4xx_ll_rcc.o
LL_RCC_GetI2CClockFreq                            build/stm32g4xx_ll_rcc.o
LL_RCC_GetI2SClockFreq                            build/stm32g4xx_ll_rcc.o
LL_RCC_GetLPTIMClockFreq                          build/stm32g4xx_ll_rcc.o
LL_RCC_GetLPUARTClockFreq                         build/stm32g4xx_ll_rcc.o
LL_RCC_GetQUADSPIClockFreq                        build/stm32g4xx_ll_rcc.o
LL_RCC_GetRNGClockFreq                            build/stm32g4xx_ll_rcc.o
LL_RCC_GetSAIClockFreq                            build/stm32g4xx_ll_rcc.o
LL_RCC_GetSystemClocksFreq                        build/stm32g4xx_ll_rcc.o
                                                  build/stm32g4xx_ll_lptim.o
LL_RCC_GetUARTClockFreq                           build/stm32g4xx_ll_rcc.o
                                                  build/stm32g4xx_ll_usart.o
LL_RCC_GetUSARTClockFreq                          build/stm32g4xx_ll_rcc.o
                                                  build/stm32g4xx_ll_usart.o
LL_RCC_GetUSBClockFreq                            build/stm32g4xx_ll_rcc.o
LL_SetSystemCoreClock                             build/stm32g4xx_ll_utils.o
                                                  build/main.o
LL_TIM_BDTR_Init                                  build/stm32g4xx_ll_tim.o
LL_TIM_BDTR_StructInit                            build/stm32g4xx_ll_tim.o
LL_TIM_DeInit                                     build/stm32g4xx_ll_tim.o
LL_TIM_ENCODER_Init                               build/stm32g4xx_ll_tim.o
LL_TIM_ENCODER_StructInit                         build/stm32g4xx_ll_tim.o
LL_TIM_HALLSENSOR_Init                            build/stm32g4xx_ll_tim.o
LL_TIM_HALLSENSOR_StructInit                      build/stm32g4xx_ll_tim.o
LL_TIM_IC_Init                                    build/stm32g4xx_ll_tim.o
LL_TIM_IC_StructInit                              build/stm32g4xx_ll_tim.o
LL_TIM_Init                                       build/stm32g4xx_ll_tim.o
                                                  build/tim.o
LL_TIM_OC_Init                                    build/stm32g4xx_ll_tim.o