Archive member included to satisfy reference by file (symbol)

d:/apps/embedded_gcc/arm_gcc/bin/../lib/gcc/arm-none-eabi/8.2.1/../../../../arm-none-eabi/lib/thumb/v7e-m+fp/hard\libc_nano.a(lib_a-exit.o)
                              d:/apps/embedded_gcc/arm_gcc/bin/../lib/gcc/arm-none-eabi/8.2.1/../../../../arm-none-eabi/lib/thumb/v7e-m+fp/hard/crt0.o (exit)
d:/apps/embedded_gcc/arm_gcc/bin/../lib/gcc/arm-none-eabi/8.2.1/../../../../arm-none-eabi/lib/thumb/v7e-m+fp/hard\libc_nano.a(lib_a-impure.o)
                              d:/apps/embedded_gcc/arm_gcc/bin/../lib/gcc/arm-none-eabi/8.2.1/../../../../arm-none-eabi/lib/thumb/v7e-m+fp/hard\libc_nano.a(lib_a-exit.o) (_global_impure_ptr)
d:/apps/embedded_gcc/arm_gcc/bin/../lib/gcc/arm-none-eabi/8.2.1/../../../../arm-none-eabi/lib/thumb/v7e-m+fp/hard\libc_nano.a(lib_a-init.o)
                              d:/apps/embedded_gcc/arm_gcc/bin/../lib/gcc/arm-none-eabi/8.2.1/../../../../arm-none-eabi/lib/thumb/v7e-m+fp/hard/crt0.o (__libc_init_array)
d:/apps/embedded_gcc/arm_gcc/bin/../lib/gcc/arm-none-eabi/8.2.1/../../../../arm-none-eabi/lib/thumb/v7e-m+fp/hard\libc_nano.a(lib_a-memcpy-stub.o)
                              build/utils.o (memcpy)
d:/apps/embedded_gcc/arm_gcc/bin/../lib/gcc/arm-none-eabi/8.2.1/../../../../arm-none-eabi/lib/thumb/v7e-m+fp/hard\libc_nano.a(lib_a-memset.o)
                              d:/apps/embedded_gcc/arm_gcc/bin/../lib/gcc/arm-none-eabi/8.2.1/../../../../arm-none-eabi/lib/thumb/v7e-m+fp/hard/crt0.o (memset)
d:/apps/embedded_gcc/arm_gcc/bin/../lib/gcc/arm-none-eabi/8.2.1/../../../../arm-none-eabi/lib/thumb/v7e-m+fp/hard\libc_nano.a(lib_a-qsort.o)
                              build/utils.o (qsort)
d:/apps/embedded_gcc/arm_gcc/bin/../lib/gcc/arm-none-eabi/8.2.1/../../../../arm-none-eabi/lib/thumb/v7e-m+fp/hard\libc_nano.a(lib_a-strlen.o)
                              build/utils.o (strlen)
d:/apps/embedded_gcc/arm_gcc/bin/../lib/gcc/arm-none-eabi/8.2.1/../../../../arm-none-eabi/lib/thumb/v7e-m+fp/hard\libm.a(lib_a-wf_exp.o)
                              build/main.o (expf)
d:/apps/embedded_gcc/arm_gcc/bin/../lib/gcc/arm-none-eabi/8.2.1/../../../../arm-none-eabi/lib/thumb/v7e-m+fp/hard\libm.a(lib_a-wf_fmod.o)
                              build/utils.o (fmodf)
d:/apps/embedded_gcc/arm_gcc/bin/../lib/gcc/arm-none-eabi/8.2.1/../../../../arm-none-eabi/lib/thumb/v7e-m+fp/hard\libm.a(lib_a-wf_log.o)
                              build/main.o (logf)
d:/apps/embedded_gcc/arm_gcc/bin/../lib/gcc/arm-none-eabi/8.2.1/../../../../arm-none-eabi/lib/thumb/v7e-m+fp/hard\libm.a(lib_a-wf_pow.o)
                              build/utils.o (powf)
d:/apps/embedded_gcc/arm_gcc/bin/../lib/gcc/arm-none-eabi/8.2.1/../../../../arm-none-eabi/lib/thumb/v7e-m+fp/hard\libm.a(lib_a-wf_sqrt.o)
                              build/main.o (sqrtf)
d:/apps/embedded_gcc/arm_gcc/bin/../lib/gcc/arm-none-eabi/8.2.1/../../../../arm-none-eabi/lib/thumb/v7e-m+fp/hard\libm.a(lib_a-ef_exp.o)
                              d:/apps/embedded_gcc/arm_gcc/bin/../lib/gcc/arm-none-eabi/8.2.1/../../../../arm-none-eabi/lib/thumb/v7e-m+fp/hard\libm.a(lib_a-wf_exp.o) (__ieee754_expf)
d:/apps/embedded_gcc/arm_gcc/bin/../lib/gcc/arm-none-eabi/8.2.1/../../../../arm-none-eabi/lib/thumb/v7e-m+fp/hard\libm.a(lib_a-ef_fmod.o)
                              d:/apps/embedded_gcc/arm_gcc/bin/../lib/gcc/arm-none-eabi/8.2.1/../../../../arm-none-eabi/lib/thumb/v7e-m+fp/hard\libm.a(lib_a-wf_fmod.o) (__ieee754_fmodf)
d:/apps/embedded_gcc/arm_gcc/bin/../lib/gcc/arm-none-eabi/8.2.1/../../../../arm-none-eabi/lib/thumb/v7e-m+fp/hard\libm.a(lib_a-ef_log.o)
                              d:/apps/embedded_gcc/arm_gcc/bin/../lib/gcc/arm-none-eabi/8.2.1/../../../../arm-none-eabi/lib/thumb/v7e-m+fp/hard\libm.a(lib_a-wf_log.o) (__ieee754_logf)
d:/apps/embedded_gcc/arm_gcc/bin/../lib/gcc/arm-none-eabi/8.2.1/../../../../arm-none-eabi/lib/thumb/v7e-m+fp/hard\libm.a(lib_a-ef_pow.o)
                              d:/apps/embedded_gcc/arm_gcc/bin/../lib/gcc/arm-none-eabi/8.2.1/../../../../arm-none-eabi/lib/thumb/v7e-m+fp/hard\libm.a(lib_a-wf_pow.o) (__ieee754_powf)
d:/apps/embedded_gcc/arm_gcc/bin/../lib/gcc/arm-none-eabi/8.2.1/../../../../arm-none-eabi/lib/thumb/v7e-m+fp/hard\libm.a(lib_a-ef_sqrt.o)
                              d:/apps/embedded_gcc/arm_gcc/bin/../lib/gcc/arm-none-eabi/8.2.1/../../../../arm-none-eabi/lib/thumb/v7e-m+fp/hard\libm.a(lib_a-wf_sqrt.o) (__ieee754_sqrtf)
d:/apps/embedded_gcc/arm_gcc/bin/../lib/gcc/arm-none-eabi/8.2.1/../../../../arm-none-eabi/lib/thumb/v7e-m+fp/hard\libm.a(lib_a-s_lib_ver.o)
                              d:/apps/embedded_gcc/arm_gcc/bin/../lib/gcc/arm-none-eabi/8.2.1/../../../../arm-none-eabi/lib/thumb/v7e-m+fp/hard\libm.a(lib_a-wf_exp.o) (__fdlib_version)
d:/apps/embedded_gcc/arm_gcc/bin/../lib/gcc/arm-none-eabi/8.2.1/../../../../arm-none-eabi/lib/thumb/v7e-m+fp/hard\libm.a(lib_a-s_matherr.o)
[...]
Memory Configuration

Name             Origin             Length             Attributes
RAM              0x0000000020000000 0x0000000000020000 xrw
FLASH            0x0000000008000000 0x0000000000080000 xr
CCMRAM           0x0000000010000000 0x0000000000008000 xrw
*default*        0x0000000000000000 0xffffffffffffffff

Linker script and memory map

LOAD d:/apps/embedded_gcc/arm_gcc/bin/../lib/gcc/arm-none-eabi/8.2.1/thumb/v7e-m+fp/hard/crti.o
LOAD d:/apps/embedded_gcc/arm_gcc/bin/../lib/gcc/arm-none-eabi/8.2.1/thumb/v7e-m+fp/hard/crtbegin.o
LOAD d:/apps/embedded_gcc/arm_gcc/bin/../lib/gcc/arm-none-eabi/8.2.1/../../../../arm-none-eabi/lib/thumb/v7e-m+fp/hard/crt0.o
LOAD build/main.o
LOAD build/gpio.o
LOAD build/adc.o
LOAD build/hrtim.o
LOAD build/sys.o
LOAD build/usart.o
LOAD build/cordic.o
LOAD build/dac.o
LOAD build/comp.o
LOAD build/stm32g4xx_it.o
LOAD build/stm32g4xx_ll_utils.o
LOAD build/stm32g4xx_ll_exti.o
LOAD build/stm32g4xx_ll_gpio.o
LOAD build/stm32g4xx_ll_adc.o
LOAD build/stm32g4xx_ll_dma.o
LOAD build/stm32g4xx_ll_hrtim.o
LOAD build/stm32g4xx_ll_pwr.o
LOAD build/stm32g4xx_ll_usart.o
LOAD build/stm32g4xx_ll_rcc.o
LOAD build/stm32g4xx_ll_cordic.o
LOAD build/stm32g4xx_ll_dac.o
LOAD build/stm32g4xx_ll_comp.o
LOAD build/system_stm32g4xx.o
LOAD build/tim.o
LOAD build/stm32g4xx_ll_tim.o
LOAD build/lptim.o
LOAD build/utils.o
LOAD build/stm32g4xx_ll_lptim.o
LOAD build/startup_stm32g474xx.o
LOAD d:/apps/embedded_gcc/arm_gcc/bin/../lib/gcc/arm-none-eabi/8.2.1/../../../../arm-none-eabi/lib/thumb/v7e-m+fp/hard\libc_nano.a
LOAD d:/apps/embedded_gcc/arm_gcc/bin/../lib/gcc/arm-none-eabi/8.2.1/../../../../arm-none-eabi/lib/thumb/v7e-m+fp/hard\libm.a
LOAD d:/apps/embedded_gcc/arm_gcc/bin/../lib/gcc/arm-none-eabi/8.2.1/../../../../arm-none-eabi/lib/thumb/v7e-m+fp/hard\libnosys.a
START GROUP
LOAD d:/apps/embedded_gcc/arm_gcc/bin/../lib/gcc/arm-none-eabi/8.2.1/thumb/v7e-m+fp/hard\libgcc.a
LOAD d:/apps/embedded_gcc/arm_gcc/bin/../lib/gcc/arm-none-eabi/8.2.1/../../../../arm-none-eabi/lib/thumb/v7e-m+fp/hard\libc_nano.a
END GROUP
START GROUP
LOAD d:/apps/embedded_gcc/arm_gcc/bin/../lib/gcc/arm-none-eabi/8.2.1/thumb/v7e-m+fp/hard\libgcc.a
LOAD d:/apps/embedded_gcc/arm_gcc/bin/../lib/gcc/arm-none-eabi/8.2.1/../../../../arm-none-eabi/lib/thumb/v7e-m+fp/hard\libc_nano.a
END GROUP
LOAD d:/apps/embedded_gcc/arm_gcc/bin/../lib/gcc/arm-none-eabi/8.2.1/thumb/v7e-m+fp/hard/crtend.o
LOAD d:/apps/embedded_gcc/arm_gcc/bin/../lib/gcc/arm-none-eabi/8.2.1/thumb/v7e-m+fp/hard/crtn.o
                0x0000000020020000                _estack = 0x20020000
                0x0000000000000200                _Min_Heap_Size = 0x200
                0x0000000000000400                _Min_Stack_Size = 0x400

.isr_vector     0x0000000008000000      0x1d8
                0x0000000008000000                . = ALIGN (0x4)
 *(.isr_vector)
 .isr_vector    0x0000000008000000      0x1d8 build/startup_stm32g474xx.o
                0x0000000008000000                g_pfnVectors
                0x00000000080001d8                . = ALIGN (0x4)
                0x00000000080001d8                _siccmram = LOADADDR (.ccmram)

.ccmram         0x0000000010000000     0x5bd8 load address 0x00000000080001d8
                0x0000000010000000                . = ALIGN (0x4)
                0x0000000010000000                _sccmram = .
 *(.ccmram)
 .ccmram        0x0000000010000000     0x5ba0 build/main.o
                0x0000000010000000                ADC1_2_IRQHandler
 .ccmram.__stub
                0x0000000010005ba0       0x38 linker stubs
 *(.ccmram*)
                0x0000000010005bd8                . = ALIGN (0x4)
                0x0000000010005bd8                _eccmram = .

.text           0x0000000008005db0     0x92a8
                0x0000000008005db0                . = ALIGN (0x4)
 *(.text)
 .text          0x0000000008005db0      0x378 d:/apps/embedded_gcc/arm_gcc/bin/../lib/gcc/arm-none-eabi/8.2.1/thumb/v7e-m+fp/hard\libgcc.a(_arm_addsubdf3.o)
                0x0000000008005db0                __aeabi_drsub
                0x0000000008005db8                __aeabi_dsub
                0x0000000008005db8                __subdf3
                0x0000000008005dbc                __aeabi_dadd
                0x0000000008005dbc                __adddf3
                0x0000000008006034                __floatunsidf
                0x0000000008006034                __aeabi_ui2d
                0x0000000008006054                __floatsidf
                0x0000000008006054                __aeabi_i2d
                0x0000000008006078                __aeabi_f2d
                0x0000000008006078                __extendsfdf2
                0x00000000080060bc                __floatundidf
                0x00000000080060bc                __aeabi_ul2d
                0x00000000080060cc                __floatdidf
                0x00000000080060cc                __aeabi_l2d
 .text          0x0000000008006128      0x424 d:/apps/embedded_gcc/arm_gcc/bin/../lib/gcc/arm-none-eabi/8.2.1/thumb/v7e-m+fp/hard\libgcc.a(_arm_muldivdf3.o)
                0x0000000008006128                __aeabi_dmul
                0x0000000008006128                __muldf3
                0x000000000800637c                __divdf3
                0x000000000800637c                __aeabi_ddiv
 .text          0x000000000800654c       0xa0 d:/apps/embedded_gcc/arm_gcc/bin/../lib/gcc/arm-none-eabi/8.2.1/thumb/v7e-m+fp/hard\libgcc.a(_arm_truncdfsf2.o)
                0x000000000800654c                __truncdfsf2
                0x000000000800654c                __aeabi_d2f
 *(.text*)
 .text.deregister_tm_clones
                0x00000000080065ec       0x1c d:/apps/embedded_gcc/arm_gcc/bin/../lib/gcc/arm-none-eabi/8.2.1/thumb/v7e-m+fp/hard/crtbegin.o
 .text.register_tm_clones
                0x0000000008006608       0x24 d:/apps/embedded_gcc/arm_gcc/bin/../lib/gcc/arm-none-eabi/8.2.1/thumb/v7e-m+fp/hard/crtbegin.o
 .text.__do_global_dtors_aux
                0x000000000800662c       0x28 d:/apps/embedded_gcc/arm_gcc/bin/../lib/gcc/arm-none-eabi/8.2.1/thumb/v7e-m+fp/hard/crtbegin.o
 .text.frame_dummy
                0x0000000008006654       0x24 d:/apps/embedded_gcc/arm_gcc/bin/../lib/gcc/arm-none-eabi/8.2.1/thumb/v7e-m+fp/hard/crtbegin.o
 .text.Svgen_calc
                0x0000000008006678       0x9c build/main.o
 .text.PI_calc  0x0000000008006714      0x11c build/main.o
 .text.Volt_calc
                0x0000000008006830       0xc0 build/main.o
 .text.Pll_calc
                0x00000000080068f0      0x118 build/main.o
 .text.AntiCogg_calc
                0x0000000008006a08       0x68 build/main.o
 .text.Mtpa_calc
                0x0000000008006a70      0x170 build/main.o
 .text.FluxObs_calc
                0x0000000008006be0      0x118 build/main.o
 .text.Smopos_calc
                0x0000000008006cf8      0x274 build/main.o
 .text.Prot_calc
                0x0000000008006f6c       0xd4 build/main.o
 .text.CMTN_run
                0x0000000008007040      0x1f0 build/main.o
 .text.Hall_update.constprop.9
                0x0000000008007230      0x2d0 build/main.o
 .text.ModelBLDC_Calc.constprop.18
                0x0000000008007500      0x4f4 build/main.o
 .text.CoreInit
                0x00000000080079f4      0x188 build/main.o
                0x00000000080079f4                CoreInit
 .text.CoreStart
                0x0000000008007b7c       0xc0 build/main.o
                0x0000000008007b7c                CoreStart
 .text.startup.main
                0x0000000008007c3c      0x70c build/main.o
                0x0000000008007c3c                main
 .text.slowCalc
                0x0000000008008348      0x8c4 build/main.o
                0x0000000008008348                slowCalc
 .text.TIM2_IRQHandler
                0x0000000008008c0c       0x38 build/main.o
                0x0000000008008c0c                TIM2_IRQHandler
 .text.MX_GPIO_Init
                0x0000000008008c44      0x15c build/gpio.o
                0x0000000008008c44                MX_GPIO_Init
 .text.adc_start_bldc
                0x0000000008008da0       0xec build/adc.o
                0x0000000008008da0                adc_start_bldc
 .text.adc_start
                0x0000000008008e8c       0x9c build/adc.o
                0x0000000008008e8c                adc_start
 .text.MX_ADC1_Init
                0x0000000008008f28      0x210 build/adc.o
                0x0000000008008f28                MX_ADC1_Init
 .text.MX_ADC2_Init
                0x0000000008009138      0x21c build/adc.o
                0x0000000008009138                MX_ADC2_Init
 .text.ADC1_Init_BLDC
                0x0000000008009354      0x220 build/adc.o
                0x0000000008009354                ADC1_Init_BLDC
 .text.ADC2_Init_BLDC
                0x0000000008009574      0x1fc build/adc.o
                0x0000000008009574                ADC2_Init_BLDC
 .text.hrtim_start
                0x0000000008009770      0x2b8 build/hrtim.o
                0x0000000008009770                hrtim_start
 .text.MX_HRTIM1_Init
                0x0000000008009a28     0x1924 build/hrtim.o
                0x0000000008009a28                MX_HRTIM1_Init
 .text.MX_HRTIM1_Init_BLDC
                0x000000000800b34c     0x194c build/hrtim.o
                0x000000000800b34c                MX_HRTIM1_Init_BLDC
 .text.FLASH_PageErase
                0x000000000800cc98       0xb8 build/sys.o
                0x000000000800cc98                FLASH_PageErase
 .text.FLASH_UpdateConfig
                0x000000000800cd50      0x334 build/sys.o
                0x000000000800cd50                FLASH_UpdateConfig
 .text.FLASH_LoadConfig
                0x000000000800d084       0x58 build/sys.o
                0x000000000800d084                FLASH_LoadConfig
 .text.MX_USART2_UART_Init
                0x000000000800d0dc      0x238 build/usart.o
                0x000000000800d0dc                MX_USART2_UART_Init
 .text.USART2_StartTransfer
                0x000000000800d314       0x38 build/usart.o
                0x000000000800d314                USART2_StartTransfer
 .text.Cordic_Init
                0x000000000800d34c       0x38 build/cordic.o
                0x000000000800d34c                Cordic_Init
 .text.dac_start
                0x000000000800d384       0xc4 build/dac.o
                0x000000000800d384                dac_start
 .text.MX_DAC2_Init
                0x000000000800d448       0x90 build/dac.o
                0x000000000800d448                MX_DAC2_Init
 .text.MX_DAC3_Init
                0x000000000800d4d8       0x98 build/dac.o
                0x000000000800d4d8                MX_DAC3_Init
 .text.cmpr_start
                0x000000000800d570       0x70 build/comp.o
                0x000000000800d570                cmpr_start
 .text.MX_COMP1_Init
                0x000000000800d5e0       0xbc build/comp.o
                0x000000000800d5e0                MX_COMP1_Init
 .text.MX_COMP4_Init
                0x000000000800d69c       0xa4 build/comp.o
                0x000000000800d69c                MX_COMP4_Init
 .text.MX_COMP6_Init
                0x000000000800d740       0xa8 build/comp.o
                0x000000000800d740                MX_COMP6_Init
 .text.NMI_Handler
                0x000000000800d7e8        0x4 build/stm32g4xx_it.o
                0x000000000800d7e8                NMI_Handler
 .text.HardFault_Handler
                0x000000000800d7ec        0x4 build/stm32g4xx_it.o
                0x000000000800d7ec                HardFault_Handler
 .text.MemManage_Handler
                0x000000000800d7f0        0x4 build/stm32g4xx_it.o
                0x000000000800d7f0                MemManage_Handler
 .text.BusFault_Handler
                0x000000000800d7f4        0x4 build/stm32g4xx_it.o
                0x000000000800d7f4                BusFault_Handler
 .text.UsageFault_Handler
                0x000000000800d7f8        0x4 build/stm32g4xx_it.o
                0x000000000800d7f8                UsageFault_Handler
 .text.SVC_Handler
                0x000000000800d7fc        0x4 build/stm32g4xx_it.o
                0x000000000800d7fc                SVC_Handler
 .text.DebugMon_Handler
                0x000000000800d800        0x4 build/stm32g4xx_it.o
                0x000000000800d800                DebugMon_Handler
 .text.PendSV_Handler
                0x000000000800d804        0x4 build/stm32g4xx_it.o
                0x000000000800d804                PendSV_Handler
 .text.SysTick_Handler
                0x000000000800d808        0x4 build/stm32g4xx_it.o
                0x000000000800d808                SysTick_Handler
 .text.EXTI9_5_IRQHandler
                0x000000000800d80c        0x4 build/stm32g4xx_it.o
                0x000000000800d80c                EXTI9_5_IRQHandler
 .text.TIM7_DAC_IRQHandler
                0x000000000800d810       0x18 build/stm32g4xx_it.o
                0x000000000800d810                TIM7_DAC_IRQHandler
 .text.HRTIM1_FLT_IRQHandler
                0x000000000800d828       0x14 build/stm32g4xx_it.o
                0x000000000800d828                HRTIM1_FLT_IRQHandler
 .text.DMA1_Channel6_IRQHandler
                0x000000000800d83c       0x30 build/stm32g4xx_it.o
                0x000000000800d83c                DMA1_Channel6_IRQHandler
 .text.USART2_IRQHandler
                0x000000000800d86c        0x4 build/stm32g4xx_it.o
                0x000000000800d86c                USART2_IRQHandler
 .text.LL_Init1msTick
                0x000000000800d870       0x20 build/stm32g4xx_ll_utils.o
                0x000000000800d870                LL_Init1msTick
 .text.LL_mDelay
                0x000000000800d890       0x24 build/stm32g4xx_ll_utils.o
                0x000000000800d890                LL_mDelay
 .text.LL_SetSystemCoreClock
                0x000000000800d8b4        0xc build/stm32g4xx_ll_utils.o
                0x000000000800d8b4                LL_SetSystemCoreClock
 .text.LL_GPIO_Init
                0x000000000800d8c0      0x150 build/stm32g4xx_ll_gpio.o
                0x000000000800d8c0                LL_GPIO_Init
 .text.LL_ADC_CommonInit
                0x000000000800da10       0x84 build/stm32g4xx_ll_adc.o
                0x000000000800da10                LL_ADC_CommonInit
 .text.LL_ADC_Init
                0x000000000800da94       0x30 build/stm32g4xx_ll_adc.o
                0x000000000800da94                LL_ADC_Init
 .text.LL_ADC_REG_Init
                0x000000000800dac4       0x54 build/stm32g4xx_ll_adc.o
                0x000000000800dac4                LL_ADC_REG_Init
 .text.LL_ADC_INJ_Init
                0x000000000800db18       0x48 build/stm32g4xx_ll_adc.o
                0x000000000800db18                LL_ADC_INJ_Init
 .text.LL_USART_Init
                0x000000000800db60      0x10c build/stm32g4xx_ll_usart.o
                0x000000000800db60                LL_USART_Init
 .text.LL_RCC_GetUSARTClockFreq
                0x000000000800dc6c      0x21c build/stm32g4xx_ll_rcc.o
                0x000000000800dc6c                LL_RCC_GetUSARTClockFreq
 .text.LL_RCC_GetUARTClockFreq
                0x000000000800de88      0x1f4 build/stm32g4xx_ll_rcc.o
                0x000000000800de88                LL_RCC_GetUARTClockFreq
 .text.LL_DAC_Init
                0x000000000800e07c       0xa4 build/stm32g4xx_ll_dac.o
                0x000000000800e07c                LL_DAC_Init
 .text.LL_COMP_Init
                0x000000000800e120       0x34 build/stm32g4xx_ll_comp.o
                0x000000000800e120                LL_COMP_Init
 .text.SystemInit
                0x000000000800e154       0x1c build/system_stm32g4xx.o
                0x000000000800e154                SystemInit
 .text.tim2_start
                0x000000000800e170       0x28 build/tim.o
                0x000000000800e170                tim2_start
 .text.tim7_start
                0x000000000800e198       0x18 build/tim.o
                0x000000000800e198                tim7_start
 .text.tim6_start
                0x000000000800e1b0       0x10 build/tim.o
                0x000000000800e1b0                tim6_start
 .text.MX_TIM2_Init
                0x000000000800e1c0      0x168 build/tim.o
                0x000000000800e1c0                MX_TIM2_Init
 .text.MX_TIM7_Init
                0x000000000800e328       0xb0 build/tim.o
                0x000000000800e328                MX_TIM7_Init
 .text.MX_TIM6_Init
                0x000000000800e3d8       0x60 build/tim.o
                0x000000000800e3d8                MX_TIM6_Init
 .text.LL_TIM_Init
                0x000000000800e438       0xb8 build/stm32g4xx_ll_tim.o
                0x000000000800e438                LL_TIM_Init
 .text.utils_angle_difference_rad
                0x000000000800e4f0       0x54 build/utils.o
                0x000000000800e4f0                utils_angle_difference_rad
 .text.utils_fast_atan2
                0x000000000800e544       0x7c build/utils.o
                0x000000000800e544                utils_fast_atan2
 .text.utils_saturate_vector_2d
                0x000000000800e5c0       0x90 build/utils.o
                0x000000000800e5c0                utils_saturate_vector_2d
 .text.utSin    0x000000000800e650       0xb8 build/utils.o
                0x000000000800e650                utSin
 .text.utCos    0x000000000800e708       0xd8 build/utils.o
                0x000000000800e708                utCos
 .text.utils_avg_angle_rad_fast
                0x000000000800e7e0       0xac build/utils.o
                0x000000000800e7e0                utils_avg_angle_rad_fast
 .text.Reset_Handler
                0x000000000800e88c       0x74 build/startup_stm32g474xx.o
                0x000000000800e88c                Reset_Handler
 .text.Default_Handler
                0x000000000800e900        0x2 build/startup_stm32g474xx.o
                0x000000000800e900                RTC_Alarm_IRQHandler
                0x000000000800e900                EXTI2_IRQHandler
                0x000000000800e900                TIM8_TRG_COM_IRQHandler
                0x000000000800e900                TIM8_CC_IRQHandler
                0x000000000800e900                HRTIM1_Master_IRQHandler
                0x000000000800e900                SPI4_IRQHandler
                0x000000000800e900                FDCAN3_IT0_IRQHandler
                0x000000000800e900                TIM1_CC_IRQHandler
                0x000000000800e900                HRTIM1_TIMF_IRQHandler
                0x000000000800e900                USB_HP_IRQHandler
                0x000000000800e900                CORDIC_IRQHandler
                0x000000000800e900                HRTIM1_TIMD_IRQHandler
                0x000000000800e900                DMA2_Channel8_IRQHandler
                0x000000000800e900                EXTI3_IRQHandler
                0x000000000800e900                I2C3_ER_IRQHandler
                0x000000000800e900                EXTI0_IRQHandler
                0x000000000800e900                I2C2_EV_IRQHandler
                0x000000000800e900                FPU_IRQHandler
                0x000000000800e900                FDCAN1_IT1_IRQHandler
                0x000000000800e900                TIM1_UP_TIM16_IRQHandler
                0x000000000800e900                HRTIM1_TIME_IRQHandler
                0x000000000800e900                SPI1_IRQHandler
                0x000000000800e900                TIM6_DAC_IRQHandler
                0x000000000800e900                HRTIM1_TIMC_IRQHandler
                0x000000000800e900                TIM8_UP_IRQHandler
                0x000000000800e900                DMA2_Channel2_IRQHandler
                0x000000000800e900                DMA1_Channel4_IRQHandler
                0x000000000800e900                TIM20_TRG_COM_IRQHandler
                0x000000000800e900                USART3_IRQHandler
                0x000000000800e900                DMA1_Channel7_IRQHandler
                0x000000000800e900                UART5_IRQHandler
                0x000000000800e900                ADC3_IRQHandler
                0x000000000800e900                TIM4_IRQHandler
                0x000000000800e900                DMA2_Channel1_IRQHandler
                0x000000000800e900                QUADSPI_IRQHandler
                0x000000000800e900                I2C1_EV_IRQHandler
                0x000000000800e900                UART4_IRQHandler
                0x000000000800e900                DMA2_Channel4_IRQHandler
                0x000000000800e900                TIM3_IRQHandler
                0x000000000800e900                RCC_IRQHandler
                0x000000000800e900                TIM20_UP_IRQHandler
                0x000000000800e900                DMA1_Channel1_IRQHandler
                0x000000000800e900                Default_Handler
                0x000000000800e900                DMA2_Channel7_IRQHandler
                0x000000000800e900                RTC_TAMP_LSECSS_IRQHandler
                0x000000000800e900                FMAC_IRQHandler
                0x000000000800e900                EXTI15_10_IRQHandler
                0x000000000800e900                DMA1_Channel8_IRQHandler
                0x000000000800e900                HRTIM1_TIMA_IRQHandler
                0x000000000800e900                FDCAN3_IT1_IRQHandler
                0x000000000800e900                TIM5_IRQHandler
                0x000000000800e900                UCPD1_IRQHandler
                0x000000000800e900                I2C3_EV_IRQHandler
                0x000000000800e900                RTC_WKUP_IRQHandler
                0x000000000800e900                PVD_PVM_IRQHandler
                0x000000000800e900                SPI2_IRQHandler
                0x000000000800e900                ADC5_IRQHandler
                0x000000000800e900                DMA2_Channel5_IRQHandler
                0x000000000800e900                CRS_IRQHandler
                0x000000000800e900                DMA1_Channel5_IRQHandler
                0x000000000800e900                USB_LP_IRQHandler
                0x000000000800e900                EXTI4_IRQHandler
                0x000000000800e900                RNG_IRQHandler
                0x000000000800e900                HRTIM1_TIMB_IRQHandler
                0x000000000800e900                TIM1_TRG_COM_TIM17_IRQHandler
                0x000000000800e900                FDCAN2_IT1_IRQHandler
                0x000000000800e900                DMA1_Channel3_IRQHandler
                0x000000000800e900                ADC4_IRQHandler
                0x000000000800e900                WWDG_IRQHandler
                0x000000000800e900                I2C4_EV_IRQHandler
                0x000000000800e900                FDCAN2_IT0_IRQHandler
                0x000000000800e900                LPUART1_IRQHandler
                0x000000000800e900                DMA2_Channel6_IRQHandler
                0x000000000800e900                FDCAN1_IT0_IRQHandler
                0x000000000800e900                COMP7_IRQHandler
                0x000000000800e900                COMP1_2_3_IRQHandler
                0x000000000800e900                EXTI1_IRQHandler
                0x000000000800e900                COMP4_5_6_IRQHandler
                0x000000000800e900                TIM20_BRK_IRQHandler
                0x000000000800e900                I2C2_ER_IRQHandler
                0x000000000800e900                DMA1_Channel2_IRQHandler
                0x000000000800e900                TIM8_BRK_IRQHandler
                0x000000000800e900                FLASH_IRQHandler
                0x000000000800e900                TIM20_CC_IRQHandler
                0x000000000800e900                USART1_IRQHandler
                0x000000000800e900                SPI3_IRQHandler
                0x000000000800e900                I2C1_ER_IRQHandler
                0x000000000800e900                FMC_IRQHandler
                0x000000000800e900                LPTIM1_IRQHandler
                0x000000000800e900                DMAMUX_OVR_IRQHandler
                0x000000000800e900                I2C4_ER_IRQHandler
                0x000000000800e900                USBWakeUp_IRQHandler
                0x000000000800e900                SAI1_IRQHandler
                0x000000000800e900                DMA2_Channel3_IRQHandler
                0x000000000800e900                TIM1_BRK_TIM15_IRQHandler
 *fill*         0x000000000800e902        0x2 
 .text.__libc_init_array
                0x000000000800e904       0x48 d:/apps/embedded_gcc/arm_gcc/bin/../lib/gcc/arm-none-eabi/8.2.1/../../../../arm-none-eabi/lib/thumb/v7e-m+fp/hard\libc_nano.a(lib_a-init.o)
                0x000000000800e904                __libc_init_array
 .text.memset   0x000000000800e94c       0x10 d:/apps/embedded_gcc/arm_gcc/bin/../lib/gcc/arm-none-eabi/8.2.1/../../../../arm-none-eabi/lib/thumb/v7e-m+fp/hard\libc_nano.a(lib_a-memset.o)
                0x000000000800e94c                memset
 .text.expf     0x000000000800e95c      0x10c d:/apps/embedded_gcc/arm_gcc/bin/../lib/gcc/arm-none-eabi/8.2.1/../../../../arm-none-eabi/lib/thumb/v7e-m+fp/hard\libm.a(lib_a-wf_exp.o)
                0x000000000800e95c                expf
 .text.logf     0x000000000800ea68      0x104 d:/apps/embedded_gcc/arm_gcc/bin/../lib/gcc/arm-none-eabi/8.2.1/../../../../arm-none-eabi/lib/thumb/v7e-m+fp/hard\libm.a(lib_a-wf_log.o)
                0x000000000800ea68                logf
 .text.sqrtf    0x000000000800eb6c       0xb0 d:/apps/embedded_gcc/arm_gcc/bin/../lib/gcc/arm-none-eabi/8.2.1/../../../../arm-none-eabi/lib/thumb/v7e-m+fp/hard\libm.a(lib_a-wf_sqrt.o)
                0x000000000800eb6c                sqrtf
 .text.__ieee754_expf
                0x000000000800ec1c      0x1f0 d:/apps/embedded_gcc/arm_gcc/bin/../lib/gcc/arm-none-eabi/8.2.1/../../../../arm-none-eabi/lib/thumb/v7e-m+fp/hard\libm.a(lib_a-ef_exp.o)
                0x000000000800ec1c                __ieee754_expf
 .text.__ieee754_logf
                0x000000000800ee0c      0x1f4 d:/apps/embedded_gcc/arm_gcc/bin/../lib/gcc/arm-none-eabi/8.2.1/../../../../arm-none-eabi/lib/thumb/v7e-m+fp/hard\libm.a(lib_a-ef_log.o)
                0x000000000800ee0c                __ieee754_logf
 .text.__ieee754_sqrtf
                0x000000000800f000        0x8 d:/apps/embedded_gcc/arm_gcc/bin/../lib/gcc/arm-none-eabi/8.2.1/../../../../arm-none-eabi/lib/thumb/v7e-m+fp/hard\libm.a(lib_a-ef_sqrt.o)
                0x000000000800f000                __ieee754_sqrtf
 .text.matherr  0x000000000800f008        0x4 d:/apps/embedded_gcc/arm_gcc/bin/../lib/gcc/arm-none-eabi/8.2.1/../../../../arm-none-eabi/lib/thumb/v7e-m+fp/hard\libm.a(lib_a-s_matherr.o)
                0x000000000800f008                matherr
 *fill*         0x000000000800f00c        0x4 
 .text.nan      0x000000000800f010       0x10 d:/apps/embedded_gcc/arm_gcc/bin/../lib/gcc/arm-none-eabi/8.2.1/../../../../arm-none-eabi/lib/thumb/v7e-m+fp/hard\libm.a(lib_a-s_nan.o)
                0x000000000800f010                nan
 .text.finitef  0x000000000800f020       0x14 d:/apps/embedded_gcc/arm_gcc/bin/../lib/gcc/arm-none-eabi/8.2.1/../../../../arm-none-eabi/lib/thumb/v7e-m+fp/hard\libm.a(lib_a-sf_finite.o)
                0x000000000800f020                finitef
 .text.__errno  0x000000000800f034        0xc d:/apps/embedded_gcc/arm_gcc/bin/../lib/gcc/arm-none-eabi/8.2.1/../../../../arm-none-eabi/lib/thumb/v7e-m+fp/hard\libc_nano.a(lib_a-errno.o)
                0x000000000800f034                __errno
 *(.glue_7)
 .glue_7        0x000000000800f040        0x0 linker stubs
 *(.glue_7t)
 .glue_7t       0x000000000800f040        0x0 linker stubs
 *(.eh_frame)
 .eh_frame      0x000000000800f040        0x0 d:/apps/embedded_gcc/arm_gcc/bin/../lib/gcc/arm-none-eabi/8.2.1/thumb/v7e-m+fp/hard/crtbegin.o
 *(.init)
 .init          0x000000000800f040        0x4 d:/apps/embedded_gcc/arm_gcc/bin/../lib/gcc/arm-none-eabi/8.2.1/thumb/v7e-m+fp/hard/crti.o
                0x000000000800f040                _init
 .init          0x000000000800f044        0x8 d:/apps/embedded_gcc/arm_gcc/bin/../lib/gcc/arm-none-eabi/8.2.1/thumb/v7e-m+fp/hard/crtn.o
 *(.fini)
 .fini          0x000000000800f04c        0x4 d:/apps/embedded_gcc/arm_gcc/bin/../lib/gcc/arm-none-eabi/8.2.1/thumb/v7e-m+fp/hard/crti.o
                0x000000000800f04c                _fini
 .fini          0x000000000800f050        0x8 d:/apps/embedded_gcc/arm_gcc/bin/../lib/gcc/arm-none-eabi/8.2.1/thumb/v7e-m+fp/hard/crtn.o
                0x000000000800f058                . = ALIGN (0x4)
                0x000000000800f058                _etext = .

.vfp11_veneer   0x000000000800f058        0x0
 .vfp11_veneer  0x000000000800f058        0x0 linker stubs

.v4_bx          0x000000000800f058        0x0
 .v4_bx         0x000000000800f058        0x0 linker stubs

.iplt           0x000000000800f058        0x0
 .iplt          0x000000000800f058        0x0 d:/apps/embedded_gcc/arm_gcc/bin/../lib/gcc/arm-none-eabi/8.2.1/thumb/v7e-m+fp/hard/crtbegin.o

.rodata         0x000000000800f058      0x154
                0x000000000800f058                . = ALIGN (0x4)
 *(.rodata)
 *(.rodata*)
 .rodata.REG_OFFSET_TAB_TIMER
                0x000000000800f058        0xe build/main.o
 *fill*         0x000000000800f066        0x2 
 .rodata.REG_MASK_TAB_INTLVD
                0x000000000800f068       0x1c build/hrtim.o
 .rodata.REG_MASK_TAB_UPDATEGATING
                0x000000000800f084       0x1c build/hrtim.o
 .rodata.REG_MASK_TAB_UPDATETRIG
                0x000000000800f0a0       0x20 build/hrtim.o
 .rodata.REG_OFFSET_TAB_EECR
                0x000000000800f0c0        0xa build/hrtim.o
 *fill*         0x000000000800f0ca        0x2 
 .rodata.REG_OFFSET_TAB_OUTxR
                0x000000000800f0cc       0x18 build/hrtim.o
 .rodata.REG_OFFSET_TAB_SETxR
                0x000000000800f0e4       0x18 build/hrtim.o
 .rodata.REG_OFFSET_TAB_TIMER
                0x000000000800f0fc        0xe build/hrtim.o
 *fill*         0x000000000800f10a        0x2 
 .rodata.REG_SHIFT_TAB_EExSRC
                0x000000000800f10c        0xa build/hrtim.o
 *fill*         0x000000000800f116        0x2 
 .rodata.REG_SHIFT_TAB_INTLVD
                0x000000000800f118        0x7 build/hrtim.o
 *fill*         0x000000000800f11f        0x1 
 .rodata.REG_SHIFT_TAB_OUTxR
                0x000000000800f120        0xc build/hrtim.o
 .rodata.REG_SHIFT_TAB_UPDATETRIG
                0x000000000800f12c        0x7 build/hrtim.o
 *fill*         0x000000000800f133        0x1 
 .rodata.USART_PRESCALER_TAB
                0x000000000800f134       0x30 build/stm32g4xx_ll_usart.o
 .rodata.AHBPrescTable
                0x000000000800f164       0x10 build/system_stm32g4xx.o
                0x000000000800f164                AHBPrescTable
 .rodata.APBPrescTable
                0x000000000800f174        0x8 build/system_stm32g4xx.o
                0x000000000800f174                APBPrescTable
 .rodata.expf.str1.4
                0x000000000800f17c        0x5 d:/apps/embedded_gcc/arm_gcc/bin/../lib/gcc/arm-none-eabi/8.2.1/../../../../arm-none-eabi/lib/thumb/v7e-m+fp/hard\libm.a(lib_a-wf_exp.o)
 *fill*         0x000000000800f181        0x3 
 .rodata.logf.str1.4
                0x000000000800f184        0x5 d:/apps/embedded_gcc/arm_gcc/bin/../lib/gcc/arm-none-eabi/8.2.1/../../../../arm-none-eabi/lib/thumb/v7e-m+fp/hard\libm.a(lib_a-wf_log.o)
                                          0x9 (size before relaxing)
 *fill*         0x000000000800f189        0x3 
 .rodata.sqrtf.str1.4
                0x000000000800f18c        0x8 d:/apps/embedded_gcc/arm_gcc/bin/../lib/gcc/arm-none-eabi/8.2.1/../../../../arm-none-eabi/lib/thumb/v7e-m+fp/hard\libm.a(lib_a-wf_sqrt.o)
                                          0x6 (size before relaxing)
 .rodata.halF   0x000000000800f194        0x8 d:/apps/embedded_gcc/arm_gcc/bin/../lib/gcc/arm-none-eabi/8.2.1/../../../../arm-none-eabi/lib/thumb/v7e-m+fp/hard\libm.a(lib_a-ef_exp.o)
 .rodata.ln2HI  0x000000000800f19c        0x8 d:/apps/embedded_gcc/arm_gcc/bin/../lib/gcc/arm-none-eabi/8.2.1/../../../../arm-none-eabi/lib/thumb/v7e-m+fp/hard\libm.a(lib_a-ef_exp.o)
 .rodata.ln2LO  0x000000000800f1a4        0x8 d:/apps/embedded_gcc/arm_gcc/bin/../lib/gcc/arm-none-eabi/8.2.1/../../../../arm-none-eabi/lib/thumb/v7e-m+fp/hard\libm.a(lib_a-ef_exp.o)
                0x000000000800f1ac                . = ALIGN (0x4)

.rel.dyn        0x000000000800f1ac        0x0
 .rel.iplt      0x000000000800f1ac        0x0 d:/apps/embedded_gcc/arm_gcc/bin/../lib/gcc/arm-none-eabi/8.2.1/thumb/v7e-m+fp/hard/crtbegin.o

.ARM.extab
 *(.ARM.extab* .gnu.linkonce.armextab.*)

.ARM            0x000000000800f1ac        0x0
                0x000000000800f1ac                __exidx_start = .
 *(.ARM.exidx*)
                0x000000000800f1ac                __exidx_end = .

.preinit_array  0x000000000800f1ac        0x0
                0x000000000800f1ac                PROVIDE (__preinit_array_start = .)
 *(.preinit_array*)
                0x000000000800f1ac                PROVIDE (__preinit_array_end = .)

.init_array     0x000000000800f1ac        0x4
                0x000000000800f1ac                PROVIDE (__init_array_start = .)
 *(SORT_BY_NAME(.init_array.*))
 *(.init_array*)
 .init_array    0x000000000800f1ac        0x4 d:/apps/embedded_gcc/arm_gcc/bin/../lib/gcc/arm-none-eabi/8.2.1/thumb/v7e-m+fp/hard/crtbegin.o
                0x000000000800f1b0                PROVIDE (__init_array_end = .)

.fini_array     0x000000000800f1b0        0x4
                [!provide]                        PROVIDE (__fini_array_start = .)
 *(SORT_BY_NAME(.fini_array.*))
 *(.fini_array*)
 .fini_array    0x000000000800f1b0        0x4 d:/apps/embedded_gcc/arm_gcc/bin/../lib/gcc/arm-none-eabi/8.2.1/thumb/v7e-m+fp/hard/crtbegin.o
                [!provide]                        PROVIDE (__fini_array_end = .)
                0x000000000800f1b4                _sidata = LOADADDR (.data)

.data           0x0000000020000000      0x77c load address 0x000000000800f1b4
                0x0000000020000000                . = ALIGN (0x4)
                0x0000000020000000                _sdata = .
 *(.data)
 *(.data*)
 .data.foc1     0x0000000020000000      0x70c build/main.o
                0x0000000020000000                foc1
 .data.ubNbDataToTransmit
                0x000000002000070c        0x1 build/usart.o
                0x000000002000070c                ubNbDataToTransmit
 *fill*         0x000000002000070d        0x3 
 .data.SystemCoreClock
                0x0000000020000710        0x4 build/system_stm32g4xx.o
                0x0000000020000710                SystemCoreClock
 .data._impure_ptr
                0x0000000020000714        0x4 d:/apps/embedded_gcc/arm_gcc/bin/../lib/gcc/arm-none-eabi/8.2.1/../../../../arm-none-eabi/lib/thumb/v7e-m+fp/hard\libc_nano.a(lib_a-impure.o)
                0x0000000020000714                _impure_ptr
 .data.impure_data
                0x0000000020000718       0x60 d:/apps/embedded_gcc/arm_gcc/bin/../lib/gcc/arm-none-eabi/8.2.1/../../../../arm-none-eabi/lib/thumb/v7e-m+fp/hard\libc_nano.a(lib_a-impure.o)
 .data.__fdlib_version
                0x0000000020000778        0x1 d:/apps/embedded_gcc/arm_gcc/bin/../lib/gcc/arm-none-eabi/8.2.1/../../../../arm-none-eabi/lib/thumb/v7e-m+fp/hard\libm.a(lib_a-s_lib_ver.o)
                0x0000000020000778                __fdlib_version
                0x000000002000077c                . = ALIGN (0x4)
 *fill*         0x0000000020000779        0x3 
                0x000000002000077c                _edata = .

.tm_clone_table
                0x000000002000077c        0x0 load address 0x000000000800f930
 .tm_clone_table
                0x000000002000077c        0x0 d:/apps/embedded_gcc/arm_gcc/bin/../lib/gcc/arm-none-eabi/8.2.1/thumb/v7e-m+fp/hard/crtbegin.o
 .tm_clone_table
                0x000000002000077c        0x0 d:/apps/embedded_gcc/arm_gcc/bin/../lib/gcc/arm-none-eabi/8.2.1/thumb/v7e-m+fp/hard/crtend.o

.igot.plt       0x000000002000077c        0x0 load address 0x000000000800f930
 .igot.plt      0x000000002000077c        0x0 d:/apps/embedded_gcc/arm_gcc/bin/../lib/gcc/arm-none-eabi/8.2.1/thumb/v7e-m+fp/hard/crtbegin.o
                0x000000002000077c                . = ALIGN (0x4)

.bss            0x000000002000077c     0x424c load address 0x000000000800f930
                0x000000002000077c                _sbss = .
                0x000000002000077c                __bss_start__ = _sbss
 *(.bss)
 *(.bss*)
 .bss.completed.8014
                0x000000002000077c        0x1 d:/apps/embedded_gcc/arm_gcc/bin/../lib/gcc/arm-none-eabi/8.2.1/thumb/v7e-m+fp/hard/crtbegin.o
 *fill*         0x000000002000077d        0x3 
 .bss.object.8019
                0x0000000020000780       0x18 d:/apps/embedded_gcc/arm_gcc/bin/../lib/gcc/arm-none-eabi/8.2.1/thumb/v7e-m+fp/hard/crtbegin.o
 .bss.acc.16382
                0x0000000020000798        0x4 build/main.o
 .bss.angleIncDelay
                0x000000002000079c        0x4 build/main.o
                0x000000002000079c                angleIncDelay
 .bss.diff.16384
                0x00000000200007a0        0x4 build/main.o
 .bss.hall      0x00000000200007a4       0x8c build/main.o
                0x00000000200007a4                hall
 .bss.hybryd_state.16618
                0x0000000020000830        0x1 build/main.o
 *fill*         0x0000000020000831        0x3 
 .bss.inPr.16383
                0x0000000020000834        0x4 build/main.o
 .bss.ledDelay  0x0000000020000838        0x4 build/main.o
                0x0000000020000838                ledDelay
 .bss.ol_dir.16604
                0x000000002000083c        0x4 build/main.o
 .bss.ol_timeout.16603
                0x0000000020000840        0x4 build/main.o
 .bss.pwmInputFlag
                0x0000000020000844        0x4 build/main.o
                0x0000000020000844                pwmInputFlag
 .bss.systemReset
                0x0000000020000848        0x1 build/main.o
                0x0000000020000848                systemReset
 *(COMMON)
 *fill*         0x0000000020000849        0x3 
 COMMON         0x000000002000084c     0x417c build/main.o
                0x000000002000084c                execTime1
                0x0000000020000850                vd1
                0x0000000020000854                vd0
                0x0000000020000858                execTime0
                0x000000002000085c                iq1
                0x0000000020000860                iq0
                0x0000000020000864                stop_cc
                0x0000000020000868                dataLog
                0x00000000200048b0                ntcPcb
                0x00000000200048cc                pwmInputValue
                0x00000000200048d0                start_cc
                0x00000000200048d4                id1
                0x00000000200048d8                bldc1
                0x00000000200049a0                pwmInputPeriod
                0x00000000200049a4                dac_value
                0x00000000200049a8                adcData
                0x00000000200049c8                . = ALIGN (0x4)
                0x00000000200049c8                _ebss = .
                0x00000000200049c8                __bss_end__ = _ebss

._user_heap_stack
                0x00000000200049c8      0x600 load address 0x000000000800f930
                0x00000000200049c8                . = ALIGN (0x8)
                [!provide]                        PROVIDE (end = .)
                [!provide]                        PROVIDE (_end = .)
                0x0000000020004bc8                . = (. + _Min_Heap_Size)
 *fill*         0x00000000200049c8      0x200 
                0x0000000020004fc8                . = (. + _Min_Stack_Size)
 *fill*         0x0000000020004bc8      0x400 
                0x0000000020004fc8                . = ALIGN (0x8)

/DISCARD/
 libc.a(*)
 libm.a(*)
 libgcc.a(*)

.ARM.attributes
                0x0000000000000000       0x30
 *(.ARM.attributes)
 .ARM.attributes
                0x0000000000000000       0x1e d:/apps/embedded_gcc/arm_gcc/bin/../lib/gcc/arm-none-eabi/8.2.1/thumb/v7e-m+fp/hard/crti.o
 .ARM.attributes
                0x000000000000001e       0x34 d:/apps/embedded_gcc/arm_gcc/bin/../lib/gcc/arm-none-eabi/8.2.1/thumb/v7e-m+fp/hard/crtbegin.o
 .ARM.attributes
                0x0000000000000052       0x34 build/main.o
 .ARM.attributes
                0x0000000000000086       0x34 build/gpio.o
 .ARM.attributes
                0x00000000000000ba       0x34 build/adc.o
 .ARM.attributes
                0x00000000000000ee       0x34 build/hrtim.o
 .ARM.attributes
                0x0000000000000122       0x34 build/sys.o
 .ARM.attributes
                0x0000000000000156       0x34 build/usart.o
 .ARM.attributes
                0x000000000000018a       0x34 build/cordic.o
 .ARM.attributes
                0x00000000000001be       0x34 build/dac.o
 .ARM.attributes
                0x00000000000001f2       0x34 build/comp.o
 .ARM.attributes
                0x0000000000000226       0x34 build/stm32g4xx_it.o
 .ARM.attributes
                0x000000000000025a       0x34 build/stm32g4xx_ll_utils.o
 .ARM.attributes
                0x000000000000028e       0x34 build/stm32g4xx_ll_gpio.o
 .ARM.attributes
                0x00000000000002c2       0x34 build/stm32g4xx_ll_adc.o
 .ARM.attributes
                0x00000000000002f6       0x34 build/stm32g4xx_ll_usart.o
 .ARM.attributes
                0x000000000000032a       0x34 build/stm32g4xx_ll_rcc.o
 .ARM.attributes
                0x000000000000035e       0x34 build/stm32g4xx_ll_dac.o
 .ARM.attributes
                0x0000000000000392       0x34 build/stm32g4xx_ll_comp.o
 .ARM.attributes
                0x00000000000003c6       0x34 build/system_stm32g4xx.o
 .ARM.attributes
                0x00000000000003fa       0x34 build/tim.o
 .ARM.attributes
                0x000000000000042e       0x34 build/stm32g4xx_ll_tim.o
 .ARM.attributes
                0x0000000000000462       0x34 build/utils.o
 .ARM.attributes
                0x0000000000000496       0x21 build/startup_stm32g474xx.o
 .ARM.attributes
                0x00000000000004b7       0x32 d:/apps/embedded_gcc/arm_gcc/bin/../lib/gcc/arm-none-eabi/8.2.1/../../../../arm-none-eabi/lib/thumb/v7e-m+fp/hard\libc_nano.a(lib_a-impure.o)
 .ARM.attributes
                0x00000000000004e9       0x34 d:/apps/embedded_gcc/arm_gcc/bin/../lib/gcc/arm-none-eabi/8.2.1/../../../../arm-none-eabi/lib/thumb/v7e-m+fp/hard\libc_nano.a(lib_a-init.o)
 .ARM.attributes
                0x000000000000051d       0x34 d:/apps/embedded_gcc/arm_gcc/bin/../lib/gcc/arm-none-eabi/8.2.1/../../../../arm-none-eabi/lib/thumb/v7e-m+fp/hard\libc_nano.a(lib_a-memset.o)
 .ARM.attributes
                0x0000000000000551       0x34 d:/apps/embedded_gcc/arm_gcc/bin/../lib/gcc/arm-none-eabi/8.2.1/../../../../arm-none-eabi/lib/thumb/v7e-m+fp/hard\libm.a(lib_a-wf_exp.o)
 .ARM.attributes
                0x0000000000000585       0x34 d:/apps/embedded_gcc/arm_gcc/bin/../lib/gcc/arm-none-eabi/8.2.1/../../../../arm-none-eabi/lib/thumb/v7e-m+fp/hard\libm.a(lib_a-wf_log.o)
 .ARM.attributes
                0x00000000000005b9       0x34 d:/apps/embedded_gcc/arm_gcc/bin/../lib/gcc/arm-none-eabi/8.2.1/../../../../arm-none-eabi/lib/thumb/v7e-m+fp/hard\libm.a(lib_a-wf_sqrt.o)
 .ARM.attributes
                0x00000000000005ed       0x34 d:/apps/embedded_gcc/arm_gcc/bin/../lib/gcc/arm-none-eabi/8.2.1/../../../../arm-none-eabi/lib/thumb/v7e-m+fp/hard\libm.a(lib_a-ef_exp.o)
 .ARM.attributes
                0x0000000000000621       0x34 d:/apps/embedded_gcc/arm_gcc/bin/../lib/gcc/arm-none-eabi/8.2.1/../../../../arm-none-eabi/lib/thumb/v7e-m+fp/hard\libm.a(lib_a-ef_log.o)
 .ARM.attributes
                0x0000000000000655       0x34 d:/apps/embedded_gcc/arm_gcc/bin/../lib/gcc/arm-none-eabi/8.2.1/../../../../arm-none-eabi/lib/thumb/v7e-m+fp/hard\libm.a(lib_a-ef_sqrt.o)
 .ARM.attributes
                0x0000000000000689       0x32 d:/apps/embedded_gcc/arm_gcc/bin/../lib/gcc/arm-none-eabi/8.2.1/../../../../arm-none-eabi/lib/thumb/v7e-m+fp/hard\libm.a(lib_a-s_lib_ver.o)
 .ARM.attributes
                0x00000000000006bb       0x34 d:/apps/embedded_gcc/arm_gcc/bin/../lib/gcc/arm-none-eabi/8.2.1/../../../../arm-none-eabi/lib/thumb/v7e-m+fp/hard\libm.a(lib_a-s_matherr.o)
 .ARM.attributes
                0x00000000000006ef       0x34 d:/apps/embedded_gcc/arm_gcc/bin/../lib/gcc/arm-none-eabi/8.2.1/../../../../arm-none-eabi/lib/thumb/v7e-m+fp/hard\libm.a(lib_a-s_nan.o)
 .ARM.attributes
                0x0000000000000723       0x34 d:/apps/embedded_gcc/arm_gcc/bin/../lib/gcc/arm-none-eabi/8.2.1/../../../../arm-none-eabi/lib/thumb/v7e-m+fp/hard\libm.a(lib_a-sf_finite.o)
 .ARM.attributes
                0x0000000000000757       0x1e d:/apps/embedded_gcc/arm_gcc/bin/../lib/gcc/arm-none-eabi/8.2.1/thumb/v7e-m+fp/hard\libgcc.a(_arm_addsubdf3.o)
 .ARM.attributes
                0x0000000000000775       0x1e d:/apps/embedded_gcc/arm_gcc/bin/../lib/gcc/arm-none-eabi/8.2.1/thumb/v7e-m+fp/hard\libgcc.a(_arm_muldivdf3.o)
 .ARM.attributes
                0x0000000000000793       0x1e d:/apps/embedded_gcc/arm_gcc/bin/../lib/gcc/arm-none-eabi/8.2.1/thumb/v7e-m+fp/hard\libgcc.a(_arm_truncdfsf2.o)
 .ARM.attributes
                0x00000000000007b1       0x34 d:/apps/embedded_gcc/arm_gcc/bin/../lib/gcc/arm-none-eabi/8.2.1/../../../../arm-none-eabi/lib/thumb/v7e-m+fp/hard\libc_nano.a(lib_a-errno.o)
 .ARM.attributes
                0x00000000000007e5       0x32 d:/apps/embedded_gcc/arm_gcc/bin/../lib/gcc/arm-none-eabi/8.2.1/thumb/v7e-m+fp/hard/crtend.o
 .ARM.attributes
                0x0000000000000817       0x1e d:/apps/embedded_gcc/arm_gcc/bin/../lib/gcc/arm-none-eabi/8.2.1/thumb/v7e-m+fp/hard/crtn.o
OUTPUT(build/bldc_foc_g474_firmware.elf elf32-littlearm)

.debug_info     0x0000000000000000    0x405a2
 .debug_info    0x0000000000000000     0xb736 build/main.o
 .debug_info    0x000000000000b736     0x168d build/gpio.o
 .debug_info    0x000000000000cdc3     0x4546 build/adc.o
 .debug_info    0x0000000000011309    0x14074 build/hrtim.o
 .debug_info    0x000000000002537d     0x389f build/sys.o
 .debug_info    0x0000000000028c1c     0x2eb9 build/usart.o
 .debug_info    0x000000000002bad5     0x1404 build/cordic.o
 .debug_info    0x000000000002ced9     0x238c build/dac.o
 .debug_info    0x000000000002f265     0x1a5f build/comp.o
 .debug_info    0x0000000000030cc4     0x1975 build/stm32g4xx_it.o
 .debug_info    0x0000000000032639     0x126f build/stm32g4xx_ll_utils.o
 .debug_info    0x00000000000338a8      0xdca build/stm32g4xx_ll_gpio.o
 .debug_info    0x0000000000034672     0x112d build/stm32g4xx_ll_adc.o
 .debug_info    0x000000000003579f      0xc69 build/stm32g4xx_ll_usart.o
 .debug_info    0x0000000000036408     0x2c0a build/stm32g4xx_ll_rcc.o
 .debug_info    0x0000000000039012      0x8af build/stm32g4xx_ll_dac.o
 .debug_info    0x00000000000398c1      0x320 build/stm32g4xx_ll_comp.o
 .debug_info    0x0000000000039be1      0x66e build/system_stm32g4xx.o
 .debug_info    0x000000000003a24f     0x2a1f build/tim.o
 .debug_info    0x000000000003cc6e     0x1bd1 build/stm32g4xx_ll_tim.o
 .debug_info    0x000000000003e83f     0x1d41 build/utils.o
 .debug_info    0x0000000000040580       0x22 build/startup_stm32g474xx.o

.debug_abbrev   0x0000000000000000     0x49aa
 .debug_abbrev  0x0000000000000000      0x719 build/main.o
 .debug_abbrev  0x0000000000000719      0x2f2 build/gpio.o
 .debug_abbrev  0x0000000000000a0b      0x44f build/adc.o
 .debug_abbrev  0x0000000000000e5a      0x454 build/hrtim.o
 .debug_abbrev  0x00000000000012ae      0x498 build/sys.o
 .debug_abbrev  0x0000000000001746      0x416 build/usart.o
 .debug_abbrev  0x0000000000001b5c      0x2a9 build/cordic.o
 .debug_abbrev  0x0000000000001e05      0x368 build/dac.o
 .debug_abbrev  0x000000000000216d      0x2ea build/comp.o
 .debug_abbrev  0x0000000000002457      0x39d build/stm32g4xx_it.o
 .debug_abbrev  0x00000000000027f4      0x364 build/stm32g4xx_ll_utils.o
 .debug_abbrev  0x0000000000002b58      0x2b4 build/stm32g4xx_ll_gpio.o
 .debug_abbrev  0x0000000000002e0c      0x26e build/stm32g4xx_ll_adc.o
 .debug_abbrev  0x000000000000307a      0x31a build/stm32g4xx_ll_usart.o
 .debug_abbrev  0x0000000000003394      0x411 build/stm32g4xx_ll_rcc.o
 .debug_abbrev  0x00000000000037a5      0x24d build/stm32g4xx_ll_dac.o
 .debug_abbrev  0x00000000000039f2      0x1ca build/stm32g4xx_ll_comp.o
 .debug_abbrev  0x0000000000003bbc      0x12e build/system_stm32g4xx.o
 .debug_abbrev  0x0000000000003cea      0x3b7 build/tim.o
 .debug_abbrev  0x00000000000040a1      0x2e6 build/stm32g4xx_ll_tim.o
 .debug_abbrev  0x0000000000004387      0x611 build/utils.o
 .debug_abbrev  0x0000000000004998       0x12 build/startup_stm32g474xx.o

.debug_loc      0x0000000000000000    0x22660
 .debug_loc     0x0000000000000000     0x738e build/main.o
 .debug_loc     0x000000000000738e       0xf6 build/gpio.o
 .debug_loc     0x0000000000007484     0x1aa0 build/adc.o
 .debug_loc     0x0000000000008f24     0xf97a build/hrtim.o
 .debug_loc     0x000000000001889e      0x684 build/sys.o
 .debug_loc     0x0000000000018f22      0xa49 build/usart.o
 .debug_loc     0x000000000001996b       0xb7 build/cordic.o
 .debug_loc     0x0000000000019a22      0x6a5 build/dac.o
 .debug_loc     0x000000000001a0c7      0x253 build/comp.o
 .debug_loc     0x000000000001a31a       0xc6 build/stm32g4xx_it.o
 .debug_loc     0x000000000001a3e0      0xd57 build/stm32g4xx_ll_utils.o
 .debug_loc     0x000000000001b137      0x6e5 build/stm32g4xx_ll_gpio.o
 .debug_loc     0x000000000001b81c      0x847 build/stm32g4xx_ll_adc.o
 .debug_loc     0x000000000001c063      0x738 build/stm32g4xx_ll_usart.o
 .debug_loc     0x000000000001c79b     0x1f1c build/stm32g4xx_ll_rcc.o
 .debug_loc     0x000000000001e6b7      0x2f4 build/stm32g4xx_ll_dac.o
 .debug_loc     0x000000000001e9ab      0x16d build/stm32g4xx_ll_comp.o
 .debug_loc     0x000000000001eb18       0xbd build/system_stm32g4xx.o
 .debug_loc     0x000000000001ebd5      0x897 build/tim.o
 .debug_loc     0x000000000001f46c     0x184b build/stm32g4xx_ll_tim.o
 .debug_loc     0x0000000000020cb7     0x19a9 build/utils.o

.debug_aranges  0x0000000000000000      0x728
 .debug_aranges
                0x0000000000000000       0xb0 build/main.o
 .debug_aranges
                0x00000000000000b0       0x20 build/gpio.o
 .debug_aranges
                0x00000000000000d0       0x48 build/adc.o
 .debug_aranges
                0x0000000000000118       0x30 build/hrtim.o
 .debug_aranges
                0x0000000000000148       0x60 build/sys.o
 .debug_aranges
                0x00000000000001a8       0x28 build/usart.o
 .debug_aranges
                0x00000000000001d0       0x20 build/cordic.o
 .debug_aranges
                0x00000000000001f0       0x30 build/dac.o
 .debug_aranges
                0x0000000000000220       0x38 build/comp.o
 .debug_aranges
                0x0000000000000258       0x58 build/stm32g4xx_it.o
 .debug_aranges
                0x00000000000002b0       0x48 build/stm32g4xx_ll_utils.o
 .debug_aranges
                0x00000000000002f8       0x30 build/stm32g4xx_ll_gpio.o
 .debug_aranges
                0x0000000000000328       0x68 build/stm32g4xx_ll_adc.o
 .debug_aranges
                0x0000000000000390       0x40 build/stm32g4xx_ll_usart.o
 .debug_aranges
                0x00000000000003d0       0xb8 build/stm32g4xx_ll_rcc.o
 .debug_aranges
                0x0000000000000488       0x30 build/stm32g4xx_ll_dac.o
 .debug_aranges
                0x00000000000004b8       0x30 build/stm32g4xx_ll_comp.o
 .debug_aranges
                0x00000000000004e8       0x28 build/system_stm32g4xx.o
 .debug_aranges
                0x0000000000000510       0x48 build/tim.o
 .debug_aranges
                0x0000000000000558       0x80 build/stm32g4xx_ll_tim.o
 .debug_aranges
                0x00000000000005d8      0x128 build/utils.o
 .debug_aranges
                0x0000000000000700       0x28 build/startup_stm32g474xx.o

.debug_ranges   0x0000000000000000     0x5590
 .debug_ranges  0x0000000000000000     0x18d8 build/main.o
 .debug_ranges  0x00000000000018d8       0x88 build/gpio.o
 .debug_ranges  0x0000000000001960      0x538 build/adc.o
 .debug_ranges  0x0000000000001e98      0x9c0 build/hrtim.o
 .debug_ranges  0x0000000000002858      0x310 build/sys.o
 .debug_ranges  0x0000000000002b68      0x2b8 build/usart.o
 .debug_ranges  0x0000000000002e20       0x58 build/cordic.o
 .debug_ranges  0x0000000000002e78      0x1a0 build/dac.o
 .debug_ranges  0x0000000000003018      0x138 build/comp.o
 .debug_ranges  0x0000000000003150       0x68 build/stm32g4xx_it.o
 .debug_ranges  0x00000000000031b8      0x248 build/stm32g4xx_ll_utils.o
 .debug_ranges  0x0000000000003400      0x148 build/stm32g4xx_ll_gpio.o
 .debug_ranges  0x0000000000003548      0x168 build/stm32g4xx_ll_adc.o
 .debug_ranges  0x00000000000036b0      0x108 build/stm32g4xx_ll_usart.o
 .debug_ranges  0x00000000000037b8     0x16a0 build/stm32g4xx_ll_rcc.o
 .debug_ranges  0x0000000000004e58       0x80 build/stm32g4xx_ll_dac.o
 .debug_ranges  0x0000000000004ed8       0x20 build/stm32g4xx_ll_comp.o
 .debug_ranges  0x0000000000004ef8       0x18 build/system_stm32g4xx.o
 .debug_ranges  0x0000000000004f10      0x1d0 build/tim.o
 .debug_ranges  0x00000000000050e0      0x1e0 build/stm32g4xx_ll_tim.o
 .debug_ranges  0x00000000000052c0      0x2b0 build/utils.o
 .debug_ranges  0x0000000000005570       0x20 build/startup_stm32g474xx.o

.debug_line     0x0000000000000000    0x1d752
 .debug_line    0x0000000000000000     0xa8db build/main.o
 .debug_line    0x000000000000a8db      0x4d2 build/gpio.o
 .debug_line    0x000000000000adad     0x1625 build/adc.o
 .debug_line    0x000000000000c3d2     0x77da build/hrtim.o
 .debug_line    0x0000000000013bac      0xc4b build/sys.o
 .debug_line    0x00000000000147f7      0x874 build/usart.o
 .debug_line    0x000000000001506b      0x2fc build/cordic.o
 .debug_line    0x0000000000015367      0x66d build/dac.o
 .debug_line    0x00000000000159d4      0x6c1 build/comp.o
 .debug_line    0x0000000000016095      0x44b build/stm32g4xx_it.o
 .debug_line    0x00000000000164e0      0x969 build/stm32g4xx_ll_utils.o
 .debug_line    0x0000000000016e49      0x681 build/stm32g4xx_ll_gpio.o
 .debug_line    0x00000000000174ca      0x76a build/stm32g4xx_ll_adc.o
 .debug_line    0x0000000000017c34      0x5f0 build/stm32g4xx_ll_usart.o
 .debug_line    0x0000000000018224     0x2684 build/stm32g4xx_ll_rcc.o
 .debug_line    0x000000000001a8a8      0x3d4 build/stm32g4xx_ll_dac.o
 .debug_line    0x000000000001ac7c      0x27a build/stm32g4xx_ll_comp.o
 .debug_line    0x000000000001aef6      0x210 build/system_stm32g4xx.o
 .debug_line    0x000000000001b106      0x827 build/tim.o
 .debug_line    0x000000000001b92d      0xee3 build/stm32g4xx_ll_tim.o
 .debug_line    0x000000000001c810      0xebb build/utils.o
 .debug_line    0x000000000001d6cb       0x87 build/startup_stm32g474xx.o

.debug_str      0x0000000000000000     0x5d35
 .debug_str     0x0000000000000000     0x2862 build/main.o
                                       0x2a26 (size before relaxing)
 .debug_str     0x0000000000002862       0x5f build/gpio.o
                                        0xb82 (size before relaxing)
 .debug_str     0x00000000000028c1      0xaec build/adc.o
                                       0x17f1 (size before relaxing)
 .debug_str     0x00000000000033ad      0x5a1 build/hrtim.o
                                       0x27de (size before relaxing)
 .debug_str     0x000000000000394e       0xcb build/sys.o
                                       0x1931 (size before relaxing)
 .debug_str     0x0000000000003a19      0x405 build/usart.o
                                       0x1815 (size before relaxing)
 .debug_str     0x0000000000003e1e        0xd build/cordic.o
                                        0xb36 (size before relaxing)
 .debug_str     0x0000000000003e2b      0x135 build/dac.o
                                       0x1494 (size before relaxing)
 .debug_str     0x0000000000003f60      0x1c9 build/comp.o
                                        0xd48 (size before relaxing)
 .debug_str     0x0000000000004129      0x198 build/stm32g4xx_it.o
                                        0xd51 (size before relaxing)
 .debug_str     0x00000000000042c1      0x296 build/stm32g4xx_ll_utils.o
                                        0x887 (size before relaxing)
 .debug_str     0x0000000000004557      0x119 build/stm32g4xx_ll_gpio.o
                                        0x577 (size before relaxing)
 .debug_str     0x0000000000004670      0x223 build/stm32g4xx_ll_adc.o
                                        0x870 (size before relaxing)
 .debug_str     0x0000000000004893      0x232 build/stm32g4xx_ll_usart.o
                                        0x6cc (size before relaxing)
 .debug_str     0x0000000000004ac5      0x5f1 build/stm32g4xx_ll_rcc.o
                                        0xaab (size before relaxing)
 .debug_str     0x00000000000050b6       0x65 build/stm32g4xx_ll_dac.o
                                        0x58f (size before relaxing)
 .debug_str     0x000000000000511b       0x68 build/stm32g4xx_ll_comp.o
                                        0x34f (size before relaxing)
 .debug_str     0x0000000000005183       0x49 build/system_stm32g4xx.o
                                        0x432 (size before relaxing)
 .debug_str     0x00000000000051cc      0x233 build/tim.o
                                       0x15f6 (size before relaxing)
 .debug_str     0x00000000000053ff      0x528 build/stm32g4xx_ll_tim.o
                                        0xad8 (size before relaxing)
 .debug_str     0x0000000000005927      0x3e9 build/utils.o
                                        0xaf8 (size before relaxing)
 .debug_str     0x0000000000005d10       0x25 build/startup_stm32g474xx.o
                                         0x62 (size before relaxing)

.comment        0x0000000000000000       0x68
 .comment       0x0000000000000000       0x68 build/main.o
                                         0x69 (size before relaxing)
 .comment       0x0000000000000068       0x69 build/gpio.o
 .comment       0x0000000000000068       0x69 build/adc.o
 .comment       0x0000000000000068       0x69 build/hrtim.o
 .comment       0x0000000000000068       0x69 build/sys.o
 .comment       0x0000000000000068       0x69 build/usart.o
 .comment       0x0000000000000068       0x69 build/cordic.o
 .comment       0x0000000000000068       0x69 build/dac.o
 .comment       0x0000000000000068       0x69 build/comp.o
 .comment       0x0000000000000068       0x69 build/stm32g4xx_it.o
 .comment       0x0000000000000068       0x69 build/stm32g4xx_ll_utils.o
 .comment       0x0000000000000068       0x69 build/stm32g4xx_ll_gpio.o
 .comment       0x0000000000000068       0x69 build/stm32g4xx_ll_adc.o
 .comment       0x0000000000000068       0x69 build/stm32g4xx_ll_usart.o
 .comment       0x0000000000000068       0x69 build/stm32g4xx_ll_rcc.o
 .comment       0x0000000000000068       0x69 build/stm32g4xx_ll_dac.o
 .comment       0x0000000000000068       0x69 build/stm32g4xx_ll_comp.o
 .comment       0x0000000000000068       0x69 build/system_stm32g4xx.o
 .comment       0x0000000000000068       0x69 build/tim.o
 .comment       0x0000000000000068       0x69 build/stm32g4xx_ll_tim.o
 .comment       0x0000000000000068       0x69 build/utils.o

.debug_frame    0x0000000000000000     0x1948
 .debug_frame   0x0000000000000000      0x27c build/main.o
 .debug_frame   0x000000000000027c       0x44 build/gpio.o
 .debug_frame   0x00000000000002c0       0xf4 build/adc.o
 .debug_frame   0x00000000000003b4       0xa8 build/hrtim.o
 .debug_frame   0x000000000000045c       0xd4 build/sys.o
 .debug_frame   0x0000000000000530       0x4c build/usart.o
 .debug_frame   0x000000000000057c       0x28 build/cordic.o
 .debug_frame   0x00000000000005a4       0x80 build/dac.o
 .debug_frame   0x0000000000000624       0xa4 build/comp.o
 .debug_frame   0x00000000000006c8       0xf0 build/stm32g4xx_it.o
 .debug_frame   0x00000000000007b8      0x100 build/stm32g4xx_ll_utils.o
 .debug_frame   0x00000000000008b8       0x58 build/stm32g4xx_ll_gpio.o
 .debug_frame   0x0000000000000910      0x15c build/stm32g4xx_ll_adc.o
 .debug_frame   0x0000000000000a6c       0x9c build/stm32g4xx_ll_usart.o
 .debug_frame   0x0000000000000b08      0x420 build/stm32g4xx_ll_rcc.o
 .debug_frame   0x0000000000000f28       0x70 build/stm32g4xx_ll_dac.o
 .debug_frame   0x0000000000000f98       0x58 build/stm32g4xx_ll_comp.o
 .debug_frame   0x0000000000000ff0       0x30 build/system_stm32g4xx.o
 .debug_frame   0x0000000000001020       0xac build/tim.o
 .debug_frame   0x00000000000010cc      0x1e8 build/stm32g4xx_ll_tim.o
 .debug_frame   0x00000000000012b4      0x32c build/utils.o
 .debug_frame   0x00000000000015e0       0x2c d:/apps/embedded_gcc/arm_gcc/bin/../lib/gcc/arm-none-eabi/8.2.1/../../../../arm-none-eabi/lib/thumb/v7e-m+fp/hard\libc_nano.a(lib_a-init.o)
 .debug_frame   0x000000000000160c       0x20 d:/apps/embedded_gcc/arm_gcc/bin/../lib/gcc/arm-none-eabi/8.2.1/../../../../arm-none-eabi/lib/thumb/v7e-m+fp/hard\libc_nano.a(lib_a-memset.o)
 .debug_frame   0x000000000000162c       0x54 d:/apps/embedded_gcc/arm_gcc/bin/../lib/gcc/arm-none-eabi/8.2.1/../../../../arm-none-eabi/lib/thumb/v7e-m+fp/hard\libm.a(lib_a-wf_exp.o)
 .debug_frame   0x0000000000001680       0x50 d:/apps/embedded_gcc/arm_gcc/bin/../lib/gcc/arm-none-eabi/8.2.1/../../../../arm-none-eabi/lib/thumb/v7e-m+fp/hard\libm.a(lib_a-wf_log.o)
 .debug_frame   0x00000000000016d0       0x50 d:/apps/embedded_gcc/arm_gcc/bin/../lib/gcc/arm-none-eabi/8.2.1/../../../../arm-none-eabi/lib/thumb/v7e-m+fp/hard\libm.a(lib_a-wf_sqrt.o)
 .debug_frame   0x0000000000001720       0x20 d:/apps/embedded_gcc/arm_gcc/bin/../lib/gcc/arm-none-eabi/8.2.1/../../../../arm-none-eabi/lib/thumb/v7e-m+fp/hard\libm.a(lib_a-ef_exp.o)
 .debug_frame   0x0000000000001740       0x48 d:/apps/embedded_gcc/arm_gcc/bin/../lib/gcc/arm-none-eabi/8.2.1/../../../../arm-none-eabi/lib/thumb/v7e-m+fp/hard\libm.a(lib_a-ef_log.o)
 .debug_frame   0x0000000000001788       0x20 d:/apps/embedded_gcc/arm_gcc/bin/../lib/gcc/arm-none-eabi/8.2.1/../../../../arm-none-eabi/lib/thumb/v7e-m+fp/hard\libm.a(lib_a-ef_sqrt.o)
 .debug_frame   0x00000000000017a8       0x20 d:/apps/embedded_gcc/arm_gcc/bin/../lib/gcc/arm-none-eabi/8.2.1/../../../../arm-none-eabi/lib/thumb/v7e-m+fp/hard\libm.a(lib_a-s_matherr.o)
 .debug_frame   0x00000000000017c8       0x20 d:/apps/embedded_gcc/arm_gcc/bin/../lib/gcc/arm-none-eabi/8.2.1/../../../../arm-none-eabi/lib/thumb/v7e-m+fp/hard\libm.a(lib_a-s_nan.o)
 .debug_frame   0x00000000000017e8       0x20 d:/apps/embedded_gcc/arm_gcc/bin/../lib/gcc/arm-none-eabi/8.2.1/../../../../arm-none-eabi/lib/thumb/v7e-m+fp/hard\libm.a(lib_a-sf_finite.o)
 .debug_frame   0x0000000000001808       0xac d:/apps/embedded_gcc/arm_gcc/bin/../lib/gcc/arm-none-eabi/8.2.1/thumb/v7e-m+fp/hard\libgcc.a(_arm_addsubdf3.o)
 .debug_frame   0x00000000000018b4       0x50 d:/apps/embedded_gcc/arm_gcc/bin/../lib/gcc/arm-none-eabi/8.2.1/thumb/v7e-m+fp/hard\libgcc.a(_arm_muldivdf3.o)
 .debug_frame   0x0000000000001904       0x24 d:/apps/embedded_gcc/arm_gcc/bin/../lib/gcc/arm-none-eabi/8.2.1/thumb/v7e-m+fp/hard\libgcc.a(_arm_truncdfsf2.o)
 .debug_frame   0x0000000000001928       0x20 d:/apps/embedded_gcc/arm_gcc/bin/../lib/gcc/arm-none-eabi/8.2.1/../../../../arm-none-eabi/lib/thumb/v7e-m+fp/hard\libc_nano.a(lib_a-errno.o)

Cross Reference Table

Symbol                                            File
ADC1_2_IRQHandler                                 build/main.o
ADC1_Init_BLDC                                    build/adc.o
                                                  build/main.o
ADC2_Init_BLDC                                    build/adc.o
                                                  build/main.o
ADC3_IRQHandler                                   build/startup_stm32g474xx.o
ADC4_IRQHandler                                   build/startup_stm32g474xx.o
ADC5_IRQHandler                                   build/startup_stm32g474xx.o
AHBPrescTable                                     build/system_stm32g4xx.o
                                                  build/stm32g4xx_ll_rcc.o
                                                  build/stm32g4xx_ll_utils.o
APBPrescTable                                     build/system_stm32g4xx.o
                                                  build/stm32g4xx_ll_rcc.o
BusFault_Handler                                  build/stm32g4xx_it.o
COMP1_2_3_IRQHandler                              build/startup_stm32g474xx.o
COMP4_5_6_IRQHandler                              build/startup_stm32g474xx.o
COMP7_IRQHandler                                  build/startup_stm32g474xx.o
CORDIC_IRQHandler                                 build/startup_stm32g474xx.o
CRS_IRQHandler                                    build/startup_stm32g474xx.o
Cordic_Init                                       build/cordic.o
                                                  build/main.o
CoreInit                                          build/main.o
CoreStart                                         build/main.o
DMA1_Channel1_IRQHandler                          build/startup_stm32g474xx.o
DMA1_Channel2_IRQHandler                          build/startup_stm32g474xx.o
DMA1_Channel3_IRQHandler                          build/startup_stm32g474xx.o
DMA1_Channel4_IRQHandler                          build/startup_stm32g474xx.o
DMA1_Channel5_IRQHandler                          build/startup_stm32g474xx.o
DMA1_Channel6_IRQHandler                          build/stm32g4xx_it.o
DMA1_Channel7_IRQHandler                          build/startup_stm32g474xx.o
DMA1_Channel8_IRQHandler                          build/startup_stm32g474xx.o
DMA2_Channel1_IRQHandler                          build/startup_stm32g474xx.o
DMA2_Channel2_IRQHandler                          build/startup_stm32g474xx.o
DMA2_Channel3_IRQHandler                          build/startup_stm32g474xx.o
DMA2_Channel4_IRQHandler                          build/startup_stm32g474xx.o
DMA2_Channel5_IRQHandler                          build/startup_stm32g474xx.o
DMA2_Channel6_IRQHandler                          build/startup_stm32g474xx.o
DMA2_Channel7_IRQHandler                          build/startup_stm32g474xx.o
DMA2_Channel8_IRQHandler                          build/startup_stm32g474xx.o
DMAMUX_OVR_IRQHandler                             build/startup_stm32g474xx.o
DebugMon_Handler                                  build/stm32g4xx_it.o
Default_Handler                                   build/startup_stm32g474xx.o
EXTI0_IRQHandler                                  build/startup_stm32g474xx.o
EXTI15_10_IRQHandler                              build/startup_stm32g474xx.o
EXTI1_IRQHandler                                  build/startup_stm32g474xx.o
EXTI2_IRQHandler                                  build/startup_stm32g474xx.o
EXTI3_IRQHandler                                  build/startup_stm32g474xx.o
EXTI4_IRQHandler                                  build/startup_stm32g474xx.o
EXTI9_5_IRQHandler                                build/stm32g4xx_it.o
Error_Handler                                     build/main.o
FDCAN1_IT0_IRQHandler                             build/startup_stm32g474xx.o
FDCAN1_IT1_IRQHandler                             build/startup_stm32g474xx.o
FDCAN2_IT0_IRQHandler                             build/startup_stm32g474xx.o
FDCAN2_IT1_IRQHandler                             build/startup_stm32g474xx.o
FDCAN3_IT0_IRQHandler                             build/startup_stm32g474xx.o
FDCAN3_IT1_IRQHandler                             build/startup_stm32g474xx.o
FLASH_IRQHandler                                  build/startup_stm32g474xx.o
FLASH_LoadConfig                                  build/sys.o
                                                  build/main.o
FLASH_PageErase                                   build/sys.o
FLASH_Program_DoubleWord                          build/sys.o
FLASH_UpdateConfig                                build/sys.o
                                                  build/main.o
FMAC_IRQHandler                                   build/startup_stm32g474xx.o
FMC_IRQHandler                                    build/startup_stm32g474xx.o
FPU_IRQHandler                                    build/startup_stm32g474xx.o
GetBank                                           build/sys.o
HRTIM1_FLT_IRQHandler                             build/stm32g4xx_it.o
HRTIM1_Master_IRQHandler                          build/startup_stm32g474xx.o
HRTIM1_TIMA_IRQHandler                            build/startup_stm32g474xx.o
HRTIM1_TIMB_IRQHandler                            build/startup_stm32g474xx.o
HRTIM1_TIMC_IRQHandler                            build/startup_stm32g474xx.o
HRTIM1_TIMD_IRQHandler                            build/startup_stm32g474xx.o
HRTIM1_TIME_IRQHandler                            build/startup_stm32g474xx.o
HRTIM1_TIMF_IRQHandler                            build/startup_stm32g474xx.o
HardFault_Handler                                 build/stm32g4xx_it.o
I2C1_ER_IRQHandler                                build/startup_stm32g474xx.o
I2C1_EV_IRQHandler                                build/startup_stm32g474xx.o
I2C2_ER_IRQHandler                                build/startup_stm32g474xx.o
I2C2_EV_IRQHandler                                build/startup_stm32g474xx.o
I2C3_ER_IRQHandler                                build/startup_stm32g474xx.o
I2C3_EV_IRQHandler                                build/startup_stm32g474xx.o
I2C4_ER_IRQHandler                                build/startup_stm32g474xx.o
I2C4_EV_IRQHandler                                build/startup_stm32g474xx.o
LL_ADC_CommonDeInit                               build/stm32g4xx_ll_adc.o
LL_ADC_CommonInit                                 build/stm32g4xx_ll_adc.o
                                                  build/adc.o
LL_ADC_CommonStructInit                           build/stm32g4xx_ll_adc.o
LL_ADC_DeInit                                     build/stm32g4xx_ll_adc.o
LL_ADC_INJ_Init                                   build/stm32g4xx_ll_adc.o
                                                  build/adc.o
LL_ADC_INJ_StructInit                             build/stm32g4xx_ll_adc.o
LL_ADC_Init                                       build/stm32g4xx_ll_adc.o
                                                  build/adc.o
LL_ADC_REG_Init                                   build/stm32g4xx_ll_adc.o
                                                  build/adc.o
LL_ADC_REG_StructInit                             build/stm32g4xx_ll_adc.o
LL_ADC_StructInit                                 build/stm32g4xx_ll_adc.o
LL_COMP_DeInit                                    build/stm32g4xx_ll_comp.o
LL_COMP_Init                                      build/stm32g4xx_ll_comp.o
                                                  build/comp.o
LL_COMP_StructInit                                build/stm32g4xx_ll_comp.o
LL_CORDIC_DeInit                                  build/stm32g4xx_ll_cordic.o
LL_DAC_DeInit                                     build/stm32g4xx_ll_dac.o
LL_DAC_Init                                       build/stm32g4xx_ll_dac.o
                                                  build/dac.o
LL_DAC_StructInit                                 build/stm32g4xx_ll_dac.o
LL_DMA_DeInit                                     build/stm32g4xx_ll_dma.o
LL_DMA_Init                                       build/stm32g4xx_ll_dma.o
LL_DMA_StructInit                                 build/stm32g4xx_ll_dma.o
LL_EXTI_DeInit                                    build/stm32g4xx_ll_exti.o
LL_EXTI_Init                                      build/stm32g4xx_ll_exti.o
LL_EXTI_StructInit                                build/stm32g4xx_ll_exti.o
LL_GPIO_DeInit                                    build/stm32g4xx_ll_gpio.o
LL_GPIO_Init                                      build/stm32g4xx_ll_gpio.o
                                                  build/lptim.o
                                                  build/tim.o
                                                  build/comp.o
                                                  build/usart.o
                                                  build/hrtim.o
                                                  build/adc.o
                                                  build/gpio.o
LL_GPIO_StructInit                                build/stm32g4xx_ll_gpio.o
LL_HRTIM_DeInit                                   build/stm32g4xx_ll_hrtim.o
LL_Init1msTick                                    build/stm32g4xx_ll_utils.o
                                                  build/main.o
LL_LPTIM_DeInit                                   build/stm32g4xx_ll_lptim.o
LL_LPTIM_Disable                                  build/stm32g4xx_ll_lptim.o
LL_LPTIM_Init                                     build/stm32g4xx_ll_lptim.o
LL_LPTIM_StructInit                               build/stm32g4xx_ll_lptim.o
LL_PLL_ConfigSystemClock_HSE                      build/stm32g4xx_ll_utils.o
LL_PLL_ConfigSystemClock_HSI                      build/stm32g4xx_ll_utils.o
LL_PWR_DeInit                                     build/stm32g4xx_ll_pwr.o
LL_RCC_DeInit                                     build/stm32g4xx_ll_rcc.o
LL_RCC_GetADCClockFreq                            build/stm32g4xx_ll_rcc.o
LL_RCC_GetFDCANClockFreq                          build/stm32g4xx_ll_rcc.o
LL_RCC_GetI2CClockFreq                            build/stm32g4xx_ll_rcc.o
LL_RCC_GetI2SClockFreq                            build/stm32g4xx_ll_rcc.o
LL_RCC_GetLPTIMClockFreq                          build/stm32g4xx_ll_rcc.o
LL_RCC_GetLPUARTClockFreq                         build/stm32g4xx_ll_rcc.o
LL_RCC_GetQUADSPIClockFreq                        build/stm32g4xx_ll_rcc.o
LL_RCC_GetRNGClockFreq                            build/stm32g4xx_ll_rcc.o
LL_RCC_GetSAIClockFreq                            build/stm32g4xx_ll_rcc.o
LL_RCC_GetSystemClocksFreq                        build/stm32g4xx_ll_rcc.o
                                                  build/stm32g4xx_ll_lptim.o
LL_RCC_GetUARTClockFreq                           build/stm32g4xx_ll_rcc.o
                                                  build/stm32g4xx_ll_usart.o
LL_RCC_GetUSARTClockFreq                          build/stm32g4xx_ll_rcc.o
                                                  build/stm32g4xx_ll_usart.o
LL_RCC_GetUSBClockFreq                            build/stm32g4xx_ll_rcc.o
LL_SetSystemCoreClock                             build/stm32g4xx_ll_utils.o
                                                  build/main.o
LL_TIM_BDTR_Init                                  build/stm32g4xx_ll_tim.o
LL_TIM_BDTR_StructInit                            build/stm32g4xx_ll_tim.o
LL_TIM_DeInit                                     build/stm32g4xx_ll_tim.o
LL_TIM_ENCODER_Init                               build/stm32g4xx_ll_tim.o
LL_TIM_ENCODER_StructInit                         build/stm32g4xx_ll_tim.o
LL_TIM_HALLSENSOR_Init                            build/stm32g4xx_ll_tim.o
LL_TIM_HALLSENSOR_StructInit                      build/stm32g4xx_ll_tim.o
LL_TIM_IC_Init                                    build/stm32g4xx_ll_tim.o
LL_TIM_IC_StructInit                              build/stm32g4xx_ll_tim.o
LL_TIM_Init                                       build/stm32g4xx_ll_tim.o
                                                  build/tim.o
LL_TIM_OC_Init                                    build/stm32g4xx_ll_tim.o
LL_TIM_OC_StructInit                              build/stm32g4xx_ll_tim.o
LL_TIM_StructInit                                 build/stm32g4xx_ll_tim.o
LL_USART_ClockInit                                build/stm32g4xx_ll_usart.o
LL_USART_ClockStructInit                          build/stm32g4xx_ll_usart.o
LL_USART_DeInit                                   build/stm32g4xx_ll_usart.o
LL_USART_Init                                     build/stm32g4xx_ll_usart.o
                                                  build/usart.o
LL_USART_StructInit                               build/stm32g4xx_ll_usart.o
LL_mDelay                                         build/stm32g4xx_ll_utils.o
                                                  build/stm32g4xx_it.o
                                                  build/adc.o
LPTIM1_IRQHandler                                 build/startup_stm32g474xx.o
LPUART1_IRQHandler                                build/startup_stm32g474xx.o
MX_ADC1_Init                                      build/adc.o
                                                  build/main.o
MX_ADC2_Init                                      build/adc.o
                                                  build/main.o
MX_COMP1_Init                                     build/comp.o
                                                  build/main.o
MX_COMP4_Init                                     build/comp.o
                                                  build/main.o
MX_COMP6_Init                                     build/comp.o
                                                  build/main.o
MX_DAC2_Init                                      build/dac.o
                                                  build/main.o
MX_DAC3_Init                                      build/dac.o
                                                  build/main.o
MX_GPIO_Init                                      build/gpio.o
                                                  build/main.o
MX_HRTIM1_Init                                    build/hrtim.o
                                                  build/main.o
MX_HRTIM1_Init_BLDC                               build/hrtim.o
                                                  build/main.o
MX_LPTIM1_Init                                    build/lptim.o
MX_SYS_Init                                       build/sys.o
MX_TIM2_Init                                      build/tim.o
                                                  build/main.o
MX_TIM6_Init                                      build/tim.o
                                                  build/main.o
MX_TIM7_Init                                      build/tim.o
                                                  build/main.o
MX_USART2_UART_Init                               build/usart.o
                                                  build/main.o
MemManage_Handler                                 build/stm32g4xx_it.o
NMI_Handler                                       build/stm32g4xx_it.o
PVD_PVM_IRQHandler                                build/startup_stm32g474xx.o
PendSV_Handler                                    build/stm32g4xx_it.o
QUADSPI_IRQHandler                                build/startup_stm32g474xx.o
RCC_GetHCLKClockFreq                              build/stm32g4xx_ll_rcc.o
RCC_GetPCLK1ClockFreq                             build/stm32g4xx_ll_rcc.o
RCC_GetPCLK2ClockFreq                             build/stm32g4xx_ll_rcc.o
RCC_GetSystemClockFreq                            build/stm32g4xx_ll_rcc.o
RCC_IRQHandler                                    build/startup_stm32g474xx.o
RCC_PLL_GetFreqDomain_48M                         build/stm32g4xx_ll_rcc.o
RCC_PLL_GetFreqDomain_ADC                         build/stm32g4xx_ll_rcc.o
RCC_PLL_GetFreqDomain_SYS                         build/stm32g4xx_ll_rcc.o
RNG_IRQHandler                                    build/startup_stm32g474xx.o
RTC_Alarm_IRQHandler                              build/startup_stm32g474xx.o
RTC_TAMP_LSECSS_IRQHandler                        build/startup_stm32g474xx.o
RTC_WKUP_IRQHandler                               build/startup_stm32g474xx.o
Reset_Handler                                     build/startup_stm32g474xx.o
SAI1_IRQHandler                                   build/startup_stm32g474xx.o
SPI1_IRQHandler                                   build/startup_stm32g474xx.o
SPI2_IRQHandler                                   build/startup_stm32g474xx.o
SPI3_IRQHandler                                   build/startup_stm32g474xx.o
SPI4_IRQHandler                                   build/startup_stm32g474xx.o
SVC_Handler                                       build/stm32g4xx_it.o
SysTick_Handler                                   build/stm32g4xx_it.o
SystemCoreClock                                   build/system_stm32g4xx.o
                                                  build/stm32g4xx_ll_utils.o
                                                  build/comp.o
                                                  build/dac.o
SystemCoreClockUpdate                             build/system_stm32g4xx.o
SystemInit                                        build/system_stm32g4xx.o
                                                  build/startup_stm32g474xx.o
TIM1_BRK_TIM15_IRQHandler                         build/startup_stm32g474xx.o
TIM1_CC_IRQHandler                                build/startup_stm32g474xx.o
TIM1_TRG_COM_TIM17_IRQHandler                     build/startup_stm32g474xx.o
TIM1_UP_TIM16_IRQHandler                          build/startup_stm32g474xx.o
TIM20_BRK_IRQHandler                              build/startup_stm32g474xx.o
TIM20_CC_IRQHandler                               build/startup_stm32g474xx.o
TIM20_TRG_COM_IRQHandler                          build/startup_stm32g474xx.o
TIM20_UP_IRQHandler                               build/startup_stm32g474xx.o
TIM2_IRQHandler                                   build/main.o
TIM3_IRQHandler                                   build/startup_stm32g474xx.o
TIM4_IRQHandler                                   build/startup_stm32g474xx.o
TIM5_IRQHandler                                   build/startup_stm32g474xx.o
TIM6_DAC_IRQHandler                               build/startup_stm32g474xx.o
TIM7_DAC_IRQHandler                               build/stm32g4xx_it.o
TIM8_BRK_IRQHandler                               build/startup_stm32g474xx.o
TIM8_CC_IRQHandler                                build/startup_stm32g474xx.o
TIM8_TRG_COM_IRQHandler                           build/startup_stm32g474xx.o
TIM8_UP_IRQHandler                                build/startup_stm32g474xx.o
UART4_IRQHandler                                  build/startup_stm32g474xx.o
UART5_IRQHandler                                  build/startup_stm32g474xx.o
UCPD1_IRQHandler                                  build/startup_stm32g474xx.o
USART1_IRQHandler                                 build/startup_stm32g474xx.o
USART2_IRQHandler                                 build/stm32g4xx_it.o
USART2_StartTransfer                              build/usart.o
                                                  build/main.o
USART3_IRQHandler                                 build/startup_stm32g474xx.o
USBWakeUp_IRQHandler                              build/startup_stm32g474xx.o
USB_HP_IRQHandler                                 build/startup_stm32g474xx.o
USB_LP_IRQHandler                                 build/startup_stm32g474xx.o
UsageFault_Handler                                build/stm32g4xx_it.o
WWDG_IRQHandler                                   build/startup_stm32g474xx.o
_ITM_deregisterTMCloneTable                       d:/apps/embedded_gcc/arm_gcc/bin/../lib/gcc/arm-none-eabi/8.2.1/thumb/v7e-m+fp/hard/crtbegin.o
_ITM_registerTMCloneTable                         d:/apps/embedded_gcc/arm_gcc/bin/../lib/gcc/arm-none-eabi/8.2.1/thumb/v7e-m+fp/hard/crtbegin.o
__TMC_END__                                       d:/apps/embedded_gcc/arm_gcc/bin/../lib/gcc/arm-none-eabi/8.2.1/thumb/v7e-m+fp/hard/crtend.o
                                                  d:/apps/embedded_gcc/arm_gcc/bin/../lib/gcc/arm-none-eabi/8.2.1/thumb/v7e-m+fp/hard/crtbegin.o
__adddf3                                          d:/apps/embedded_gcc/arm_gcc/bin/../lib/gcc/arm-none-eabi/8.2.1/thumb/v7e-m+fp/hard\libgcc.a(_arm_addsubdf3.o)
__aeabi_d2f                                       d:/apps/embedded_gcc/arm_gcc/bin/../lib/gcc/arm-none-eabi/8.2.1/thumb/v7e-m+fp/hard\libgcc.a(_arm_truncdfsf2.o)
                                                  d:/apps/embedded_gcc/arm_gcc/bin/../lib/gcc/arm-none-eabi/8.2.1/../../../../arm-none-eabi/lib/thumb/v7e-m+fp/hard\libm.a(lib_a-wf_sqrt.o)
                                                  d:/apps/embedded_gcc/arm_gcc/bin/../lib/gcc/arm-none-eabi/8.2.1/../../../../arm-none-eabi/lib/thumb/v7e-m+fp/hard\libm.a(lib_a-wf_pow.o)
                                                  d:/apps/embedded_gcc/arm_gcc/bin/../lib/gcc/arm-none-eabi/8.2.1/../../../../arm-none-eabi/lib/thumb/v7e-m+fp/hard\libm.a(lib_a-wf_log.o)
                                                  d:/apps/embedded_gcc/arm_gcc/bin/../lib/gcc/arm-none-eabi/8.2.1/../../../../arm-none-eabi/lib/thumb/v7e-m+fp/hard\libm.a(lib_a-wf_fmod.o)
                                                  d:/apps/embedded_gcc/arm_gcc/bin/../lib/gcc/arm-none-eabi/8.2.1/../../../../arm-none-eabi/lib/thumb/v7e-m+fp/hard\libm.a(lib_a-wf_exp.o)
__aeabi_dadd                                      d:/apps/embedded_gcc/arm_gcc/bin/../lib/gcc/arm-none-eabi/8.2.1/thumb/v7e-m+fp/hard\libgcc.a(_arm_addsubdf3.o)
__aeabi_ddiv                                      d:/apps/embedded_gcc/arm_gcc/bin/../lib/gcc/arm-none-eabi/8.2.1/thumb/v7e-m+fp/hard\libgcc.a(_arm_muldivdf3.o)
                                                  d:/apps/embedded_gcc/arm_gcc/bin/../lib/gcc/arm-none-eabi/8.2.1/../../../../arm-none-eabi/lib/thumb/v7e-m+fp/hard\libm.a(lib_a-wf_sqrt.o)
                                                  d:/apps/embedded_gcc/arm_gcc/bin/../lib/gcc/arm-none-eabi/8.2.1/../../../../arm-none-eabi/lib/thumb/v7e-m+fp/hard\libm.a(lib_a-wf_fmod.o)
__aeabi_dmul                                      d:/apps/embedded_gcc/arm_gcc/bin/../lib/gcc/arm-none-eabi/8.2.1/thumb/v7e-m+fp/hard\libgcc.a(_arm_muldivdf3.o)
__aeabi_drsub                                     d:/apps/embedded_gcc/arm_gcc/bin/../lib/gcc/arm-none-eabi/8.2.1/thumb/v7e-m+fp/hard\libgcc.a(_arm_addsubdf3.o)
__aeabi_dsub                                      d:/apps/embedded_gcc/arm_gcc/bin/../lib/gcc/arm-none-eabi/8.2.1/thumb/v7e-m+fp/hard\libgcc.a(_arm_addsubdf3.o)
__aeabi_f2d                                       d:/apps/embedded_gcc/arm_gcc/bin/../lib/gcc/arm-none-eabi/8.2.1/thumb/v7e-m+fp/hard\libgcc.a(_arm_addsubdf3.o)
                                                  d:/apps/embedded_gcc/arm_gcc/bin/../lib/gcc/arm-none-eabi/8.2.1/../../../../arm-none-eabi/lib/thumb/v7e-m+fp/hard\libm.a(lib_a-wf_sqrt.o)
                                                  d:/apps/embedded_gcc/arm_gcc/bin/../lib/gcc/arm-none-eabi/8.2.1/../../../../arm-none-eabi/lib/thumb/v7e-m+fp/hard\libm.a(lib_a-wf_pow.o)
                                                  d:/apps/embedded_gcc/arm_gcc/bin/../lib/gcc/arm-none-eabi/8.2.1/../../../../arm-none-eabi/lib/thumb/v7e-m+fp/hard\libm.a(lib_a-wf_log.o)
                                                  d:/apps/embedded_gcc/arm_gcc/bin/../lib/gcc/arm-none-eabi/8.2.1/../../../../arm-none-eabi/lib/thumb/v7e-m+fp/hard\libm.a(lib_a-wf_fmod.o)
                                                  d:/apps/embedded_gcc/arm_gcc/bin/../lib/gcc/arm-none-eabi/8.2.1/../../../../arm-none-eabi/lib/thumb/v7e-m+fp/hard\libm.a(lib_a-wf_exp.o)
__aeabi_i2d                                       d:/apps/embedded_gcc/arm_gcc/bin/../lib/gcc/arm-none-eabi/8.2.1/thumb/v7e-m+fp/hard\libgcc.a(_arm_addsubdf3.o)
__aeabi_l2d                                       d:/apps/embedded_gcc/arm_gcc/bin/../lib/gcc/arm-none-eabi/8.2.1/thumb/v7e-m+fp/hard\libgcc.a(_arm_addsubdf3.o)
__aeabi_ui2d                                      d:/apps/embedded_gcc/arm_gcc/bin/../lib/gcc/arm-none-eabi/8.2.1/thumb/v7e-m+fp/hard\libgcc.a(_arm_addsubdf3.o)
__aeabi_ul2d                                      d:/apps/embedded_gcc/arm_gcc/bin/../lib/gcc/arm-none-eabi/8.2.1/thumb/v7e-m+fp/hard\libgcc.a(_arm_addsubdf3.o)
__bss_end__                                       d:/apps/embedded_gcc/arm_gcc/bin/../lib/gcc/arm-none-eabi/8.2.1/../../../../arm-none-eabi/lib/thumb/v7e-m+fp/hard/crt0.o
__bss_start__                                     d:/apps/embedded_gcc/arm_gcc/bin/../lib/gcc/arm-none-eabi/8.2.1/../../../../arm-none-eabi/lib/thumb/v7e-m+fp/hard/crt0.o
__call_exitprocs                                  d:/apps/embedded_gcc/arm_gcc/bin/../lib/gcc/arm-none-eabi/8.2.1/../../../../arm-none-eabi/lib/thumb/v7e-m+fp/hard\libc_nano.a(lib_a-exit.o)
__deregister_frame_info                           d:/apps/embedded_gcc/arm_gcc/bin/../lib/gcc/arm-none-eabi/8.2.1/thumb/v7e-m+fp/hard/crtbegin.o
__divdf3                                          d:/apps/embedded_gcc/arm_gcc/bin/../lib/gcc/arm-none-eabi/8.2.1/thumb/v7e-m+fp/hard\libgcc.a(_arm_muldivdf3.o)
__dso_handle                                      d:/apps/embedded_gcc/arm_gcc/bin/../lib/gcc/arm-none-eabi/8.2.1/thumb/v7e-m+fp/hard/crtbegin.o
__errno                                           d:/apps/embedded_gcc/arm_gcc/bin/../lib/gcc/arm-none-eabi/8.2.1/../../../../arm-none-eabi/lib/thumb/v7e-m+fp/hard\libc_nano.a(lib_a-errno.o)
                                                  d:/apps/embedded_gcc/arm_gcc/bin/../lib/gcc/arm-none-eabi/8.2.1/../../../../arm-none-eabi/lib/thumb/v7e-m+fp/hard\libm.a(lib_a-wf_sqrt.o)
                                                  d:/apps/embedded_gcc/arm_gcc/bin/../lib/gcc/arm-none-eabi/8.2.1/../../../../arm-none-eabi/lib/thumb/v7e-m+fp/hard\libm.a(lib_a-wf_pow.o)
                                                  d:/apps/embedded_gcc/arm_gcc/bin/../lib/gcc/arm-none-eabi/8.2.1/../../../../arm-none-eabi/lib/thumb/v7e-m+fp/hard\libm.a(lib_a-wf_log.o)
                                                  d:/apps/embedded_gcc/arm_gcc/bin/../lib/gcc/arm-none-eabi/8.2.1/../../../../arm-none-eabi/lib/thumb/v7e-m+fp/hard\libm.a(lib_a-wf_fmod.o)
                                                  d:/apps/embedded_gcc/arm_gcc/bin/../lib/gcc/arm-none-eabi/8.2.1/../../../../arm-none-eabi/lib/thumb/v7e-m+fp/hard\libm.a(lib_a-wf_exp.o)
__extendsfdf2                                     d:/apps/embedded_gcc/arm_gcc/bin/../lib/gcc/arm-none-eabi/8.2.1/thumb/v7e-m+fp/hard\libgcc.a(_arm_addsubdf3.o)
__fdlib_version                                   d:/apps/embedded_gcc/arm_gcc/bin/../lib/gcc/arm-none-eabi/8.2.1/../../../../arm-none-eabi/lib/thumb/v7e-m+fp/hard\libm.a(lib_a-s_lib_ver.o)
                                                  d:/apps/embedded_gcc/arm_gcc/bin/../lib/gcc/arm-none-eabi/8.2.1/../../../../arm-none-eabi/lib/thumb/v7e-m+fp/hard\libm.a(lib_a-wf_sqrt.o)
                                                  d:/apps/embedded_gcc/arm_gcc/bin/../lib/gcc/arm-none-eabi/8.2.1/../../../../arm-none-eabi/lib/thumb/v7e-m+fp/hard\libm.a(lib_a-wf_pow.o)
                                                  d:/apps/embedded_gcc/arm_gcc/bin/../lib/gcc/arm-none-eabi/8.2.1/../../../../arm-none-eabi/lib/thumb/v7e-m+fp/hard\libm.a(lib_a-wf_log.o)
                                                  d:/apps/embedded_gcc/arm_gcc/bin/../lib/gcc/arm-none-eabi/8.2.1/../../../../arm-none-eabi/lib/thumb/v7e-m+fp/hard\libm.a(lib_a-wf_fmod.o)
                                                  d:/apps/embedded_gcc/arm_gcc/bin/../lib/gcc/arm-none-eabi/8.2.1/../../../../arm-none-eabi/lib/thumb/v7e-m+fp/hard\libm.a(lib_a-wf_exp.o)
__floatdidf                                       d:/apps/embedded_gcc/arm_gcc/bin/../lib/gcc/arm-none-eabi/8.2.1/thumb/v7e-m+fp/hard\libgcc.a(_arm_addsubdf3.o)
__floatsidf                                       d:/apps/embedded_gcc/arm_gcc/bin/../lib/gcc/arm-none-eabi/8.2.1/thumb/v7e-m+fp/hard\libgcc.a(_arm_addsubdf3.o)
__floatundidf                                     d:/apps/embedded_gcc/arm_gcc/bin/../lib/gcc/arm-none-eabi/8.2.1/thumb/v7e-m+fp/hard\libgcc.a(_arm_addsubdf3.o)
__floatunsidf                                     d:/apps/embedded_gcc/arm_gcc/bin/../lib/gcc/arm-none-eabi/8.2.1/thumb/v7e-m+fp/hard\libgcc.a(_arm_addsubdf3.o)
__ieee754_expf                                    d:/apps/embedded_gcc/arm_gcc/bin/../lib/gcc/arm-none-eabi/8.2.1/../../../../arm-none-eabi/lib/thumb/v7e-m+fp/hard\libm.a(lib_a-ef_exp.o)
                                                  d:/apps/embedded_gcc/arm_gcc/bin/../lib/gcc/arm-none-eabi/8.2.1/../../../../arm-none-eabi/lib/thumb/v7e-m+fp/hard\libm.a(lib_a-wf_exp.o)
__ieee754_fmodf                                   d:/apps/embedded_gcc/arm_gcc/bin/../lib/gcc/arm-none-eabi/8.2.1/../../../../arm-none-eabi/lib/thumb/v7e-m+fp/hard\libm.a(lib_a-ef_fmod.o)
                                                  d:/apps/embedded_gcc/arm_gcc/bin/../lib/gcc/arm-none-eabi/8.2.1/../../../../arm-none-eabi/lib/thumb/v7e-m+fp/hard\libm.a(lib_a-wf_fmod.o)
__ieee754_logf                                    d:/apps/embedded_gcc/arm_gcc/bin/../lib/gcc/arm-none-eabi/8.2.1/../../../../arm-none-eabi/lib/thumb/v7e-m+fp/hard\libm.a(lib_a-ef_log.o)
                                                  d:/apps/embedded_gcc/arm_gcc/bin/../lib/gcc/arm-none-eabi/8.2.1/../../../../arm-none-eabi/lib/thumb/v7e-m+fp/hard\libm.a(lib_a-wf_log.o)
__ieee754_powf                                    d:/apps/embedded_gcc/arm_gcc/bin/../lib/gcc/arm-none-eabi/8.2.1/../../../../arm-none-eabi/lib/thumb/v7e-m+fp/hard\libm.a(lib_a-ef_pow.o)
                                                  d:/apps/embedded_gcc/arm_gcc/bin/../lib/gcc/arm-none-eabi/8.2.1/../../../../arm-none-eabi/lib/thumb/v7e-m+fp/hard\libm.a(lib_a-wf_pow.o)
__ieee754_sqrtf                                   d:/apps/embedded_gcc/arm_gcc/bin/../lib/gcc/arm-none-eabi/8.2.1/../../../../arm-none-eabi/lib/thumb/v7e-m+fp/hard\libm.a(lib_a-ef_sqrt.o)
                                                  d:/apps/embedded_gcc/arm_gcc/bin/../lib/gcc/arm-none-eabi/8.2.1/../../../../arm-none-eabi/lib/thumb/v7e-m+fp/hard\libm.a(lib_a-ef_pow.o)
                                                  d:/apps/embedded_gcc/arm_gcc/bin/../lib/gcc/arm-none-eabi/8.2.1/../../../../arm-none-eabi/lib/thumb/v7e-m+fp/hard\libm.a(lib_a-wf_sqrt.o)
__init_array_end                                  d:/apps/embedded_gcc/arm_gcc/bin/../lib/gcc/arm-none-eabi/8.2.1/../../../../arm-none-eabi/lib/thumb/v7e-m+fp/hard\libc_nano.a(lib_a-init.o)
__init_array_start                                d:/apps/embedded_gcc/arm_gcc/bin/../lib/gcc/arm-none-eabi/8.2.1/../../../../arm-none-eabi/lib/thumb/v7e-m+fp/hard\libc_nano.a(lib_a-init.o)
__libc_fini_array                                 d:/apps/embedded_gcc/arm_gcc/bin/../lib/gcc/arm-none-eabi/8.2.1/../../../../arm-none-eabi/lib/thumb/v7e-m+fp/hard/crt0.o