Archive member included to satisfy reference by file (symbol)

d:/apps/embedded_gcc/arm_gcc/bin/../lib/gcc/arm-none-eabi/8.2.1/../../../../arm-none-eabi/lib/thumb/v7e-m+fp/hard\libc_nano.a(lib_a-exit.o)
                              d:/apps/embedded_gcc/arm_gcc/bin/../lib/gcc/arm-none-eabi/8.2.1/../../../../arm-none-eabi/lib/thumb/v7e-m+fp/hard/crt0.o (exit)
d:/apps/embedded_gcc/arm_gcc/bin/../lib/gcc/arm-none-eabi/8.2.1/../../../../arm-none-eabi/lib/thumb/v7e-m+fp/hard\libc_nano.a(lib_a-impure.o)
                              d:/apps/embedded_gcc/arm_gcc/bin/../lib/gcc/arm-none-eabi/8.2.1/../../../../arm-none-eabi/lib/thumb/v7e-m+fp/hard\libc_nano.a(lib_a-exit.o) (_global_impure_ptr)
d:/apps/embedded_gcc/arm_gcc/bin/../lib/gcc/arm-none-eabi/8.2.1/../../../../arm-none-eabi/lib/thumb/v7e-m+fp/hard\libc_nano.a(lib_a-init.o)
                              d:/apps/embedded_gcc/arm_gcc/bin/../lib/gcc/arm-none-eabi/8.2.1/../../../../arm-none-eabi/lib/thumb/v7e-m+fp/hard/crt0.o (__libc_init_array)
d:/apps/embedded_gcc/arm_gcc/bin/../lib/gcc/arm-none-eabi/8.2.1/../../../../arm-none-eabi/lib/thumb/v7e-m+fp/hard\libc_nano.a(lib_a-memcpy-stub.o)
                              build/utils.o (memcpy)
d:/apps/embedded_gcc/arm_gcc/bin/../lib/gcc/arm-none-eabi/8.2.1/../../../../arm-none-eabi/lib/thumb/v7e-m+fp/hard\libc_nano.a(lib_a-memset.o)
                              d:/apps/embedded_gcc/arm_gcc/bin/../lib/gcc/arm-none-eabi/8.2.1/../../../../arm-none-eabi/lib/thumb/v7e-m+fp/hard/crt0.o (memset)
d:/apps/embedded_gcc/arm_gcc/bin/../lib/gcc/arm-none-eabi/8.2.1/../../../../arm-none-eabi/lib/thumb/v7e-m+fp/hard\libc_nano.a(lib_a-qsort.o)
                              build/utils.o (qsort)
d:/apps/embedded_gcc/arm_gcc/bin/../lib/gcc/arm-none-eabi/8.2.1/../../../../arm-none-eabi/lib/thumb/v7e-m+fp/hard\libc_nano.a(lib_a-strcat.o)
                              build/utils.o (strcat)
d:/apps/embedded_gcc/arm_gcc/bin/../lib/gcc/arm-none-eabi/8.2.1/../../../../arm-none-eabi/lib/thumb/v7e-m+fp/hard\libm.a(lib_a-w_exp.o)
                              build/main.o (exp)
d:/apps/embedded_gcc/arm_gcc/bin/../lib/gcc/arm-none-eabi/8.2.1/../../../../arm-none-eabi/lib/thumb/v7e-m+fp/hard\libm.a(lib_a-wf_exp.o)
                              build/utils.o (expf)
d:/apps/embedded_gcc/arm_gcc/bin/../lib/gcc/arm-none-eabi/8.2.1/../../../../arm-none-eabi/lib/thumb/v7e-m+fp/hard\libm.a(lib_a-wf_fmod.o)
                              build/utils.o (fmodf)
d:/apps/embedded_gcc/arm_gcc/bin/../lib/gcc/arm-none-eabi/8.2.1/../../../../arm-none-eabi/lib/thumb/v7e-m+fp/hard\libm.a(lib_a-wf_log.o)
                              build/main.o (logf)
d:/apps/embedded_gcc/arm_gcc/bin/../lib/gcc/arm-none-eabi/8.2.1/../../../../arm-none-eabi/lib/thumb/v7e-m+fp/hard\libm.a(lib_a-wf_pow.o)
                              build/utils.o (powf)
d:/apps/embedded_gcc/arm_gcc/bin/../lib/gcc/arm-none-eabi/8.2.1/../../../../arm-none-eabi/lib/thumb/v7e-m+fp/hard\libm.a(lib_a-wf_sqrt.o)
                              build/main.o (sqrtf)
d:/apps/embedded_gcc/arm_gcc/bin/../lib/gcc/arm-none-eabi/8.2.1/../../../../arm-none-eabi/lib/thumb/v7e-m+fp/hard\libm.a(lib_a-e_exp.o)
                              d:/apps/embedded_gcc/arm_gcc/bin/../lib/gcc/arm-none-eabi/8.2.1/../../../../arm-none-eabi/lib/thumb/v7e-m+fp/hard\libm.a(lib_a-w_exp.o) (__ieee754_exp)
d:/apps/embedded_gcc/arm_gcc/bin/../lib/gcc/arm-none-eabi/8.2.1/../../../../arm-none-eabi/lib/thumb/v7e-m+fp/hard\libm.a(lib_a-ef_exp.o)
                              d:/apps/embedded_gcc/arm_gcc/bin/../lib/gcc/arm-none-eabi/8.2.1/../../../../arm-none-eabi/lib/thumb/v7e-m+fp/hard\libm.a(lib_a-wf_exp.o) (__ieee754_expf)
d:/apps/embedded_gcc/arm_gcc/bin/../lib/gcc/arm-none-eabi/8.2.1/../../../../arm-none-eabi/lib/thumb/v7e-m+fp/hard\libm.a(lib_a-ef_fmod.o)
                              d:/apps/embedded_gcc/arm_gcc/bin/../lib/gcc/arm-none-eabi/8.2.1/../../../../arm-none-eabi/lib/thumb/v7e-m+fp/hard\libm.a(lib_a-wf_fmod.o) (__ieee754_fmodf)
d:/apps/embedded_gcc/arm_gcc/bin/../lib/gcc/arm-none-eabi/8.2.1/../../../../arm-none-eabi/lib/thumb/v7e-m+fp/hard\libm.a(lib_a-ef_log.o)
                              d:/apps/embedded_gcc/arm_gcc/bin/../lib/gcc/arm-none-eabi/8.2.1/../../../../arm-none-eabi/lib/thumb/v7e-m+fp/hard\libm.a(lib_a-wf_log.o) (__ieee754_logf)
d:/apps/embedded_gcc/arm_gcc/bin/../lib/gcc/arm-none-eabi/8.2.1/../../../../arm-none-eabi/lib/thumb/v7e-m+fp/hard\libm.a(lib_a-ef_pow.o)
                              d:/apps/embedded_gcc/arm_gcc/bin/../lib/gcc/arm-none-eabi/8.2.1/../../../../arm-none-eabi/lib/thumb/v7e-m+fp/hard\libm.a(lib_a-wf_pow.o) (__ieee754_powf)
d:/apps/embedded_gcc/arm_gcc/bin/../lib/gcc/arm-none-eabi/8.2.1/../../../../arm-none-eabi/lib/thumb/v7e-m+fp/hard\libm.a(lib_a-ef_sqrt.o)
                              d:/apps/embedded_gcc/arm_gcc/bin/../lib/gcc/arm-none-eabi/8.2.1/../../../../arm-none-eabi/lib/thumb/v7e-m+fp/hard\libm.a(lib_a-wf_sqrt.o) (__ieee754_sqrtf)
[...]
Memory Configuration

Name             Origin             Length             Attributes
RAM              0x0000000020000000 0x0000000000020000 xrw
FLASH            0x0000000008000000 0x0000000000080000 xr
*default*        0x0000000000000000 0xffffffffffffffff

Linker script and memory map

LOAD d:/apps/embedded_gcc/arm_gcc/bin/../lib/gcc/arm-none-eabi/8.2.1/thumb/v7e-m+fp/hard/crti.o
LOAD d:/apps/embedded_gcc/arm_gcc/bin/../lib/gcc/arm-none-eabi/8.2.1/thumb/v7e-m+fp/hard/crtbegin.o
LOAD d:/apps/embedded_gcc/arm_gcc/bin/../lib/gcc/arm-none-eabi/8.2.1/../../../../arm-none-eabi/lib/thumb/v7e-m+fp/hard/crt0.o
LOAD build/main.o
LOAD build/gpio.o
LOAD build/adc.o
LOAD build/hrtim.o
LOAD build/sys.o
LOAD build/usart.o
LOAD build/stm32g4xx_it.o
LOAD build/stm32g4xx_ll_utils.o
LOAD build/stm32g4xx_ll_exti.o
LOAD build/stm32g4xx_ll_gpio.o
LOAD build/stm32g4xx_ll_adc.o
LOAD build/stm32g4xx_ll_dma.o
LOAD build/stm32g4xx_ll_hrtim.o
LOAD build/stm32g4xx_ll_pwr.o
LOAD build/stm32g4xx_ll_usart.o
LOAD build/stm32g4xx_ll_rcc.o
LOAD build/system_stm32g4xx.o
LOAD build/tim.o
LOAD build/stm32g4xx_ll_tim.o
LOAD build/lptim.o
LOAD build/utils.o
LOAD build/stm32g4xx_ll_lptim.o
LOAD build/startup_stm32g474xx.o
LOAD d:/apps/embedded_gcc/arm_gcc/bin/../lib/gcc/arm-none-eabi/8.2.1/../../../../arm-none-eabi/lib/thumb/v7e-m+fp/hard\libc_nano.a
LOAD d:/apps/embedded_gcc/arm_gcc/bin/../lib/gcc/arm-none-eabi/8.2.1/../../../../arm-none-eabi/lib/thumb/v7e-m+fp/hard\libm.a
LOAD d:/apps/embedded_gcc/arm_gcc/bin/../lib/gcc/arm-none-eabi/8.2.1/../../../../arm-none-eabi/lib/thumb/v7e-m+fp/hard\libnosys.a
START GROUP
LOAD d:/apps/embedded_gcc/arm_gcc/bin/../lib/gcc/arm-none-eabi/8.2.1/thumb/v7e-m+fp/hard\libgcc.a
LOAD d:/apps/embedded_gcc/arm_gcc/bin/../lib/gcc/arm-none-eabi/8.2.1/../../../../arm-none-eabi/lib/thumb/v7e-m+fp/hard\libc_nano.a
END GROUP
START GROUP
LOAD d:/apps/embedded_gcc/arm_gcc/bin/../lib/gcc/arm-none-eabi/8.2.1/thumb/v7e-m+fp/hard\libgcc.a
LOAD d:/apps/embedded_gcc/arm_gcc/bin/../lib/gcc/arm-none-eabi/8.2.1/../../../../arm-none-eabi/lib/thumb/v7e-m+fp/hard\libc_nano.a
END GROUP
LOAD d:/apps/embedded_gcc/arm_gcc/bin/../lib/gcc/arm-none-eabi/8.2.1/thumb/v7e-m+fp/hard/crtend.o
LOAD d:/apps/embedded_gcc/arm_gcc/bin/../lib/gcc/arm-none-eabi/8.2.1/thumb/v7e-m+fp/hard/crtn.o
                0x0000000020020000                _estack = 0x20020000
                0x0000000000000200                _Min_Heap_Size = 0x200
                0x0000000000000400                _Min_Stack_Size = 0x400

.isr_vector     0x0000000008000000      0x1d8
                0x0000000008000000                . = ALIGN (0x4)
 *(.isr_vector)
 .isr_vector    0x0000000008000000      0x1d8 build/startup_stm32g474xx.o
                0x0000000008000000                g_pfnVectors
                0x00000000080001d8                . = ALIGN (0x4)

.text           0x00000000080001d8     0xf8ac
                0x00000000080001d8                . = ALIGN (0x4)
 *(.text)
 .text          0x00000000080001d8      0x378 d:/apps/embedded_gcc/arm_gcc/bin/../lib/gcc/arm-none-eabi/8.2.1/thumb/v7e-m+fp/hard\libgcc.a(_arm_addsubdf3.o)
                0x00000000080001d8                __aeabi_drsub
                0x00000000080001e0                __aeabi_dsub
                0x00000000080001e0                __subdf3
                0x00000000080001e4                __aeabi_dadd
                0x00000000080001e4                __adddf3
                0x000000000800045c                __floatunsidf
                0x000000000800045c                __aeabi_ui2d
                0x000000000800047c                __floatsidf
                0x000000000800047c                __aeabi_i2d
                0x00000000080004a0                __aeabi_f2d
                0x00000000080004a0                __extendsfdf2
                0x00000000080004e4                __floatundidf
                0x00000000080004e4                __aeabi_ul2d
                0x00000000080004f4                __floatdidf
                0x00000000080004f4                __aeabi_l2d
 .text          0x0000000008000550      0x424 d:/apps/embedded_gcc/arm_gcc/bin/../lib/gcc/arm-none-eabi/8.2.1/thumb/v7e-m+fp/hard\libgcc.a(_arm_muldivdf3.o)
                0x0000000008000550                __aeabi_dmul
                0x0000000008000550                __muldf3
                0x00000000080007a4                __divdf3
                0x00000000080007a4                __aeabi_ddiv
 .text          0x0000000008000974      0x110 d:/apps/embedded_gcc/arm_gcc/bin/../lib/gcc/arm-none-eabi/8.2.1/thumb/v7e-m+fp/hard\libgcc.a(_arm_cmpdf2.o)
                0x0000000008000974                __gtdf2
                0x0000000008000974                __gedf2
                0x000000000800097c                __ltdf2
                0x000000000800097c                __ledf2
                0x0000000008000984                __nedf2
                0x0000000008000984                __eqdf2
                0x0000000008000984                __cmpdf2
                0x0000000008000a00                __aeabi_cdrcmple
                0x0000000008000a10                __aeabi_cdcmpeq
                0x0000000008000a10                __aeabi_cdcmple
                0x0000000008000a20                __aeabi_dcmpeq
                0x0000000008000a34                __aeabi_dcmplt
                0x0000000008000a48                __aeabi_dcmple
                0x0000000008000a5c                __aeabi_dcmpge
                0x0000000008000a70                __aeabi_dcmpgt
 .text          0x0000000008000a84       0x50 d:/apps/embedded_gcc/arm_gcc/bin/../lib/gcc/arm-none-eabi/8.2.1/thumb/v7e-m+fp/hard\libgcc.a(_arm_fixdfsi.o)
                0x0000000008000a84                __aeabi_d2iz
                0x0000000008000a84                __fixdfsi
 .text          0x0000000008000ad4       0xa0 d:/apps/embedded_gcc/arm_gcc/bin/../lib/gcc/arm-none-eabi/8.2.1/thumb/v7e-m+fp/hard\libgcc.a(_arm_truncdfsf2.o)
                0x0000000008000ad4                __truncdfsf2
                0x0000000008000ad4                __aeabi_d2f
 *(.text*)
 .text.deregister_tm_clones
                0x0000000008000b74       0x1c d:/apps/embedded_gcc/arm_gcc/bin/../lib/gcc/arm-none-eabi/8.2.1/thumb/v7e-m+fp/hard/crtbegin.o
 .text.register_tm_clones
                0x0000000008000b90       0x24 d:/apps/embedded_gcc/arm_gcc/bin/../lib/gcc/arm-none-eabi/8.2.1/thumb/v7e-m+fp/hard/crtbegin.o
 .text.__do_global_dtors_aux
                0x0000000008000bb4       0x28 d:/apps/embedded_gcc/arm_gcc/bin/../lib/gcc/arm-none-eabi/8.2.1/thumb/v7e-m+fp/hard/crtbegin.o
 .text.frame_dummy
                0x0000000008000bdc       0x24 d:/apps/embedded_gcc/arm_gcc/bin/../lib/gcc/arm-none-eabi/8.2.1/thumb/v7e-m+fp/hard/crtbegin.o
 .text.__NVIC_SetPriorityGrouping
                0x0000000008000c00       0x48 build/main.o
 .text.__NVIC_SystemReset
                0x0000000008000c48       0x28 build/main.o
 .text.LL_ADC_INJ_StartConversion
                0x0000000008000c70       0x28 build/main.o
 .text.LL_ADC_ClearFlag_JEOS
                0x0000000008000c98       0x1a build/main.o
 .text.LL_HRTIM_EnableOutput
                0x0000000008000cb2       0x2a build/main.o
 .text.LL_HRTIM_DisableOutput
                0x0000000008000cdc       0x2a build/main.o
 *fill*         0x0000000008000d06        0x2 
 .text.LL_HRTIM_TIM_GetPeriod
                0x0000000008000d08       0x48 build/main.o
 .text.LL_HRTIM_TIM_SetCompare1
                0x0000000008000d50       0x50 build/main.o
 .text.LL_RCC_HSE_Enable
                0x0000000008000da0       0x20 build/main.o
 .text.LL_RCC_HSE_IsReady
                0x0000000008000dc0       0x28 build/main.o
 .text.LL_RCC_SetSysClkSource
                0x0000000008000de8       0x28 build/main.o
 .text.LL_RCC_GetSysClkSource
                0x0000000008000e10       0x1c build/main.o
 .text.LL_RCC_SetAHBPrescaler
                0x0000000008000e2c       0x28 build/main.o
 .text.LL_RCC_SetAPB1Prescaler
                0x0000000008000e54       0x28 build/main.o
 .text.LL_RCC_SetAPB2Prescaler
                0x0000000008000e7c       0x28 build/main.o
 .text.LL_RCC_SetUSARTClockSource
                0x0000000008000ea4       0x34 build/main.o
 .text.LL_RCC_SetLPTIMClockSource
                0x0000000008000ed8       0x2c build/main.o
 .text.LL_RCC_SetADCClockSource
                0x0000000008000f04       0x48 build/main.o
 .text.LL_RCC_PLL_Enable
                0x0000000008000f4c       0x20 build/main.o
 .text.LL_RCC_PLL_IsReady
                0x0000000008000f6c       0x28 build/main.o
 .text.LL_RCC_PLL_ConfigDomain_SYS
                0x0000000008000f94       0x40 build/main.o
 .text.LL_RCC_PLL_ConfigDomain_ADC
                0x0000000008000fd4       0x40 build/main.o
 .text.LL_RCC_PLL_EnableDomain_ADC
                0x0000000008001014       0x20 build/main.o
 .text.LL_RCC_PLL_EnableDomain_SYS
                0x0000000008001034       0x20 build/main.o
 .text.LL_APB1_GRP1_EnableClock
                0x0000000008001054       0x30 build/main.o
 .text.LL_APB2_GRP1_EnableClock
                0x0000000008001084       0x30 build/main.o
 .text.LL_FLASH_SetLatency
                0x00000000080010b4       0x28 build/main.o
 .text.LL_SYSTICK_SetClkSource
                0x00000000080010dc       0x38 build/main.o
 .text.LL_PWR_EnableRange1BoostMode
                0x0000000008001114       0x24 build/main.o
 .text.LL_PWR_DisableDeadBatteryPD
                0x0000000008001138       0x20 build/main.o
 .text.LL_TIM_IC_GetCaptureCH1
                0x0000000008001158       0x18 build/main.o
 .text.LL_TIM_IC_GetCaptureCH2
                0x0000000008001170       0x18 build/main.o
 .text.LL_TIM_ClearFlag_CC1
                0x0000000008001188       0x1c build/main.o
 .text.LL_TIM_IsActiveFlag_CC1
                0x00000000080011a4       0x26 build/main.o
 .text.LL_GPIO_IsInputPinSet
                0x00000000080011ca       0x2a build/main.o
 .text.LL_GPIO_ResetOutputPin
                0x00000000080011f4       0x1c build/main.o
 .text.LL_GPIO_TogglePin
                0x0000000008001210       0x22 build/main.o
 .text.LPF_calc
                0x0000000008001232       0x3e build/main.o
 .text.HPF_calc
                0x0000000008001270       0x46 build/main.o
 *fill*         0x00000000080012b6        0x2 
 .text.utSinPU  0x00000000080012b8       0xc0 build/main.o
 .text.utSinAbs
                0x0000000008001378       0x50 build/main.o
 .text.utCosAbs
                0x00000000080013c8       0x54 build/main.o
 .text.ModelBLDC_Init
                0x000000000800141c       0xec build/main.o
 .text.ModelBLDC_Calc
                0x0000000008001508      0x664 build/main.o
 .text.bldcpwm_update
                0x0000000008001b6c      0x188 build/main.o
 .text.Svgen_calc
                0x0000000008001cf4      0x1ac build/main.o
 .text.PI_calc  0x0000000008001ea0       0xe8 build/main.o
 .text.Volt_calc
                0x0000000008001f88       0xe8 build/main.o
 .text.FluxObs_calc
                0x0000000008002070      0x19e build/main.o
 *fill*         0x000000000800220e        0x2 
 .text.Smopos_calc
                0x0000000008002210      0x30c build/main.o
 .text.Prot_calc
                0x000000000800251c      0x124 build/main.o
 .text.Pll_calc
                0x0000000008002640      0x144 build/main.o
 .text.CMTN_run
                0x0000000008002784      0x65c build/main.o
 .text.Foc_Init
                0x0000000008002de0      0x478 build/main.o
 .text.datalogCalc
                0x0000000008003258      0x168 build/main.o
 .text.ntc_temperature
                0x00000000080033c0       0x9c build/main.o
 .text.Hall_update
                0x000000000800345c      0x300 build/main.o
 .text.main     0x000000000800375c      0x1b0 build/main.o
                0x000000000800375c                main
 .text.CoreInit
                0x000000000800390c      0x100 build/main.o
                0x000000000800390c                CoreInit
 .text.CoreStart
                0x0000000008003a0c       0x78 build/main.o
                0x0000000008003a0c                CoreStart
 .text.ADC1_2_IRQHandler
                0x0000000008003a84     0x5138 build/main.o
                0x0000000008003a84                ADC1_2_IRQHandler
 .text.TIM2_IRQHandler
                0x0000000008008bbc       0x54 build/main.o
                0x0000000008008bbc                TIM2_IRQHandler
 .text.LL_AHB2_GRP1_EnableClock
                0x0000000008008c10       0x30 build/gpio.o
 .text.LL_GPIO_ResetOutputPin
                0x0000000008008c40       0x1c build/gpio.o
 .text.MX_GPIO_Init
                0x0000000008008c5c      0x17c build/gpio.o
                0x0000000008008c5c                MX_GPIO_Init
 .text.__NVIC_GetPriorityGrouping
                0x0000000008008dd8       0x1c build/adc.o
 .text.__NVIC_EnableIRQ
                0x0000000008008df4       0x3c build/adc.o
 .text.__NVIC_SetPriority
                0x0000000008008e30       0x54 build/adc.o
 .text.NVIC_EncodePriority
                0x0000000008008e84       0x66 build/adc.o
 .text.LL_ADC_SetGainCompensation
                0x0000000008008eea       0x4a build/adc.o
 .text.LL_ADC_REG_SetSequencerRanks
                0x0000000008008f34       0x52 build/adc.o
 .text.LL_ADC_INJ_SetTriggerEdge
                0x0000000008008f86       0x26 build/adc.o
 .text.LL_ADC_INJ_SetSequencerRanks
                0x0000000008008fac       0x44 build/adc.o
 .text.LL_ADC_INJ_SetQueueMode
                0x0000000008008ff0       0x2a build/adc.o
 .text.LL_ADC_SetChannelSamplingTime
                0x000000000800901a       0x50 build/adc.o
 *fill*         0x000000000800906a        0x2 
 .text.LL_ADC_SetChannelSingleDiff
                0x000000000800906c       0x48 build/adc.o
 .text.LL_ADC_SetOverSamplingScope
                0x00000000080090b4       0x2a build/adc.o
 .text.LL_ADC_ConfigOverSamplingRatioShift
                0x00000000080090de       0x2c build/adc.o
 .text.LL_ADC_DisableDeepPowerDown
                0x000000000800910a       0x24 build/adc.o
 .text.LL_ADC_EnableInternalRegulator
                0x000000000800912e       0x28 build/adc.o
 .text.LL_ADC_Enable
                0x0000000008009156       0x28 build/adc.o
 .text.LL_ADC_StartCalibration
                0x000000000800917e       0x32 build/adc.o
 .text.LL_ADC_IsCalibrationOnGoing
                0x00000000080091b0       0x28 build/adc.o
 .text.LL_ADC_INJ_StartConversion
                0x00000000080091d8       0x28 build/adc.o
 .text.LL_ADC_IsActiveFlag_ADRDY
                0x0000000008009200       0x26 build/adc.o
 .text.LL_ADC_ClearFlag_ADRDY
                0x0000000008009226       0x1a build/adc.o
 .text.LL_ADC_EnableIT_JEOS
                0x0000000008009240       0x20 build/adc.o
 .text.LL_ADC_DisableIT_EOC
                0x0000000008009260       0x20 build/adc.o
 .text.LL_ADC_DisableIT_EOS
                0x0000000008009280       0x20 build/adc.o
 .text.LL_ADC_DisableIT_JEOC
                0x00000000080092a0       0x20 build/adc.o
 .text.LL_ADC_DisableIT_JEOS
                0x00000000080092c0       0x20 build/adc.o
 .text.LL_AHB2_GRP1_EnableClock
                0x00000000080092e0       0x30 build/adc.o
 .text.adc_start_bldc
                0x0000000008009310       0xc0 build/adc.o
                0x0000000008009310                adc_start_bldc
 .text.adc_start
                0x00000000080093d0       0xc0 build/adc.o
                0x00000000080093d0                adc_start
 .text.MX_ADC1_Init
                0x0000000008009490      0x25c build/adc.o
                0x0000000008009490                MX_ADC1_Init
 .text.MX_ADC2_Init
                0x00000000080096ec      0x1b0 build/adc.o
                0x00000000080096ec                MX_ADC2_Init
 .text.MX_ADC3_Init
                0x000000000800989c      0x14c build/adc.o
                0x000000000800989c                MX_ADC3_Init
 .text.ADC1_Init_BLDC
                0x00000000080099e8      0x26c build/adc.o
                0x00000000080099e8                ADC1_Init_BLDC
 .text.ADC2_Init_BLDC
                0x0000000008009c54      0x208 build/adc.o
                0x0000000008009c54                ADC2_Init_BLDC
 .text.__NVIC_GetPriorityGrouping
                0x0000000008009e5c       0x1c build/hrtim.o
 .text.__NVIC_EnableIRQ
                0x0000000008009e78       0x3c build/hrtim.o
 .text.__NVIC_SetPriority
                0x0000000008009eb4       0x54 build/hrtim.o
 .text.NVIC_EncodePriority
                0x0000000008009f08       0x66 build/hrtim.o
 .text.LL_HRTIM_ForceUpdate
                0x0000000008009f6e       0x2c build/hrtim.o
 .text.LL_HRTIM_EnableOutput
                0x0000000008009f9a       0x2a build/hrtim.o
 .text.LL_HRTIM_ConfigADCTrig
                0x0000000008009fc4       0x98 build/hrtim.o
 .text.LL_HRTIM_SetADCPostScaler
                0x000000000800a05c       0xc8 build/hrtim.o
 .text.LL_HRTIM_ConfigDLLCalibration
                0x000000000800a124       0x30 build/hrtim.o
 .text.LL_HRTIM_StartDLLCalibration
                0x000000000800a154       0x24 build/hrtim.o
 .text.LL_HRTIM_TIM_CounterEnable
                0x000000000800a178       0x22 build/hrtim.o
 *fill*         0x000000000800a19a        0x2 
 .text.LL_HRTIM_TIM_SetPrescaler
                0x000000000800a19c       0x50 build/hrtim.o
 .text.LL_HRTIM_TIM_SetCounterMode
                0x000000000800a1ec       0x50 build/hrtim.o
 .text.LL_HRTIM_TIM_DisableHalfMode
                0x000000000800a23c       0x60 build/hrtim.o
 .text.LL_HRTIM_TIM_DisableResyncUpdate
                0x000000000800a29c       0x4c build/hrtim.o
 .text.LL_HRTIM_TIM_SetInterleavedMode
                0x000000000800a2e8       0x70 build/hrtim.o
 .text.LL_HRTIM_TIM_DisableStartOnSync
                0x000000000800a358       0x48 build/hrtim.o
 .text.LL_HRTIM_TIM_DisableResetOnSync
                0x000000000800a3a0       0x48 build/hrtim.o
 .text.LL_HRTIM_TIM_SetDACTrig
                0x000000000800a3e8       0x50 build/hrtim.o
 .text.LL_HRTIM_TIM_EnablePreload
                0x000000000800a438       0x48 build/hrtim.o
 .text.LL_HRTIM_TIM_DisablePreload
                0x000000000800a480       0x48 build/hrtim.o
 .text.LL_HRTIM_TIM_SetUpdateTrig
                0x000000000800a4c8       0x64 build/hrtim.o
 .text.LL_HRTIM_TIM_SetUpdateGating
                0x000000000800a52c       0x64 build/hrtim.o
 .text.LL_HRTIM_TIM_DisablePushPullMode
                0x000000000800a590       0x4c build/hrtim.o
 .text.LL_HRTIM_TIM_SetPeriod
                0x000000000800a5dc       0x50 build/hrtim.o
 .text.LL_HRTIM_TIM_SetRepetition
                0x000000000800a62c       0x50 build/hrtim.o
 .text.LL_HRTIM_TIM_SetCompare1
                0x000000000800a67c       0x50 build/hrtim.o
 .text.LL_HRTIM_TIM_SetResetTrig
                0x000000000800a6cc       0x48 build/hrtim.o
 .text.LL_HRTIM_TIM_EnableDeadTime
                0x000000000800a714       0x4c build/hrtim.o
 .text.LL_HRTIM_TIM_SetBurstModeOption
                0x000000000800a760       0x4a build/hrtim.o
 *fill*         0x000000000800a7aa        0x2 
 .text.LL_HRTIM_TIM_SetComp1Mode
                0x000000000800a7ac       0x68 build/hrtim.o
 .text.LL_HRTIM_TIM_SetRollOverMode
                0x000000000800a814       0x68 build/hrtim.o
 .text.LL_HRTIM_TIM_SetFaultEventRollOverMode
                0x000000000800a87c       0x68 build/hrtim.o
 .text.LL_HRTIM_TIM_SetBMRollOverMode
                0x000000000800a8e4       0x68 build/hrtim.o
 .text.LL_HRTIM_TIM_SetADCRollOverMode
                0x000000000800a94c       0x68 build/hrtim.o
 .text.LL_HRTIM_TIM_SetOutputRollOverMode
                0x000000000800a9b4       0x68 build/hrtim.o
 .text.LL_HRTIM_TIM_SetCountingMode
                0x000000000800aa1c       0x68 build/hrtim.o
 .text.LL_HRTIM_DT_SetPrescaler
                0x000000000800aa84       0x50 build/hrtim.o
 .text.LL_HRTIM_DT_SetRisingValue
                0x000000000800aad4       0x54 build/hrtim.o
 .text.LL_HRTIM_DT_SetRisingSign
                0x000000000800ab28       0x50 build/hrtim.o
 .text.LL_HRTIM_DT_SetFallingValue
                0x000000000800ab78       0x58 build/hrtim.o
 .text.LL_HRTIM_DT_SetFallingSign
                0x000000000800abd0       0x50 build/hrtim.o
 .text.LL_HRTIM_OUT_SetOutputSetSrc
                0x000000000800ac20       0x5c build/hrtim.o
 .text.LL_HRTIM_OUT_SetOutputResetSrc
                0x000000000800ac7c       0x5c build/hrtim.o
 .text.LL_HRTIM_OUT_SetPolarity
                0x000000000800acd8       0x7c build/hrtim.o
 .text.LL_HRTIM_OUT_SetIdleMode
                0x000000000800ad54       0x7c build/hrtim.o
 .text.LL_HRTIM_OUT_SetIdleLevel
                0x000000000800add0       0x7c build/hrtim.o
 .text.LL_HRTIM_OUT_SetFaultState
                0x000000000800ae4c       0x7c build/hrtim.o
 .text.LL_HRTIM_OUT_SetChopperMode
                0x000000000800aec8       0x7c build/hrtim.o
 .text.LL_HRTIM_FLT_SetSrc
                0x000000000800af44      0x190 build/hrtim.o
 .text.LL_HRTIM_FLT_SetPolarity
                0x000000000800b0d4       0xf8 build/hrtim.o
 .text.LL_HRTIM_FLT_SetFilter
                0x000000000800b1cc       0xf8 build/hrtim.o
 .text.LL_HRTIM_FLT_SetPrescaler
                0x000000000800b2c4       0x2a build/hrtim.o
 *fill*         0x000000000800b2ee        0x2 
 .text.LL_HRTIM_FLT_Enable
                0x000000000800b2f0       0x54 build/hrtim.o
 .text.LL_HRTIM_FLT_EnableBlanking
                0x000000000800b344       0x54 build/hrtim.o
 .text.LL_HRTIM_FLT_SetBlankingSrc
                0x000000000800b398       0x64 build/hrtim.o
 .text.LL_HRTIM_FLT_SetCounterThreshold
                0x000000000800b3fc       0x64 build/hrtim.o
 .text.LL_HRTIM_FLT_SetResetMode
                0x000000000800b460       0x64 build/hrtim.o
 .text.LL_HRTIM_ClearFlag_FLT4
                0x000000000800b4c4       0x24 build/hrtim.o
 .text.LL_HRTIM_IsActiveFlag_DLLRDY
                0x000000000800b4e8       0x2a build/hrtim.o
 *fill*         0x000000000800b512        0x2 
 .text.LL_AHB2_GRP1_EnableClock
                0x000000000800b514       0x30 build/hrtim.o
 .text.LL_APB2_GRP1_EnableClock
                0x000000000800b544       0x30 build/hrtim.o
 .text.hrtim_start
                0x000000000800b574      0x1c0 build/hrtim.o
                0x000000000800b574                hrtim_start
 .text.MX_HRTIM1_Init
                0x000000000800b734      0x8a4 build/hrtim.o
                0x000000000800b734                MX_HRTIM1_Init
 .text.MX_HRTIM1_Init_BLDC
                0x000000000800bfd8      0x8b8 build/hrtim.o
                0x000000000800bfd8                MX_HRTIM1_Init_BLDC
 .text.flashUnlock
                0x000000000800c890       0x28 build/sys.o
                0x000000000800c890                flashUnlock
 .text.flashLock
                0x000000000800c8b8       0x20 build/sys.o
                0x000000000800c8b8                flashLock
 .text.flashReadData
                0x000000000800c8d8       0x18 build/sys.o
                0x000000000800c8d8                flashReadData
 .text.FLASH_PageErase
                0x000000000800c8f0       0xb0 build/sys.o
                0x000000000800c8f0                FLASH_PageErase
 .text.FLASH_Program_DoubleWord
                0x000000000800c9a0       0x70 build/sys.o
                0x000000000800c9a0                FLASH_Program_DoubleWord
 .text.FLASH_UpdateConfig
                0x000000000800ca10      0x15c build/sys.o
                0x000000000800ca10                FLASH_UpdateConfig
 .text.FLASH_LoadConfig
                0x000000000800cb6c      0x10c build/sys.o
                0x000000000800cb6c                FLASH_LoadConfig
 .text.__NVIC_GetPriorityGrouping
                0x000000000800cc78       0x1c build/usart.o
 .text.__NVIC_EnableIRQ
                0x000000000800cc94       0x3c build/usart.o
 .text.__NVIC_SetPriority
                0x000000000800ccd0       0x54 build/usart.o
 .text.NVIC_EncodePriority
                0x000000000800cd24       0x66 build/usart.o
 *fill*         0x000000000800cd8a        0x2 
 .text.LL_AHB1_GRP1_EnableClock
                0x000000000800cd8c       0x30 build/usart.o
 .text.LL_AHB2_GRP1_EnableClock
                0x000000000800cdbc       0x30 build/usart.o
 .text.LL_APB1_GRP1_EnableClock
                0x000000000800cdec       0x30 build/usart.o
 .text.LL_DMA_EnableChannel
                0x000000000800ce1c       0x44 build/usart.o
 .text.LL_DMA_SetDataTransferDirection
                0x000000000800ce60       0x50 build/usart.o
 .text.LL_DMA_GetDataTransferDirection
                0x000000000800ceb0       0x34 build/usart.o
 .text.LL_DMA_SetMode
                0x000000000800cee4       0x4c build/usart.o
 .text.LL_DMA_SetPeriphIncMode
                0x000000000800cf30       0x4c build/usart.o
 .text.LL_DMA_SetMemoryIncMode
                0x000000000800cf7c       0x4c build/usart.o
 .text.LL_DMA_SetPeriphSize
                0x000000000800cfc8       0x4c build/usart.o
 .text.LL_DMA_SetMemorySize
                0x000000000800d014       0x4c build/usart.o
 .text.LL_DMA_SetChannelPriorityLevel
                0x000000000800d060       0x4c build/usart.o
 .text.LL_DMA_SetDataLength
                0x000000000800d0ac       0x4c build/usart.o
 .text.LL_DMA_ConfigAddresses
                0x000000000800d0f8       0x7c build/usart.o
 .text.LL_DMA_SetPeriphRequest
                0x000000000800d174       0x54 build/usart.o
 .text.LL_DMA_EnableIT_TC
                0x000000000800d1c8       0x44 build/usart.o
 .text.LL_DMA_EnableIT_TE
                0x000000000800d20c       0x44 build/usart.o
 .text.LL_USART_Enable
                0x000000000800d250       0x20 build/usart.o
 .text.LL_USART_DisableFIFO
                0x000000000800d270       0x20 build/usart.o
 .text.LL_USART_SetTXFIFOThreshold
                0x000000000800d290       0x28 build/usart.o
 .text.LL_USART_SetRXFIFOThreshold
                0x000000000800d2b8       0x28 build/usart.o
 .text.LL_USART_ConfigAsyncMode
                0x000000000800d2e0       0x2c build/usart.o
 .text.LL_USART_IsActiveFlag_TEACK
                0x000000000800d30c       0x28 build/usart.o
 .text.LL_USART_EnableDMAReq_TX
                0x000000000800d334       0x20 build/usart.o
 .text.LL_USART_DMA_GetRegAddr
                0x000000000800d354       0x2a build/usart.o
 *fill*         0x000000000800d37e        0x2 
 .text.MX_USART2_UART_Init
                0x000000000800d380      0x1e4 build/usart.o
                0x000000000800d380                MX_USART2_UART_Init
 .text.LL_EXTI_IsActiveFlag_0_31
                0x000000000800d564       0x2c build/stm32g4xx_it.o
 .text.LL_EXTI_ClearFlag_0_31
                0x000000000800d590       0x20 build/stm32g4xx_it.o
 .text.LL_DMA_IsActiveFlag_TC6
                0x000000000800d5b0       0x28 build/stm32g4xx_it.o
 .text.LL_DMA_IsActiveFlag_TE6
                0x000000000800d5d8       0x28 build/stm32g4xx_it.o
 .text.LL_DMA_ClearFlag_GI6
                0x000000000800d600       0x1c build/stm32g4xx_it.o
 .text.LL_DMA_ClearFlag_TE6
                0x000000000800d61c       0x1c build/stm32g4xx_it.o
 .text.LL_TIM_ClearFlag_UPDATE
                0x000000000800d638       0x1c build/stm32g4xx_it.o
 .text.LL_TIM_IsActiveFlag_UPDATE
                0x000000000800d654       0x26 build/stm32g4xx_it.o
 .text.LL_GPIO_TogglePin
                0x000000000800d67a       0x22 build/stm32g4xx_it.o
 .text.NMI_Handler
                0x000000000800d69c        0xe build/stm32g4xx_it.o
                0x000000000800d69c                NMI_Handler
 .text.HardFault_Handler
                0x000000000800d6aa        0x6 build/stm32g4xx_it.o
                0x000000000800d6aa                HardFault_Handler
 .text.MemManage_Handler
                0x000000000800d6b0        0x6 build/stm32g4xx_it.o
                0x000000000800d6b0                MemManage_Handler
 .text.BusFault_Handler
                0x000000000800d6b6        0x6 build/stm32g4xx_it.o
                0x000000000800d6b6                BusFault_Handler
 .text.UsageFault_Handler
                0x000000000800d6bc        0x6 build/stm32g4xx_it.o
                0x000000000800d6bc                UsageFault_Handler
 .text.SVC_Handler
                0x000000000800d6c2        0xe build/stm32g4xx_it.o
                0x000000000800d6c2                SVC_Handler
 .text.DebugMon_Handler
                0x000000000800d6d0        0xe build/stm32g4xx_it.o
                0x000000000800d6d0                DebugMon_Handler
 .text.PendSV_Handler
                0x000000000800d6de        0xe build/stm32g4xx_it.o
                0x000000000800d6de                PendSV_Handler
 .text.SysTick_Handler
                0x000000000800d6ec        0xe build/stm32g4xx_it.o
                0x000000000800d6ec                SysTick_Handler
 .text.EXTI9_5_IRQHandler
                0x000000000800d6fa       0x1a build/stm32g4xx_it.o
                0x000000000800d6fa                EXTI9_5_IRQHandler
 .text.TIM7_DAC_IRQHandler
                0x000000000800d714       0x20 build/stm32g4xx_it.o
                0x000000000800d714                TIM7_DAC_IRQHandler
 .text.HRTIM1_FLT_IRQHandler
                0x000000000800d734       0x1c build/stm32g4xx_it.o
                0x000000000800d734                HRTIM1_FLT_IRQHandler
 .text.DMA1_Channel6_IRQHandler
                0x000000000800d750       0x30 build/stm32g4xx_it.o
                0x000000000800d750                DMA1_Channel6_IRQHandler
 .text.USART2_IRQHandler
                0x000000000800d780        0xe build/stm32g4xx_it.o
                0x000000000800d780                USART2_IRQHandler
 *fill*         0x000000000800d78e        0x2 
 .text.LL_InitTick
                0x000000000800d790       0x34 build/stm32g4xx_ll_utils.o
 .text.LL_Init1msTick
                0x000000000800d7c4       0x1a build/stm32g4xx_ll_utils.o
                0x000000000800d7c4                LL_Init1msTick
 *fill*         0x000000000800d7de        0x2 
 .text.LL_mDelay
                0x000000000800d7e0       0x4c build/stm32g4xx_ll_utils.o
                0x000000000800d7e0                LL_mDelay
 .text.LL_SetSystemCoreClock
                0x000000000800d82c       0x20 build/stm32g4xx_ll_utils.o
                0x000000000800d82c                LL_SetSystemCoreClock
 .text.LL_GPIO_SetPinMode
                0x000000000800d84c       0x5e build/stm32g4xx_ll_gpio.o
 .text.LL_GPIO_SetPinOutputType
                0x000000000800d8aa       0x30 build/stm32g4xx_ll_gpio.o
 .text.LL_GPIO_SetPinSpeed
                0x000000000800d8da       0x5e build/stm32g4xx_ll_gpio.o
 .text.LL_GPIO_SetPinPull
                0x000000000800d938       0x5e build/stm32g4xx_ll_gpio.o
 .text.LL_GPIO_SetAFPin_0_7
                0x000000000800d996       0x5e build/stm32g4xx_ll_gpio.o
 .text.LL_GPIO_SetAFPin_8_15
                0x000000000800d9f4       0x62 build/stm32g4xx_ll_gpio.o
 .text.LL_GPIO_Init
                0x000000000800da56       0xde build/stm32g4xx_ll_gpio.o
                0x000000000800da56                LL_GPIO_Init
 .text.LL_ADC_REG_SetSequencerLength
                0x000000000800db34       0x26 build/stm32g4xx_ll_adc.o
 .text.LL_ADC_IsEnabled
                0x000000000800db5a       0x26 build/stm32g4xx_ll_adc.o
 .text.LL_ADC_CommonInit
                0x000000000800db80       0xc8 build/stm32g4xx_ll_adc.o
                0x000000000800db80                LL_ADC_CommonInit
 .text.LL_ADC_Init
                0x000000000800dc48       0x4c build/stm32g4xx_ll_adc.o
                0x000000000800dc48                LL_ADC_Init
 .text.LL_ADC_REG_Init
                0x000000000800dc94       0x94 build/stm32g4xx_ll_adc.o
                0x000000000800dc94                LL_ADC_REG_Init
 .text.LL_ADC_INJ_Init
                0x000000000800dd28       0x7a build/stm32g4xx_ll_adc.o
                0x000000000800dd28                LL_ADC_INJ_Init
 .text.LL_USART_IsEnabled
                0x000000000800dda2       0x26 build/stm32g4xx_ll_usart.o
 .text.LL_USART_SetPrescaler
                0x000000000800ddc8       0x28 build/stm32g4xx_ll_usart.o
 .text.LL_USART_SetStopBitsLength
                0x000000000800ddf0       0x26 build/stm32g4xx_ll_usart.o
 .text.LL_USART_SetHWFlowCtrl
                0x000000000800de16       0x26 build/stm32g4xx_ll_usart.o
 .text.LL_USART_SetBaudRate
                0x000000000800de3c       0x90 build/stm32g4xx_ll_usart.o
 .text.LL_USART_Init
                0x000000000800decc      0x10c build/stm32g4xx_ll_usart.o
                0x000000000800decc                LL_USART_Init
 .text.LL_RCC_HSI_IsReady
                0x000000000800dfd8       0x28 build/stm32g4xx_ll_rcc.o
 .text.LL_RCC_LSE_IsReady
                0x000000000800e000       0x28 build/stm32g4xx_ll_rcc.o
 .text.LL_RCC_GetSysClkSource
                0x000000000800e028       0x1c build/stm32g4xx_ll_rcc.o
 .text.LL_RCC_GetAHBPrescaler
                0x000000000800e044       0x1c build/stm32g4xx_ll_rcc.o
 .text.LL_RCC_GetAPB1Prescaler
                0x000000000800e060       0x1c build/stm32g4xx_ll_rcc.o
 .text.LL_RCC_GetAPB2Prescaler
                0x000000000800e07c       0x1c build/stm32g4xx_ll_rcc.o
 .text.LL_RCC_GetUSARTClockSource
                0x000000000800e098       0x28 build/stm32g4xx_ll_rcc.o
 .text.LL_RCC_GetUARTClockSource
                0x000000000800e0c0       0x28 build/stm32g4xx_ll_rcc.o
 .text.LL_RCC_PLL_GetMainSource
                0x000000000800e0e8       0x1c build/stm32g4xx_ll_rcc.o
 .text.LL_RCC_PLL_GetN
                0x000000000800e104       0x1c build/stm32g4xx_ll_rcc.o
 .text.LL_RCC_PLL_GetR
                0x000000000800e120       0x1c build/stm32g4xx_ll_rcc.o
 .text.LL_RCC_PLL_GetDivider
                0x000000000800e13c       0x1c build/stm32g4xx_ll_rcc.o
 .text.LL_RCC_GetUSARTClockFreq
                0x000000000800e158      0x178 build/stm32g4xx_ll_rcc.o
                0x000000000800e158                LL_RCC_GetUSARTClockFreq
 .text.LL_RCC_GetUARTClockFreq
                0x000000000800e2d0      0x104 build/stm32g4xx_ll_rcc.o
                0x000000000800e2d0                LL_RCC_GetUARTClockFreq
 .text.RCC_GetSystemClockFreq
                0x000000000800e3d4       0x44 build/stm32g4xx_ll_rcc.o
                0x000000000800e3d4                RCC_GetSystemClockFreq
 .text.RCC_GetHCLKClockFreq
                0x000000000800e418       0x30 build/stm32g4xx_ll_rcc.o
                0x000000000800e418                RCC_GetHCLKClockFreq
 .text.RCC_GetPCLK1ClockFreq
                0x000000000800e448       0x2c build/stm32g4xx_ll_rcc.o
                0x000000000800e448                RCC_GetPCLK1ClockFreq
 .text.RCC_GetPCLK2ClockFreq
                0x000000000800e474       0x2c build/stm32g4xx_ll_rcc.o
                0x000000000800e474                RCC_GetPCLK2ClockFreq
 .text.RCC_PLL_GetFreqDomain_SYS
                0x000000000800e4a0       0x68 build/stm32g4xx_ll_rcc.o
                0x000000000800e4a0                RCC_PLL_GetFreqDomain_SYS
 .text.SystemInit
                0x000000000800e508       0x2c build/system_stm32g4xx.o
                0x000000000800e508                SystemInit
 .text.__NVIC_GetPriorityGrouping
                0x000000000800e534       0x1c build/tim.o
 .text.__NVIC_EnableIRQ
                0x000000000800e550       0x3c build/tim.o
 .text.__NVIC_SetPriority
                0x000000000800e58c       0x54 build/tim.o
 .text.NVIC_EncodePriority
                0x000000000800e5e0       0x66 build/tim.o
 *fill*         0x000000000800e646        0x2 
 .text.LL_AHB2_GRP1_EnableClock
                0x000000000800e648       0x30 build/tim.o
 .text.LL_APB1_GRP1_EnableClock
                0x000000000800e678       0x30 build/tim.o
 .text.LL_TIM_EnableCounter
                0x000000000800e6a8       0x20 build/tim.o
 .text.LL_TIM_EnableARRPreload
                0x000000000800e6c8       0x20 build/tim.o
 .text.LL_TIM_DisableARRPreload
                0x000000000800e6e8       0x20 build/tim.o
 .text.LL_TIM_CC_EnableChannel
                0x000000000800e708       0x22 build/tim.o
 .text.LL_TIM_CC_DisableChannel
                0x000000000800e72a       0x24 build/tim.o
 *fill*         0x000000000800e74e        0x2 
 .text.LL_TIM_IC_SetActiveInput
                0x000000000800e750       0xb8 build/tim.o
 .text.LL_TIM_IC_SetPrescaler
                0x000000000800e808       0xb8 build/tim.o
 .text.LL_TIM_IC_SetFilter
                0x000000000800e8c0       0xb8 build/tim.o
 .text.LL_TIM_IC_SetPolarity
                0x000000000800e978       0xa8 build/tim.o
 .text.LL_TIM_SetTriggerOutput
                0x000000000800ea20       0x2a build/tim.o
 .text.LL_TIM_SetSlaveMode
                0x000000000800ea4a       0x2a build/tim.o
 .text.LL_TIM_SetTriggerInput
                0x000000000800ea74       0x2a build/tim.o
 .text.LL_TIM_DisableMasterSlaveMode
                0x000000000800ea9e       0x20 build/tim.o
 .text.LL_TIM_EnableIT_CC1
                0x000000000800eabe       0x20 build/tim.o
 .text.LL_TIM_DisableIT_TRIG
                0x000000000800eade       0x20 build/tim.o
 .text.LL_TIM_DisableDMAReq_TRIG
                0x000000000800eafe       0x20 build/tim.o
 .text.tim2_start
                0x000000000800eb1e       0x2c build/tim.o
                0x000000000800eb1e                tim2_start
 .text.MX_TIM2_Init
                0x000000000800eb4a      0x150 build/tim.o
                0x000000000800eb4a                MX_TIM2_Init
 *fill*         0x000000000800ec9a        0x2 
 .text.MX_TIM7_Init
                0x000000000800ec9c       0x74 build/tim.o
                0x000000000800ec9c                MX_TIM7_Init
 .text.LL_TIM_SetPrescaler
                0x000000000800ed10       0x1c build/stm32g4xx_ll_tim.o
 .text.LL_TIM_SetAutoReload
                0x000000000800ed2c       0x1c build/stm32g4xx_ll_tim.o
 .text.LL_TIM_SetRepetitionCounter
                0x000000000800ed48       0x1c build/stm32g4xx_ll_tim.o
 .text.LL_TIM_GenerateEvent_UPDATE
                0x000000000800ed64       0x20 build/stm32g4xx_ll_tim.o
 .text.LL_TIM_Init
                0x000000000800ed84      0x144 build/stm32g4xx_ll_tim.o
                0x000000000800ed84                LL_TIM_Init
 .text.utils_angle_difference_rad
                0x000000000800eec8       0x88 build/utils.o
                0x000000000800eec8                utils_angle_difference_rad
 .text.utils_fast_atan2
                0x000000000800ef50      0x120 build/utils.o
                0x000000000800ef50                utils_fast_atan2
 .text.utils_saturate_vector_2d
                0x000000000800f070       0xc4 build/utils.o
                0x000000000800f070                utils_saturate_vector_2d
 .text.Reset_Handler
                0x000000000800f134       0x50 build/startup_stm32g474xx.o
                0x000000000800f134                Reset_Handler
 .text.Default_Handler
                0x000000000800f184        0x2 build/startup_stm32g474xx.o
                0x000000000800f184                RTC_Alarm_IRQHandler
                0x000000000800f184                EXTI2_IRQHandler
                0x000000000800f184                TIM8_TRG_COM_IRQHandler
                0x000000000800f184                TIM8_CC_IRQHandler
                0x000000000800f184                HRTIM1_Master_IRQHandler
                0x000000000800f184                SPI4_IRQHandler
                0x000000000800f184                FDCAN3_IT0_IRQHandler
                0x000000000800f184                TIM1_CC_IRQHandler
                0x000000000800f184                HRTIM1_TIMF_IRQHandler
                0x000000000800f184                USB_HP_IRQHandler
                0x000000000800f184                CORDIC_IRQHandler
                0x000000000800f184                HRTIM1_TIMD_IRQHandler
                0x000000000800f184                DMA2_Channel8_IRQHandler
                0x000000000800f184                EXTI3_IRQHandler
                0x000000000800f184                I2C3_ER_IRQHandler
                0x000000000800f184                EXTI0_IRQHandler
                0x000000000800f184                I2C2_EV_IRQHandler
                0x000000000800f184                FPU_IRQHandler
                0x000000000800f184                FDCAN1_IT1_IRQHandler
                0x000000000800f184                TIM1_UP_TIM16_IRQHandler
                0x000000000800f184                HRTIM1_TIME_IRQHandler
                0x000000000800f184                SPI1_IRQHandler
                0x000000000800f184                TIM6_DAC_IRQHandler
                0x000000000800f184                HRTIM1_TIMC_IRQHandler
                0x000000000800f184                TIM8_UP_IRQHandler
                0x000000000800f184                DMA2_Channel2_IRQHandler
                0x000000000800f184                DMA1_Channel4_IRQHandler
                0x000000000800f184                TIM20_TRG_COM_IRQHandler
                0x000000000800f184                USART3_IRQHandler
                0x000000000800f184                DMA1_Channel7_IRQHandler
                0x000000000800f184                UART5_IRQHandler
                0x000000000800f184                ADC3_IRQHandler
                0x000000000800f184                TIM4_IRQHandler
                0x000000000800f184                DMA2_Channel1_IRQHandler
                0x000000000800f184                QUADSPI_IRQHandler
                0x000000000800f184                I2C1_EV_IRQHandler
                0x000000000800f184                UART4_IRQHandler
                0x000000000800f184                DMA2_Channel4_IRQHandler
                0x000000000800f184                TIM3_IRQHandler
                0x000000000800f184                RCC_IRQHandler
                0x000000000800f184                TIM20_UP_IRQHandler
                0x000000000800f184                DMA1_Channel1_IRQHandler
                0x000000000800f184                Default_Handler
                0x000000000800f184                DMA2_Channel7_IRQHandler
                0x000000000800f184                RTC_TAMP_LSECSS_IRQHandler
                0x000000000800f184                FMAC_IRQHandler
                0x000000000800f184                EXTI15_10_IRQHandler
                0x000000000800f184                DMA1_Channel8_IRQHandler
                0x000000000800f184                HRTIM1_TIMA_IRQHandler
                0x000000000800f184                FDCAN3_IT1_IRQHandler
                0x000000000800f184                TIM5_IRQHandler
                0x000000000800f184                UCPD1_IRQHandler
                0x000000000800f184                I2C3_EV_IRQHandler
                0x000000000800f184                RTC_WKUP_IRQHandler
                0x000000000800f184                PVD_PVM_IRQHandler
                0x000000000800f184                SPI2_IRQHandler
                0x000000000800f184                ADC5_IRQHandler
                0x000000000800f184                DMA2_Channel5_IRQHandler
                0x000000000800f184                CRS_IRQHandler
                0x000000000800f184                DMA1_Channel5_IRQHandler
                0x000000000800f184                USB_LP_IRQHandler
                0x000000000800f184                EXTI4_IRQHandler
                0x000000000800f184                RNG_IRQHandler
                0x000000000800f184                HRTIM1_TIMB_IRQHandler
                0x000000000800f184                TIM1_TRG_COM_TIM17_IRQHandler
                0x000000000800f184                FDCAN2_IT1_IRQHandler
                0x000000000800f184                DMA1_Channel3_IRQHandler
                0x000000000800f184                ADC4_IRQHandler
                0x000000000800f184                WWDG_IRQHandler
                0x000000000800f184                I2C4_EV_IRQHandler
                0x000000000800f184                FDCAN2_IT0_IRQHandler
                0x000000000800f184                LPUART1_IRQHandler
                0x000000000800f184                DMA2_Channel6_IRQHandler
                0x000000000800f184                FDCAN1_IT0_IRQHandler
                0x000000000800f184                COMP7_IRQHandler
                0x000000000800f184                COMP1_2_3_IRQHandler
                0x000000000800f184                EXTI1_IRQHandler
                0x000000000800f184                COMP4_5_6_IRQHandler
                0x000000000800f184                TIM20_BRK_IRQHandler
                0x000000000800f184                I2C2_ER_IRQHandler
                0x000000000800f184                DMA1_Channel2_IRQHandler
                0x000000000800f184                TIM8_BRK_IRQHandler
                0x000000000800f184                FLASH_IRQHandler
                0x000000000800f184                TIM20_CC_IRQHandler
                0x000000000800f184                USART1_IRQHandler
                0x000000000800f184                SPI3_IRQHandler
                0x000000000800f184                I2C1_ER_IRQHandler
                0x000000000800f184                FMC_IRQHandler
                0x000000000800f184                LPTIM1_IRQHandler
                0x000000000800f184                DMAMUX_OVR_IRQHandler
                0x000000000800f184                I2C4_ER_IRQHandler
                0x000000000800f184                USBWakeUp_IRQHandler
                0x000000000800f184                SAI1_IRQHandler
                0x000000000800f184                DMA2_Channel3_IRQHandler
                0x000000000800f184                TIM1_BRK_TIM15_IRQHandler
 *fill*         0x000000000800f186        0x2 
 .text.__libc_init_array
                0x000000000800f188       0x48 d:/apps/embedded_gcc/arm_gcc/bin/../lib/gcc/arm-none-eabi/8.2.1/../../../../arm-none-eabi/lib/thumb/v7e-m+fp/hard\libc_nano.a(lib_a-init.o)
                0x000000000800f188                __libc_init_array
 .text.memset   0x000000000800f1d0       0x10 d:/apps/embedded_gcc/arm_gcc/bin/../lib/gcc/arm-none-eabi/8.2.1/../../../../arm-none-eabi/lib/thumb/v7e-m+fp/hard\libc_nano.a(lib_a-memset.o)
                0x000000000800f1d0                memset
 .text.exp      0x000000000800f1e0      0x108 d:/apps/embedded_gcc/arm_gcc/bin/../lib/gcc/arm-none-eabi/8.2.1/../../../../arm-none-eabi/lib/thumb/v7e-m+fp/hard\libm.a(lib_a-w_exp.o)
                0x000000000800f1e0                exp
 .text.logf     0x000000000800f2e8      0x104 d:/apps/embedded_gcc/arm_gcc/bin/../lib/gcc/arm-none-eabi/8.2.1/../../../../arm-none-eabi/lib/thumb/v7e-m+fp/hard\libm.a(lib_a-wf_log.o)
                0x000000000800f2e8                logf
 .text.sqrtf    0x000000000800f3ec       0xb0 d:/apps/embedded_gcc/arm_gcc/bin/../lib/gcc/arm-none-eabi/8.2.1/../../../../arm-none-eabi/lib/thumb/v7e-m+fp/hard\libm.a(lib_a-wf_sqrt.o)
                0x000000000800f3ec                sqrtf
 *fill*         0x000000000800f49c        0x4 
 .text.__ieee754_exp
                0x000000000800f4a0      0x39c d:/apps/embedded_gcc/arm_gcc/bin/../lib/gcc/arm-none-eabi/8.2.1/../../../../arm-none-eabi/lib/thumb/v7e-m+fp/hard\libm.a(lib_a-e_exp.o)
                0x000000000800f4a0                __ieee754_exp
 .text.__ieee754_logf
                0x000000000800f83c      0x1f4 d:/apps/embedded_gcc/arm_gcc/bin/../lib/gcc/arm-none-eabi/8.2.1/../../../../arm-none-eabi/lib/thumb/v7e-m+fp/hard\libm.a(lib_a-ef_log.o)
                0x000000000800f83c                __ieee754_logf
 .text.__ieee754_sqrtf
                0x000000000800fa30        0x8 d:/apps/embedded_gcc/arm_gcc/bin/../lib/gcc/arm-none-eabi/8.2.1/../../../../arm-none-eabi/lib/thumb/v7e-m+fp/hard\libm.a(lib_a-ef_sqrt.o)
                0x000000000800fa30                __ieee754_sqrtf
 .text.finite   0x000000000800fa38       0x10 d:/apps/embedded_gcc/arm_gcc/bin/../lib/gcc/arm-none-eabi/8.2.1/../../../../arm-none-eabi/lib/thumb/v7e-m+fp/hard\libm.a(lib_a-s_finite.o)
                0x000000000800fa38                finite
 .text.matherr  0x000000000800fa48        0x4 d:/apps/embedded_gcc/arm_gcc/bin/../lib/gcc/arm-none-eabi/8.2.1/../../../../arm-none-eabi/lib/thumb/v7e-m+fp/hard\libm.a(lib_a-s_matherr.o)
                0x000000000800fa48                matherr
 *fill*         0x000000000800fa4c        0x4 
 .text.nan      0x000000000800fa50       0x10 d:/apps/embedded_gcc/arm_gcc/bin/../lib/gcc/arm-none-eabi/8.2.1/../../../../arm-none-eabi/lib/thumb/v7e-m+fp/hard\libm.a(lib_a-s_nan.o)
                0x000000000800fa50                nan
 .text.__errno  0x000000000800fa60        0xc d:/apps/embedded_gcc/arm_gcc/bin/../lib/gcc/arm-none-eabi/8.2.1/../../../../arm-none-eabi/lib/thumb/v7e-m+fp/hard\libc_nano.a(lib_a-errno.o)
                0x000000000800fa60                __errno
 *(.glue_7)
 .glue_7        0x000000000800fa6c        0x0 linker stubs
 *(.glue_7t)
 .glue_7t       0x000000000800fa6c        0x0 linker stubs
 *(.eh_frame)
 .eh_frame      0x000000000800fa6c        0x0 d:/apps/embedded_gcc/arm_gcc/bin/../lib/gcc/arm-none-eabi/8.2.1/thumb/v7e-m+fp/hard/crtbegin.o
 *(.init)
 .init          0x000000000800fa6c        0x4 d:/apps/embedded_gcc/arm_gcc/bin/../lib/gcc/arm-none-eabi/8.2.1/thumb/v7e-m+fp/hard/crti.o
                0x000000000800fa6c                _init
 .init          0x000000000800fa70        0x8 d:/apps/embedded_gcc/arm_gcc/bin/../lib/gcc/arm-none-eabi/8.2.1/thumb/v7e-m+fp/hard/crtn.o
 *(.fini)
 .fini          0x000000000800fa78        0x4 d:/apps/embedded_gcc/arm_gcc/bin/../lib/gcc/arm-none-eabi/8.2.1/thumb/v7e-m+fp/hard/crti.o
                0x000000000800fa78                _fini
 .fini          0x000000000800fa7c        0x8 d:/apps/embedded_gcc/arm_gcc/bin/../lib/gcc/arm-none-eabi/8.2.1/thumb/v7e-m+fp/hard/crtn.o
                0x000000000800fa84                . = ALIGN (0x4)
                0x000000000800fa84                _etext = .

.vfp11_veneer   0x000000000800fa84        0x0
 .vfp11_veneer  0x000000000800fa84        0x0 linker stubs

.v4_bx          0x000000000800fa84        0x0
 .v4_bx         0x000000000800fa84        0x0 linker stubs

.iplt           0x000000000800fa84        0x0
 .iplt          0x000000000800fa84        0x0 d:/apps/embedded_gcc/arm_gcc/bin/../lib/gcc/arm-none-eabi/8.2.1/thumb/v7e-m+fp/hard/crtbegin.o

.rodata         0x000000000800fa88      0x240
                0x000000000800fa88                . = ALIGN (0x4)
 *(.rodata)
 *(.rodata*)
 .rodata.REG_OFFSET_TAB_TIMER
                0x000000000800fa88        0xe build/main.o
 *fill*         0x000000000800fa96        0x2 
 .rodata.qN.15481
                0x000000000800fa98        0x4 build/main.o
 .rodata.B.15483
                0x000000000800fa9c        0x4 build/main.o
 .rodata.C.15484
                0x000000000800faa0        0x4 build/main.o
 .rodata.qA.15482
                0x000000000800faa4        0x4 build/main.o
 .rodata.REG_OFFSET_TAB_TIMER
                0x000000000800faa8        0xe build/hrtim.o
 *fill*         0x000000000800fab6        0x2 
 .rodata.REG_OFFSET_TAB_ADCER
                0x000000000800fab8        0xa build/hrtim.o
 *fill*         0x000000000800fac2        0x2 
 .rodata.REG_OFFSET_TAB_ADCUR
                0x000000000800fac4        0xa build/hrtim.o
 *fill*         0x000000000800face        0x2 
 .rodata.REG_SHIFT_TAB_ADCER
                0x000000000800fad0        0xa build/hrtim.o
 *fill*         0x000000000800fada        0x2 
 .rodata.REG_SHIFT_TAB_ADCUR
                0x000000000800fadc        0xa build/hrtim.o
 *fill*         0x000000000800fae6        0x2 
 .rodata.REG_MASK_TAB_ADCER
                0x000000000800fae8       0x28 build/hrtim.o
 .rodata.REG_MASK_TAB_ADCUR
                0x000000000800fb10       0x28 build/hrtim.o
 .rodata.REG_OFFSET_TAB_ADCPSx
                0x000000000800fb38        0xa build/hrtim.o
 *fill*         0x000000000800fb42        0x2 
 .rodata.REG_OFFSET_TAB_SETxR
                0x000000000800fb44       0x18 build/hrtim.o
 .rodata.REG_OFFSET_TAB_OUTxR
                0x000000000800fb5c       0x18 build/hrtim.o
 .rodata.REG_OFFSET_TAB_FLTINR
                0x000000000800fb74        0x6 build/hrtim.o
 *fill*         0x000000000800fb7a        0x2 
 .rodata.REG_MASK_TAB_UPDATETRIG
                0x000000000800fb7c       0x20 build/hrtim.o
 .rodata.REG_SHIFT_TAB_UPDATETRIG
                0x000000000800fb9c        0x7 build/hrtim.o
 *fill*         0x000000000800fba3        0x1 
 .rodata.REG_MASK_TAB_UPDATEGATING
                0x000000000800fba4       0x1c build/hrtim.o
 .rodata.REG_SHIFT_TAB_UPDATEGATING
                0x000000000800fbc0        0x7 build/hrtim.o
 *fill*         0x000000000800fbc7        0x1 
 .rodata.REG_SHIFT_TAB_OUTxR
                0x000000000800fbc8        0xc build/hrtim.o
 .rodata.REG_SHIFT_TAB_FLTxE
                0x000000000800fbd4        0x6 build/hrtim.o
 *fill*         0x000000000800fbda        0x2 
 .rodata.REG_SHIFT_TAB_FLTxF
                0x000000000800fbdc        0x6 build/hrtim.o
 *fill*         0x000000000800fbe2        0x2 
 .rodata.REG_SHIFT_TAB_FLTx
                0x000000000800fbe4        0x6 build/hrtim.o
 *fill*         0x000000000800fbea        0x2 
 .rodata.REG_SHIFT_TAB_INTLVD
                0x000000000800fbec        0x7 build/hrtim.o
 *fill*         0x000000000800fbf3        0x1 
 .rodata.REG_MASK_TAB_INTLVD
                0x000000000800fbf4       0x1c build/hrtim.o
 .rodata.CHANNEL_OFFSET_TAB
                0x000000000800fc10        0x8 build/usart.o
 .rodata.USART_PRESCALER_TAB
                0x000000000800fc18       0x30 build/stm32g4xx_ll_usart.o
 .rodata.AHBPrescTable
                0x000000000800fc48       0x10 build/system_stm32g4xx.o
                0x000000000800fc48                AHBPrescTable
 .rodata.APBPrescTable
                0x000000000800fc58        0x8 build/system_stm32g4xx.o
                0x000000000800fc58                APBPrescTable
 .rodata.OFFSET_TAB_CCMRx
                0x000000000800fc60        0xa build/tim.o
 *fill*         0x000000000800fc6a        0x2 
 .rodata.SHIFT_TAB_ICxx
                0x000000000800fc6c        0xa build/tim.o
 *fill*         0x000000000800fc76        0x2 
 .rodata.SHIFT_TAB_CCxP
                0x000000000800fc78        0xa build/tim.o
 *fill*         0x000000000800fc82        0x2 
 .rodata.exp.str1.4
                0x000000000800fc84        0x4 d:/apps/embedded_gcc/arm_gcc/bin/../lib/gcc/arm-none-eabi/8.2.1/../../../../arm-none-eabi/lib/thumb/v7e-m+fp/hard\libm.a(lib_a-w_exp.o)
 .rodata.logf.str1.4
                0x000000000800fc88        0x5 d:/apps/embedded_gcc/arm_gcc/bin/../lib/gcc/arm-none-eabi/8.2.1/../../../../arm-none-eabi/lib/thumb/v7e-m+fp/hard\libm.a(lib_a-wf_log.o)
                                          0x9 (size before relaxing)
 *fill*         0x000000000800fc8d        0x3 
 .rodata.sqrtf.str1.4
                0x000000000800fc90        0x8 d:/apps/embedded_gcc/arm_gcc/bin/../lib/gcc/arm-none-eabi/8.2.1/../../../../arm-none-eabi/lib/thumb/v7e-m+fp/hard\libm.a(lib_a-wf_sqrt.o)
                                          0x6 (size before relaxing)
 .rodata.halF   0x000000000800fc98       0x10 d:/apps/embedded_gcc/arm_gcc/bin/../lib/gcc/arm-none-eabi/8.2.1/../../../../arm-none-eabi/lib/thumb/v7e-m+fp/hard\libm.a(lib_a-e_exp.o)
 .rodata.ln2HI  0x000000000800fca8       0x10 d:/apps/embedded_gcc/arm_gcc/bin/../lib/gcc/arm-none-eabi/8.2.1/../../../../arm-none-eabi/lib/thumb/v7e-m+fp/hard\libm.a(lib_a-e_exp.o)
 .rodata.ln2LO  0x000000000800fcb8       0x10 d:/apps/embedded_gcc/arm_gcc/bin/../lib/gcc/arm-none-eabi/8.2.1/../../../../arm-none-eabi/lib/thumb/v7e-m+fp/hard\libm.a(lib_a-e_exp.o)
                0x000000000800fcc8                . = ALIGN (0x4)

.rel.dyn        0x000000000800fcc8        0x0
 .rel.iplt      0x000000000800fcc8        0x0 d:/apps/embedded_gcc/arm_gcc/bin/../lib/gcc/arm-none-eabi/8.2.1/thumb/v7e-m+fp/hard/crtbegin.o

.ARM.extab
 *(.ARM.extab* .gnu.linkonce.armextab.*)

.ARM            0x000000000800fcc8        0x0
                0x000000000800fcc8                __exidx_start = .
 *(.ARM.exidx*)
                0x000000000800fcc8                __exidx_end = .

.preinit_array  0x000000000800fcc8        0x0
                0x000000000800fcc8                PROVIDE (__preinit_array_start = .)
 *(.preinit_array*)
                0x000000000800fcc8                PROVIDE (__preinit_array_end = .)

.init_array     0x000000000800fcc8        0x4
                0x000000000800fcc8                PROVIDE (__init_array_start = .)
 *(SORT_BY_NAME(.init_array.*))
 *(.init_array*)
 .init_array    0x000000000800fcc8        0x4 d:/apps/embedded_gcc/arm_gcc/bin/../lib/gcc/arm-none-eabi/8.2.1/thumb/v7e-m+fp/hard/crtbegin.o
                0x000000000800fccc                PROVIDE (__init_array_end = .)

.fini_array     0x000000000800fccc        0x4
                [!provide]                        PROVIDE (__fini_array_start = .)
 *(SORT_BY_NAME(.fini_array.*))
 *(.fini_array*)
 .fini_array    0x000000000800fccc        0x4 d:/apps/embedded_gcc/arm_gcc/bin/../lib/gcc/arm-none-eabi/8.2.1/thumb/v7e-m+fp/hard/crtbegin.o
                [!provide]                        PROVIDE (__fini_array_end = .)
                0x000000000800fcd0                _sidata = LOADADDR (.data)

.data           0x0000000020000000      0x49c load address 0x000000000800fcd0
                0x0000000020000000                . = ALIGN (0x4)
                0x0000000020000000                _sdata = .
 *(.data)
 *(.data*)
 .data.foc1     0x0000000020000000      0x420 build/main.o
                0x0000000020000000                foc1
 .data.aTxBuffer
                0x0000000020000420        0xe build/usart.o
                0x0000000020000420                aTxBuffer
 .data.ubNbDataToTransmit
                0x000000002000042e        0x1 build/usart.o
                0x000000002000042e                ubNbDataToTransmit
 *fill*         0x000000002000042f        0x1 
 .data.SystemCoreClock
                0x0000000020000430        0x4 build/system_stm32g4xx.o
                0x0000000020000430                SystemCoreClock
 .data._impure_ptr
                0x0000000020000434        0x4 d:/apps/embedded_gcc/arm_gcc/bin/../lib/gcc/arm-none-eabi/8.2.1/../../../../arm-none-eabi/lib/thumb/v7e-m+fp/hard\libc_nano.a(lib_a-impure.o)
                0x0000000020000434                _impure_ptr
 .data.impure_data
                0x0000000020000438       0x60 d:/apps/embedded_gcc/arm_gcc/bin/../lib/gcc/arm-none-eabi/8.2.1/../../../../arm-none-eabi/lib/thumb/v7e-m+fp/hard\libc_nano.a(lib_a-impure.o)
 .data.__fdlib_version
                0x0000000020000498        0x1 d:/apps/embedded_gcc/arm_gcc/bin/../lib/gcc/arm-none-eabi/8.2.1/../../../../arm-none-eabi/lib/thumb/v7e-m+fp/hard\libm.a(lib_a-s_lib_ver.o)
                0x0000000020000498                __fdlib_version
                0x000000002000049c                . = ALIGN (0x4)
 *fill*         0x0000000020000499        0x3 
                0x000000002000049c                _edata = .

.tm_clone_table
                0x000000002000049c        0x0 load address 0x000000000801016c
 .tm_clone_table
                0x000000002000049c        0x0 d:/apps/embedded_gcc/arm_gcc/bin/../lib/gcc/arm-none-eabi/8.2.1/thumb/v7e-m+fp/hard/crtbegin.o
 .tm_clone_table
                0x000000002000049c        0x0 d:/apps/embedded_gcc/arm_gcc/bin/../lib/gcc/arm-none-eabi/8.2.1/thumb/v7e-m+fp/hard/crtend.o

.igot.plt       0x000000002000049c        0x0 load address 0x000000000801016c
 .igot.plt      0x000000002000049c        0x0 d:/apps/embedded_gcc/arm_gcc/bin/../lib/gcc/arm-none-eabi/8.2.1/thumb/v7e-m+fp/hard/crtbegin.o
                0x000000002000049c                . = ALIGN (0x4)

.bss            0x000000002000049c     0x11ec load address 0x000000000801016c
                0x000000002000049c                _sbss = .
                0x000000002000049c                __bss_start__ = _sbss
 *(.bss)
 *(.bss*)
 .bss.completed.8014
                0x000000002000049c        0x1 d:/apps/embedded_gcc/arm_gcc/bin/../lib/gcc/arm-none-eabi/8.2.1/thumb/v7e-m+fp/hard/crtbegin.o
 *fill*         0x000000002000049d        0x3 
 .bss.object.8019
                0x00000000200004a0       0x18 d:/apps/embedded_gcc/arm_gcc/bin/../lib/gcc/arm-none-eabi/8.2.1/thumb/v7e-m+fp/hard/crtbegin.o
 .bss.hall      0x00000000200004b8       0x78 build/main.o
                0x00000000200004b8                hall
 .bss.e         0x0000000020000530        0x1 build/main.o
                0x0000000020000530                e
 .bss.systemReset
                0x0000000020000531        0x1 build/main.o
                0x0000000020000531                systemReset
 *fill*         0x0000000020000532        0x2 
 .bss.ledDelay  0x0000000020000534        0x4 build/main.o
                0x0000000020000534                ledDelay
 *(COMMON)
 COMMON         0x0000000020000538     0x1150 build/main.o
                0x0000000020000538                execTime1
                0x000000002000053c                execTime0
                0x0000000020000540                cpuLoad
                0x0000000020000544                stop_cc
                0x0000000020000548                dataLog
                0x0000000020001578                ntcPcb
                0x0000000020001594                pwmInputValue
                0x0000000020001598                start_cc
                0x000000002000159c                bldc1
                0x0000000020001664                pwmInputPeriod
                0x0000000020001668                adcData
                0x0000000020001688                . = ALIGN (0x4)
                0x0000000020001688                _ebss = .
                0x0000000020001688                __bss_end__ = _ebss

._user_heap_stack
                0x0000000020001688      0x600 load address 0x000000000801016c
                0x0000000020001688                . = ALIGN (0x8)
                [!provide]                        PROVIDE (end = .)
                [!provide]                        PROVIDE (_end = .)
                0x0000000020001888                . = (. + _Min_Heap_Size)
 *fill*         0x0000000020001688      0x200 
                0x0000000020001c88                . = (. + _Min_Stack_Size)
 *fill*         0x0000000020001888      0x400 
                0x0000000020001c88                . = ALIGN (0x8)

/DISCARD/
 libc.a(*)
 libm.a(*)
 libgcc.a(*)

.ARM.attributes
                0x0000000000000000       0x30
 *(.ARM.attributes)
 .ARM.attributes
                0x0000000000000000       0x1e d:/apps/embedded_gcc/arm_gcc/bin/../lib/gcc/arm-none-eabi/8.2.1/thumb/v7e-m+fp/hard/crti.o
 .ARM.attributes
                0x000000000000001e       0x34 d:/apps/embedded_gcc/arm_gcc/bin/../lib/gcc/arm-none-eabi/8.2.1/thumb/v7e-m+fp/hard/crtbegin.o
 .ARM.attributes
                0x0000000000000052       0x34 build/main.o
 .ARM.attributes
                0x0000000000000086       0x34 build/gpio.o
 .ARM.attributes
                0x00000000000000ba       0x34 build/adc.o
 .ARM.attributes
                0x00000000000000ee       0x34 build/hrtim.o
 .ARM.attributes
                0x0000000000000122       0x34 build/sys.o
 .ARM.attributes
                0x0000000000000156       0x34 build/usart.o
 .ARM.attributes
                0x000000000000018a       0x34 build/stm32g4xx_it.o
 .ARM.attributes
                0x00000000000001be       0x34 build/stm32g4xx_ll_utils.o
 .ARM.attributes
                0x00000000000001f2       0x34 build/stm32g4xx_ll_gpio.o
 .ARM.attributes
                0x0000000000000226       0x34 build/stm32g4xx_ll_adc.o
 .ARM.attributes
                0x000000000000025a       0x34 build/stm32g4xx_ll_usart.o
 .ARM.attributes
                0x000000000000028e       0x34 build/stm32g4xx_ll_rcc.o
 .ARM.attributes
                0x00000000000002c2       0x34 build/system_stm32g4xx.o
 .ARM.attributes
                0x00000000000002f6       0x34 build/tim.o
 .ARM.attributes
                0x000000000000032a       0x34 build/stm32g4xx_ll_tim.o
 .ARM.attributes
                0x000000000000035e       0x34 build/utils.o
 .ARM.attributes
                0x0000000000000392       0x21 build/startup_stm32g474xx.o
 .ARM.attributes
                0x00000000000003b3       0x32 d:/apps/embedded_gcc/arm_gcc/bin/../lib/gcc/arm-none-eabi/8.2.1/../../../../arm-none-eabi/lib/thumb/v7e-m+fp/hard\libc_nano.a(lib_a-impure.o)
 .ARM.attributes
                0x00000000000003e5       0x34 d:/apps/embedded_gcc/arm_gcc/bin/../lib/gcc/arm-none-eabi/8.2.1/../../../../arm-none-eabi/lib/thumb/v7e-m+fp/hard\libc_nano.a(lib_a-init.o)
 .ARM.attributes
                0x0000000000000419       0x34 d:/apps/embedded_gcc/arm_gcc/bin/../lib/gcc/arm-none-eabi/8.2.1/../../../../arm-none-eabi/lib/thumb/v7e-m+fp/hard\libc_nano.a(lib_a-memset.o)
 .ARM.attributes
                0x000000000000044d       0x34 d:/apps/embedded_gcc/arm_gcc/bin/../lib/gcc/arm-none-eabi/8.2.1/../../../../arm-none-eabi/lib/thumb/v7e-m+fp/hard\libm.a(lib_a-w_exp.o)
 .ARM.attributes
                0x0000000000000481       0x34 d:/apps/embedded_gcc/arm_gcc/bin/../lib/gcc/arm-none-eabi/8.2.1/../../../../arm-none-eabi/lib/thumb/v7e-m+fp/hard\libm.a(lib_a-wf_log.o)
 .ARM.attributes
                0x00000000000004b5       0x34 d:/apps/embedded_gcc/arm_gcc/bin/../lib/gcc/arm-none-eabi/8.2.1/../../../../arm-none-eabi/lib/thumb/v7e-m+fp/hard\libm.a(lib_a-wf_sqrt.o)
 .ARM.attributes
                0x00000000000004e9       0x34 d:/apps/embedded_gcc/arm_gcc/bin/../lib/gcc/arm-none-eabi/8.2.1/../../../../arm-none-eabi/lib/thumb/v7e-m+fp/hard\libm.a(lib_a-e_exp.o)
 .ARM.attributes
                0x000000000000051d       0x34 d:/apps/embedded_gcc/arm_gcc/bin/../lib/gcc/arm-none-eabi/8.2.1/../../../../arm-none-eabi/lib/thumb/v7e-m+fp/hard\libm.a(lib_a-ef_log.o)
 .ARM.attributes
                0x0000000000000551       0x34 d:/apps/embedded_gcc/arm_gcc/bin/../lib/gcc/arm-none-eabi/8.2.1/../../../../arm-none-eabi/lib/thumb/v7e-m+fp/hard\libm.a(lib_a-ef_sqrt.o)
 .ARM.attributes
                0x0000000000000585       0x34 d:/apps/embedded_gcc/arm_gcc/bin/../lib/gcc/arm-none-eabi/8.2.1/../../../../arm-none-eabi/lib/thumb/v7e-m+fp/hard\libm.a(lib_a-s_finite.o)
 .ARM.attributes
                0x00000000000005b9       0x32 d:/apps/embedded_gcc/arm_gcc/bin/../lib/gcc/arm-none-eabi/8.2.1/../../../../arm-none-eabi/lib/thumb/v7e-m+fp/hard\libm.a(lib_a-s_lib_ver.o)
 .ARM.attributes
                0x00000000000005eb       0x34 d:/apps/embedded_gcc/arm_gcc/bin/../lib/gcc/arm-none-eabi/8.2.1/../../../../arm-none-eabi/lib/thumb/v7e-m+fp/hard\libm.a(lib_a-s_matherr.o)
 .ARM.attributes
                0x000000000000061f       0x34 d:/apps/embedded_gcc/arm_gcc/bin/../lib/gcc/arm-none-eabi/8.2.1/../../../../arm-none-eabi/lib/thumb/v7e-m+fp/hard\libm.a(lib_a-s_nan.o)
 .ARM.attributes
                0x0000000000000653       0x1e d:/apps/embedded_gcc/arm_gcc/bin/../lib/gcc/arm-none-eabi/8.2.1/thumb/v7e-m+fp/hard\libgcc.a(_arm_addsubdf3.o)
 .ARM.attributes
                0x0000000000000671       0x1e d:/apps/embedded_gcc/arm_gcc/bin/../lib/gcc/arm-none-eabi/8.2.1/thumb/v7e-m+fp/hard\libgcc.a(_arm_muldivdf3.o)
 .ARM.attributes
                0x000000000000068f       0x1e d:/apps/embedded_gcc/arm_gcc/bin/../lib/gcc/arm-none-eabi/8.2.1/thumb/v7e-m+fp/hard\libgcc.a(_arm_cmpdf2.o)
 .ARM.attributes
                0x00000000000006ad       0x1e d:/apps/embedded_gcc/arm_gcc/bin/../lib/gcc/arm-none-eabi/8.2.1/thumb/v7e-m+fp/hard\libgcc.a(_arm_fixdfsi.o)
 .ARM.attributes
                0x00000000000006cb       0x1e d:/apps/embedded_gcc/arm_gcc/bin/../lib/gcc/arm-none-eabi/8.2.1/thumb/v7e-m+fp/hard\libgcc.a(_arm_truncdfsf2.o)
 .ARM.attributes
                0x00000000000006e9       0x34 d:/apps/embedded_gcc/arm_gcc/bin/../lib/gcc/arm-none-eabi/8.2.1/../../../../arm-none-eabi/lib/thumb/v7e-m+fp/hard\libc_nano.a(lib_a-errno.o)
 .ARM.attributes
                0x000000000000071d       0x32 d:/apps/embedded_gcc/arm_gcc/bin/../lib/gcc/arm-none-eabi/8.2.1/thumb/v7e-m+fp/hard/crtend.o
 .ARM.attributes
                0x000000000000074f       0x1e d:/apps/embedded_gcc/arm_gcc/bin/../lib/gcc/arm-none-eabi/8.2.1/thumb/v7e-m+fp/hard/crtn.o
OUTPUT(build/bldc_foc_g474_firmware.elf elf32-littlearm)

.debug_info     0x0000000000000000    0x1c686
 .debug_info    0x0000000000000000     0x4a9e build/main.o
 .debug_info    0x0000000000004a9e     0x12f5 build/gpio.o
 .debug_info    0x0000000000005d93     0x24c1 build/adc.o
 .debug_info    0x0000000000008254     0x5217 build/hrtim.o
 .debug_info    0x000000000000d46b     0x29d9 build/sys.o
 .debug_info    0x000000000000fe44     0x2307 build/usart.o
 .debug_info    0x000000000001214b     0x1581 build/stm32g4xx_it.o
 .debug_info    0x00000000000136cc      0xd7d build/stm32g4xx_ll_utils.o
 .debug_info    0x0000000000014449      0xa3f build/stm32g4xx_ll_gpio.o
 .debug_info    0x0000000000014e88      0xdc2 build/stm32g4xx_ll_adc.o
 .debug_info    0x0000000000015c4a      0x98a build/stm32g4xx_ll_usart.o
 .debug_info    0x00000000000165d4      0xd97 build/stm32g4xx_ll_rcc.o
 .debug_info    0x000000000001736b      0x657 build/system_stm32g4xx.o
 .debug_info    0x00000000000179c2     0x20ce build/tim.o
 .debug_info    0x0000000000019a90     0x142a build/stm32g4xx_ll_tim.o
 .debug_info    0x000000000001aeba     0x17aa build/utils.o
 .debug_info    0x000000000001c664       0x22 build/startup_stm32g474xx.o

.debug_abbrev   0x0000000000000000     0x2a91
 .debug_abbrev  0x0000000000000000      0x4b7 build/main.o
 .debug_abbrev  0x00000000000004b7      0x268 build/gpio.o
 .debug_abbrev  0x000000000000071f      0x2d4 build/adc.o
 .debug_abbrev  0x00000000000009f3      0x36f build/hrtim.o
 .debug_abbrev  0x0000000000000d62      0x332 build/sys.o
 .debug_abbrev  0x0000000000001094      0x2dc build/usart.o
 .debug_abbrev  0x0000000000001370      0x2ea build/stm32g4xx_it.o
 .debug_abbrev  0x000000000000165a      0x269 build/stm32g4xx_ll_utils.o
 .debug_abbrev  0x00000000000018c3      0x230 build/stm32g4xx_ll_gpio.o
 .debug_abbrev  0x0000000000001af3      0x1c1 build/stm32g4xx_ll_adc.o
 .debug_abbrev  0x0000000000001cb4      0x1d6 build/stm32g4xx_ll_usart.o
 .debug_abbrev  0x0000000000001e8a      0x21b build/stm32g4xx_ll_rcc.o
 .debug_abbrev  0x00000000000020a5      0x128 build/system_stm32g4xx.o
 .debug_abbrev  0x00000000000021cd      0x2b8 build/tim.o
 .debug_abbrev  0x0000000000002485      0x239 build/stm32g4xx_ll_tim.o
 .debug_abbrev  0x00000000000026be      0x3c1 build/utils.o
 .debug_abbrev  0x0000000000002a7f       0x12 build/startup_stm32g474xx.o

.debug_loc      0x0000000000000000     0x98ea
 .debug_loc     0x0000000000000000     0x1470 build/main.o
 .debug_loc     0x0000000000001470      0x108 build/gpio.o
 .debug_loc     0x0000000000001578      0xb8e build/adc.o
 .debug_loc     0x0000000000002106     0x16f6 build/hrtim.o
 .debug_loc     0x00000000000037fc      0x364 build/sys.o
 .debug_loc     0x0000000000003b60      0xaa6 build/usart.o
 .debug_loc     0x0000000000004606      0x634 build/stm32g4xx_it.o
 .debug_loc     0x0000000000004c3a      0x8a8 build/stm32g4xx_ll_utils.o
 .debug_loc     0x00000000000054e2      0x3dc build/stm32g4xx_ll_gpio.o
 .debug_loc     0x00000000000058be      0x8b4 build/stm32g4xx_ll_adc.o
 .debug_loc     0x0000000000006172      0x540 build/stm32g4xx_ll_usart.o
 .debug_loc     0x00000000000066b2     0x1004 build/stm32g4xx_ll_rcc.o
 .debug_loc     0x00000000000076b6       0xa0 build/system_stm32g4xx.o
 .debug_loc     0x0000000000007756      0x924 build/tim.o
 .debug_loc     0x000000000000807a      0xd18 build/stm32g4xx_ll_tim.o
 .debug_loc     0x0000000000008d92      0xb58 build/utils.o

.debug_aranges  0x0000000000000000     0x1008
 .debug_aranges
                0x0000000000000000      0x210 build/main.o
 .debug_aranges
                0x0000000000000210       0x30 build/gpio.o
 .debug_aranges
                0x0000000000000240      0x128 build/adc.o
 .debug_aranges
                0x0000000000000368      0x220 build/hrtim.o
 .debug_aranges
                0x0000000000000588       0x70 build/sys.o
 .debug_aranges
                0x00000000000005f8      0x108 build/usart.o
 .debug_aranges
                0x0000000000000700       0xd0 build/stm32g4xx_it.o
 .debug_aranges
                0x00000000000007d0       0xf8 build/stm32g4xx_ll_utils.o
 .debug_aranges
                0x00000000000008c8       0x70 build/stm32g4xx_ll_gpio.o
 .debug_aranges
                0x0000000000000938       0xe0 build/stm32g4xx_ll_adc.o
 .debug_aranges
                0x0000000000000a18       0x90 build/stm32g4xx_ll_usart.o
 .debug_aranges
                0x0000000000000aa8      0x1b8 build/stm32g4xx_ll_rcc.o
 .debug_aranges
                0x0000000000000c60       0x28 build/system_stm32g4xx.o
 .debug_aranges
                0x0000000000000c88       0xf0 build/tim.o
 .debug_aranges
                0x0000000000000d78      0x148 build/stm32g4xx_ll_tim.o
 .debug_aranges
                0x0000000000000ec0      0x120 build/utils.o
 .debug_aranges
                0x0000000000000fe0       0x28 build/startup_stm32g474xx.o

.debug_ranges   0x0000000000000000      0xf18
 .debug_ranges  0x0000000000000000      0x200 build/main.o
 .debug_ranges  0x0000000000000200       0x20 build/gpio.o
 .debug_ranges  0x0000000000000220      0x118 build/adc.o
 .debug_ranges  0x0000000000000338      0x210 build/hrtim.o
 .debug_ranges  0x0000000000000548       0x60 build/sys.o
 .debug_ranges  0x00000000000005a8       0xf8 build/usart.o
 .debug_ranges  0x00000000000006a0       0xc0 build/stm32g4xx_it.o
 .debug_ranges  0x0000000000000760       0xe8 build/stm32g4xx_ll_utils.o
 .debug_ranges  0x0000000000000848       0x60 build/stm32g4xx_ll_gpio.o
 .debug_ranges  0x00000000000008a8       0xd0 build/stm32g4xx_ll_adc.o
 .debug_ranges  0x0000000000000978       0x80 build/stm32g4xx_ll_usart.o
 .debug_ranges  0x00000000000009f8      0x1a8 build/stm32g4xx_ll_rcc.o
 .debug_ranges  0x0000000000000ba0       0x18 build/system_stm32g4xx.o
 .debug_ranges  0x0000000000000bb8       0xe0 build/tim.o
 .debug_ranges  0x0000000000000c98      0x138 build/stm32g4xx_ll_tim.o
 .debug_ranges  0x0000000000000dd0      0x128 build/utils.o
 .debug_ranges  0x0000000000000ef8       0x20 build/startup_stm32g474xx.o

.debug_line     0x0000000000000000     0xbe32
 .debug_line    0x0000000000000000     0x48c5 build/main.o
 .debug_line    0x00000000000048c5      0x378 build/gpio.o
 .debug_line    0x0000000000004c3d      0x9e1 build/adc.o
 .debug_line    0x000000000000561e     0x16af build/hrtim.o
 .debug_line    0x0000000000006ccd      0x59e build/sys.o
 .debug_line    0x000000000000726b      0x705 build/usart.o
 .debug_line    0x0000000000007970      0x540 build/stm32g4xx_it.o
 .debug_line    0x0000000000007eb0      0x6a9 build/stm32g4xx_ll_utils.o
 .debug_line    0x0000000000008559      0x464 build/stm32g4xx_ll_gpio.o
 .debug_line    0x00000000000089bd      0x5f1 build/stm32g4xx_ll_adc.o
 .debug_line    0x0000000000008fae      0x40a build/stm32g4xx_ll_usart.o
 .debug_line    0x00000000000093b8      0xc12 build/stm32g4xx_ll_rcc.o
 .debug_line    0x0000000000009fca      0x1ca build/system_stm32g4xx.o
 .debug_line    0x000000000000a194      0x836 build/tim.o
 .debug_line    0x000000000000a9ca      0x96a build/stm32g4xx_ll_tim.o
 .debug_line    0x000000000000b334      0xa87 build/utils.o
 .debug_line    0x000000000000bdbb       0x77 build/startup_stm32g474xx.o

.debug_str      0x0000000000000000     0x51c8
 .debug_str     0x0000000000000000     0x1ed4 build/main.o
                                       0x2045 (size before relaxing)
 .debug_str     0x0000000000001ed4       0x6a build/gpio.o
                                        0xb31 (size before relaxing)
 .debug_str     0x0000000000001f3e      0xaf4 build/adc.o
                                       0x1772 (size before relaxing)
 .debug_str     0x0000000000002a32      0x667 build/hrtim.o
                                       0x2481 (size before relaxing)
 .debug_str     0x0000000000003099       0xb5 build/sys.o
                                       0x14c9 (size before relaxing)
 .debug_str     0x000000000000314e      0x3eb build/usart.o
                                       0x16b2 (size before relaxing)
 .debug_str     0x0000000000003539      0x219 build/stm32g4xx_it.o
                                        0xbfe (size before relaxing)
 .debug_str     0x0000000000003752      0x2c5 build/stm32g4xx_ll_utils.o
                                        0x843 (size before relaxing)
 .debug_str     0x0000000000003a17      0x126 build/stm32g4xx_ll_gpio.o
                                        0x533 (size before relaxing)
 .debug_str     0x0000000000003b3d      0x261 build/stm32g4xx_ll_adc.o
                                        0x82c (size before relaxing)
 .debug_str     0x0000000000003d9e      0x20f build/stm32g4xx_ll_usart.o
                                        0x657 (size before relaxing)
 .debug_str     0x0000000000003fad      0x622 build/stm32g4xx_ll_rcc.o
                                        0xa67 (size before relaxing)
 .debug_str     0x00000000000045cf       0x49 build/system_stm32g4xx.o
                                        0x3ee (size before relaxing)
 .debug_str     0x0000000000004618      0x257 build/tim.o
                                       0x1581 (size before relaxing)
 .debug_str     0x000000000000486f      0x534 build/stm32g4xx_ll_tim.o
                                        0xa94 (size before relaxing)
 .debug_str     0x0000000000004da3      0x400 build/utils.o
                                        0xa4f (size before relaxing)
 .debug_str     0x00000000000051a3       0x25 build/startup_stm32g474xx.o
                                         0x62 (size before relaxing)

.comment        0x0000000000000000       0x68
 .comment       0x0000000000000000       0x68 build/main.o
                                         0x69 (size before relaxing)
 .comment       0x0000000000000068       0x69 build/gpio.o
 .comment       0x0000000000000068       0x69 build/adc.o
 .comment       0x0000000000000068       0x69 build/hrtim.o
 .comment       0x0000000000000068       0x69 build/sys.o
 .comment       0x0000000000000068       0x69 build/usart.o
 .comment       0x0000000000000068       0x69 build/stm32g4xx_it.o
 .comment       0x0000000000000068       0x69 build/stm32g4xx_ll_utils.o
 .comment       0x0000000000000068       0x69 build/stm32g4xx_ll_gpio.o
 .comment       0x0000000000000068       0x69 build/stm32g4xx_ll_adc.o
 .comment       0x0000000000000068       0x69 build/stm32g4xx_ll_usart.o
 .comment       0x0000000000000068       0x69 build/stm32g4xx_ll_rcc.o
 .comment       0x0000000000000068       0x69 build/system_stm32g4xx.o
 .comment       0x0000000000000068       0x69 build/tim.o
 .comment       0x0000000000000068       0x69 build/stm32g4xx_ll_tim.o
 .comment       0x0000000000000068       0x69 build/utils.o

.debug_frame    0x0000000000000000     0x4de8
 .debug_frame   0x0000000000000000      0x9bc build/main.o
 .debug_frame   0x00000000000009bc       0x88 build/gpio.o
 .debug_frame   0x0000000000000a44      0x54c build/adc.o
 .debug_frame   0x0000000000000f90      0xbc4 build/hrtim.o
 .debug_frame   0x0000000000001b54      0x1b8 build/sys.o
 .debug_frame   0x0000000000001d0c      0x4c8 build/usart.o
 .debug_frame   0x00000000000021d4      0x330 build/stm32g4xx_it.o
 .debug_frame   0x0000000000002504      0x440 build/stm32g4xx_ll_utils.o
 .debug_frame   0x0000000000002944      0x1c8 build/stm32g4xx_ll_gpio.o
 .debug_frame   0x0000000000002b0c      0x400 build/stm32g4xx_ll_adc.o
 .debug_frame   0x0000000000002f0c      0x26c build/stm32g4xx_ll_usart.o
 .debug_frame   0x0000000000003178      0x7e8 build/stm32g4xx_ll_rcc.o
 .debug_frame   0x0000000000003960       0x5c build/system_stm32g4xx.o
 .debug_frame   0x00000000000039bc      0x458 build/tim.o
 .debug_frame   0x0000000000003e14      0x600 build/stm32g4xx_ll_tim.o
 .debug_frame   0x0000000000004414      0x554 build/utils.o
 .debug_frame   0x0000000000004968       0x2c d:/apps/embedded_gcc/arm_gcc/bin/../lib/gcc/arm-none-eabi/8.2.1/../../../../arm-none-eabi/lib/thumb/v7e-m+fp/hard\libc_nano.a(lib_a-init.o)
 .debug_frame   0x0000000000004994       0x20 d:/apps/embedded_gcc/arm_gcc/bin/../lib/gcc/arm-none-eabi/8.2.1/../../../../arm-none-eabi/lib/thumb/v7e-m+fp/hard\libc_nano.a(lib_a-memset.o)
 .debug_frame   0x00000000000049b4       0x50 d:/apps/embedded_gcc/arm_gcc/bin/../lib/gcc/arm-none-eabi/8.2.1/../../../../arm-none-eabi/lib/thumb/v7e-m+fp/hard\libm.a(lib_a-w_exp.o)
 .debug_frame   0x0000000000004a04       0x50 d:/apps/embedded_gcc/arm_gcc/bin/../lib/gcc/arm-none-eabi/8.2.1/../../../../arm-none-eabi/lib/thumb/v7e-m+fp/hard\libm.a(lib_a-wf_log.o)
 .debug_frame   0x0000000000004a54       0x50 d:/apps/embedded_gcc/arm_gcc/bin/../lib/gcc/arm-none-eabi/8.2.1/../../../../arm-none-eabi/lib/thumb/v7e-m+fp/hard\libm.a(lib_a-wf_sqrt.o)
 .debug_frame   0x0000000000004aa4       0x54 d:/apps/embedded_gcc/arm_gcc/bin/../lib/gcc/arm-none-eabi/8.2.1/../../../../arm-none-eabi/lib/thumb/v7e-m+fp/hard\libm.a(lib_a-e_exp.o)
 .debug_frame   0x0000000000004af8       0x48 d:/apps/embedded_gcc/arm_gcc/bin/../lib/gcc/arm-none-eabi/8.2.1/../../../../arm-none-eabi/lib/thumb/v7e-m+fp/hard\libm.a(lib_a-ef_log.o)
 .debug_frame   0x0000000000004b40       0x20 d:/apps/embedded_gcc/arm_gcc/bin/../lib/gcc/arm-none-eabi/8.2.1/../../../../arm-none-eabi/lib/thumb/v7e-m+fp/hard\libm.a(lib_a-ef_sqrt.o)
 .debug_frame   0x0000000000004b60       0x20 d:/apps/embedded_gcc/arm_gcc/bin/../lib/gcc/arm-none-eabi/8.2.1/../../../../arm-none-eabi/lib/thumb/v7e-m+fp/hard\libm.a(lib_a-s_finite.o)
 .debug_frame   0x0000000000004b80       0x20 d:/apps/embedded_gcc/arm_gcc/bin/../lib/gcc/arm-none-eabi/8.2.1/../../../../arm-none-eabi/lib/thumb/v7e-m+fp/hard\libm.a(lib_a-s_matherr.o)
 .debug_frame   0x0000000000004ba0       0x20 d:/apps/embedded_gcc/arm_gcc/bin/../lib/gcc/arm-none-eabi/8.2.1/../../../../arm-none-eabi/lib/thumb/v7e-m+fp/hard\libm.a(lib_a-s_nan.o)
 .debug_frame   0x0000000000004bc0       0xac d:/apps/embedded_gcc/arm_gcc/bin/../lib/gcc/arm-none-eabi/8.2.1/thumb/v7e-m+fp/hard\libgcc.a(_arm_addsubdf3.o)
 .debug_frame   0x0000000000004c6c       0x50 d:/apps/embedded_gcc/arm_gcc/bin/../lib/gcc/arm-none-eabi/8.2.1/thumb/v7e-m+fp/hard\libgcc.a(_arm_muldivdf3.o)
 .debug_frame   0x0000000000004cbc       0xc4 d:/apps/embedded_gcc/arm_gcc/bin/../lib/gcc/arm-none-eabi/8.2.1/thumb/v7e-m+fp/hard\libgcc.a(_arm_cmpdf2.o)
 .debug_frame   0x0000000000004d80       0x24 d:/apps/embedded_gcc/arm_gcc/bin/../lib/gcc/arm-none-eabi/8.2.1/thumb/v7e-m+fp/hard\libgcc.a(_arm_fixdfsi.o)
 .debug_frame   0x0000000000004da4       0x24 d:/apps/embedded_gcc/arm_gcc/bin/../lib/gcc/arm-none-eabi/8.2.1/thumb/v7e-m+fp/hard\libgcc.a(_arm_truncdfsf2.o)
 .debug_frame   0x0000000000004dc8       0x20 d:/apps/embedded_gcc/arm_gcc/bin/../lib/gcc/arm-none-eabi/8.2.1/../../../../arm-none-eabi/lib/thumb/v7e-m+fp/hard\libc_nano.a(lib_a-errno.o)

Cross Reference Table

Symbol                                            File
ADC1_2_IRQHandler                                 build/main.o
ADC1_Init_BLDC                                    build/adc.o
                                                  build/main.o
ADC2_Init_BLDC                                    build/adc.o
                                                  build/main.o
ADC3_IRQHandler                                   build/startup_stm32g474xx.o
ADC4_IRQHandler                                   build/startup_stm32g474xx.o
ADC5_IRQHandler                                   build/startup_stm32g474xx.o
AHBPrescTable                                     build/system_stm32g4xx.o
                                                  build/stm32g4xx_ll_rcc.o
                                                  build/stm32g4xx_ll_utils.o
APBPrescTable                                     build/system_stm32g4xx.o
                                                  build/stm32g4xx_ll_rcc.o
BusFault_Handler                                  build/stm32g4xx_it.o
COMP1_2_3_IRQHandler                              build/startup_stm32g474xx.o
COMP4_5_6_IRQHandler                              build/startup_stm32g474xx.o
COMP7_IRQHandler                                  build/startup_stm32g474xx.o
CORDIC_IRQHandler                                 build/startup_stm32g474xx.o
CRS_IRQHandler                                    build/startup_stm32g474xx.o
CoreInit                                          build/main.o
CoreStart                                         build/main.o
DMA1_Channel1_IRQHandler                          build/startup_stm32g474xx.o
DMA1_Channel2_IRQHandler                          build/startup_stm32g474xx.o
DMA1_Channel3_IRQHandler                          build/startup_stm32g474xx.o
DMA1_Channel4_IRQHandler                          build/startup_stm32g474xx.o
DMA1_Channel5_IRQHandler                          build/startup_stm32g474xx.o
DMA1_Channel6_IRQHandler                          build/stm32g4xx_it.o
DMA1_Channel7_IRQHandler                          build/startup_stm32g474xx.o
DMA1_Channel8_IRQHandler                          build/startup_stm32g474xx.o
DMA2_Channel1_IRQHandler                          build/startup_stm32g474xx.o
DMA2_Channel2_IRQHandler                          build/startup_stm32g474xx.o
DMA2_Channel3_IRQHandler                          build/startup_stm32g474xx.o
DMA2_Channel4_IRQHandler                          build/startup_stm32g474xx.o
DMA2_Channel5_IRQHandler                          build/startup_stm32g474xx.o
DMA2_Channel6_IRQHandler                          build/startup_stm32g474xx.o
DMA2_Channel7_IRQHandler                          build/startup_stm32g474xx.o
DMA2_Channel8_IRQHandler                          build/startup_stm32g474xx.o
DMAMUX_OVR_IRQHandler                             build/startup_stm32g474xx.o
DebugMon_Handler                                  build/stm32g4xx_it.o
Default_Handler                                   build/startup_stm32g474xx.o
EXTI0_IRQHandler                                  build/startup_stm32g474xx.o
EXTI15_10_IRQHandler                              build/startup_stm32g474xx.o
EXTI1_IRQHandler                                  build/startup_stm32g474xx.o
EXTI2_IRQHandler                                  build/startup_stm32g474xx.o
EXTI3_IRQHandler                                  build/startup_stm32g474xx.o
EXTI4_IRQHandler                                  build/startup_stm32g474xx.o
EXTI9_5_IRQHandler                                build/stm32g4xx_it.o
Error_Handler                                     build/main.o
FDCAN1_IT0_IRQHandler                             build/startup_stm32g474xx.o
FDCAN1_IT1_IRQHandler                             build/startup_stm32g474xx.o
FDCAN2_IT0_IRQHandler                             build/startup_stm32g474xx.o
FDCAN2_IT1_IRQHandler                             build/startup_stm32g474xx.o
FDCAN3_IT0_IRQHandler                             build/startup_stm32g474xx.o
FDCAN3_IT1_IRQHandler                             build/startup_stm32g474xx.o
FLASH_IRQHandler                                  build/startup_stm32g474xx.o
FLASH_LoadConfig                                  build/sys.o
                                                  build/main.o
FLASH_PageErase                                   build/sys.o
FLASH_Program_DoubleWord                          build/sys.o
FLASH_UpdateConfig                                build/sys.o
                                                  build/main.o
FMAC_IRQHandler                                   build/startup_stm32g474xx.o
FMC_IRQHandler                                    build/startup_stm32g474xx.o
FPU_IRQHandler                                    build/startup_stm32g474xx.o
HRTIM1_FLT_IRQHandler                             build/stm32g4xx_it.o
HRTIM1_Master_IRQHandler                          build/startup_stm32g474xx.o
HRTIM1_TIMA_IRQHandler                            build/startup_stm32g474xx.o
HRTIM1_TIMB_IRQHandler                            build/startup_stm32g474xx.o
HRTIM1_TIMC_IRQHandler                            build/startup_stm32g474xx.o
HRTIM1_TIMD_IRQHandler                            build/startup_stm32g474xx.o
HRTIM1_TIME_IRQHandler                            build/startup_stm32g474xx.o
HRTIM1_TIMF_IRQHandler                            build/startup_stm32g474xx.o
HardFault_Handler                                 build/stm32g4xx_it.o
I2C1_ER_IRQHandler                                build/startup_stm32g474xx.o
I2C1_EV_IRQHandler                                build/startup_stm32g474xx.o
I2C2_ER_IRQHandler                                build/startup_stm32g474xx.o
I2C2_EV_IRQHandler                                build/startup_stm32g474xx.o
I2C3_ER_IRQHandler                                build/startup_stm32g474xx.o
I2C3_EV_IRQHandler                                build/startup_stm32g474xx.o
I2C4_ER_IRQHandler                                build/startup_stm32g474xx.o
I2C4_EV_IRQHandler                                build/startup_stm32g474xx.o
LL_ADC_CommonDeInit                               build/stm32g4xx_ll_adc.o
LL_ADC_CommonInit                                 build/stm32g4xx_ll_adc.o
                                                  build/adc.o
LL_ADC_CommonStructInit                           build/stm32g4xx_ll_adc.o
LL_ADC_DeInit                                     build/stm32g4xx_ll_adc.o
LL_ADC_INJ_Init                                   build/stm32g4xx_ll_adc.o
                                                  build/adc.o
LL_ADC_INJ_StructInit                             build/stm32g4xx_ll_adc.o
LL_ADC_Init                                       build/stm32g4xx_ll_adc.o
                                                  build/adc.o
LL_ADC_REG_Init                                   build/stm32g4xx_ll_adc.o
                                                  build/adc.o
LL_ADC_REG_StructInit                             build/stm32g4xx_ll_adc.o
LL_ADC_StructInit                                 build/stm32g4xx_ll_adc.o
LL_DMA_DeInit                                     build/stm32g4xx_ll_dma.o
LL_DMA_Init                                       build/stm32g4xx_ll_dma.o
LL_DMA_StructInit                                 build/stm32g4xx_ll_dma.o
LL_EXTI_DeInit                                    build/stm32g4xx_ll_exti.o
LL_EXTI_Init                                      build/stm32g4xx_ll_exti.o
LL_EXTI_StructInit                                build/stm32g4xx_ll_exti.o
LL_GPIO_DeInit                                    build/stm32g4xx_ll_gpio.o
LL_GPIO_Init                                      build/stm32g4xx_ll_gpio.o
                                                  build/lptim.o
                                                  build/tim.o
                                                  build/usart.o
                                                  build/hrtim.o
                                                  build/adc.o
                                                  build/gpio.o
LL_GPIO_StructInit                                build/stm32g4xx_ll_gpio.o
LL_HRTIM_DeInit                                   build/stm32g4xx_ll_hrtim.o
LL_Init1msTick                                    build/stm32g4xx_ll_utils.o
                                                  build/main.o
LL_LPTIM_DeInit                                   build/stm32g4xx_ll_lptim.o
LL_LPTIM_Disable                                  build/stm32g4xx_ll_lptim.o
LL_LPTIM_Init                                     build/stm32g4xx_ll_lptim.o
LL_LPTIM_StructInit                               build/stm32g4xx_ll_lptim.o
LL_PLL_ConfigSystemClock_HSE                      build/stm32g4xx_ll_utils.o
LL_PLL_ConfigSystemClock_HSI                      build/stm32g4xx_ll_utils.o
LL_PWR_DeInit                                     build/stm32g4xx_ll_pwr.o
LL_RCC_DeInit                                     build/stm32g4xx_ll_rcc.o
LL_RCC_GetADCClockFreq                            build/stm32g4xx_ll_rcc.o
LL_RCC_GetFDCANClockFreq                          build/stm32g4xx_ll_rcc.o
LL_RCC_GetI2CClockFreq                            build/stm32g4xx_ll_rcc.o
LL_RCC_GetI2SClockFreq                            build/stm32g4xx_ll_rcc.o
LL_RCC_GetLPTIMClockFreq                          build/stm32g4xx_ll_rcc.o
LL_RCC_GetLPUARTClockFreq                         build/stm32g4xx_ll_rcc.o
LL_RCC_GetQUADSPIClockFreq                        build/stm32g4xx_ll_rcc.o
LL_RCC_GetRNGClockFreq                            build/stm32g4xx_ll_rcc.o
LL_RCC_GetSAIClockFreq                            build/stm32g4xx_ll_rcc.o
LL_RCC_GetSystemClocksFreq                        build/stm32g4xx_ll_rcc.o
                                                  build/stm32g4xx_ll_lptim.o
LL_RCC_GetUARTClockFreq                           build/stm32g4xx_ll_rcc.o
                                                  build/stm32g4xx_ll_usart.o
LL_RCC_GetUSARTClockFreq                          build/stm32g4xx_ll_rcc.o
                                                  build/stm32g4xx_ll_usart.o
LL_RCC_GetUSBClockFreq                            build/stm32g4xx_ll_rcc.o
LL_SetSystemCoreClock                             build/stm32g4xx_ll_utils.o
                                                  build/main.o
LL_TIM_BDTR_Init                                  build/stm32g4xx_ll_tim.o
LL_TIM_BDTR_StructInit                            build/stm32g4xx_ll_tim.o
LL_TIM_DeInit                                     build/stm32g4xx_ll_tim.o
LL_TIM_ENCODER_Init                               build/stm32g4xx_ll_tim.o
LL_TIM_ENCODER_StructInit                         build/stm32g4xx_ll_tim.o
LL_TIM_HALLSENSOR_Init                            build/stm32g4xx_ll_tim.o
LL_TIM_HALLSENSOR_StructInit                      build/stm32g4xx_ll_tim.o
LL_TIM_IC_Init                                    build/stm32g4xx_ll_tim.o
LL_TIM_IC_StructInit                              build/stm32g4xx_ll_tim.o
LL_TIM_Init                                       build/stm32g4xx_ll_tim.o
                                                  build/tim.o
LL_TIM_OC_Init                                    build/stm32g4xx_ll_tim.o
LL_TIM_OC_StructInit                              build/stm32g4xx_ll_tim.o
LL_TIM_StructInit                                 build/stm32g4xx_ll_tim.o
LL_USART_ClockInit                                build/stm32g4xx_ll_usart.o
LL_USART_ClockStructInit                          build/stm32g4xx_ll_usart.o
LL_USART_DeInit                                   build/stm32g4xx_ll_usart.o
LL_USART_Init                                     build/stm32g4xx_ll_usart.o
                                                  build/usart.o
LL_USART_StructInit                               build/stm32g4xx_ll_usart.o
LL_mDelay                                         build/stm32g4xx_ll_utils.o