Archive member included to satisfy reference by file (symbol)

d:/apps/embedded_gcc/arm_gcc/bin/../lib/gcc/arm-none-eabi/8.2.1/../../../../arm-none-eabi/lib/thumb/v7e-m+fp/hard\libc_nano.a(lib_a-exit.o)
                              d:/apps/embedded_gcc/arm_gcc/bin/../lib/gcc/arm-none-eabi/8.2.1/../../../../arm-none-eabi/lib/thumb/v7e-m+fp/hard/crt0.o (exit)
d:/apps/embedded_gcc/arm_gcc/bin/../lib/gcc/arm-none-eabi/8.2.1/../../../../arm-none-eabi/lib/thumb/v7e-m+fp/hard\libc_nano.a(lib_a-impure.o)
                              d:/apps/embedded_gcc/arm_gcc/bin/../lib/gcc/arm-none-eabi/8.2.1/../../../../arm-none-eabi/lib/thumb/v7e-m+fp/hard\libc_nano.a(lib_a-exit.o) (_global_impure_ptr)
d:/apps/embedded_gcc/arm_gcc/bin/../lib/gcc/arm-none-eabi/8.2.1/../../../../arm-none-eabi/lib/thumb/v7e-m+fp/hard\libc_nano.a(lib_a-init.o)
                              d:/apps/embedded_gcc/arm_gcc/bin/../lib/gcc/arm-none-eabi/8.2.1/../../../../arm-none-eabi/lib/thumb/v7e-m+fp/hard/crt0.o (__libc_init_array)
d:/apps/embedded_gcc/arm_gcc/bin/../lib/gcc/arm-none-eabi/8.2.1/../../../../arm-none-eabi/lib/thumb/v7e-m+fp/hard\libc_nano.a(lib_a-memcpy-stub.o)
                              build/utils.o (memcpy)
d:/apps/embedded_gcc/arm_gcc/bin/../lib/gcc/arm-none-eabi/8.2.1/../../../../arm-none-eabi/lib/thumb/v7e-m+fp/hard\libc_nano.a(lib_a-memset.o)
                              d:/apps/embedded_gcc/arm_gcc/bin/../lib/gcc/arm-none-eabi/8.2.1/../../../../arm-none-eabi/lib/thumb/v7e-m+fp/hard/crt0.o (memset)
d:/apps/embedded_gcc/arm_gcc/bin/../lib/gcc/arm-none-eabi/8.2.1/../../../../arm-none-eabi/lib/thumb/v7e-m+fp/hard\libc_nano.a(lib_a-qsort.o)
                              build/utils.o (qsort)
d:/apps/embedded_gcc/arm_gcc/bin/../lib/gcc/arm-none-eabi/8.2.1/../../../../arm-none-eabi/lib/thumb/v7e-m+fp/hard\libc_nano.a(lib_a-strlen.o)
                              build/utils.o (strlen)
d:/apps/embedded_gcc/arm_gcc/bin/../lib/gcc/arm-none-eabi/8.2.1/../../../../arm-none-eabi/lib/thumb/v7e-m+fp/hard\libm.a(lib_a-w_exp.o)
                              build/main.o (exp)
d:/apps/embedded_gcc/arm_gcc/bin/../lib/gcc/arm-none-eabi/8.2.1/../../../../arm-none-eabi/lib/thumb/v7e-m+fp/hard\libm.a(lib_a-wf_exp.o)
                              build/main.o (expf)
d:/apps/embedded_gcc/arm_gcc/bin/../lib/gcc/arm-none-eabi/8.2.1/../../../../arm-none-eabi/lib/thumb/v7e-m+fp/hard\libm.a(lib_a-wf_fmod.o)
                              build/utils.o (fmodf)
d:/apps/embedded_gcc/arm_gcc/bin/../lib/gcc/arm-none-eabi/8.2.1/../../../../arm-none-eabi/lib/thumb/v7e-m+fp/hard\libm.a(lib_a-wf_log.o)
                              build/main.o (logf)
d:/apps/embedded_gcc/arm_gcc/bin/../lib/gcc/arm-none-eabi/8.2.1/../../../../arm-none-eabi/lib/thumb/v7e-m+fp/hard\libm.a(lib_a-wf_pow.o)
                              build/utils.o (powf)
d:/apps/embedded_gcc/arm_gcc/bin/../lib/gcc/arm-none-eabi/8.2.1/../../../../arm-none-eabi/lib/thumb/v7e-m+fp/hard\libm.a(lib_a-wf_sqrt.o)
                              build/main.o (sqrtf)
d:/apps/embedded_gcc/arm_gcc/bin/../lib/gcc/arm-none-eabi/8.2.1/../../../../arm-none-eabi/lib/thumb/v7e-m+fp/hard\libm.a(lib_a-e_exp.o)
                              d:/apps/embedded_gcc/arm_gcc/bin/../lib/gcc/arm-none-eabi/8.2.1/../../../../arm-none-eabi/lib/thumb/v7e-m+fp/hard\libm.a(lib_a-w_exp.o) (__ieee754_exp)
d:/apps/embedded_gcc/arm_gcc/bin/../lib/gcc/arm-none-eabi/8.2.1/../../../../arm-none-eabi/lib/thumb/v7e-m+fp/hard\libm.a(lib_a-ef_exp.o)
                              d:/apps/embedded_gcc/arm_gcc/bin/../lib/gcc/arm-none-eabi/8.2.1/../../../../arm-none-eabi/lib/thumb/v7e-m+fp/hard\libm.a(lib_a-wf_exp.o) (__ieee754_expf)
d:/apps/embedded_gcc/arm_gcc/bin/../lib/gcc/arm-none-eabi/8.2.1/../../../../arm-none-eabi/lib/thumb/v7e-m+fp/hard\libm.a(lib_a-ef_fmod.o)
                              d:/apps/embedded_gcc/arm_gcc/bin/../lib/gcc/arm-none-eabi/8.2.1/../../../../arm-none-eabi/lib/thumb/v7e-m+fp/hard\libm.a(lib_a-wf_fmod.o) (__ieee754_fmodf)
d:/apps/embedded_gcc/arm_gcc/bin/../lib/gcc/arm-none-eabi/8.2.1/../../../../arm-none-eabi/lib/thumb/v7e-m+fp/hard\libm.a(lib_a-ef_log.o)
                              d:/apps/embedded_gcc/arm_gcc/bin/../lib/gcc/arm-none-eabi/8.2.1/../../../../arm-none-eabi/lib/thumb/v7e-m+fp/hard\libm.a(lib_a-wf_log.o) (__ieee754_logf)
d:/apps/embedded_gcc/arm_gcc/bin/../lib/gcc/arm-none-eabi/8.2.1/../../../../arm-none-eabi/lib/thumb/v7e-m+fp/hard\libm.a(lib_a-ef_pow.o)
                              d:/apps/embedded_gcc/arm_gcc/bin/../lib/gcc/arm-none-eabi/8.2.1/../../../../arm-none-eabi/lib/thumb/v7e-m+fp/hard\libm.a(lib_a-wf_pow.o) (__ieee754_powf)
d:/apps/embedded_gcc/arm_gcc/bin/../lib/gcc/arm-none-eabi/8.2.1/../../../../arm-none-eabi/lib/thumb/v7e-m+fp/hard\libm.a(lib_a-ef_sqrt.o)
                              d:/apps/embedded_gcc/arm_gcc/bin/../lib/gcc/arm-none-eabi/8.2.1/../../../../arm-none-eabi/lib/thumb/v7e-m+fp/hard\libm.a(lib_a-wf_sqrt.o) (__ieee754_sqrtf)
[...]
Memory Configuration

Name             Origin             Length             Attributes
RAM              0x0000000020000000 0x0000000000020000 xrw
FLASH            0x0000000008000000 0x0000000000080000 xr
*default*        0x0000000000000000 0xffffffffffffffff

Linker script and memory map

LOAD d:/apps/embedded_gcc/arm_gcc/bin/../lib/gcc/arm-none-eabi/8.2.1/thumb/v7e-m+fp/hard/crti.o
LOAD d:/apps/embedded_gcc/arm_gcc/bin/../lib/gcc/arm-none-eabi/8.2.1/thumb/v7e-m+fp/hard/crtbegin.o
LOAD d:/apps/embedded_gcc/arm_gcc/bin/../lib/gcc/arm-none-eabi/8.2.1/../../../../arm-none-eabi/lib/thumb/v7e-m+fp/hard/crt0.o
LOAD build/main.o
LOAD build/gpio.o
LOAD build/adc.o
LOAD build/hrtim.o
LOAD build/sys.o
LOAD build/usart.o
LOAD build/cordic.o
LOAD build/stm32g4xx_it.o
LOAD build/stm32g4xx_ll_utils.o
LOAD build/stm32g4xx_ll_exti.o
LOAD build/stm32g4xx_ll_gpio.o
LOAD build/stm32g4xx_ll_adc.o
LOAD build/stm32g4xx_ll_dma.o
LOAD build/stm32g4xx_ll_hrtim.o
LOAD build/stm32g4xx_ll_pwr.o
LOAD build/stm32g4xx_ll_usart.o
LOAD build/stm32g4xx_ll_rcc.o
LOAD build/stm32g4xx_ll_cordic.o
LOAD build/system_stm32g4xx.o
LOAD build/tim.o
LOAD build/stm32g4xx_ll_tim.o
LOAD build/lptim.o
LOAD build/utils.o
LOAD build/stm32g4xx_ll_lptim.o
LOAD build/startup_stm32g474xx.o
LOAD d:/apps/embedded_gcc/arm_gcc/bin/../lib/gcc/arm-none-eabi/8.2.1/../../../../arm-none-eabi/lib/thumb/v7e-m+fp/hard\libc_nano.a
LOAD d:/apps/embedded_gcc/arm_gcc/bin/../lib/gcc/arm-none-eabi/8.2.1/../../../../arm-none-eabi/lib/thumb/v7e-m+fp/hard\libm.a
LOAD d:/apps/embedded_gcc/arm_gcc/bin/../lib/gcc/arm-none-eabi/8.2.1/../../../../arm-none-eabi/lib/thumb/v7e-m+fp/hard\libnosys.a
START GROUP
LOAD d:/apps/embedded_gcc/arm_gcc/bin/../lib/gcc/arm-none-eabi/8.2.1/thumb/v7e-m+fp/hard\libgcc.a
LOAD d:/apps/embedded_gcc/arm_gcc/bin/../lib/gcc/arm-none-eabi/8.2.1/../../../../arm-none-eabi/lib/thumb/v7e-m+fp/hard\libc_nano.a
END GROUP
START GROUP
LOAD d:/apps/embedded_gcc/arm_gcc/bin/../lib/gcc/arm-none-eabi/8.2.1/thumb/v7e-m+fp/hard\libgcc.a
LOAD d:/apps/embedded_gcc/arm_gcc/bin/../lib/gcc/arm-none-eabi/8.2.1/../../../../arm-none-eabi/lib/thumb/v7e-m+fp/hard\libc_nano.a
END GROUP
LOAD d:/apps/embedded_gcc/arm_gcc/bin/../lib/gcc/arm-none-eabi/8.2.1/thumb/v7e-m+fp/hard/crtend.o
LOAD d:/apps/embedded_gcc/arm_gcc/bin/../lib/gcc/arm-none-eabi/8.2.1/thumb/v7e-m+fp/hard/crtn.o
                0x0000000020020000                _estack = 0x20020000
                0x0000000000000200                _Min_Heap_Size = 0x200
                0x0000000000000400                _Min_Stack_Size = 0x400

.isr_vector     0x0000000008000000      0x1d8
                0x0000000008000000                . = ALIGN (0x4)
 *(.isr_vector)
 .isr_vector    0x0000000008000000      0x1d8 build/startup_stm32g474xx.o
                0x0000000008000000                g_pfnVectors
                0x00000000080001d8                . = ALIGN (0x4)

.text           0x00000000080001d8     0xf690
                0x00000000080001d8                . = ALIGN (0x4)
 *(.text)
 .text          0x00000000080001d8      0x378 d:/apps/embedded_gcc/arm_gcc/bin/../lib/gcc/arm-none-eabi/8.2.1/thumb/v7e-m+fp/hard\libgcc.a(_arm_addsubdf3.o)
                0x00000000080001d8                __aeabi_drsub
                0x00000000080001e0                __aeabi_dsub
                0x00000000080001e0                __subdf3
                0x00000000080001e4                __aeabi_dadd
                0x00000000080001e4                __adddf3
                0x000000000800045c                __floatunsidf
                0x000000000800045c                __aeabi_ui2d
                0x000000000800047c                __floatsidf
                0x000000000800047c                __aeabi_i2d
                0x00000000080004a0                __aeabi_f2d
                0x00000000080004a0                __extendsfdf2
                0x00000000080004e4                __floatundidf
                0x00000000080004e4                __aeabi_ul2d
                0x00000000080004f4                __floatdidf
                0x00000000080004f4                __aeabi_l2d
 .text          0x0000000008000550      0x424 d:/apps/embedded_gcc/arm_gcc/bin/../lib/gcc/arm-none-eabi/8.2.1/thumb/v7e-m+fp/hard\libgcc.a(_arm_muldivdf3.o)
                0x0000000008000550                __aeabi_dmul
                0x0000000008000550                __muldf3
                0x00000000080007a4                __divdf3
                0x00000000080007a4                __aeabi_ddiv
 .text          0x0000000008000974      0x110 d:/apps/embedded_gcc/arm_gcc/bin/../lib/gcc/arm-none-eabi/8.2.1/thumb/v7e-m+fp/hard\libgcc.a(_arm_cmpdf2.o)
                0x0000000008000974                __gtdf2
                0x0000000008000974                __gedf2
                0x000000000800097c                __ltdf2
                0x000000000800097c                __ledf2
                0x0000000008000984                __nedf2
                0x0000000008000984                __eqdf2
                0x0000000008000984                __cmpdf2
                0x0000000008000a00                __aeabi_cdrcmple
                0x0000000008000a10                __aeabi_cdcmpeq
                0x0000000008000a10                __aeabi_cdcmple
                0x0000000008000a20                __aeabi_dcmpeq
                0x0000000008000a34                __aeabi_dcmplt
                0x0000000008000a48                __aeabi_dcmple
                0x0000000008000a5c                __aeabi_dcmpge
                0x0000000008000a70                __aeabi_dcmpgt
 .text          0x0000000008000a84       0x50 d:/apps/embedded_gcc/arm_gcc/bin/../lib/gcc/arm-none-eabi/8.2.1/thumb/v7e-m+fp/hard\libgcc.a(_arm_fixdfsi.o)
                0x0000000008000a84                __aeabi_d2iz
                0x0000000008000a84                __fixdfsi
 .text          0x0000000008000ad4       0xa0 d:/apps/embedded_gcc/arm_gcc/bin/../lib/gcc/arm-none-eabi/8.2.1/thumb/v7e-m+fp/hard\libgcc.a(_arm_truncdfsf2.o)
                0x0000000008000ad4                __truncdfsf2
                0x0000000008000ad4                __aeabi_d2f
 *(.text*)
 .text.deregister_tm_clones
                0x0000000008000b74       0x1c d:/apps/embedded_gcc/arm_gcc/bin/../lib/gcc/arm-none-eabi/8.2.1/thumb/v7e-m+fp/hard/crtbegin.o
 .text.register_tm_clones
                0x0000000008000b90       0x24 d:/apps/embedded_gcc/arm_gcc/bin/../lib/gcc/arm-none-eabi/8.2.1/thumb/v7e-m+fp/hard/crtbegin.o
 .text.__do_global_dtors_aux
                0x0000000008000bb4       0x28 d:/apps/embedded_gcc/arm_gcc/bin/../lib/gcc/arm-none-eabi/8.2.1/thumb/v7e-m+fp/hard/crtbegin.o
 .text.frame_dummy
                0x0000000008000bdc       0x24 d:/apps/embedded_gcc/arm_gcc/bin/../lib/gcc/arm-none-eabi/8.2.1/thumb/v7e-m+fp/hard/crtbegin.o
 .text.Svgen_calc
                0x0000000008000c00      0x138 build/main.o
 .text.PI_calc  0x0000000008000d38       0xb4 build/main.o
 .text.Volt_calc
                0x0000000008000dec       0xa8 build/main.o
 .text.Prot_calc
                0x0000000008000e94       0xcc build/main.o
 .text.Pll_calc
                0x0000000008000f60      0x128 build/main.o
 .text.CMTN_run
                0x0000000008001088      0x4c0 build/main.o
 .text.FluxObs_calc
                0x0000000008001548      0x132 build/main.o
 *fill*         0x000000000800167a        0x2 
 .text.Smopos_calc
                0x000000000800167c      0x28c build/main.o
 .text.CoreInit
                0x0000000008001908      0x198 build/main.o
                0x0000000008001908                CoreInit
 .text.CoreStart
                0x0000000008001aa0       0x88 build/main.o
                0x0000000008001aa0                CoreStart
 .text.main     0x0000000008001b28      0x604 build/main.o
                0x0000000008001b28                main
 *fill*         0x000000000800212c        0x4 
 .text.ADC1_2_IRQHandler
                0x0000000008002130     0x7700 build/main.o
                0x0000000008002130                ADC1_2_IRQHandler
 .text.slowCalc
                0x0000000008009830      0x1b4 build/main.o
                0x0000000008009830                slowCalc
 .text.TIM2_IRQHandler
                0x00000000080099e4       0x3c build/main.o
                0x00000000080099e4                TIM2_IRQHandler
 .text.MX_GPIO_Init
                0x0000000008009a20      0x15c build/gpio.o
                0x0000000008009a20                MX_GPIO_Init
 .text.adc_start_bldc
                0x0000000008009b7c      0x100 build/adc.o
                0x0000000008009b7c                adc_start_bldc
 .text.adc_start
                0x0000000008009c7c      0x100 build/adc.o
                0x0000000008009c7c                adc_start
 .text.MX_ADC1_Init
                0x0000000008009d7c      0x1f4 build/adc.o
                0x0000000008009d7c                MX_ADC1_Init
 .text.MX_ADC2_Init
                0x0000000008009f70      0x1c0 build/adc.o
                0x0000000008009f70                MX_ADC2_Init
 .text.ADC1_Init_BLDC
                0x000000000800a130      0x224 build/adc.o
                0x000000000800a130                ADC1_Init_BLDC
 .text.ADC2_Init_BLDC
                0x000000000800a354      0x200 build/adc.o
                0x000000000800a354                ADC2_Init_BLDC
 .text.hrtim_start
                0x000000000800a554      0x2ac build/hrtim.o
                0x000000000800a554                hrtim_start
 .text.MX_HRTIM1_Init
                0x000000000800a800     0x180c build/hrtim.o
                0x000000000800a800                MX_HRTIM1_Init
 .text.MX_HRTIM1_Init_BLDC
                0x000000000800c00c     0x1818 build/hrtim.o
                0x000000000800c00c                MX_HRTIM1_Init_BLDC
 .text.flashUnlock
                0x000000000800d824       0x18 build/sys.o
                0x000000000800d824                flashUnlock
 .text.flashLock
                0x000000000800d83c       0x10 build/sys.o
                0x000000000800d83c                flashLock
 .text.flashReadData
                0x000000000800d84c        0x4 build/sys.o
                0x000000000800d84c                flashReadData
 .text.FLASH_PageErase
                0x000000000800d850       0x74 build/sys.o
                0x000000000800d850                FLASH_PageErase
 .text.FLASH_Program_DoubleWord
                0x000000000800d8c4       0x3c build/sys.o
                0x000000000800d8c4                FLASH_Program_DoubleWord
 .text.FLASH_UpdateConfig
                0x000000000800d900       0xd4 build/sys.o
                0x000000000800d900                FLASH_UpdateConfig
 .text.FLASH_LoadConfig
                0x000000000800d9d4       0x8c build/sys.o
                0x000000000800d9d4                FLASH_LoadConfig
 .text.USART2_StartTransfer
                0x000000000800da60       0x38 build/usart.o
                0x000000000800da60                USART2_StartTransfer
 .text.MX_USART2_UART_Init
                0x000000000800da98      0x240 build/usart.o
                0x000000000800da98                MX_USART2_UART_Init
 .text.Cordic_Init
                0x000000000800dcd8       0x38 build/cordic.o
                0x000000000800dcd8                Cordic_Init
 .text.NMI_Handler
                0x000000000800dd10        0x2 build/stm32g4xx_it.o
                0x000000000800dd10                NMI_Handler
 .text.HardFault_Handler
                0x000000000800dd12        0x2 build/stm32g4xx_it.o
                0x000000000800dd12                HardFault_Handler
 .text.MemManage_Handler
                0x000000000800dd14        0x2 build/stm32g4xx_it.o
                0x000000000800dd14                MemManage_Handler
 .text.BusFault_Handler
                0x000000000800dd16        0x2 build/stm32g4xx_it.o
                0x000000000800dd16                BusFault_Handler
 .text.UsageFault_Handler
                0x000000000800dd18        0x2 build/stm32g4xx_it.o
                0x000000000800dd18                UsageFault_Handler
 .text.SVC_Handler
                0x000000000800dd1a        0x2 build/stm32g4xx_it.o
                0x000000000800dd1a                SVC_Handler
 .text.DebugMon_Handler
                0x000000000800dd1c        0x2 build/stm32g4xx_it.o
                0x000000000800dd1c                DebugMon_Handler
 .text.PendSV_Handler
                0x000000000800dd1e        0x2 build/stm32g4xx_it.o
                0x000000000800dd1e                PendSV_Handler
 .text.SysTick_Handler
                0x000000000800dd20        0x2 build/stm32g4xx_it.o
                0x000000000800dd20                SysTick_Handler
 .text.EXTI9_5_IRQHandler
                0x000000000800dd22        0x2 build/stm32g4xx_it.o
                0x000000000800dd22                EXTI9_5_IRQHandler
 .text.TIM7_DAC_IRQHandler
                0x000000000800dd24       0x20 build/stm32g4xx_it.o
                0x000000000800dd24                TIM7_DAC_IRQHandler
 .text.HRTIM1_FLT_IRQHandler
                0x000000000800dd44       0x18 build/stm32g4xx_it.o
                0x000000000800dd44                HRTIM1_FLT_IRQHandler
 .text.DMA1_Channel6_IRQHandler
                0x000000000800dd5c       0x38 build/stm32g4xx_it.o
                0x000000000800dd5c                DMA1_Channel6_IRQHandler
 .text.USART2_IRQHandler
                0x000000000800dd94        0x2 build/stm32g4xx_it.o
                0x000000000800dd94                USART2_IRQHandler
 *fill*         0x000000000800dd96        0x2 
 .text.LL_Init1msTick
                0x000000000800dd98       0x20 build/stm32g4xx_ll_utils.o
                0x000000000800dd98                LL_Init1msTick
 .text.LL_mDelay
                0x000000000800ddb8       0x2c build/stm32g4xx_ll_utils.o
                0x000000000800ddb8                LL_mDelay
 .text.LL_SetSystemCoreClock
                0x000000000800dde4        0xc build/stm32g4xx_ll_utils.o
                0x000000000800dde4                LL_SetSystemCoreClock
 .text.LL_GPIO_Init
                0x000000000800ddf0      0x12a build/stm32g4xx_ll_gpio.o
                0x000000000800ddf0                LL_GPIO_Init
 *fill*         0x000000000800df1a        0x2 
 .text.LL_ADC_CommonInit
                0x000000000800df1c       0xc0 build/stm32g4xx_ll_adc.o
                0x000000000800df1c                LL_ADC_CommonInit
 .text.LL_ADC_Init
                0x000000000800dfdc       0x2e build/stm32g4xx_ll_adc.o
                0x000000000800dfdc                LL_ADC_Init
 *fill*         0x000000000800e00a        0x2 
 .text.LL_ADC_REG_Init
                0x000000000800e00c       0x60 build/stm32g4xx_ll_adc.o
                0x000000000800e00c                LL_ADC_REG_Init
 .text.LL_ADC_INJ_Init
                0x000000000800e06c       0x4c build/stm32g4xx_ll_adc.o
                0x000000000800e06c                LL_ADC_INJ_Init
 .text.LL_USART_Init
                0x000000000800e0b8      0x11c build/stm32g4xx_ll_usart.o
                0x000000000800e0b8                LL_USART_Init
 .text.RCC_GetHCLKClockFreq
                0x000000000800e1d4       0x1c build/stm32g4xx_ll_rcc.o
                0x000000000800e1d4                RCC_GetHCLKClockFreq
 .text.RCC_GetPCLK1ClockFreq
                0x000000000800e1f0       0x1c build/stm32g4xx_ll_rcc.o
                0x000000000800e1f0                RCC_GetPCLK1ClockFreq
 .text.RCC_GetPCLK2ClockFreq
                0x000000000800e20c       0x1c build/stm32g4xx_ll_rcc.o
                0x000000000800e20c                RCC_GetPCLK2ClockFreq
 .text.RCC_PLL_GetFreqDomain_SYS
                0x000000000800e228       0x48 build/stm32g4xx_ll_rcc.o
                0x000000000800e228                RCC_PLL_GetFreqDomain_SYS
 .text.RCC_GetSystemClockFreq
                0x000000000800e270       0x2c build/stm32g4xx_ll_rcc.o
                0x000000000800e270                RCC_GetSystemClockFreq
 .text.LL_RCC_GetUSARTClockFreq
                0x000000000800e29c      0x134 build/stm32g4xx_ll_rcc.o
                0x000000000800e29c                LL_RCC_GetUSARTClockFreq
 .text.LL_RCC_GetUARTClockFreq
                0x000000000800e3d0       0xd0 build/stm32g4xx_ll_rcc.o
                0x000000000800e3d0                LL_RCC_GetUARTClockFreq
 .text.SystemInit
                0x000000000800e4a0       0x1c build/system_stm32g4xx.o
                0x000000000800e4a0                SystemInit
 .text.tim2_start
                0x000000000800e4bc       0x26 build/tim.o
                0x000000000800e4bc                tim2_start
 *fill*         0x000000000800e4e2        0x2 
 .text.tim7_start
                0x000000000800e4e4       0x18 build/tim.o
                0x000000000800e4e4                tim7_start
 .text.tim6_start
                0x000000000800e4fc       0x10 build/tim.o
                0x000000000800e4fc                tim6_start
 .text.MX_TIM2_Init
                0x000000000800e50c      0x174 build/tim.o
                0x000000000800e50c                MX_TIM2_Init
 .text.MX_TIM7_Init
                0x000000000800e680       0xb0 build/tim.o
                0x000000000800e680                MX_TIM7_Init
 .text.MX_TIM6_Init
                0x000000000800e730       0x64 build/tim.o
                0x000000000800e730                MX_TIM6_Init
 .text.LL_TIM_Init
                0x000000000800e794       0xe0 build/stm32g4xx_ll_tim.o
                0x000000000800e794                LL_TIM_Init
 .text.utils_angle_difference_rad
                0x000000000800e874       0x40 build/utils.o
                0x000000000800e874                utils_angle_difference_rad
 .text.utils_fast_atan2
                0x000000000800e8b4       0x9c build/utils.o
                0x000000000800e8b4                utils_fast_atan2
 .text.utils_saturate_vector_2d
                0x000000000800e950       0x74 build/utils.o
                0x000000000800e950                utils_saturate_vector_2d
 .text.utSin    0x000000000800e9c4       0xec build/utils.o
                0x000000000800e9c4                utSin
 .text.utCos    0x000000000800eab0      0x110 build/utils.o
                0x000000000800eab0                utCos
 .text.utils_avg_angle_rad_fast
                0x000000000800ebc0       0x48 build/utils.o
                0x000000000800ebc0                utils_avg_angle_rad_fast
 .text.Reset_Handler
                0x000000000800ec08       0x50 build/startup_stm32g474xx.o
                0x000000000800ec08                Reset_Handler
 .text.Default_Handler
                0x000000000800ec58        0x2 build/startup_stm32g474xx.o
                0x000000000800ec58                RTC_Alarm_IRQHandler
                0x000000000800ec58                EXTI2_IRQHandler
                0x000000000800ec58                TIM8_TRG_COM_IRQHandler
                0x000000000800ec58                TIM8_CC_IRQHandler
                0x000000000800ec58                HRTIM1_Master_IRQHandler
                0x000000000800ec58                SPI4_IRQHandler
                0x000000000800ec58                FDCAN3_IT0_IRQHandler
                0x000000000800ec58                TIM1_CC_IRQHandler
                0x000000000800ec58                HRTIM1_TIMF_IRQHandler
                0x000000000800ec58                USB_HP_IRQHandler
                0x000000000800ec58                CORDIC_IRQHandler
                0x000000000800ec58                HRTIM1_TIMD_IRQHandler
                0x000000000800ec58                DMA2_Channel8_IRQHandler
                0x000000000800ec58                EXTI3_IRQHandler
                0x000000000800ec58                I2C3_ER_IRQHandler
                0x000000000800ec58                EXTI0_IRQHandler
                0x000000000800ec58                I2C2_EV_IRQHandler
                0x000000000800ec58                FPU_IRQHandler
                0x000000000800ec58                FDCAN1_IT1_IRQHandler
                0x000000000800ec58                TIM1_UP_TIM16_IRQHandler
                0x000000000800ec58                HRTIM1_TIME_IRQHandler
                0x000000000800ec58                SPI1_IRQHandler
                0x000000000800ec58                TIM6_DAC_IRQHandler
                0x000000000800ec58                HRTIM1_TIMC_IRQHandler
                0x000000000800ec58                TIM8_UP_IRQHandler
                0x000000000800ec58                DMA2_Channel2_IRQHandler
                0x000000000800ec58                DMA1_Channel4_IRQHandler
                0x000000000800ec58                TIM20_TRG_COM_IRQHandler
                0x000000000800ec58                USART3_IRQHandler
                0x000000000800ec58                DMA1_Channel7_IRQHandler
                0x000000000800ec58                UART5_IRQHandler
                0x000000000800ec58                ADC3_IRQHandler
                0x000000000800ec58                TIM4_IRQHandler
                0x000000000800ec58                DMA2_Channel1_IRQHandler
                0x000000000800ec58                QUADSPI_IRQHandler
                0x000000000800ec58                I2C1_EV_IRQHandler
                0x000000000800ec58                UART4_IRQHandler
                0x000000000800ec58                DMA2_Channel4_IRQHandler
                0x000000000800ec58                TIM3_IRQHandler
                0x000000000800ec58                RCC_IRQHandler
                0x000000000800ec58                TIM20_UP_IRQHandler
                0x000000000800ec58                DMA1_Channel1_IRQHandler
                0x000000000800ec58                Default_Handler
                0x000000000800ec58                DMA2_Channel7_IRQHandler
                0x000000000800ec58                RTC_TAMP_LSECSS_IRQHandler
                0x000000000800ec58                FMAC_IRQHandler
                0x000000000800ec58                EXTI15_10_IRQHandler
                0x000000000800ec58                DMA1_Channel8_IRQHandler
                0x000000000800ec58                HRTIM1_TIMA_IRQHandler
                0x000000000800ec58                FDCAN3_IT1_IRQHandler
                0x000000000800ec58                TIM5_IRQHandler
                0x000000000800ec58                UCPD1_IRQHandler
                0x000000000800ec58                I2C3_EV_IRQHandler
                0x000000000800ec58                RTC_WKUP_IRQHandler
                0x000000000800ec58                PVD_PVM_IRQHandler
                0x000000000800ec58                SPI2_IRQHandler
                0x000000000800ec58                ADC5_IRQHandler
                0x000000000800ec58                DMA2_Channel5_IRQHandler
                0x000000000800ec58                CRS_IRQHandler
                0x000000000800ec58                DMA1_Channel5_IRQHandler
                0x000000000800ec58                USB_LP_IRQHandler
                0x000000000800ec58                EXTI4_IRQHandler
                0x000000000800ec58                RNG_IRQHandler
                0x000000000800ec58                HRTIM1_TIMB_IRQHandler
                0x000000000800ec58                TIM1_TRG_COM_TIM17_IRQHandler
                0x000000000800ec58                FDCAN2_IT1_IRQHandler
                0x000000000800ec58                DMA1_Channel3_IRQHandler
                0x000000000800ec58                ADC4_IRQHandler
                0x000000000800ec58                WWDG_IRQHandler
                0x000000000800ec58                I2C4_EV_IRQHandler
                0x000000000800ec58                FDCAN2_IT0_IRQHandler
                0x000000000800ec58                LPUART1_IRQHandler
                0x000000000800ec58                DMA2_Channel6_IRQHandler
                0x000000000800ec58                FDCAN1_IT0_IRQHandler
                0x000000000800ec58                COMP7_IRQHandler
                0x000000000800ec58                COMP1_2_3_IRQHandler
                0x000000000800ec58                EXTI1_IRQHandler
                0x000000000800ec58                COMP4_5_6_IRQHandler
                0x000000000800ec58                TIM20_BRK_IRQHandler
                0x000000000800ec58                I2C2_ER_IRQHandler
                0x000000000800ec58                DMA1_Channel2_IRQHandler
                0x000000000800ec58                TIM8_BRK_IRQHandler
                0x000000000800ec58                FLASH_IRQHandler
                0x000000000800ec58                TIM20_CC_IRQHandler
                0x000000000800ec58                USART1_IRQHandler
                0x000000000800ec58                SPI3_IRQHandler
                0x000000000800ec58                I2C1_ER_IRQHandler
                0x000000000800ec58                FMC_IRQHandler
                0x000000000800ec58                LPTIM1_IRQHandler
                0x000000000800ec58                DMAMUX_OVR_IRQHandler
                0x000000000800ec58                I2C4_ER_IRQHandler
                0x000000000800ec58                USBWakeUp_IRQHandler
                0x000000000800ec58                SAI1_IRQHandler
                0x000000000800ec58                DMA2_Channel3_IRQHandler
                0x000000000800ec58                TIM1_BRK_TIM15_IRQHandler
 *fill*         0x000000000800ec5a        0x2 
 .text.__libc_init_array
                0x000000000800ec5c       0x48 d:/apps/embedded_gcc/arm_gcc/bin/../lib/gcc/arm-none-eabi/8.2.1/../../../../arm-none-eabi/lib/thumb/v7e-m+fp/hard\libc_nano.a(lib_a-init.o)
                0x000000000800ec5c                __libc_init_array
 .text.memset   0x000000000800eca4       0x10 d:/apps/embedded_gcc/arm_gcc/bin/../lib/gcc/arm-none-eabi/8.2.1/../../../../arm-none-eabi/lib/thumb/v7e-m+fp/hard\libc_nano.a(lib_a-memset.o)
                0x000000000800eca4                memset
 *fill*         0x000000000800ecb4        0x4 
 .text.exp      0x000000000800ecb8      0x108 d:/apps/embedded_gcc/arm_gcc/bin/../lib/gcc/arm-none-eabi/8.2.1/../../../../arm-none-eabi/lib/thumb/v7e-m+fp/hard\libm.a(lib_a-w_exp.o)
                0x000000000800ecb8                exp
 .text.expf     0x000000000800edc0      0x10c d:/apps/embedded_gcc/arm_gcc/bin/../lib/gcc/arm-none-eabi/8.2.1/../../../../arm-none-eabi/lib/thumb/v7e-m+fp/hard\libm.a(lib_a-wf_exp.o)
                0x000000000800edc0                expf
 .text.logf     0x000000000800eecc      0x104 d:/apps/embedded_gcc/arm_gcc/bin/../lib/gcc/arm-none-eabi/8.2.1/../../../../arm-none-eabi/lib/thumb/v7e-m+fp/hard\libm.a(lib_a-wf_log.o)
                0x000000000800eecc                logf
 .text.sqrtf    0x000000000800efd0       0xb0 d:/apps/embedded_gcc/arm_gcc/bin/../lib/gcc/arm-none-eabi/8.2.1/../../../../arm-none-eabi/lib/thumb/v7e-m+fp/hard\libm.a(lib_a-wf_sqrt.o)
                0x000000000800efd0                sqrtf
 .text.__ieee754_exp
                0x000000000800f080      0x39c d:/apps/embedded_gcc/arm_gcc/bin/../lib/gcc/arm-none-eabi/8.2.1/../../../../arm-none-eabi/lib/thumb/v7e-m+fp/hard\libm.a(lib_a-e_exp.o)
                0x000000000800f080                __ieee754_exp
 .text.__ieee754_expf
                0x000000000800f41c      0x1f0 d:/apps/embedded_gcc/arm_gcc/bin/../lib/gcc/arm-none-eabi/8.2.1/../../../../arm-none-eabi/lib/thumb/v7e-m+fp/hard\libm.a(lib_a-ef_exp.o)
                0x000000000800f41c                __ieee754_expf
 .text.__ieee754_logf
                0x000000000800f60c      0x1f4 d:/apps/embedded_gcc/arm_gcc/bin/../lib/gcc/arm-none-eabi/8.2.1/../../../../arm-none-eabi/lib/thumb/v7e-m+fp/hard\libm.a(lib_a-ef_log.o)
                0x000000000800f60c                __ieee754_logf
 .text.__ieee754_sqrtf
                0x000000000800f800        0x8 d:/apps/embedded_gcc/arm_gcc/bin/../lib/gcc/arm-none-eabi/8.2.1/../../../../arm-none-eabi/lib/thumb/v7e-m+fp/hard\libm.a(lib_a-ef_sqrt.o)
                0x000000000800f800                __ieee754_sqrtf
 .text.finite   0x000000000800f808       0x10 d:/apps/embedded_gcc/arm_gcc/bin/../lib/gcc/arm-none-eabi/8.2.1/../../../../arm-none-eabi/lib/thumb/v7e-m+fp/hard\libm.a(lib_a-s_finite.o)
                0x000000000800f808                finite
 .text.matherr  0x000000000800f818        0x4 d:/apps/embedded_gcc/arm_gcc/bin/../lib/gcc/arm-none-eabi/8.2.1/../../../../arm-none-eabi/lib/thumb/v7e-m+fp/hard\libm.a(lib_a-s_matherr.o)
                0x000000000800f818                matherr
 *fill*         0x000000000800f81c        0x4 
 .text.nan      0x000000000800f820       0x10 d:/apps/embedded_gcc/arm_gcc/bin/../lib/gcc/arm-none-eabi/8.2.1/../../../../arm-none-eabi/lib/thumb/v7e-m+fp/hard\libm.a(lib_a-s_nan.o)
                0x000000000800f820                nan
 .text.finitef  0x000000000800f830       0x14 d:/apps/embedded_gcc/arm_gcc/bin/../lib/gcc/arm-none-eabi/8.2.1/../../../../arm-none-eabi/lib/thumb/v7e-m+fp/hard\libm.a(lib_a-sf_finite.o)
                0x000000000800f830                finitef
 .text.__errno  0x000000000800f844        0xc d:/apps/embedded_gcc/arm_gcc/bin/../lib/gcc/arm-none-eabi/8.2.1/../../../../arm-none-eabi/lib/thumb/v7e-m+fp/hard\libc_nano.a(lib_a-errno.o)
                0x000000000800f844                __errno
 *(.glue_7)
 .glue_7        0x000000000800f850        0x0 linker stubs
 *(.glue_7t)
 .glue_7t       0x000000000800f850        0x0 linker stubs
 *(.eh_frame)
 .eh_frame      0x000000000800f850        0x0 d:/apps/embedded_gcc/arm_gcc/bin/../lib/gcc/arm-none-eabi/8.2.1/thumb/v7e-m+fp/hard/crtbegin.o
 *(.init)
 .init          0x000000000800f850        0x4 d:/apps/embedded_gcc/arm_gcc/bin/../lib/gcc/arm-none-eabi/8.2.1/thumb/v7e-m+fp/hard/crti.o
                0x000000000800f850                _init
 .init          0x000000000800f854        0x8 d:/apps/embedded_gcc/arm_gcc/bin/../lib/gcc/arm-none-eabi/8.2.1/thumb/v7e-m+fp/hard/crtn.o
 *(.fini)
 .fini          0x000000000800f85c        0x4 d:/apps/embedded_gcc/arm_gcc/bin/../lib/gcc/arm-none-eabi/8.2.1/thumb/v7e-m+fp/hard/crti.o
                0x000000000800f85c                _fini
 .fini          0x000000000800f860        0x8 d:/apps/embedded_gcc/arm_gcc/bin/../lib/gcc/arm-none-eabi/8.2.1/thumb/v7e-m+fp/hard/crtn.o
                0x000000000800f868                . = ALIGN (0x4)
                0x000000000800f868                _etext = .

.vfp11_veneer   0x000000000800f868        0x0
 .vfp11_veneer  0x000000000800f868        0x0 linker stubs

.v4_bx          0x000000000800f868        0x0
 .v4_bx         0x000000000800f868        0x0 linker stubs

.iplt           0x000000000800f868        0x0
 .iplt          0x000000000800f868        0x0 d:/apps/embedded_gcc/arm_gcc/bin/../lib/gcc/arm-none-eabi/8.2.1/thumb/v7e-m+fp/hard/crtbegin.o

.rodata         0x000000000800f868      0x180
                0x000000000800f868                . = ALIGN (0x4)
 *(.rodata)
 *(.rodata*)
 .rodata.REG_OFFSET_TAB_TIMER
                0x000000000800f868        0xe build/main.o
 *fill*         0x000000000800f876        0x2 
 .rodata.REG_MASK_TAB_INTLVD
                0x000000000800f878       0x1c build/hrtim.o
 .rodata.REG_MASK_TAB_UPDATEGATING
                0x000000000800f894       0x1c build/hrtim.o
 .rodata.REG_MASK_TAB_UPDATETRIG
                0x000000000800f8b0       0x20 build/hrtim.o
 .rodata.REG_OFFSET_TAB_FLTINR
                0x000000000800f8d0        0x6 build/hrtim.o
 *fill*         0x000000000800f8d6        0x2 
 .rodata.REG_OFFSET_TAB_OUTxR
                0x000000000800f8d8       0x18 build/hrtim.o
 .rodata.REG_OFFSET_TAB_SETxR
                0x000000000800f8f0       0x18 build/hrtim.o
 .rodata.REG_OFFSET_TAB_TIMER
                0x000000000800f908        0xe build/hrtim.o
 *fill*         0x000000000800f916        0x2 
 .rodata.REG_SHIFT_TAB_FLTxE
                0x000000000800f918        0x6 build/hrtim.o
 *fill*         0x000000000800f91e        0x2 
 .rodata.REG_SHIFT_TAB_FLTxF
                0x000000000800f920        0x6 build/hrtim.o
 *fill*         0x000000000800f926        0x2 
 .rodata.REG_SHIFT_TAB_INTLVD
                0x000000000800f928        0x7 build/hrtim.o
 *fill*         0x000000000800f92f        0x1 
 .rodata.REG_SHIFT_TAB_OUTxR
                0x000000000800f930        0xc build/hrtim.o
 .rodata.USART_PRESCALER_TAB
                0x000000000800f93c       0x30 build/stm32g4xx_ll_usart.o
 .rodata.AHBPrescTable
                0x000000000800f96c       0x10 build/system_stm32g4xx.o
                0x000000000800f96c                AHBPrescTable
 .rodata.APBPrescTable
                0x000000000800f97c        0x8 build/system_stm32g4xx.o
                0x000000000800f97c                APBPrescTable
 .rodata.exp.str1.4
                0x000000000800f984        0x4 d:/apps/embedded_gcc/arm_gcc/bin/../lib/gcc/arm-none-eabi/8.2.1/../../../../arm-none-eabi/lib/thumb/v7e-m+fp/hard\libm.a(lib_a-w_exp.o)
 .rodata.expf.str1.4
                0x000000000800f988        0x5 d:/apps/embedded_gcc/arm_gcc/bin/../lib/gcc/arm-none-eabi/8.2.1/../../../../arm-none-eabi/lib/thumb/v7e-m+fp/hard\libm.a(lib_a-wf_exp.o)
 *fill*         0x000000000800f98d        0x3 
 .rodata.logf.str1.4
                0x000000000800f990        0x5 d:/apps/embedded_gcc/arm_gcc/bin/../lib/gcc/arm-none-eabi/8.2.1/../../../../arm-none-eabi/lib/thumb/v7e-m+fp/hard\libm.a(lib_a-wf_log.o)
                                          0x9 (size before relaxing)
 *fill*         0x000000000800f995        0x3 
 .rodata.sqrtf.str1.4
                0x000000000800f998        0x8 d:/apps/embedded_gcc/arm_gcc/bin/../lib/gcc/arm-none-eabi/8.2.1/../../../../arm-none-eabi/lib/thumb/v7e-m+fp/hard\libm.a(lib_a-wf_sqrt.o)
                                          0x6 (size before relaxing)
 .rodata.halF   0x000000000800f9a0       0x10 d:/apps/embedded_gcc/arm_gcc/bin/../lib/gcc/arm-none-eabi/8.2.1/../../../../arm-none-eabi/lib/thumb/v7e-m+fp/hard\libm.a(lib_a-e_exp.o)
 .rodata.ln2HI  0x000000000800f9b0       0x10 d:/apps/embedded_gcc/arm_gcc/bin/../lib/gcc/arm-none-eabi/8.2.1/../../../../arm-none-eabi/lib/thumb/v7e-m+fp/hard\libm.a(lib_a-e_exp.o)
 .rodata.ln2LO  0x000000000800f9c0       0x10 d:/apps/embedded_gcc/arm_gcc/bin/../lib/gcc/arm-none-eabi/8.2.1/../../../../arm-none-eabi/lib/thumb/v7e-m+fp/hard\libm.a(lib_a-e_exp.o)
 .rodata.halF   0x000000000800f9d0        0x8 d:/apps/embedded_gcc/arm_gcc/bin/../lib/gcc/arm-none-eabi/8.2.1/../../../../arm-none-eabi/lib/thumb/v7e-m+fp/hard\libm.a(lib_a-ef_exp.o)
 .rodata.ln2HI  0x000000000800f9d8        0x8 d:/apps/embedded_gcc/arm_gcc/bin/../lib/gcc/arm-none-eabi/8.2.1/../../../../arm-none-eabi/lib/thumb/v7e-m+fp/hard\libm.a(lib_a-ef_exp.o)
 .rodata.ln2LO  0x000000000800f9e0        0x8 d:/apps/embedded_gcc/arm_gcc/bin/../lib/gcc/arm-none-eabi/8.2.1/../../../../arm-none-eabi/lib/thumb/v7e-m+fp/hard\libm.a(lib_a-ef_exp.o)
                0x000000000800f9e8                . = ALIGN (0x4)

.rel.dyn        0x000000000800f9e8        0x0
 .rel.iplt      0x000000000800f9e8        0x0 d:/apps/embedded_gcc/arm_gcc/bin/../lib/gcc/arm-none-eabi/8.2.1/thumb/v7e-m+fp/hard/crtbegin.o

.ARM.extab
 *(.ARM.extab* .gnu.linkonce.armextab.*)

.ARM            0x000000000800f9e8        0x0
                0x000000000800f9e8                __exidx_start = .
 *(.ARM.exidx*)
                0x000000000800f9e8                __exidx_end = .

.preinit_array  0x000000000800f9e8        0x0
                0x000000000800f9e8                PROVIDE (__preinit_array_start = .)
 *(.preinit_array*)
                0x000000000800f9e8                PROVIDE (__preinit_array_end = .)

.init_array     0x000000000800f9e8        0x4
                0x000000000800f9e8                PROVIDE (__init_array_start = .)
 *(SORT_BY_NAME(.init_array.*))
 *(.init_array*)
 .init_array    0x000000000800f9e8        0x4 d:/apps/embedded_gcc/arm_gcc/bin/../lib/gcc/arm-none-eabi/8.2.1/thumb/v7e-m+fp/hard/crtbegin.o
                0x000000000800f9ec                PROVIDE (__init_array_end = .)

.fini_array     0x000000000800f9ec        0x4
                [!provide]                        PROVIDE (__fini_array_start = .)
 *(SORT_BY_NAME(.fini_array.*))
 *(.fini_array*)
 .fini_array    0x000000000800f9ec        0x4 d:/apps/embedded_gcc/arm_gcc/bin/../lib/gcc/arm-none-eabi/8.2.1/thumb/v7e-m+fp/hard/crtbegin.o
                [!provide]                        PROVIDE (__fini_array_end = .)
                0x000000000800f9f0                _sidata = LOADADDR (.data)

.data           0x0000000020000000      0x4f0 load address 0x000000000800f9f0
                0x0000000020000000                . = ALIGN (0x4)
                0x0000000020000000                _sdata = .
 *(.data)
 *(.data*)
 .data.foc1     0x0000000020000000      0x480 build/main.o
                0x0000000020000000                foc1
 .data.ubNbDataToTransmit
                0x0000000020000480        0x1 build/usart.o
                0x0000000020000480                ubNbDataToTransmit
 *fill*         0x0000000020000481        0x3 
 .data.SystemCoreClock
                0x0000000020000484        0x4 build/system_stm32g4xx.o
                0x0000000020000484                SystemCoreClock
 .data._impure_ptr
                0x0000000020000488        0x4 d:/apps/embedded_gcc/arm_gcc/bin/../lib/gcc/arm-none-eabi/8.2.1/../../../../arm-none-eabi/lib/thumb/v7e-m+fp/hard\libc_nano.a(lib_a-impure.o)
                0x0000000020000488                _impure_ptr
 .data.impure_data
                0x000000002000048c       0x60 d:/apps/embedded_gcc/arm_gcc/bin/../lib/gcc/arm-none-eabi/8.2.1/../../../../arm-none-eabi/lib/thumb/v7e-m+fp/hard\libc_nano.a(lib_a-impure.o)
 .data.__fdlib_version
                0x00000000200004ec        0x1 d:/apps/embedded_gcc/arm_gcc/bin/../lib/gcc/arm-none-eabi/8.2.1/../../../../arm-none-eabi/lib/thumb/v7e-m+fp/hard\libm.a(lib_a-s_lib_ver.o)
                0x00000000200004ec                __fdlib_version
                0x00000000200004f0                . = ALIGN (0x4)
 *fill*         0x00000000200004ed        0x3 
                0x00000000200004f0                _edata = .

.tm_clone_table
                0x00000000200004f0        0x0 load address 0x000000000800fee0
 .tm_clone_table
                0x00000000200004f0        0x0 d:/apps/embedded_gcc/arm_gcc/bin/../lib/gcc/arm-none-eabi/8.2.1/thumb/v7e-m+fp/hard/crtbegin.o
 .tm_clone_table
                0x00000000200004f0        0x0 d:/apps/embedded_gcc/arm_gcc/bin/../lib/gcc/arm-none-eabi/8.2.1/thumb/v7e-m+fp/hard/crtend.o

.igot.plt       0x00000000200004f0        0x0 load address 0x000000000800fee0
 .igot.plt      0x00000000200004f0        0x0 d:/apps/embedded_gcc/arm_gcc/bin/../lib/gcc/arm-none-eabi/8.2.1/thumb/v7e-m+fp/hard/crtbegin.o
                0x00000000200004f0                . = ALIGN (0x4)

.bss            0x00000000200004f0     0x4214 load address 0x000000000800fee0
                0x00000000200004f0                _sbss = .
                0x00000000200004f0                __bss_start__ = _sbss
 *(.bss)
 *(.bss*)
 .bss.completed.8014
                0x00000000200004f0        0x1 d:/apps/embedded_gcc/arm_gcc/bin/../lib/gcc/arm-none-eabi/8.2.1/thumb/v7e-m+fp/hard/crtbegin.o
 *fill*         0x00000000200004f1        0x3 
 .bss.object.8019
                0x00000000200004f4       0x18 d:/apps/embedded_gcc/arm_gcc/bin/../lib/gcc/arm-none-eabi/8.2.1/thumb/v7e-m+fp/hard/crtbegin.o
 .bss.hall      0x000000002000050c       0x8c build/main.o
                0x000000002000050c                hall
 .bss.ledDelay  0x0000000020000598        0x4 build/main.o
                0x0000000020000598                ledDelay
 .bss.systemReset
                0x000000002000059c        0x1 build/main.o
                0x000000002000059c                systemReset
 *(COMMON)
 *fill*         0x000000002000059d        0x3 
 COMMON         0x00000000200005a0     0x4164 build/main.o
                0x00000000200005a0                execTime1
                0x00000000200005a4                execTime0
                0x00000000200005a8                stop_cc
                0x00000000200005ac                dataLog
                0x00000000200045f4                ntcPcb
                0x0000000020004610                pwmInputValue
                0x0000000020004614                start_cc
                0x0000000020004618                bldc1
                0x00000000200046e0                pwmInputPeriod
                0x00000000200046e4                adcData
                0x0000000020004704                . = ALIGN (0x4)
                0x0000000020004704                _ebss = .
                0x0000000020004704                __bss_end__ = _ebss

._user_heap_stack
                0x0000000020004704      0x604 load address 0x000000000800fee0
                0x0000000020004708                . = ALIGN (0x8)
 *fill*         0x0000000020004704        0x4 
                [!provide]                        PROVIDE (end = .)
                [!provide]                        PROVIDE (_end = .)
                0x0000000020004908                . = (. + _Min_Heap_Size)
 *fill*         0x0000000020004708      0x200 
                0x0000000020004d08                . = (. + _Min_Stack_Size)
 *fill*         0x0000000020004908      0x400 
                0x0000000020004d08                . = ALIGN (0x8)

/DISCARD/
 libc.a(*)
 libm.a(*)
 libgcc.a(*)

.ARM.attributes
                0x0000000000000000       0x30
 *(.ARM.attributes)
 .ARM.attributes
                0x0000000000000000       0x1e d:/apps/embedded_gcc/arm_gcc/bin/../lib/gcc/arm-none-eabi/8.2.1/thumb/v7e-m+fp/hard/crti.o
 .ARM.attributes
                0x000000000000001e       0x34 d:/apps/embedded_gcc/arm_gcc/bin/../lib/gcc/arm-none-eabi/8.2.1/thumb/v7e-m+fp/hard/crtbegin.o
 .ARM.attributes
                0x0000000000000052       0x34 build/main.o
 .ARM.attributes
                0x0000000000000086       0x34 build/gpio.o
 .ARM.attributes
                0x00000000000000ba       0x34 build/adc.o
 .ARM.attributes
                0x00000000000000ee       0x34 build/hrtim.o
 .ARM.attributes
                0x0000000000000122       0x34 build/sys.o
 .ARM.attributes
                0x0000000000000156       0x34 build/usart.o
 .ARM.attributes
                0x000000000000018a       0x34 build/cordic.o
 .ARM.attributes
                0x00000000000001be       0x34 build/stm32g4xx_it.o
 .ARM.attributes
                0x00000000000001f2       0x34 build/stm32g4xx_ll_utils.o
 .ARM.attributes
                0x0000000000000226       0x34 build/stm32g4xx_ll_gpio.o
 .ARM.attributes
                0x000000000000025a       0x34 build/stm32g4xx_ll_adc.o
 .ARM.attributes
                0x000000000000028e       0x34 build/stm32g4xx_ll_usart.o
 .ARM.attributes
                0x00000000000002c2       0x34 build/stm32g4xx_ll_rcc.o
 .ARM.attributes
                0x00000000000002f6       0x34 build/system_stm32g4xx.o
 .ARM.attributes
                0x000000000000032a       0x34 build/tim.o
 .ARM.attributes
                0x000000000000035e       0x34 build/stm32g4xx_ll_tim.o
 .ARM.attributes
                0x0000000000000392       0x34 build/utils.o
 .ARM.attributes
                0x00000000000003c6       0x21 build/startup_stm32g474xx.o
 .ARM.attributes
                0x00000000000003e7       0x32 d:/apps/embedded_gcc/arm_gcc/bin/../lib/gcc/arm-none-eabi/8.2.1/../../../../arm-none-eabi/lib/thumb/v7e-m+fp/hard\libc_nano.a(lib_a-impure.o)
 .ARM.attributes
                0x0000000000000419       0x34 d:/apps/embedded_gcc/arm_gcc/bin/../lib/gcc/arm-none-eabi/8.2.1/../../../../arm-none-eabi/lib/thumb/v7e-m+fp/hard\libc_nano.a(lib_a-init.o)
 .ARM.attributes
                0x000000000000044d       0x34 d:/apps/embedded_gcc/arm_gcc/bin/../lib/gcc/arm-none-eabi/8.2.1/../../../../arm-none-eabi/lib/thumb/v7e-m+fp/hard\libc_nano.a(lib_a-memset.o)
 .ARM.attributes
                0x0000000000000481       0x34 d:/apps/embedded_gcc/arm_gcc/bin/../lib/gcc/arm-none-eabi/8.2.1/../../../../arm-none-eabi/lib/thumb/v7e-m+fp/hard\libm.a(lib_a-w_exp.o)
 .ARM.attributes
                0x00000000000004b5       0x34 d:/apps/embedded_gcc/arm_gcc/bin/../lib/gcc/arm-none-eabi/8.2.1/../../../../arm-none-eabi/lib/thumb/v7e-m+fp/hard\libm.a(lib_a-wf_exp.o)
 .ARM.attributes
                0x00000000000004e9       0x34 d:/apps/embedded_gcc/arm_gcc/bin/../lib/gcc/arm-none-eabi/8.2.1/../../../../arm-none-eabi/lib/thumb/v7e-m+fp/hard\libm.a(lib_a-wf_log.o)
 .ARM.attributes
                0x000000000000051d       0x34 d:/apps/embedded_gcc/arm_gcc/bin/../lib/gcc/arm-none-eabi/8.2.1/../../../../arm-none-eabi/lib/thumb/v7e-m+fp/hard\libm.a(lib_a-wf_sqrt.o)
 .ARM.attributes
                0x0000000000000551       0x34 d:/apps/embedded_gcc/arm_gcc/bin/../lib/gcc/arm-none-eabi/8.2.1/../../../../arm-none-eabi/lib/thumb/v7e-m+fp/hard\libm.a(lib_a-e_exp.o)
 .ARM.attributes
                0x0000000000000585       0x34 d:/apps/embedded_gcc/arm_gcc/bin/../lib/gcc/arm-none-eabi/8.2.1/../../../../arm-none-eabi/lib/thumb/v7e-m+fp/hard\libm.a(lib_a-ef_exp.o)
 .ARM.attributes
                0x00000000000005b9       0x34 d:/apps/embedded_gcc/arm_gcc/bin/../lib/gcc/arm-none-eabi/8.2.1/../../../../arm-none-eabi/lib/thumb/v7e-m+fp/hard\libm.a(lib_a-ef_log.o)
 .ARM.attributes
                0x00000000000005ed       0x34 d:/apps/embedded_gcc/arm_gcc/bin/../lib/gcc/arm-none-eabi/8.2.1/../../../../arm-none-eabi/lib/thumb/v7e-m+fp/hard\libm.a(lib_a-ef_sqrt.o)
 .ARM.attributes
                0x0000000000000621       0x34 d:/apps/embedded_gcc/arm_gcc/bin/../lib/gcc/arm-none-eabi/8.2.1/../../../../arm-none-eabi/lib/thumb/v7e-m+fp/hard\libm.a(lib_a-s_finite.o)
 .ARM.attributes
                0x0000000000000655       0x32 d:/apps/embedded_gcc/arm_gcc/bin/../lib/gcc/arm-none-eabi/8.2.1/../../../../arm-none-eabi/lib/thumb/v7e-m+fp/hard\libm.a(lib_a-s_lib_ver.o)
 .ARM.attributes
                0x0000000000000687       0x34 d:/apps/embedded_gcc/arm_gcc/bin/../lib/gcc/arm-none-eabi/8.2.1/../../../../arm-none-eabi/lib/thumb/v7e-m+fp/hard\libm.a(lib_a-s_matherr.o)
 .ARM.attributes
                0x00000000000006bb       0x34 d:/apps/embedded_gcc/arm_gcc/bin/../lib/gcc/arm-none-eabi/8.2.1/../../../../arm-none-eabi/lib/thumb/v7e-m+fp/hard\libm.a(lib_a-s_nan.o)
 .ARM.attributes
                0x00000000000006ef       0x34 d:/apps/embedded_gcc/arm_gcc/bin/../lib/gcc/arm-none-eabi/8.2.1/../../../../arm-none-eabi/lib/thumb/v7e-m+fp/hard\libm.a(lib_a-sf_finite.o)
 .ARM.attributes
                0x0000000000000723       0x1e d:/apps/embedded_gcc/arm_gcc/bin/../lib/gcc/arm-none-eabi/8.2.1/thumb/v7e-m+fp/hard\libgcc.a(_arm_addsubdf3.o)
 .ARM.attributes
                0x0000000000000741       0x1e d:/apps/embedded_gcc/arm_gcc/bin/../lib/gcc/arm-none-eabi/8.2.1/thumb/v7e-m+fp/hard\libgcc.a(_arm_muldivdf3.o)
 .ARM.attributes
                0x000000000000075f       0x1e d:/apps/embedded_gcc/arm_gcc/bin/../lib/gcc/arm-none-eabi/8.2.1/thumb/v7e-m+fp/hard\libgcc.a(_arm_cmpdf2.o)
 .ARM.attributes
                0x000000000000077d       0x1e d:/apps/embedded_gcc/arm_gcc/bin/../lib/gcc/arm-none-eabi/8.2.1/thumb/v7e-m+fp/hard\libgcc.a(_arm_fixdfsi.o)
 .ARM.attributes
                0x000000000000079b       0x1e d:/apps/embedded_gcc/arm_gcc/bin/../lib/gcc/arm-none-eabi/8.2.1/thumb/v7e-m+fp/hard\libgcc.a(_arm_truncdfsf2.o)
 .ARM.attributes
                0x00000000000007b9       0x34 d:/apps/embedded_gcc/arm_gcc/bin/../lib/gcc/arm-none-eabi/8.2.1/../../../../arm-none-eabi/lib/thumb/v7e-m+fp/hard\libc_nano.a(lib_a-errno.o)
 .ARM.attributes
                0x00000000000007ed       0x32 d:/apps/embedded_gcc/arm_gcc/bin/../lib/gcc/arm-none-eabi/8.2.1/thumb/v7e-m+fp/hard/crtend.o
 .ARM.attributes
                0x000000000000081f       0x1e d:/apps/embedded_gcc/arm_gcc/bin/../lib/gcc/arm-none-eabi/8.2.1/thumb/v7e-m+fp/hard/crtn.o
OUTPUT(build/bldc_foc_g474_firmware.elf elf32-littlearm)

.debug_info     0x0000000000000000    0x3931e
 .debug_info    0x0000000000000000     0xb94f build/main.o
 .debug_info    0x000000000000b94f     0x16a2 build/gpio.o
 .debug_info    0x000000000000cff1     0x472e build/adc.o
 .debug_info    0x000000000001171f    0x1358b build/hrtim.o
 .debug_info    0x0000000000024caa     0x2f56 build/sys.o
 .debug_info    0x0000000000027c00     0x2dbc build/usart.o
 .debug_info    0x000000000002a9bc     0x1410 build/cordic.o
 .debug_info    0x000000000002bdcc     0x19bf build/stm32g4xx_it.o
 .debug_info    0x000000000002d78b     0x10bf build/stm32g4xx_ll_utils.o
 .debug_info    0x000000000002e84a      0xe00 build/stm32g4xx_ll_gpio.o
 .debug_info    0x000000000002f64a     0x1143 build/stm32g4xx_ll_adc.o
 .debug_info    0x000000000003078d      0xc89 build/stm32g4xx_ll_usart.o
 .debug_info    0x0000000000031416     0x16f4 build/stm32g4xx_ll_rcc.o
 .debug_info    0x0000000000032b0a      0x66e build/system_stm32g4xx.o
 .debug_info    0x0000000000033178     0x2a22 build/tim.o
 .debug_info    0x0000000000035b9a     0x1af0 build/stm32g4xx_ll_tim.o
 .debug_info    0x000000000003768a     0x1c72 build/utils.o
 .debug_info    0x00000000000392fc       0x22 build/startup_stm32g474xx.o

.debug_abbrev   0x0000000000000000     0x38f1
 .debug_abbrev  0x0000000000000000      0x65c build/main.o
 .debug_abbrev  0x000000000000065c      0x2d5 build/gpio.o
 .debug_abbrev  0x0000000000000931      0x3a4 build/adc.o
 .debug_abbrev  0x0000000000000cd5      0x429 build/hrtim.o
 .debug_abbrev  0x00000000000010fe      0x38a build/sys.o
 .debug_abbrev  0x0000000000001488      0x3dc build/usart.o
 .debug_abbrev  0x0000000000001864      0x2af build/cordic.o
 .debug_abbrev  0x0000000000001b13      0x369 build/stm32g4xx_it.o
 .debug_abbrev  0x0000000000001e7c      0x2f8 build/stm32g4xx_ll_utils.o
 .debug_abbrev  0x0000000000002174      0x281 build/stm32g4xx_ll_gpio.o
 .debug_abbrev  0x00000000000023f5      0x26e build/stm32g4xx_ll_adc.o
 .debug_abbrev  0x0000000000002663      0x306 build/stm32g4xx_ll_usart.o
 .debug_abbrev  0x0000000000002969      0x301 build/stm32g4xx_ll_rcc.o
 .debug_abbrev  0x0000000000002c6a      0x12e build/system_stm32g4xx.o
 .debug_abbrev  0x0000000000002d98      0x372 build/tim.o
 .debug_abbrev  0x000000000000310a      0x2cb build/stm32g4xx_ll_tim.o
 .debug_abbrev  0x00000000000033d5      0x50a build/utils.o
 .debug_abbrev  0x00000000000038df       0x12 build/startup_stm32g474xx.o

.debug_loc      0x0000000000000000    0x1e2cc
 .debug_loc     0x0000000000000000     0x6c20 build/main.o
 .debug_loc     0x0000000000006c20       0xf6 build/gpio.o
 .debug_loc     0x0000000000006d16     0x19be build/adc.o
 .debug_loc     0x00000000000086d4     0xe17d build/hrtim.o
 .debug_loc     0x0000000000016851      0x2a3 build/sys.o
 .debug_loc     0x0000000000016af4      0xa71 build/usart.o
 .debug_loc     0x0000000000017565       0xb7 build/cordic.o
 .debug_loc     0x000000000001761c      0x10e build/stm32g4xx_it.o
 .debug_loc     0x000000000001772a      0x7e9 build/stm32g4xx_ll_utils.o
 .debug_loc     0x0000000000017f13      0x6b6 build/stm32g4xx_ll_gpio.o
 .debug_loc     0x00000000000185c9      0x82d build/stm32g4xx_ll_adc.o
 .debug_loc     0x0000000000018df6      0x7a7 build/stm32g4xx_ll_usart.o
 .debug_loc     0x000000000001959d      0xfd5 build/stm32g4xx_ll_rcc.o
 .debug_loc     0x000000000001a572       0x90 build/system_stm32g4xx.o
 .debug_loc     0x000000000001a602      0x8b2 build/tim.o
 .debug_loc     0x000000000001aeb4     0x1902 build/stm32g4xx_ll_tim.o
 .debug_loc     0x000000000001c7b6     0x1b16 build/utils.o

.debug_aranges  0x0000000000000000      0x6e0
 .debug_aranges
                0x0000000000000000       0x90 build/main.o
 .debug_aranges
                0x0000000000000090       0x20 build/gpio.o
 .debug_aranges
                0x00000000000000b0       0x50 build/adc.o
 .debug_aranges
                0x0000000000000100       0x30 build/hrtim.o
 .debug_aranges
                0x0000000000000130       0x58 build/sys.o
 .debug_aranges
                0x0000000000000188       0x28 build/usart.o
 .debug_aranges
                0x00000000000001b0       0x20 build/cordic.o
 .debug_aranges
                0x00000000000001d0       0x88 build/stm32g4xx_it.o
 .debug_aranges
                0x0000000000000258       0x60 build/stm32g4xx_ll_utils.o
 .debug_aranges
                0x00000000000002b8       0x30 build/stm32g4xx_ll_gpio.o
 .debug_aranges
                0x00000000000002e8       0x68 build/stm32g4xx_ll_adc.o
 .debug_aranges
                0x0000000000000350       0x40 build/stm32g4xx_ll_usart.o
 .debug_aranges
                0x0000000000000390       0xc0 build/stm32g4xx_ll_rcc.o
 .debug_aranges
                0x0000000000000450       0x28 build/system_stm32g4xx.o
 .debug_aranges
                0x0000000000000478       0x48 build/tim.o
 .debug_aranges
                0x00000000000004c0       0xd0 build/stm32g4xx_ll_tim.o
 .debug_aranges
                0x0000000000000590      0x128 build/utils.o
 .debug_aranges
                0x00000000000006b8       0x28 build/startup_stm32g474xx.o

.debug_ranges   0x0000000000000000      0xaa8
 .debug_ranges  0x0000000000000000      0x3c8 build/main.o
 .debug_ranges  0x00000000000003c8       0x10 build/gpio.o
 .debug_ranges  0x00000000000003d8       0x40 build/adc.o
 .debug_ranges  0x0000000000000418       0x20 build/hrtim.o
 .debug_ranges  0x0000000000000438       0x48 build/sys.o
 .debug_ranges  0x0000000000000480       0x60 build/usart.o
 .debug_ranges  0x00000000000004e0       0x10 build/cordic.o
 .debug_ranges  0x00000000000004f0       0x78 build/stm32g4xx_it.o
 .debug_ranges  0x0000000000000568       0x50 build/stm32g4xx_ll_utils.o
 .debug_ranges  0x00000000000005b8       0x20 build/stm32g4xx_ll_gpio.o
 .debug_ranges  0x00000000000005d8      0x100 build/stm32g4xx_ll_adc.o
 .debug_ranges  0x00000000000006d8       0x48 build/stm32g4xx_ll_usart.o
 .debug_ranges  0x0000000000000720       0xc8 build/stm32g4xx_ll_rcc.o
 .debug_ranges  0x00000000000007e8       0x18 build/system_stm32g4xx.o
 .debug_ranges  0x0000000000000800       0x38 build/tim.o
 .debug_ranges  0x0000000000000838       0xc0 build/stm32g4xx_ll_tim.o
 .debug_ranges  0x00000000000008f8      0x190 build/utils.o
 .debug_ranges  0x0000000000000a88       0x20 build/startup_stm32g474xx.o

.debug_line     0x0000000000000000    0x196dd
 .debug_line    0x0000000000000000     0xab82 build/main.o
 .debug_line    0x000000000000ab82      0x4c9 build/gpio.o
 .debug_line    0x000000000000b04b     0x154b build/adc.o
 .debug_line    0x000000000000c596     0x6b6b build/hrtim.o
 .debug_line    0x0000000000013101      0x57c build/sys.o
 .debug_line    0x000000000001367d      0x72f build/usart.o
 .debug_line    0x0000000000013dac      0x2d6 build/cordic.o
 .debug_line    0x0000000000014082      0x4a4 build/stm32g4xx_it.o
 .debug_line    0x0000000000014526      0x7a6 build/stm32g4xx_ll_utils.o
 .debug_line    0x0000000000014ccc      0x5f3 build/stm32g4xx_ll_gpio.o
 .debug_line    0x00000000000152bf      0x755 build/stm32g4xx_ll_adc.o
 .debug_line    0x0000000000015a14      0x5ae build/stm32g4xx_ll_usart.o
 .debug_line    0x0000000000015fc2     0x106e build/stm32g4xx_ll_rcc.o
 .debug_line    0x0000000000017030      0x214 build/system_stm32g4xx.o
 .debug_line    0x0000000000017244      0x749 build/tim.o
 .debug_line    0x000000000001798d      0xe9b build/stm32g4xx_ll_tim.o
 .debug_line    0x0000000000018828      0xe3e build/utils.o
 .debug_line    0x0000000000019666       0x77 build/startup_stm32g474xx.o

.debug_str      0x0000000000000000     0x5422
 .debug_str     0x0000000000000000     0x22be build/main.o
                                       0x243e (size before relaxing)
 .debug_str     0x00000000000022be       0x5f build/gpio.o
                                        0xb3e (size before relaxing)
 .debug_str     0x000000000000231d      0xaeb build/adc.o
                                       0x17c7 (size before relaxing)
 .debug_str     0x0000000000002e08      0x638 build/hrtim.o
                                       0x256a (size before relaxing)
 .debug_str     0x0000000000003440       0x91 build/sys.o
                                       0x15d9 (size before relaxing)
 .debug_str     0x00000000000034d1      0x405 build/usart.o
                                       0x17d1 (size before relaxing)
 .debug_str     0x00000000000038d6        0xd build/cordic.o
                                        0xaf2 (size before relaxing)
 .debug_str     0x00000000000038e3      0x198 build/stm32g4xx_it.o
                                        0xd0d (size before relaxing)
 .debug_str     0x0000000000003a7b      0x296 build/stm32g4xx_ll_utils.o
                                        0x843 (size before relaxing)
 .debug_str     0x0000000000003d11      0x119 build/stm32g4xx_ll_gpio.o
                                        0x533 (size before relaxing)
 .debug_str     0x0000000000003e2a      0x223 build/stm32g4xx_ll_adc.o
                                        0x82c (size before relaxing)
 .debug_str     0x000000000000404d      0x232 build/stm32g4xx_ll_usart.o
                                        0x688 (size before relaxing)
 .debug_str     0x000000000000427f      0x5f1 build/stm32g4xx_ll_rcc.o
                                        0xa67 (size before relaxing)
 .debug_str     0x0000000000004870       0x49 build/system_stm32g4xx.o
                                        0x3ee (size before relaxing)
 .debug_str     0x00000000000048b9      0x233 build/tim.o
                                       0x15b2 (size before relaxing)
 .debug_str     0x0000000000004aec      0x528 build/stm32g4xx_ll_tim.o
                                        0xa94 (size before relaxing)
 .debug_str     0x0000000000005014      0x3e9 build/utils.o
                                        0xab4 (size before relaxing)
 .debug_str     0x00000000000053fd       0x25 build/startup_stm32g474xx.o
                                         0x62 (size before relaxing)

.comment        0x0000000000000000       0x68
 .comment       0x0000000000000000       0x68 build/main.o
                                         0x69 (size before relaxing)
 .comment       0x0000000000000068       0x69 build/gpio.o
 .comment       0x0000000000000068       0x69 build/adc.o
 .comment       0x0000000000000068       0x69 build/hrtim.o
 .comment       0x0000000000000068       0x69 build/sys.o
 .comment       0x0000000000000068       0x69 build/usart.o
 .comment       0x0000000000000068       0x69 build/cordic.o
 .comment       0x0000000000000068       0x69 build/stm32g4xx_it.o
 .comment       0x0000000000000068       0x69 build/stm32g4xx_ll_utils.o
 .comment       0x0000000000000068       0x69 build/stm32g4xx_ll_gpio.o
 .comment       0x0000000000000068       0x69 build/stm32g4xx_ll_adc.o
 .comment       0x0000000000000068       0x69 build/stm32g4xx_ll_usart.o
 .comment       0x0000000000000068       0x69 build/stm32g4xx_ll_rcc.o
 .comment       0x0000000000000068       0x69 build/system_stm32g4xx.o
 .comment       0x0000000000000068       0x69 build/tim.o
 .comment       0x0000000000000068       0x69 build/stm32g4xx_ll_tim.o
 .comment       0x0000000000000068       0x69 build/utils.o

.debug_frame    0x0000000000000000     0x16b8
 .debug_frame   0x0000000000000000      0x1a8 build/main.o
 .debug_frame   0x00000000000001a8       0x40 build/gpio.o
 .debug_frame   0x00000000000001e8      0x110 build/adc.o
 .debug_frame   0x00000000000002f8       0xa4 build/hrtim.o
 .debug_frame   0x000000000000039c       0xc4 build/sys.o
 .debug_frame   0x0000000000000460       0x54 build/usart.o
 .debug_frame   0x00000000000004b4       0x28 build/cordic.o
 .debug_frame   0x00000000000004dc      0x108 build/stm32g4xx_it.o
 .debug_frame   0x00000000000005e4       0xe8 build/stm32g4xx_ll_utils.o
 .debug_frame   0x00000000000006cc       0x60 build/stm32g4xx_ll_gpio.o
 .debug_frame   0x000000000000072c      0x108 build/stm32g4xx_ll_adc.o
 .debug_frame   0x0000000000000834       0x7c build/stm32g4xx_ll_usart.o
 .debug_frame   0x00000000000008b0      0x208 build/stm32g4xx_ll_rcc.o
 .debug_frame   0x0000000000000ab8       0x30 build/system_stm32g4xx.o
 .debug_frame   0x0000000000000ae8       0xa0 build/tim.o
 .debug_frame   0x0000000000000b88      0x25c build/stm32g4xx_ll_tim.o
 .debug_frame   0x0000000000000de4      0x3c0 build/utils.o
 .debug_frame   0x00000000000011a4       0x2c d:/apps/embedded_gcc/arm_gcc/bin/../lib/gcc/arm-none-eabi/8.2.1/../../../../arm-none-eabi/lib/thumb/v7e-m+fp/hard\libc_nano.a(lib_a-init.o)
 .debug_frame   0x00000000000011d0       0x20 d:/apps/embedded_gcc/arm_gcc/bin/../lib/gcc/arm-none-eabi/8.2.1/../../../../arm-none-eabi/lib/thumb/v7e-m+fp/hard\libc_nano.a(lib_a-memset.o)
 .debug_frame   0x00000000000011f0       0x50 d:/apps/embedded_gcc/arm_gcc/bin/../lib/gcc/arm-none-eabi/8.2.1/../../../../arm-none-eabi/lib/thumb/v7e-m+fp/hard\libm.a(lib_a-w_exp.o)
 .debug_frame   0x0000000000001240       0x54 d:/apps/embedded_gcc/arm_gcc/bin/../lib/gcc/arm-none-eabi/8.2.1/../../../../arm-none-eabi/lib/thumb/v7e-m+fp/hard\libm.a(lib_a-wf_exp.o)
 .debug_frame   0x0000000000001294       0x50 d:/apps/embedded_gcc/arm_gcc/bin/../lib/gcc/arm-none-eabi/8.2.1/../../../../arm-none-eabi/lib/thumb/v7e-m+fp/hard\libm.a(lib_a-wf_log.o)
 .debug_frame   0x00000000000012e4       0x50 d:/apps/embedded_gcc/arm_gcc/bin/../lib/gcc/arm-none-eabi/8.2.1/../../../../arm-none-eabi/lib/thumb/v7e-m+fp/hard\libm.a(lib_a-wf_sqrt.o)
 .debug_frame   0x0000000000001334       0x54 d:/apps/embedded_gcc/arm_gcc/bin/../lib/gcc/arm-none-eabi/8.2.1/../../../../arm-none-eabi/lib/thumb/v7e-m+fp/hard\libm.a(lib_a-e_exp.o)
 .debug_frame   0x0000000000001388       0x20 d:/apps/embedded_gcc/arm_gcc/bin/../lib/gcc/arm-none-eabi/8.2.1/../../../../arm-none-eabi/lib/thumb/v7e-m+fp/hard\libm.a(lib_a-ef_exp.o)
 .debug_frame   0x00000000000013a8       0x48 d:/apps/embedded_gcc/arm_gcc/bin/../lib/gcc/arm-none-eabi/8.2.1/../../../../arm-none-eabi/lib/thumb/v7e-m+fp/hard\libm.a(lib_a-ef_log.o)
 .debug_frame   0x00000000000013f0       0x20 d:/apps/embedded_gcc/arm_gcc/bin/../lib/gcc/arm-none-eabi/8.2.1/../../../../arm-none-eabi/lib/thumb/v7e-m+fp/hard\libm.a(lib_a-ef_sqrt.o)
 .debug_frame   0x0000000000001410       0x20 d:/apps/embedded_gcc/arm_gcc/bin/../lib/gcc/arm-none-eabi/8.2.1/../../../../arm-none-eabi/lib/thumb/v7e-m+fp/hard\libm.a(lib_a-s_finite.o)
 .debug_frame   0x0000000000001430       0x20 d:/apps/embedded_gcc/arm_gcc/bin/../lib/gcc/arm-none-eabi/8.2.1/../../../../arm-none-eabi/lib/thumb/v7e-m+fp/hard\libm.a(lib_a-s_matherr.o)
 .debug_frame   0x0000000000001450       0x20 d:/apps/embedded_gcc/arm_gcc/bin/../lib/gcc/arm-none-eabi/8.2.1/../../../../arm-none-eabi/lib/thumb/v7e-m+fp/hard\libm.a(lib_a-s_nan.o)
 .debug_frame   0x0000000000001470       0x20 d:/apps/embedded_gcc/arm_gcc/bin/../lib/gcc/arm-none-eabi/8.2.1/../../../../arm-none-eabi/lib/thumb/v7e-m+fp/hard\libm.a(lib_a-sf_finite.o)
 .debug_frame   0x0000000000001490       0xac d:/apps/embedded_gcc/arm_gcc/bin/../lib/gcc/arm-none-eabi/8.2.1/thumb/v7e-m+fp/hard\libgcc.a(_arm_addsubdf3.o)
 .debug_frame   0x000000000000153c       0x50 d:/apps/embedded_gcc/arm_gcc/bin/../lib/gcc/arm-none-eabi/8.2.1/thumb/v7e-m+fp/hard\libgcc.a(_arm_muldivdf3.o)
 .debug_frame   0x000000000000158c       0xc4 d:/apps/embedded_gcc/arm_gcc/bin/../lib/gcc/arm-none-eabi/8.2.1/thumb/v7e-m+fp/hard\libgcc.a(_arm_cmpdf2.o)
 .debug_frame   0x0000000000001650       0x24 d:/apps/embedded_gcc/arm_gcc/bin/../lib/gcc/arm-none-eabi/8.2.1/thumb/v7e-m+fp/hard\libgcc.a(_arm_fixdfsi.o)
 .debug_frame   0x0000000000001674       0x24 d:/apps/embedded_gcc/arm_gcc/bin/../lib/gcc/arm-none-eabi/8.2.1/thumb/v7e-m+fp/hard\libgcc.a(_arm_truncdfsf2.o)
 .debug_frame   0x0000000000001698       0x20 d:/apps/embedded_gcc/arm_gcc/bin/../lib/gcc/arm-none-eabi/8.2.1/../../../../arm-none-eabi/lib/thumb/v7e-m+fp/hard\libc_nano.a(lib_a-errno.o)

Cross Reference Table

Symbol                                            File
ADC1_2_IRQHandler                                 build/main.o
ADC1_Init_BLDC                                    build/adc.o
                                                  build/main.o
ADC2_Init_BLDC                                    build/adc.o
                                                  build/main.o
ADC3_IRQHandler                                   build/startup_stm32g474xx.o
ADC4_IRQHandler                                   build/startup_stm32g474xx.o
ADC5_IRQHandler                                   build/startup_stm32g474xx.o
AHBPrescTable                                     build/system_stm32g4xx.o
                                                  build/stm32g4xx_ll_rcc.o
                                                  build/stm32g4xx_ll_utils.o
APBPrescTable                                     build/system_stm32g4xx.o
                                                  build/stm32g4xx_ll_rcc.o
BusFault_Handler                                  build/stm32g4xx_it.o
COMP1_2_3_IRQHandler                              build/startup_stm32g474xx.o
COMP4_5_6_IRQHandler                              build/startup_stm32g474xx.o
COMP7_IRQHandler                                  build/startup_stm32g474xx.o
CORDIC_IRQHandler                                 build/startup_stm32g474xx.o
CRS_IRQHandler                                    build/startup_stm32g474xx.o
Cordic_Init                                       build/cordic.o
                                                  build/main.o
CoreInit                                          build/main.o
CoreStart                                         build/main.o
DMA1_Channel1_IRQHandler                          build/startup_stm32g474xx.o
DMA1_Channel2_IRQHandler                          build/startup_stm32g474xx.o
DMA1_Channel3_IRQHandler                          build/startup_stm32g474xx.o
DMA1_Channel4_IRQHandler                          build/startup_stm32g474xx.o
DMA1_Channel5_IRQHandler                          build/startup_stm32g474xx.o
DMA1_Channel6_IRQHandler                          build/stm32g4xx_it.o
DMA1_Channel7_IRQHandler                          build/startup_stm32g474xx.o
DMA1_Channel8_IRQHandler                          build/startup_stm32g474xx.o
DMA2_Channel1_IRQHandler                          build/startup_stm32g474xx.o
DMA2_Channel2_IRQHandler                          build/startup_stm32g474xx.o
DMA2_Channel3_IRQHandler                          build/startup_stm32g474xx.o
DMA2_Channel4_IRQHandler                          build/startup_stm32g474xx.o
DMA2_Channel5_IRQHandler                          build/startup_stm32g474xx.o
DMA2_Channel6_IRQHandler                          build/startup_stm32g474xx.o
DMA2_Channel7_IRQHandler                          build/startup_stm32g474xx.o
DMA2_Channel8_IRQHandler                          build/startup_stm32g474xx.o
DMAMUX_OVR_IRQHandler                             build/startup_stm32g474xx.o
DebugMon_Handler                                  build/stm32g4xx_it.o
Default_Handler                                   build/startup_stm32g474xx.o
EXTI0_IRQHandler                                  build/startup_stm32g474xx.o
EXTI15_10_IRQHandler                              build/startup_stm32g474xx.o
EXTI1_IRQHandler                                  build/startup_stm32g474xx.o
EXTI2_IRQHandler                                  build/startup_stm32g474xx.o
EXTI3_IRQHandler                                  build/startup_stm32g474xx.o
EXTI4_IRQHandler                                  build/startup_stm32g474xx.o
EXTI9_5_IRQHandler                                build/stm32g4xx_it.o
Error_Handler                                     build/main.o
FDCAN1_IT0_IRQHandler                             build/startup_stm32g474xx.o
FDCAN1_IT1_IRQHandler                             build/startup_stm32g474xx.o
FDCAN2_IT0_IRQHandler                             build/startup_stm32g474xx.o
FDCAN2_IT1_IRQHandler                             build/startup_stm32g474xx.o
FDCAN3_IT0_IRQHandler                             build/startup_stm32g474xx.o
FDCAN3_IT1_IRQHandler                             build/startup_stm32g474xx.o
FLASH_IRQHandler                                  build/startup_stm32g474xx.o
FLASH_LoadConfig                                  build/sys.o
                                                  build/main.o
FLASH_PageErase                                   build/sys.o
FLASH_Program_DoubleWord                          build/sys.o
FLASH_UpdateConfig                                build/sys.o
                                                  build/main.o
FMAC_IRQHandler                                   build/startup_stm32g474xx.o
FMC_IRQHandler                                    build/startup_stm32g474xx.o
FPU_IRQHandler                                    build/startup_stm32g474xx.o
HRTIM1_FLT_IRQHandler                             build/stm32g4xx_it.o
HRTIM1_Master_IRQHandler                          build/startup_stm32g474xx.o
HRTIM1_TIMA_IRQHandler                            build/startup_stm32g474xx.o
HRTIM1_TIMB_IRQHandler                            build/startup_stm32g474xx.o
HRTIM1_TIMC_IRQHandler                            build/startup_stm32g474xx.o
HRTIM1_TIMD_IRQHandler                            build/startup_stm32g474xx.o
HRTIM1_TIME_IRQHandler                            build/startup_stm32g474xx.o
HRTIM1_TIMF_IRQHandler                            build/startup_stm32g474xx.o
HardFault_Handler                                 build/stm32g4xx_it.o
I2C1_ER_IRQHandler                                build/startup_stm32g474xx.o
I2C1_EV_IRQHandler                                build/startup_stm32g474xx.o
I2C2_ER_IRQHandler                                build/startup_stm32g474xx.o
I2C2_EV_IRQHandler                                build/startup_stm32g474xx.o
I2C3_ER_IRQHandler                                build/startup_stm32g474xx.o
I2C3_EV_IRQHandler                                build/startup_stm32g474xx.o
I2C4_ER_IRQHandler                                build/startup_stm32g474xx.o
I2C4_EV_IRQHandler                                build/startup_stm32g474xx.o
LL_ADC_CommonDeInit                               build/stm32g4xx_ll_adc.o
LL_ADC_CommonInit                                 build/stm32g4xx_ll_adc.o
                                                  build/adc.o
LL_ADC_CommonStructInit                           build/stm32g4xx_ll_adc.o
LL_ADC_DeInit                                     build/stm32g4xx_ll_adc.o
LL_ADC_INJ_Init                                   build/stm32g4xx_ll_adc.o
                                                  build/adc.o
LL_ADC_INJ_StructInit                             build/stm32g4xx_ll_adc.o
LL_ADC_Init                                       build/stm32g4xx_ll_adc.o
                                                  build/adc.o
LL_ADC_REG_Init                                   build/stm32g4xx_ll_adc.o
                                                  build/adc.o
LL_ADC_REG_StructInit                             build/stm32g4xx_ll_adc.o
LL_ADC_StructInit                                 build/stm32g4xx_ll_adc.o
LL_CORDIC_DeInit                                  build/stm32g4xx_ll_cordic.o
LL_DMA_DeInit                                     build/stm32g4xx_ll_dma.o
LL_DMA_Init                                       build/stm32g4xx_ll_dma.o
LL_DMA_StructInit                                 build/stm32g4xx_ll_dma.o
LL_EXTI_DeInit                                    build/stm32g4xx_ll_exti.o
LL_EXTI_Init                                      build/stm32g4xx_ll_exti.o
LL_EXTI_StructInit                                build/stm32g4xx_ll_exti.o
LL_GPIO_DeInit                                    build/stm32g4xx_ll_gpio.o
LL_GPIO_Init                                      build/stm32g4xx_ll_gpio.o
                                                  build/lptim.o
                                                  build/tim.o
                                                  build/usart.o
                                                  build/hrtim.o
                                                  build/adc.o
                                                  build/gpio.o
LL_GPIO_StructInit                                build/stm32g4xx_ll_gpio.o
LL_HRTIM_DeInit                                   build/stm32g4xx_ll_hrtim.o
LL_Init1msTick                                    build/stm32g4xx_ll_utils.o
                                                  build/main.o
LL_LPTIM_DeInit                                   build/stm32g4xx_ll_lptim.o
LL_LPTIM_Disable                                  build/stm32g4xx_ll_lptim.o
LL_LPTIM_Init                                     build/stm32g4xx_ll_lptim.o
LL_LPTIM_StructInit                               build/stm32g4xx_ll_lptim.o
LL_PLL_ConfigSystemClock_HSE                      build/stm32g4xx_ll_utils.o
LL_PLL_ConfigSystemClock_HSI                      build/stm32g4xx_ll_utils.o
LL_PWR_DeInit                                     build/stm32g4xx_ll_pwr.o
LL_RCC_DeInit                                     build/stm32g4xx_ll_rcc.o
LL_RCC_GetADCClockFreq                            build/stm32g4xx_ll_rcc.o
LL_RCC_GetFDCANClockFreq                          build/stm32g4xx_ll_rcc.o
LL_RCC_GetI2CClockFreq                            build/stm32g4xx_ll_rcc.o
LL_RCC_GetI2SClockFreq                            build/stm32g4xx_ll_rcc.o
LL_RCC_GetLPTIMClockFreq                          build/stm32g4xx_ll_rcc.o
LL_RCC_GetLPUARTClockFreq                         build/stm32g4xx_ll_rcc.o
LL_RCC_GetQUADSPIClockFreq                        build/stm32g4xx_ll_rcc.o
LL_RCC_GetRNGClockFreq                            build/stm32g4xx_ll_rcc.o
LL_RCC_GetSAIClockFreq                            build/stm32g4xx_ll_rcc.o
LL_RCC_GetSystemClocksFreq                        build/stm32g4xx_ll_rcc.o
                                                  build/stm32g4xx_ll_lptim.o
LL_RCC_GetUARTClockFreq                           build/stm32g4xx_ll_rcc.o
                                                  build/stm32g4xx_ll_usart.o
LL_RCC_GetUSARTClockFreq                          build/stm32g4xx_ll_rcc.o
                                                  build/stm32g4xx_ll_usart.o
LL_RCC_GetUSBClockFreq                            build/stm32g4xx_ll_rcc.o
LL_SetSystemCoreClock                             build/stm32g4xx_ll_utils.o
                                                  build/main.o
LL_TIM_BDTR_Init                                  build/stm32g4xx_ll_tim.o
LL_TIM_BDTR_StructInit                            build/stm32g4xx_ll_tim.o
LL_TIM_DeInit                                     build/stm32g4xx_ll_tim.o
LL_TIM_ENCODER_Init                               build/stm32g4xx_ll_tim.o
LL_TIM_ENCODER_StructInit                         build/stm32g4xx_ll_tim.o
LL_TIM_HALLSENSOR_Init                            build/stm32g4xx_ll_tim.o
LL_TIM_HALLSENSOR_StructInit                      build/stm32g4xx_ll_tim.o
LL_TIM_IC_Init                                    build/stm32g4xx_ll_tim.o
LL_TIM_IC_StructInit                              build/stm32g4xx_ll_tim.o
LL_TIM_Init                                       build/stm32g4xx_ll_tim.o
                                                  build/tim.o
LL_TIM_OC_Init                                    build/stm32g4xx_ll_tim.o
LL_TIM_OC_StructInit                              build/stm32g4xx_ll_tim.o
LL_TIM_StructInit                                 build/stm32g4xx_ll_tim.o
LL_USART_ClockInit                                build/stm32g4xx_ll_usart.o
LL_USART_ClockStructInit                          build/stm32g4xx_ll_usart.o
LL_USART_DeInit                                   build/stm32g4xx_ll_usart.o
LL_USART_Init                                     build/stm32g4xx_ll_usart.o
                                                  build/usart.o
LL_USART_StructInit                               build/stm32g4xx_ll_usart.o
LL_mDelay                                         build/stm32g4xx_ll_utils.o
                                                  build/stm32g4xx_it.o
                                                  build/adc.o
LPTIM1_IRQHandler                                 build/startup_stm32g474xx.o
LPUART1_IRQHandler                                build/startup_stm32g474xx.o
MX_ADC1_Init                                      build/adc.o
                                                  build/main.o
MX_ADC2_Init                                      build/adc.o
                                                  build/main.o
MX_ADC3_Init                                      build/adc.o
MX_GPIO_Init                                      build/gpio.o
                                                  build/main.o
MX_HRTIM1_Init                                    build/hrtim.o
                                                  build/main.o
MX_HRTIM1_Init_BLDC                               build/hrtim.o
                                                  build/main.o
MX_LPTIM1_Init                                    build/lptim.o
MX_SYS_Init                                       build/sys.o
MX_TIM2_Init                                      build/tim.o
                                                  build/main.o
MX_TIM6_Init                                      build/tim.o
                                                  build/main.o
MX_TIM7_Init                                      build/tim.o
                                                  build/main.o
MX_USART2_UART_Init                               build/usart.o
                                                  build/main.o
MemManage_Handler                                 build/stm32g4xx_it.o
NMI_Handler                                       build/stm32g4xx_it.o
PVD_PVM_IRQHandler                                build/startup_stm32g474xx.o
PendSV_Handler                                    build/stm32g4xx_it.o
QUADSPI_IRQHandler                                build/startup_stm32g474xx.o
RCC_GetHCLKClockFreq                              build/stm32g4xx_ll_rcc.o
RCC_GetPCLK1ClockFreq                             build/stm32g4xx_ll_rcc.o
RCC_GetPCLK2ClockFreq                             build/stm32g4xx_ll_rcc.o
RCC_GetSystemClockFreq                            build/stm32g4xx_ll_rcc.o
RCC_IRQHandler                                    build/startup_stm32g474xx.o
RCC_PLL_GetFreqDomain_48M                         build/stm32g4xx_ll_rcc.o
RCC_PLL_GetFreqDomain_ADC                         build/stm32g4xx_ll_rcc.o
RCC_PLL_GetFreqDomain_SYS                         build/stm32g4xx_ll_rcc.o
RNG_IRQHandler                                    build/startup_stm32g474xx.o
RTC_Alarm_IRQHandler                              build/startup_stm32g474xx.o
RTC_TAMP_LSECSS_IRQHandler                        build/startup_stm32g474xx.o
RTC_WKUP_IRQHandler                               build/startup_stm32g474xx.o
Reset_Handler                                     build/startup_stm32g474xx.o
SAI1_IRQHandler                                   build/startup_stm32g474xx.o
SPI1_IRQHandler                                   build/startup_stm32g474xx.o
SPI2_IRQHandler                                   build/startup_stm32g474xx.o
SPI3_IRQHandler                                   build/startup_stm32g474xx.o
SPI4_IRQHandler                                   build/startup_stm32g474xx.o
SVC_Handler                                       build/stm32g4xx_it.o
SysTick_Handler                                   build/stm32g4xx_it.o
SystemCoreClock                                   build/system_stm32g4xx.o
                                                  build/stm32g4xx_ll_utils.o
SystemCoreClockUpdate                             build/system_stm32g4xx.o
SystemInit                                        build/system_stm32g4xx.o
                                                  build/startup_stm32g474xx.o
TIM1_BRK_TIM15_IRQHandler                         build/startup_stm32g474xx.o
TIM1_CC_IRQHandler                                build/startup_stm32g474xx.o
TIM1_TRG_COM_TIM17_IRQHandler                     build/startup_stm32g474xx.o
TIM1_UP_TIM16_IRQHandler                          build/startup_stm32g474xx.o
TIM20_BRK_IRQHandler                              build/startup_stm32g474xx.o
TIM20_CC_IRQHandler                               build/startup_stm32g474xx.o
TIM20_TRG_COM_IRQHandler                          build/startup_stm32g474xx.o
TIM20_UP_IRQHandler                               build/startup_stm32g474xx.o
TIM2_IRQHandler                                   build/main.o
TIM3_IRQHandler                                   build/startup_stm32g474xx.o
TIM4_IRQHandler                                   build/startup_stm32g474xx.o
TIM5_IRQHandler                                   build/startup_stm32g474xx.o
TIM6_DAC_IRQHandler                               build/startup_stm32g474xx.o
TIM7_DAC_IRQHandler                               build/stm32g4xx_it.o
TIM8_BRK_IRQHandler                               build/startup_stm32g474xx.o
TIM8_CC_IRQHandler                                build/startup_stm32g474xx.o
TIM8_TRG_COM_IRQHandler                           build/startup_stm32g474xx.o
TIM8_UP_IRQHandler                                build/startup_stm32g474xx.o
UART4_IRQHandler                                  build/startup_stm32g474xx.o
UART5_IRQHandler                                  build/startup_stm32g474xx.o
UCPD1_IRQHandler                                  build/startup_stm32g474xx.o
USART1_IRQHandler                                 build/startup_stm32g474xx.o
USART2_IRQHandler                                 build/stm32g4xx_it.o
USART2_StartTransfer                              build/usart.o
                                                  build/main.o
USART3_IRQHandler                                 build/startup_stm32g474xx.o
USBWakeUp_IRQHandler                              build/startup_stm32g474xx.o
USB_HP_IRQHandler                                 build/startup_stm32g474xx.o
USB_LP_IRQHandler                                 build/startup_stm32g474xx.o
UsageFault_Handler                                build/stm32g4xx_it.o
WWDG_IRQHandler                                   build/startup_stm32g474xx.o
_ITM_deregisterTMCloneTable                       d:/apps/embedded_gcc/arm_gcc/bin/../lib/gcc/arm-none-eabi/8.2.1/thumb/v7e-m+fp/hard/crtbegin.o
_ITM_registerTMCloneTable                         d:/apps/embedded_gcc/arm_gcc/bin/../lib/gcc/arm-none-eabi/8.2.1/thumb/v7e-m+fp/hard/crtbegin.o
__TMC_END__                                       d:/apps/embedded_gcc/arm_gcc/bin/../lib/gcc/arm-none-eabi/8.2.1/thumb/v7e-m+fp/hard/crtend.o
                                                  d:/apps/embedded_gcc/arm_gcc/bin/../lib/gcc/arm-none-eabi/8.2.1/thumb/v7e-m+fp/hard/crtbegin.o
__adddf3                                          d:/apps/embedded_gcc/arm_gcc/bin/../lib/gcc/arm-none-eabi/8.2.1/thumb/v7e-m+fp/hard\libgcc.a(_arm_addsubdf3.o)
__aeabi_cdcmpeq                                   d:/apps/embedded_gcc/arm_gcc/bin/../lib/gcc/arm-none-eabi/8.2.1/thumb/v7e-m+fp/hard\libgcc.a(_arm_cmpdf2.o)
__aeabi_cdcmple                                   d:/apps/embedded_gcc/arm_gcc/bin/../lib/gcc/arm-none-eabi/8.2.1/thumb/v7e-m+fp/hard\libgcc.a(_arm_cmpdf2.o)
__aeabi_cdrcmple                                  d:/apps/embedded_gcc/arm_gcc/bin/../lib/gcc/arm-none-eabi/8.2.1/thumb/v7e-m+fp/hard\libgcc.a(_arm_cmpdf2.o)
__aeabi_d2f                                       d:/apps/embedded_gcc/arm_gcc/bin/../lib/gcc/arm-none-eabi/8.2.1/thumb/v7e-m+fp/hard\libgcc.a(_arm_truncdfsf2.o)
                                                  d:/apps/embedded_gcc/arm_gcc/bin/../lib/gcc/arm-none-eabi/8.2.1/../../../../arm-none-eabi/lib/thumb/v7e-m+fp/hard\libm.a(lib_a-wf_sqrt.o)
                                                  d:/apps/embedded_gcc/arm_gcc/bin/../lib/gcc/arm-none-eabi/8.2.1/../../../../arm-none-eabi/lib/thumb/v7e-m+fp/hard\libm.a(lib_a-wf_pow.o)
                                                  d:/apps/embedded_gcc/arm_gcc/bin/../lib/gcc/arm-none-eabi/8.2.1/../../../../arm-none-eabi/lib/thumb/v7e-m+fp/hard\libm.a(lib_a-wf_log.o)
                                                  d:/apps/embedded_gcc/arm_gcc/bin/../lib/gcc/arm-none-eabi/8.2.1/../../../../arm-none-eabi/lib/thumb/v7e-m+fp/hard\libm.a(lib_a-wf_fmod.o)
                                                  d:/apps/embedded_gcc/arm_gcc/bin/../lib/gcc/arm-none-eabi/8.2.1/../../../../arm-none-eabi/lib/thumb/v7e-m+fp/hard\libm.a(lib_a-wf_exp.o)
                                                  build/utils.o
                                                  build/main.o
__aeabi_d2iz                                      d:/apps/embedded_gcc/arm_gcc/bin/../lib/gcc/arm-none-eabi/8.2.1/thumb/v7e-m+fp/hard\libgcc.a(_arm_fixdfsi.o)
                                                  d:/apps/embedded_gcc/arm_gcc/bin/../lib/gcc/arm-none-eabi/8.2.1/../../../../arm-none-eabi/lib/thumb/v7e-m+fp/hard\libm.a(lib_a-e_exp.o)
__aeabi_dadd                                      d:/apps/embedded_gcc/arm_gcc/bin/../lib/gcc/arm-none-eabi/8.2.1/thumb/v7e-m+fp/hard\libgcc.a(_arm_addsubdf3.o)
                                                  d:/apps/embedded_gcc/arm_gcc/bin/../lib/gcc/arm-none-eabi/8.2.1/../../../../arm-none-eabi/lib/thumb/v7e-m+fp/hard\libm.a(lib_a-e_exp.o)
                                                  build/utils.o
__aeabi_dcmpeq                                    d:/apps/embedded_gcc/arm_gcc/bin/../lib/gcc/arm-none-eabi/8.2.1/thumb/v7e-m+fp/hard\libgcc.a(_arm_cmpdf2.o)
__aeabi_dcmpge                                    d:/apps/embedded_gcc/arm_gcc/bin/../lib/gcc/arm-none-eabi/8.2.1/thumb/v7e-m+fp/hard\libgcc.a(_arm_cmpdf2.o)
__aeabi_dcmpgt                                    d:/apps/embedded_gcc/arm_gcc/bin/../lib/gcc/arm-none-eabi/8.2.1/thumb/v7e-m+fp/hard\libgcc.a(_arm_cmpdf2.o)
                                                  d:/apps/embedded_gcc/arm_gcc/bin/../lib/gcc/arm-none-eabi/8.2.1/../../../../arm-none-eabi/lib/thumb/v7e-m+fp/hard\libm.a(lib_a-e_exp.o)
                                                  d:/apps/embedded_gcc/arm_gcc/bin/../lib/gcc/arm-none-eabi/8.2.1/../../../../arm-none-eabi/lib/thumb/v7e-m+fp/hard\libm.a(lib_a-w_exp.o)
                                                  build/utils.o
__aeabi_dcmple                                    d:/apps/embedded_gcc/arm_gcc/bin/../lib/gcc/arm-none-eabi/8.2.1/thumb/v7e-m+fp/hard\libgcc.a(_arm_cmpdf2.o)
__aeabi_dcmplt                                    d:/apps/embedded_gcc/arm_gcc/bin/../lib/gcc/arm-none-eabi/8.2.1/thumb/v7e-m+fp/hard\libgcc.a(_arm_cmpdf2.o)
                                                  d:/apps/embedded_gcc/arm_gcc/bin/../lib/gcc/arm-none-eabi/8.2.1/../../../../arm-none-eabi/lib/thumb/v7e-m+fp/hard\libm.a(lib_a-e_exp.o)
                                                  d:/apps/embedded_gcc/arm_gcc/bin/../lib/gcc/arm-none-eabi/8.2.1/../../../../arm-none-eabi/lib/thumb/v7e-m+fp/hard\libm.a(lib_a-w_exp.o)
                                                  build/utils.o
__aeabi_ddiv                                      d:/apps/embedded_gcc/arm_gcc/bin/../lib/gcc/arm-none-eabi/8.2.1/thumb/v7e-m+fp/hard\libgcc.a(_arm_muldivdf3.o)
                                                  d:/apps/embedded_gcc/arm_gcc/bin/../lib/gcc/arm-none-eabi/8.2.1/../../../../arm-none-eabi/lib/thumb/v7e-m+fp/hard\libm.a(lib_a-e_exp.o)
                                                  d:/apps/embedded_gcc/arm_gcc/bin/../lib/gcc/arm-none-eabi/8.2.1/../../../../arm-none-eabi/lib/thumb/v7e-m+fp/hard\libm.a(lib_a-wf_sqrt.o)
                                                  d:/apps/embedded_gcc/arm_gcc/bin/../lib/gcc/arm-none-eabi/8.2.1/../../../../arm-none-eabi/lib/thumb/v7e-m+fp/hard\libm.a(lib_a-wf_fmod.o)
                                                  build/utils.o
__aeabi_dmul                                      d:/apps/embedded_gcc/arm_gcc/bin/../lib/gcc/arm-none-eabi/8.2.1/thumb/v7e-m+fp/hard\libgcc.a(_arm_muldivdf3.o)
                                                  d:/apps/embedded_gcc/arm_gcc/bin/../lib/gcc/arm-none-eabi/8.2.1/../../../../arm-none-eabi/lib/thumb/v7e-m+fp/hard\libm.a(lib_a-e_exp.o)
                                                  build/utils.o
                                                  build/main.o
__aeabi_drsub                                     d:/apps/embedded_gcc/arm_gcc/bin/../lib/gcc/arm-none-eabi/8.2.1/thumb/v7e-m+fp/hard\libgcc.a(_arm_addsubdf3.o)
__aeabi_dsub                                      d:/apps/embedded_gcc/arm_gcc/bin/../lib/gcc/arm-none-eabi/8.2.1/thumb/v7e-m+fp/hard\libgcc.a(_arm_addsubdf3.o)
                                                  d:/apps/embedded_gcc/arm_gcc/bin/../lib/gcc/arm-none-eabi/8.2.1/../../../../arm-none-eabi/lib/thumb/v7e-m+fp/hard\libm.a(lib_a-e_exp.o)
                                                  build/utils.o
__aeabi_f2d                                       d:/apps/embedded_gcc/arm_gcc/bin/../lib/gcc/arm-none-eabi/8.2.1/thumb/v7e-m+fp/hard\libgcc.a(_arm_addsubdf3.o)
                                                  d:/apps/embedded_gcc/arm_gcc/bin/../lib/gcc/arm-none-eabi/8.2.1/../../../../arm-none-eabi/lib/thumb/v7e-m+fp/hard\libm.a(lib_a-wf_sqrt.o)
                                                  d:/apps/embedded_gcc/arm_gcc/bin/../lib/gcc/arm-none-eabi/8.2.1/../../../../arm-none-eabi/lib/thumb/v7e-m+fp/hard\libm.a(lib_a-wf_pow.o)
                                                  d:/apps/embedded_gcc/arm_gcc/bin/../lib/gcc/arm-none-eabi/8.2.1/../../../../arm-none-eabi/lib/thumb/v7e-m+fp/hard\libm.a(lib_a-wf_log.o)
                                                  d:/apps/embedded_gcc/arm_gcc/bin/../lib/gcc/arm-none-eabi/8.2.1/../../../../arm-none-eabi/lib/thumb/v7e-m+fp/hard\libm.a(lib_a-wf_fmod.o)
                                                  d:/apps/embedded_gcc/arm_gcc/bin/../lib/gcc/arm-none-eabi/8.2.1/../../../../arm-none-eabi/lib/thumb/v7e-m+fp/hard\libm.a(lib_a-wf_exp.o)
                                                  build/utils.o
                                                  build/main.o
__aeabi_i2d                                       d:/apps/embedded_gcc/arm_gcc/bin/../lib/gcc/arm-none-eabi/8.2.1/thumb/v7e-m+fp/hard\libgcc.a(_arm_addsubdf3.o)
                                                  d:/apps/embedded_gcc/arm_gcc/bin/../lib/gcc/arm-none-eabi/8.2.1/../../../../arm-none-eabi/lib/thumb/v7e-m+fp/hard\libm.a(lib_a-e_exp.o)
__aeabi_l2d                                       d:/apps/embedded_gcc/arm_gcc/bin/../lib/gcc/arm-none-eabi/8.2.1/thumb/v7e-m+fp/hard\libgcc.a(_arm_addsubdf3.o)
__aeabi_ui2d                                      d:/apps/embedded_gcc/arm_gcc/bin/../lib/gcc/arm-none-eabi/8.2.1/thumb/v7e-m+fp/hard\libgcc.a(_arm_addsubdf3.o)
__aeabi_ul2d                                      d:/apps/embedded_gcc/arm_gcc/bin/../lib/gcc/arm-none-eabi/8.2.1/thumb/v7e-m+fp/hard\libgcc.a(_arm_addsubdf3.o)
__bss_end__                                       d:/apps/embedded_gcc/arm_gcc/bin/../lib/gcc/arm-none-eabi/8.2.1/../../../../arm-none-eabi/lib/thumb/v7e-m+fp/hard/crt0.o
__bss_start__                                     d:/apps/embedded_gcc/arm_gcc/bin/../lib/gcc/arm-none-eabi/8.2.1/../../../../arm-none-eabi/lib/thumb/v7e-m+fp/hard/crt0.o
__call_exitprocs                                  d:/apps/embedded_gcc/arm_gcc/bin/../lib/gcc/arm-none-eabi/8.2.1/../../../../arm-none-eabi/lib/thumb/v7e-m+fp/hard\libc_nano.a(lib_a-exit.o)
__cmpdf2                                          d:/apps/embedded_gcc/arm_gcc/bin/../lib/gcc/arm-none-eabi/8.2.1/thumb/v7e-m+fp/hard\libgcc.a(_arm_cmpdf2.o)
__deregister_frame_info                           d:/apps/embedded_gcc/arm_gcc/bin/../lib/gcc/arm-none-eabi/8.2.1/thumb/v7e-m+fp/hard/crtbegin.o
__divdf3                                          d:/apps/embedded_gcc/arm_gcc/bin/../lib/gcc/arm-none-eabi/8.2.1/thumb/v7e-m+fp/hard\libgcc.a(_arm_muldivdf3.o)
__dso_handle                                      d:/apps/embedded_gcc/arm_gcc/bin/../lib/gcc/arm-none-eabi/8.2.1/thumb/v7e-m+fp/hard/crtbegin.o
__eqdf2                                           d:/apps/embedded_gcc/arm_gcc/bin/../lib/gcc/arm-none-eabi/8.2.1/thumb/v7e-m+fp/hard\libgcc.a(_arm_cmpdf2.o)
__errno                                           d:/apps/embedded_gcc/arm_gcc/bin/../lib/gcc/arm-none-eabi/8.2.1/../../../../arm-none-eabi/lib/thumb/v7e-m+fp/hard\libc_nano.a(lib_a-errno.o)
                                                  d:/apps/embedded_gcc/arm_gcc/bin/../lib/gcc/arm-none-eabi/8.2.1/../../../../arm-none-eabi/lib/thumb/v7e-m+fp/hard\libm.a(lib_a-wf_sqrt.o)
                                                  d:/apps/embedded_gcc/arm_gcc/bin/../lib/gcc/arm-none-eabi/8.2.1/../../../../arm-none-eabi/lib/thumb/v7e-m+fp/hard\libm.a(lib_a-wf_pow.o)
                                                  d:/apps/embedded_gcc/arm_gcc/bin/../lib/gcc/arm-none-eabi/8.2.1/../../../../arm-none-eabi/lib/thumb/v7e-m+fp/hard\libm.a(lib_a-wf_log.o)
                                                  d:/apps/embedded_gcc/arm_gcc/bin/../lib/gcc/arm-none-eabi/8.2.1/../../../../arm-none-eabi/lib/thumb/v7e-m+fp/hard\libm.a(lib_a-wf_fmod.o)
                                                  d:/apps/embedded_gcc/arm_gcc/bin/../lib/gcc/arm-none-eabi/8.2.1/../../../../arm-none-eabi/lib/thumb/v7e-m+fp/hard\libm.a(lib_a-wf_exp.o)
                                                  d:/apps/embedded_gcc/arm_gcc/bin/../lib/gcc/arm-none-eabi/8.2.1/../../../../arm-none-eabi/lib/thumb/v7e-m+fp/hard\libm.a(lib_a-w_exp.o)
__extendsfdf2                                     d:/apps/embedded_gcc/arm_gcc/bin/../lib/gcc/arm-none-eabi/8.2.1/thumb/v7e-m+fp/hard\libgcc.a(_arm_addsubdf3.o)
__fdlib_version                                   d:/apps/embedded_gcc/arm_gcc/bin/../lib/gcc/arm-none-eabi/8.2.1/../../../../arm-none-eabi/lib/thumb/v7e-m+fp/hard\libm.a(lib_a-s_lib_ver.o)
                                                  d:/apps/embedded_gcc/arm_gcc/bin/../lib/gcc/arm-none-eabi/8.2.1/../../../../arm-none-eabi/lib/thumb/v7e-m+fp/hard\libm.a(lib_a-wf_sqrt.o)
                                                  d:/apps/embedded_gcc/arm_gcc/bin/../lib/gcc/arm-none-eabi/8.2.1/../../../../arm-none-eabi/lib/thumb/v7e-m+fp/hard\libm.a(lib_a-wf_pow.o)
                                                  d:/apps/embedded_gcc/arm_gcc/bin/../lib/gcc/arm-none-eabi/8.2.1/../../../../arm-none-eabi/lib/thumb/v7e-m+fp/hard\libm.a(lib_a-wf_log.o)
                                                  d:/apps/embedded_gcc/arm_gcc/bin/../lib/gcc/arm-none-eabi/8.2.1/../../../../arm-none-eabi/lib/thumb/v7e-m+fp/hard\libm.a(lib_a-wf_fmod.o)
                                                  d:/apps/embedded_gcc/arm_gcc/bin/../lib/gcc/arm-none-eabi/8.2.1/../../../../arm-none-eabi/lib/thumb/v7e-m+fp/hard\libm.a(lib_a-wf_exp.o)
                                                  d:/apps/embedded_gcc/arm_gcc/bin/../lib/gcc/arm-none-eabi/8.2.1/../../../../arm-none-eabi/lib/thumb/v7e-m+fp/hard\libm.a(lib_a-w_exp.o)