Archive member included to satisfy reference by file (symbol)

d:/apps/embedded_gcc/arm_gcc/bin/../lib/gcc/arm-none-eabi/8.2.1/../../../../arm-none-eabi/lib/thumb/v7e-m+fp/hard\libc_nano.a(lib_a-exit.o)
                              d:/apps/embedded_gcc/arm_gcc/bin/../lib/gcc/arm-none-eabi/8.2.1/../../../../arm-none-eabi/lib/thumb/v7e-m+fp/hard/crt0.o (exit)
d:/apps/embedded_gcc/arm_gcc/bin/../lib/gcc/arm-none-eabi/8.2.1/../../../../arm-none-eabi/lib/thumb/v7e-m+fp/hard\libc_nano.a(lib_a-impure.o)
                              d:/apps/embedded_gcc/arm_gcc/bin/../lib/gcc/arm-none-eabi/8.2.1/../../../../arm-none-eabi/lib/thumb/v7e-m+fp/hard\libc_nano.a(lib_a-exit.o) (_global_impure_ptr)
d:/apps/embedded_gcc/arm_gcc/bin/../lib/gcc/arm-none-eabi/8.2.1/../../../../arm-none-eabi/lib/thumb/v7e-m+fp/hard\libc_nano.a(lib_a-init.o)
                              d:/apps/embedded_gcc/arm_gcc/bin/../lib/gcc/arm-none-eabi/8.2.1/../../../../arm-none-eabi/lib/thumb/v7e-m+fp/hard/crt0.o (__libc_init_array)
d:/apps/embedded_gcc/arm_gcc/bin/../lib/gcc/arm-none-eabi/8.2.1/../../../../arm-none-eabi/lib/thumb/v7e-m+fp/hard\libc_nano.a(lib_a-memcpy-stub.o)
                              build/utils.o (memcpy)
d:/apps/embedded_gcc/arm_gcc/bin/../lib/gcc/arm-none-eabi/8.2.1/../../../../arm-none-eabi/lib/thumb/v7e-m+fp/hard\libc_nano.a(lib_a-memset.o)
                              d:/apps/embedded_gcc/arm_gcc/bin/../lib/gcc/arm-none-eabi/8.2.1/../../../../arm-none-eabi/lib/thumb/v7e-m+fp/hard/crt0.o (memset)
d:/apps/embedded_gcc/arm_gcc/bin/../lib/gcc/arm-none-eabi/8.2.1/../../../../arm-none-eabi/lib/thumb/v7e-m+fp/hard\libc_nano.a(lib_a-qsort.o)
                              build/utils.o (qsort)
d:/apps/embedded_gcc/arm_gcc/bin/../lib/gcc/arm-none-eabi/8.2.1/../../../../arm-none-eabi/lib/thumb/v7e-m+fp/hard\libc_nano.a(lib_a-strlen.o)
                              build/utils.o (strlen)
d:/apps/embedded_gcc/arm_gcc/bin/../lib/gcc/arm-none-eabi/8.2.1/../../../../arm-none-eabi/lib/thumb/v7e-m+fp/hard\libm.a(lib_a-wf_exp.o)
                              build/main.o (expf)
d:/apps/embedded_gcc/arm_gcc/bin/../lib/gcc/arm-none-eabi/8.2.1/../../../../arm-none-eabi/lib/thumb/v7e-m+fp/hard\libm.a(lib_a-wf_fmod.o)
                              build/utils.o (fmodf)
d:/apps/embedded_gcc/arm_gcc/bin/../lib/gcc/arm-none-eabi/8.2.1/../../../../arm-none-eabi/lib/thumb/v7e-m+fp/hard\libm.a(lib_a-wf_log.o)
                              build/main.o (logf)
d:/apps/embedded_gcc/arm_gcc/bin/../lib/gcc/arm-none-eabi/8.2.1/../../../../arm-none-eabi/lib/thumb/v7e-m+fp/hard\libm.a(lib_a-wf_pow.o)
                              build/utils.o (powf)
d:/apps/embedded_gcc/arm_gcc/bin/../lib/gcc/arm-none-eabi/8.2.1/../../../../arm-none-eabi/lib/thumb/v7e-m+fp/hard\libm.a(lib_a-wf_sqrt.o)
                              build/main.o (sqrtf)
d:/apps/embedded_gcc/arm_gcc/bin/../lib/gcc/arm-none-eabi/8.2.1/../../../../arm-none-eabi/lib/thumb/v7e-m+fp/hard\libm.a(lib_a-ef_exp.o)
                              d:/apps/embedded_gcc/arm_gcc/bin/../lib/gcc/arm-none-eabi/8.2.1/../../../../arm-none-eabi/lib/thumb/v7e-m+fp/hard\libm.a(lib_a-wf_exp.o) (__ieee754_expf)
d:/apps/embedded_gcc/arm_gcc/bin/../lib/gcc/arm-none-eabi/8.2.1/../../../../arm-none-eabi/lib/thumb/v7e-m+fp/hard\libm.a(lib_a-ef_fmod.o)
                              d:/apps/embedded_gcc/arm_gcc/bin/../lib/gcc/arm-none-eabi/8.2.1/../../../../arm-none-eabi/lib/thumb/v7e-m+fp/hard\libm.a(lib_a-wf_fmod.o) (__ieee754_fmodf)
d:/apps/embedded_gcc/arm_gcc/bin/../lib/gcc/arm-none-eabi/8.2.1/../../../../arm-none-eabi/lib/thumb/v7e-m+fp/hard\libm.a(lib_a-ef_log.o)
                              d:/apps/embedded_gcc/arm_gcc/bin/../lib/gcc/arm-none-eabi/8.2.1/../../../../arm-none-eabi/lib/thumb/v7e-m+fp/hard\libm.a(lib_a-wf_log.o) (__ieee754_logf)
d:/apps/embedded_gcc/arm_gcc/bin/../lib/gcc/arm-none-eabi/8.2.1/../../../../arm-none-eabi/lib/thumb/v7e-m+fp/hard\libm.a(lib_a-ef_pow.o)
                              d:/apps/embedded_gcc/arm_gcc/bin/../lib/gcc/arm-none-eabi/8.2.1/../../../../arm-none-eabi/lib/thumb/v7e-m+fp/hard\libm.a(lib_a-wf_pow.o) (__ieee754_powf)
d:/apps/embedded_gcc/arm_gcc/bin/../lib/gcc/arm-none-eabi/8.2.1/../../../../arm-none-eabi/lib/thumb/v7e-m+fp/hard\libm.a(lib_a-ef_sqrt.o)
                              d:/apps/embedded_gcc/arm_gcc/bin/../lib/gcc/arm-none-eabi/8.2.1/../../../../arm-none-eabi/lib/thumb/v7e-m+fp/hard\libm.a(lib_a-wf_sqrt.o) (__ieee754_sqrtf)
d:/apps/embedded_gcc/arm_gcc/bin/../lib/gcc/arm-none-eabi/8.2.1/../../../../arm-none-eabi/lib/thumb/v7e-m+fp/hard\libm.a(lib_a-s_lib_ver.o)
                              d:/apps/embedded_gcc/arm_gcc/bin/../lib/gcc/arm-none-eabi/8.2.1/../../../../arm-none-eabi/lib/thumb/v7e-m+fp/hard\libm.a(lib_a-wf_exp.o) (__fdlib_version)
d:/apps/embedded_gcc/arm_gcc/bin/../lib/gcc/arm-none-eabi/8.2.1/../../../../arm-none-eabi/lib/thumb/v7e-m+fp/hard\libm.a(lib_a-s_matherr.o)
[...]
Memory Configuration

Name             Origin             Length             Attributes
RAM              0x0000000020000000 0x0000000000020000 xrw
FLASH            0x0000000008000000 0x0000000000080000 xr
CCMRAM           0x0000000010000000 0x0000000000008000 xrw
*default*        0x0000000000000000 0xffffffffffffffff

Linker script and memory map

LOAD d:/apps/embedded_gcc/arm_gcc/bin/../lib/gcc/arm-none-eabi/8.2.1/thumb/v7e-m+fp/hard/crti.o
LOAD d:/apps/embedded_gcc/arm_gcc/bin/../lib/gcc/arm-none-eabi/8.2.1/thumb/v7e-m+fp/hard/crtbegin.o
LOAD d:/apps/embedded_gcc/arm_gcc/bin/../lib/gcc/arm-none-eabi/8.2.1/../../../../arm-none-eabi/lib/thumb/v7e-m+fp/hard/crt0.o
LOAD build/main.o
LOAD build/gpio.o
LOAD build/adc.o
LOAD build/hrtim.o
LOAD build/sys.o
LOAD build/usart.o
LOAD build/fdcan.o
LOAD build/cordic.o
LOAD build/dac.o
LOAD build/comp.o
LOAD build/flash.o
LOAD build/stm32g4xx_it.o
LOAD build/stm32g4xx_ll_utils.o
LOAD build/stm32g4xx_ll_exti.o
LOAD build/stm32g4xx_ll_gpio.o
LOAD build/stm32g4xx_ll_adc.o
LOAD build/stm32g4xx_ll_dma.o
LOAD build/stm32g4xx_ll_hrtim.o
LOAD build/stm32g4xx_ll_pwr.o
LOAD build/stm32g4xx_ll_usart.o
LOAD build/stm32g4xx_ll_rcc.o
LOAD build/stm32g4xx_ll_cordic.o
LOAD build/stm32g4xx_ll_dac.o
LOAD build/stm32g4xx_ll_comp.o
LOAD build/stm32g4xx_ll_tim.o
LOAD build/stm32g4xx_hal_fdcan.o
LOAD build/system_stm32g4xx.o
LOAD build/tim.o
LOAD build/utils.o
LOAD build/startup_stm32g474xx.o
LOAD d:/apps/embedded_gcc/arm_gcc/bin/../lib/gcc/arm-none-eabi/8.2.1/../../../../arm-none-eabi/lib/thumb/v7e-m+fp/hard\libc_nano.a
LOAD d:/apps/embedded_gcc/arm_gcc/bin/../lib/gcc/arm-none-eabi/8.2.1/../../../../arm-none-eabi/lib/thumb/v7e-m+fp/hard\libm.a
LOAD d:/apps/embedded_gcc/arm_gcc/bin/../lib/gcc/arm-none-eabi/8.2.1/../../../../arm-none-eabi/lib/thumb/v7e-m+fp/hard\libnosys.a
START GROUP
LOAD d:/apps/embedded_gcc/arm_gcc/bin/../lib/gcc/arm-none-eabi/8.2.1/thumb/v7e-m+fp/hard\libgcc.a
LOAD d:/apps/embedded_gcc/arm_gcc/bin/../lib/gcc/arm-none-eabi/8.2.1/../../../../arm-none-eabi/lib/thumb/v7e-m+fp/hard\libc_nano.a
END GROUP
START GROUP
LOAD d:/apps/embedded_gcc/arm_gcc/bin/../lib/gcc/arm-none-eabi/8.2.1/thumb/v7e-m+fp/hard\libgcc.a
LOAD d:/apps/embedded_gcc/arm_gcc/bin/../lib/gcc/arm-none-eabi/8.2.1/../../../../arm-none-eabi/lib/thumb/v7e-m+fp/hard\libc_nano.a
END GROUP
LOAD d:/apps/embedded_gcc/arm_gcc/bin/../lib/gcc/arm-none-eabi/8.2.1/thumb/v7e-m+fp/hard/crtend.o
LOAD d:/apps/embedded_gcc/arm_gcc/bin/../lib/gcc/arm-none-eabi/8.2.1/thumb/v7e-m+fp/hard/crtn.o
                0x0000000020020000                _estack = 0x20020000
                0x0000000000000200                _Min_Heap_Size = 0x200
                0x0000000000000400                _Min_Stack_Size = 0x400

.isr_vector     0x0000000008000000      0x1d8
                0x0000000008000000                . = ALIGN (0x4)
 *(.isr_vector)
 .isr_vector    0x0000000008000000      0x1d8 build/startup_stm32g474xx.o
                0x0000000008000000                g_pfnVectors
                0x00000000080001d8                . = ALIGN (0x4)
                0x00000000080001d8                _siccmram = LOADADDR (.ccmram)

.ccmram         0x0000000010000000     0x4d88 load address 0x00000000080001d8
                0x0000000010000000                . = ALIGN (0x4)
                0x0000000010000000                _sccmram = .
 *(.ccmram)
 .ccmram        0x0000000010000000     0x4d64 build/main.o
                0x0000000010000000                ADC1_2_IRQHandler
 *fill*         0x0000000010004d64        0x4 
 .ccmram.__stub
                0x0000000010004d68       0x20 linker stubs
 *(.ccmram*)
                0x0000000010004d88                . = ALIGN (0x4)
                0x0000000010004d88                _eccmram = .

.text           0x0000000008004f60     0x77f0
                0x0000000008004f60                . = ALIGN (0x4)
 *(.text)
 .text          0x0000000008004f60      0x378 d:/apps/embedded_gcc/arm_gcc/bin/../lib/gcc/arm-none-eabi/8.2.1/thumb/v7e-m+fp/hard\libgcc.a(_arm_addsubdf3.o)
                0x0000000008004f60                __aeabi_drsub
                0x0000000008004f68                __aeabi_dsub
                0x0000000008004f68                __subdf3
                0x0000000008004f6c                __aeabi_dadd
                0x0000000008004f6c                __adddf3
                0x00000000080051e4                __floatunsidf
                0x00000000080051e4                __aeabi_ui2d
                0x0000000008005204                __floatsidf
                0x0000000008005204                __aeabi_i2d
                0x0000000008005228                __aeabi_f2d
                0x0000000008005228                __extendsfdf2
                0x000000000800526c                __floatundidf
                0x000000000800526c                __aeabi_ul2d
                0x000000000800527c                __floatdidf
                0x000000000800527c                __aeabi_l2d
 .text          0x00000000080052d8      0x424 d:/apps/embedded_gcc/arm_gcc/bin/../lib/gcc/arm-none-eabi/8.2.1/thumb/v7e-m+fp/hard\libgcc.a(_arm_muldivdf3.o)
                0x00000000080052d8                __aeabi_dmul
                0x00000000080052d8                __muldf3
                0x000000000800552c                __divdf3
                0x000000000800552c                __aeabi_ddiv
 .text          0x00000000080056fc       0xa0 d:/apps/embedded_gcc/arm_gcc/bin/../lib/gcc/arm-none-eabi/8.2.1/thumb/v7e-m+fp/hard\libgcc.a(_arm_truncdfsf2.o)
                0x00000000080056fc                __truncdfsf2
                0x00000000080056fc                __aeabi_d2f
 *(.text*)
 .text.deregister_tm_clones
                0x000000000800579c       0x1c d:/apps/embedded_gcc/arm_gcc/bin/../lib/gcc/arm-none-eabi/8.2.1/thumb/v7e-m+fp/hard/crtbegin.o
 .text.register_tm_clones
                0x00000000080057b8       0x24 d:/apps/embedded_gcc/arm_gcc/bin/../lib/gcc/arm-none-eabi/8.2.1/thumb/v7e-m+fp/hard/crtbegin.o
 .text.__do_global_dtors_aux
                0x00000000080057dc       0x28 d:/apps/embedded_gcc/arm_gcc/bin/../lib/gcc/arm-none-eabi/8.2.1/thumb/v7e-m+fp/hard/crtbegin.o
 .text.frame_dummy
                0x0000000008005804       0x24 d:/apps/embedded_gcc/arm_gcc/bin/../lib/gcc/arm-none-eabi/8.2.1/thumb/v7e-m+fp/hard/crtbegin.o
 .text.Svgen_calc
                0x0000000008005828       0x9c build/main.o
 .text.PI_calc  0x00000000080058c4      0x100 build/main.o
 .text.Volt_calc
                0x00000000080059c4       0xc0 build/main.o
 .text.FluxObs_calc
                0x0000000008005a84      0x11c build/main.o
 .text.Pll_calc
                0x0000000008005ba0      0x124 build/main.o
 .text.AntiCogg_calc
                0x0000000008005cc4       0x68 build/main.o
 .text.hrtim_pwm_disable
                0x0000000008005d2c       0x14 build/main.o
 .text.hrtim_pwm_enable
                0x0000000008005d40       0x14 build/main.o
 .text.cordic_sincos_calc
                0x0000000008005d54       0x8c build/main.o
 .text.cordic_atan2_calc
                0x0000000008005de0       0x80 build/main.o
 .text.Mtpa_calc
                0x0000000008005e60       0xf8 build/main.o
 .text.hrtim_pwm_update
                0x0000000008005f58       0x98 build/main.o
 .text.Smopos_calc
                0x0000000008005ff0      0x20c build/main.o
 .text.Prot_calc
                0x00000000080061fc      0x108 build/main.o
 .text.CMTN_run
                0x0000000008006304      0x1f0 build/main.o
 .text.hrtim_bldcpwm_update
                0x00000000080064f4      0x268 build/main.o
 .text.CoreInit
                0x000000000800675c      0x198 build/main.o
                0x000000000800675c                CoreInit
 .text.CoreStart
                0x00000000080068f4       0x7c build/main.o
                0x00000000080068f4                CoreStart
 .text.startup.main
                0x0000000008006970      0x734 build/main.o
                0x0000000008006970                main
 .text.slowCalc
                0x00000000080070a4      0x994 build/main.o
                0x00000000080070a4                slowCalc
 .text.TIM2_IRQHandler
                0x0000000008007a38       0x38 build/main.o
                0x0000000008007a38                TIM2_IRQHandler
 .text.Error_Handler
                0x0000000008007a70        0x4 build/main.o
                0x0000000008007a70                Error_Handler
 .text.MX_GPIO_Init
                0x0000000008007a74      0x15c build/gpio.o
                0x0000000008007a74                MX_GPIO_Init
 .text.adc_start
                0x0000000008007bd0       0x9c build/adc.o
                0x0000000008007bd0                adc_start
 .text.MX_ADC1_Init
                0x0000000008007c6c      0x210 build/adc.o
                0x0000000008007c6c                MX_ADC1_Init
 .text.MX_ADC2_Init
                0x0000000008007e7c      0x21c build/adc.o
                0x0000000008007e7c                MX_ADC2_Init
 .text.hrtim_start
                0x0000000008008098      0x390 build/hrtim.o
                0x0000000008008098                hrtim_start
 .text.MX_HRTIM1_Init
                0x0000000008008428     0x1a4c build/hrtim.o
                0x0000000008008428                MX_HRTIM1_Init
 .text.MX_USART2_UART_Init
                0x0000000008009e74      0x238 build/usart.o
                0x0000000008009e74                MX_USART2_UART_Init
 .text.can_transmit_massege
                0x000000000800a0ac       0x44 build/fdcan.o
                0x000000000800a0ac                can_transmit_massege
 .text.can_receive_massege
                0x000000000800a0f0       0x28 build/fdcan.o
                0x000000000800a0f0                can_receive_massege
 .text.MX_FDCAN1_Init
                0x000000000800a118       0x94 build/fdcan.o
                0x000000000800a118                MX_FDCAN1_Init
 .text.HAL_FDCAN_MspInit
                0x000000000800a1ac       0xd8 build/fdcan.o
                0x000000000800a1ac                HAL_FDCAN_MspInit
 .text.Cordic_Init
                0x000000000800a284       0x38 build/cordic.o
                0x000000000800a284                Cordic_Init
 .text.dac_start
                0x000000000800a2bc       0xc4 build/dac.o
                0x000000000800a2bc                dac_start
 .text.MX_DAC2_Init
                0x000000000800a380       0x90 build/dac.o
                0x000000000800a380                MX_DAC2_Init
 .text.MX_DAC3_Init
                0x000000000800a410       0x98 build/dac.o
                0x000000000800a410                MX_DAC3_Init
 .text.cmpr_start
                0x000000000800a4a8       0x70 build/comp.o
                0x000000000800a4a8                cmpr_start
 .text.MX_COMP1_Init
                0x000000000800a518       0xbc build/comp.o
                0x000000000800a518                MX_COMP1_Init
 .text.MX_COMP4_Init
                0x000000000800a5d4       0xa4 build/comp.o
                0x000000000800a5d4                MX_COMP4_Init
 .text.MX_COMP6_Init
                0x000000000800a678       0xa8 build/comp.o
                0x000000000800a678                MX_COMP6_Init
 .text.FLASH_PageErase
                0x000000000800a720       0xb8 build/flash.o
                0x000000000800a720                FLASH_PageErase
 .text.FLASH_UpdateConfig
                0x000000000800a7d8      0x158 build/flash.o
                0x000000000800a7d8                FLASH_UpdateConfig
 .text.FLASH_LoadConfig
                0x000000000800a930       0x64 build/flash.o
                0x000000000800a930                FLASH_LoadConfig
 .text.NMI_Handler
                0x000000000800a994        0x4 build/stm32g4xx_it.o
                0x000000000800a994                NMI_Handler
 .text.HardFault_Handler
                0x000000000800a998        0x4 build/stm32g4xx_it.o
                0x000000000800a998                HardFault_Handler
 .text.MemManage_Handler
                0x000000000800a99c        0x4 build/stm32g4xx_it.o
                0x000000000800a99c                MemManage_Handler
 .text.BusFault_Handler
                0x000000000800a9a0        0x4 build/stm32g4xx_it.o
                0x000000000800a9a0                BusFault_Handler
 .text.UsageFault_Handler
                0x000000000800a9a4        0x4 build/stm32g4xx_it.o
                0x000000000800a9a4                UsageFault_Handler
 .text.SVC_Handler
                0x000000000800a9a8        0x4 build/stm32g4xx_it.o
                0x000000000800a9a8                SVC_Handler
 .text.DebugMon_Handler
                0x000000000800a9ac        0x4 build/stm32g4xx_it.o
                0x000000000800a9ac                DebugMon_Handler
 .text.PendSV_Handler
                0x000000000800a9b0        0x4 build/stm32g4xx_it.o
                0x000000000800a9b0                PendSV_Handler
 .text.SysTick_Handler
                0x000000000800a9b4        0x4 build/stm32g4xx_it.o
                0x000000000800a9b4                SysTick_Handler
 .text.EXTI9_5_IRQHandler
                0x000000000800a9b8        0x4 build/stm32g4xx_it.o
                0x000000000800a9b8                EXTI9_5_IRQHandler
 .text.TIM7_DAC_IRQHandler
                0x000000000800a9bc       0x18 build/stm32g4xx_it.o
                0x000000000800a9bc                TIM7_DAC_IRQHandler
 .text.HRTIM1_FLT_IRQHandler
                0x000000000800a9d4       0x14 build/stm32g4xx_it.o
                0x000000000800a9d4                HRTIM1_FLT_IRQHandler
 .text.DMA1_Channel6_IRQHandler
                0x000000000800a9e8       0x30 build/stm32g4xx_it.o
                0x000000000800a9e8                DMA1_Channel6_IRQHandler
 .text.FDCAN1_IT0_IRQHandler
                0x000000000800aa18       0x20 build/stm32g4xx_it.o
                0x000000000800aa18                FDCAN1_IT0_IRQHandler
 .text.USART2_IRQHandler
                0x000000000800aa38        0x4 build/stm32g4xx_it.o
                0x000000000800aa38                USART2_IRQHandler
 .text.LL_Init1msTick
                0x000000000800aa3c       0x20 build/stm32g4xx_ll_utils.o
                0x000000000800aa3c                LL_Init1msTick
 .text.LL_mDelay
                0x000000000800aa5c       0x24 build/stm32g4xx_ll_utils.o
                0x000000000800aa5c                LL_mDelay
 .text.LL_SetSystemCoreClock
                0x000000000800aa80        0xc build/stm32g4xx_ll_utils.o
                0x000000000800aa80                LL_SetSystemCoreClock
 .text.LL_GPIO_Init
                0x000000000800aa8c      0x150 build/stm32g4xx_ll_gpio.o
                0x000000000800aa8c                LL_GPIO_Init
 .text.LL_ADC_CommonInit
                0x000000000800abdc       0x84 build/stm32g4xx_ll_adc.o
                0x000000000800abdc                LL_ADC_CommonInit
 .text.LL_ADC_Init
                0x000000000800ac60       0x30 build/stm32g4xx_ll_adc.o
                0x000000000800ac60                LL_ADC_Init
 .text.LL_ADC_REG_Init
                0x000000000800ac90       0x54 build/stm32g4xx_ll_adc.o
                0x000000000800ac90                LL_ADC_REG_Init
 .text.LL_ADC_INJ_Init
                0x000000000800ace4       0x48 build/stm32g4xx_ll_adc.o
                0x000000000800ace4                LL_ADC_INJ_Init
 .text.LL_USART_Init
                0x000000000800ad2c      0x10c build/stm32g4xx_ll_usart.o
                0x000000000800ad2c                LL_USART_Init
 .text.LL_RCC_GetUSARTClockFreq
                0x000000000800ae38      0x21c build/stm32g4xx_ll_rcc.o
                0x000000000800ae38                LL_RCC_GetUSARTClockFreq
 .text.LL_RCC_GetUARTClockFreq
                0x000000000800b054      0x1f4 build/stm32g4xx_ll_rcc.o
                0x000000000800b054                LL_RCC_GetUARTClockFreq
 .text.LL_DAC_Init
                0x000000000800b248       0xa4 build/stm32g4xx_ll_dac.o
                0x000000000800b248                LL_DAC_Init
 .text.LL_COMP_Init
                0x000000000800b2ec       0x34 build/stm32g4xx_ll_comp.o
                0x000000000800b2ec                LL_COMP_Init
 .text.LL_TIM_Init
                0x000000000800b320       0xb8 build/stm32g4xx_ll_tim.o
                0x000000000800b320                LL_TIM_Init
 .text.HAL_FDCAN_Init
                0x000000000800b3d8      0x278 build/stm32g4xx_hal_fdcan.o
                0x000000000800b3d8                HAL_FDCAN_Init
 .text.HAL_FDCAN_ConfigFilter
                0x000000000800b650       0x58 build/stm32g4xx_hal_fdcan.o
                0x000000000800b650                HAL_FDCAN_ConfigFilter
 .text.HAL_FDCAN_ConfigGlobalFilter
                0x000000000800b6a8       0x40 build/stm32g4xx_hal_fdcan.o
                0x000000000800b6a8                HAL_FDCAN_ConfigGlobalFilter
 .text.HAL_FDCAN_Start
                0x000000000800b6e8       0x30 build/stm32g4xx_hal_fdcan.o
                0x000000000800b6e8                HAL_FDCAN_Start
 .text.HAL_FDCAN_AddMessageToTxFifoQ
                0x000000000800b718       0xd0 build/stm32g4xx_hal_fdcan.o
                0x000000000800b718                HAL_FDCAN_AddMessageToTxFifoQ
 .text.HAL_FDCAN_GetRxMessage
                0x000000000800b7e8      0x100 build/stm32g4xx_hal_fdcan.o
                0x000000000800b7e8                HAL_FDCAN_GetRxMessage
 .text.HAL_FDCAN_ActivateNotification
                0x000000000800b8e8       0xec build/stm32g4xx_hal_fdcan.o
                0x000000000800b8e8                HAL_FDCAN_ActivateNotification
 .text.SystemInit
                0x000000000800b9d4       0x1c build/system_stm32g4xx.o
                0x000000000800b9d4                SystemInit
 .text.tim2_start
                0x000000000800b9f0       0x28 build/tim.o
                0x000000000800b9f0                tim2_start
 .text.tim7_start
                0x000000000800ba18       0x18 build/tim.o
                0x000000000800ba18                tim7_start
 .text.tim6_start
                0x000000000800ba30       0x10 build/tim.o
                0x000000000800ba30                tim6_start
 .text.MX_TIM2_Init
                0x000000000800ba40      0x168 build/tim.o
                0x000000000800ba40                MX_TIM2_Init
 .text.MX_TIM7_Init
                0x000000000800bba8       0xb0 build/tim.o
                0x000000000800bba8                MX_TIM7_Init
 .text.MX_TIM6_Init
                0x000000000800bc58       0x60 build/tim.o
                0x000000000800bc58                MX_TIM6_Init
 .text.utils_saturate_vector_2d
                0x000000000800bcb8       0x90 build/utils.o
                0x000000000800bcb8                utils_saturate_vector_2d
 .text.utSin    0x000000000800bd48       0xb8 build/utils.o
                0x000000000800bd48                utSin
 .text.utCos    0x000000000800be00       0xd8 build/utils.o
                0x000000000800be00                utCos
 .text.utils_avg_angle_rad_fast
                0x000000000800bed8       0xac build/utils.o
                0x000000000800bed8                utils_avg_angle_rad_fast
 .text.Reset_Handler
                0x000000000800bf84       0x74 build/startup_stm32g474xx.o
                0x000000000800bf84                Reset_Handler
 .text.Default_Handler
                0x000000000800bff8        0x2 build/startup_stm32g474xx.o
                0x000000000800bff8                RTC_Alarm_IRQHandler
                0x000000000800bff8                EXTI2_IRQHandler
                0x000000000800bff8                TIM8_TRG_COM_IRQHandler
                0x000000000800bff8                TIM8_CC_IRQHandler
                0x000000000800bff8                HRTIM1_Master_IRQHandler
                0x000000000800bff8                SPI4_IRQHandler
                0x000000000800bff8                FDCAN3_IT0_IRQHandler
                0x000000000800bff8                TIM1_CC_IRQHandler
                0x000000000800bff8                HRTIM1_TIMF_IRQHandler
                0x000000000800bff8                USB_HP_IRQHandler
                0x000000000800bff8                CORDIC_IRQHandler
                0x000000000800bff8                HRTIM1_TIMD_IRQHandler
                0x000000000800bff8                DMA2_Channel8_IRQHandler
                0x000000000800bff8                EXTI3_IRQHandler
                0x000000000800bff8                I2C3_ER_IRQHandler
                0x000000000800bff8                EXTI0_IRQHandler
                0x000000000800bff8                I2C2_EV_IRQHandler
                0x000000000800bff8                FPU_IRQHandler
                0x000000000800bff8                FDCAN1_IT1_IRQHandler
                0x000000000800bff8                TIM1_UP_TIM16_IRQHandler
                0x000000000800bff8                HRTIM1_TIME_IRQHandler
                0x000000000800bff8                SPI1_IRQHandler
                0x000000000800bff8                TIM6_DAC_IRQHandler
                0x000000000800bff8                HRTIM1_TIMC_IRQHandler
                0x000000000800bff8                TIM8_UP_IRQHandler
                0x000000000800bff8                DMA2_Channel2_IRQHandler
                0x000000000800bff8                DMA1_Channel4_IRQHandler
                0x000000000800bff8                TIM20_TRG_COM_IRQHandler
                0x000000000800bff8                USART3_IRQHandler
                0x000000000800bff8                DMA1_Channel7_IRQHandler
                0x000000000800bff8                UART5_IRQHandler
                0x000000000800bff8                ADC3_IRQHandler
                0x000000000800bff8                TIM4_IRQHandler
                0x000000000800bff8                DMA2_Channel1_IRQHandler
                0x000000000800bff8                QUADSPI_IRQHandler
                0x000000000800bff8                I2C1_EV_IRQHandler
                0x000000000800bff8                UART4_IRQHandler
                0x000000000800bff8                DMA2_Channel4_IRQHandler
                0x000000000800bff8                TIM3_IRQHandler
                0x000000000800bff8                RCC_IRQHandler
                0x000000000800bff8                TIM20_UP_IRQHandler
                0x000000000800bff8                DMA1_Channel1_IRQHandler
                0x000000000800bff8                Default_Handler
                0x000000000800bff8                DMA2_Channel7_IRQHandler
                0x000000000800bff8                RTC_TAMP_LSECSS_IRQHandler
                0x000000000800bff8                FMAC_IRQHandler
                0x000000000800bff8                EXTI15_10_IRQHandler
                0x000000000800bff8                DMA1_Channel8_IRQHandler
                0x000000000800bff8                HRTIM1_TIMA_IRQHandler
                0x000000000800bff8                FDCAN3_IT1_IRQHandler
                0x000000000800bff8                TIM5_IRQHandler
                0x000000000800bff8                UCPD1_IRQHandler
                0x000000000800bff8                I2C3_EV_IRQHandler
                0x000000000800bff8                RTC_WKUP_IRQHandler
                0x000000000800bff8                PVD_PVM_IRQHandler
                0x000000000800bff8                SPI2_IRQHandler
                0x000000000800bff8                ADC5_IRQHandler
                0x000000000800bff8                DMA2_Channel5_IRQHandler
                0x000000000800bff8                CRS_IRQHandler
                0x000000000800bff8                DMA1_Channel5_IRQHandler
                0x000000000800bff8                USB_LP_IRQHandler
                0x000000000800bff8                EXTI4_IRQHandler
                0x000000000800bff8                RNG_IRQHandler
                0x000000000800bff8                HRTIM1_TIMB_IRQHandler
                0x000000000800bff8                TIM1_TRG_COM_TIM17_IRQHandler
                0x000000000800bff8                FDCAN2_IT1_IRQHandler
                0x000000000800bff8                DMA1_Channel3_IRQHandler
                0x000000000800bff8                ADC4_IRQHandler
                0x000000000800bff8                WWDG_IRQHandler
                0x000000000800bff8                I2C4_EV_IRQHandler
                0x000000000800bff8                FDCAN2_IT0_IRQHandler
                0x000000000800bff8                LPUART1_IRQHandler
                0x000000000800bff8                DMA2_Channel6_IRQHandler
                0x000000000800bff8                COMP7_IRQHandler
                0x000000000800bff8                COMP1_2_3_IRQHandler
                0x000000000800bff8                EXTI1_IRQHandler
                0x000000000800bff8                COMP4_5_6_IRQHandler
                0x000000000800bff8                TIM20_BRK_IRQHandler
                0x000000000800bff8                I2C2_ER_IRQHandler
                0x000000000800bff8                DMA1_Channel2_IRQHandler
                0x000000000800bff8                TIM8_BRK_IRQHandler
                0x000000000800bff8                FLASH_IRQHandler
                0x000000000800bff8                TIM20_CC_IRQHandler
                0x000000000800bff8                USART1_IRQHandler
                0x000000000800bff8                SPI3_IRQHandler
                0x000000000800bff8                I2C1_ER_IRQHandler
                0x000000000800bff8                FMC_IRQHandler
                0x000000000800bff8                LPTIM1_IRQHandler
                0x000000000800bff8                DMAMUX_OVR_IRQHandler
                0x000000000800bff8                I2C4_ER_IRQHandler
                0x000000000800bff8                USBWakeUp_IRQHandler
                0x000000000800bff8                SAI1_IRQHandler
                0x000000000800bff8                DMA2_Channel3_IRQHandler
                0x000000000800bff8                TIM1_BRK_TIM15_IRQHandler
 *fill*         0x000000000800bffa        0x2 
 .text.__libc_init_array
                0x000000000800bffc       0x48 d:/apps/embedded_gcc/arm_gcc/bin/../lib/gcc/arm-none-eabi/8.2.1/../../../../arm-none-eabi/lib/thumb/v7e-m+fp/hard\libc_nano.a(lib_a-init.o)
                0x000000000800bffc                __libc_init_array
 .text.memset   0x000000000800c044       0x10 d:/apps/embedded_gcc/arm_gcc/bin/../lib/gcc/arm-none-eabi/8.2.1/../../../../arm-none-eabi/lib/thumb/v7e-m+fp/hard\libc_nano.a(lib_a-memset.o)
                0x000000000800c044                memset
 .text.expf     0x000000000800c054      0x10c d:/apps/embedded_gcc/arm_gcc/bin/../lib/gcc/arm-none-eabi/8.2.1/../../../../arm-none-eabi/lib/thumb/v7e-m+fp/hard\libm.a(lib_a-wf_exp.o)
                0x000000000800c054                expf
 .text.logf     0x000000000800c160      0x104 d:/apps/embedded_gcc/arm_gcc/bin/../lib/gcc/arm-none-eabi/8.2.1/../../../../arm-none-eabi/lib/thumb/v7e-m+fp/hard\libm.a(lib_a-wf_log.o)
                0x000000000800c160                logf
 .text.sqrtf    0x000000000800c264       0xb0 d:/apps/embedded_gcc/arm_gcc/bin/../lib/gcc/arm-none-eabi/8.2.1/../../../../arm-none-eabi/lib/thumb/v7e-m+fp/hard\libm.a(lib_a-wf_sqrt.o)
                0x000000000800c264                sqrtf
 .text.__ieee754_expf
                0x000000000800c314      0x1f0 d:/apps/embedded_gcc/arm_gcc/bin/../lib/gcc/arm-none-eabi/8.2.1/../../../../arm-none-eabi/lib/thumb/v7e-m+fp/hard\libm.a(lib_a-ef_exp.o)
                0x000000000800c314                __ieee754_expf
 .text.__ieee754_logf
                0x000000000800c504      0x1f4 d:/apps/embedded_gcc/arm_gcc/bin/../lib/gcc/arm-none-eabi/8.2.1/../../../../arm-none-eabi/lib/thumb/v7e-m+fp/hard\libm.a(lib_a-ef_log.o)
                0x000000000800c504                __ieee754_logf
 .text.__ieee754_sqrtf
                0x000000000800c6f8        0x8 d:/apps/embedded_gcc/arm_gcc/bin/../lib/gcc/arm-none-eabi/8.2.1/../../../../arm-none-eabi/lib/thumb/v7e-m+fp/hard\libm.a(lib_a-ef_sqrt.o)
                0x000000000800c6f8                __ieee754_sqrtf
 .text.matherr  0x000000000800c700        0x4 d:/apps/embedded_gcc/arm_gcc/bin/../lib/gcc/arm-none-eabi/8.2.1/../../../../arm-none-eabi/lib/thumb/v7e-m+fp/hard\libm.a(lib_a-s_matherr.o)
                0x000000000800c700                matherr
 *fill*         0x000000000800c704        0x4 
 .text.nan      0x000000000800c708       0x10 d:/apps/embedded_gcc/arm_gcc/bin/../lib/gcc/arm-none-eabi/8.2.1/../../../../arm-none-eabi/lib/thumb/v7e-m+fp/hard\libm.a(lib_a-s_nan.o)
                0x000000000800c708                nan
 .text.finitef  0x000000000800c718       0x14 d:/apps/embedded_gcc/arm_gcc/bin/../lib/gcc/arm-none-eabi/8.2.1/../../../../arm-none-eabi/lib/thumb/v7e-m+fp/hard\libm.a(lib_a-sf_finite.o)
                0x000000000800c718                finitef
 .text.__errno  0x000000000800c72c        0xc d:/apps/embedded_gcc/arm_gcc/bin/../lib/gcc/arm-none-eabi/8.2.1/../../../../arm-none-eabi/lib/thumb/v7e-m+fp/hard\libc_nano.a(lib_a-errno.o)
                0x000000000800c72c                __errno
 *(.glue_7)
 .glue_7        0x000000000800c738        0x0 linker stubs
 *(.glue_7t)
 .glue_7t       0x000000000800c738        0x0 linker stubs
 *(.eh_frame)
 .eh_frame      0x000000000800c738        0x0 d:/apps/embedded_gcc/arm_gcc/bin/../lib/gcc/arm-none-eabi/8.2.1/thumb/v7e-m+fp/hard/crtbegin.o
 *(.init)
 .init          0x000000000800c738        0x4 d:/apps/embedded_gcc/arm_gcc/bin/../lib/gcc/arm-none-eabi/8.2.1/thumb/v7e-m+fp/hard/crti.o
                0x000000000800c738                _init
 .init          0x000000000800c73c        0x8 d:/apps/embedded_gcc/arm_gcc/bin/../lib/gcc/arm-none-eabi/8.2.1/thumb/v7e-m+fp/hard/crtn.o
 *(.fini)
 .fini          0x000000000800c744        0x4 d:/apps/embedded_gcc/arm_gcc/bin/../lib/gcc/arm-none-eabi/8.2.1/thumb/v7e-m+fp/hard/crti.o
                0x000000000800c744                _fini
 .fini          0x000000000800c748        0x8 d:/apps/embedded_gcc/arm_gcc/bin/../lib/gcc/arm-none-eabi/8.2.1/thumb/v7e-m+fp/hard/crtn.o
                0x000000000800c750                . = ALIGN (0x4)
                0x000000000800c750                _etext = .

.vfp11_veneer   0x000000000800c750        0x0
 .vfp11_veneer  0x000000000800c750        0x0 linker stubs

.v4_bx          0x000000000800c750        0x0
 .v4_bx         0x000000000800c750        0x0 linker stubs

.iplt           0x000000000800c750        0x0
 .iplt          0x000000000800c750        0x0 d:/apps/embedded_gcc/arm_gcc/bin/../lib/gcc/arm-none-eabi/8.2.1/thumb/v7e-m+fp/hard/crtbegin.o

.rodata         0x000000000800c750      0x164
                0x000000000800c750                . = ALIGN (0x4)
 *(.rodata)
 *(.rodata*)
 .rodata.REG_OFFSET_TAB_TIMER
                0x000000000800c750        0xe build/main.o
 *fill*         0x000000000800c75e        0x2 
 .rodata.REG_MASK_TAB_INTLVD
                0x000000000800c760       0x1c build/hrtim.o
 .rodata.REG_MASK_TAB_UPDATEGATING
                0x000000000800c77c       0x1c build/hrtim.o
 .rodata.REG_MASK_TAB_UPDATETRIG
                0x000000000800c798       0x20 build/hrtim.o
 .rodata.REG_OFFSET_TAB_EECR
                0x000000000800c7b8        0xa build/hrtim.o
 *fill*         0x000000000800c7c2        0x2 
 .rodata.REG_OFFSET_TAB_OUTxR
                0x000000000800c7c4       0x18 build/hrtim.o
 .rodata.REG_OFFSET_TAB_SETxR
                0x000000000800c7dc       0x18 build/hrtim.o
 .rodata.REG_OFFSET_TAB_TIMER
                0x000000000800c7f4        0xe build/hrtim.o
 *fill*         0x000000000800c802        0x2 
 .rodata.REG_SHIFT_TAB_EExSRC
                0x000000000800c804        0xa build/hrtim.o
 *fill*         0x000000000800c80e        0x2 
 .rodata.REG_SHIFT_TAB_INTLVD
                0x000000000800c810        0x7 build/hrtim.o
 *fill*         0x000000000800c817        0x1 
 .rodata.REG_SHIFT_TAB_OUTxR
                0x000000000800c818        0xc build/hrtim.o
 .rodata.REG_SHIFT_TAB_UPDATETRIG
                0x000000000800c824        0x7 build/hrtim.o
 *fill*         0x000000000800c82b        0x1 
 .rodata.USART_PRESCALER_TAB
                0x000000000800c82c       0x30 build/stm32g4xx_ll_usart.o
 .rodata.DLCtoBytes
                0x000000000800c85c       0x10 build/stm32g4xx_hal_fdcan.o
 .rodata.AHBPrescTable
                0x000000000800c86c       0x10 build/system_stm32g4xx.o
                0x000000000800c86c                AHBPrescTable
 .rodata.APBPrescTable
                0x000000000800c87c        0x8 build/system_stm32g4xx.o
                0x000000000800c87c                APBPrescTable
 .rodata.expf.str1.4
                0x000000000800c884        0x5 d:/apps/embedded_gcc/arm_gcc/bin/../lib/gcc/arm-none-eabi/8.2.1/../../../../arm-none-eabi/lib/thumb/v7e-m+fp/hard\libm.a(lib_a-wf_exp.o)
 *fill*         0x000000000800c889        0x3 
 .rodata.logf.str1.4
                0x000000000800c88c        0x5 d:/apps/embedded_gcc/arm_gcc/bin/../lib/gcc/arm-none-eabi/8.2.1/../../../../arm-none-eabi/lib/thumb/v7e-m+fp/hard\libm.a(lib_a-wf_log.o)
                                          0x9 (size before relaxing)
 *fill*         0x000000000800c891        0x3 
 .rodata.sqrtf.str1.4
                0x000000000800c894        0x8 d:/apps/embedded_gcc/arm_gcc/bin/../lib/gcc/arm-none-eabi/8.2.1/../../../../arm-none-eabi/lib/thumb/v7e-m+fp/hard\libm.a(lib_a-wf_sqrt.o)
                                          0x6 (size before relaxing)
 .rodata.halF   0x000000000800c89c        0x8 d:/apps/embedded_gcc/arm_gcc/bin/../lib/gcc/arm-none-eabi/8.2.1/../../../../arm-none-eabi/lib/thumb/v7e-m+fp/hard\libm.a(lib_a-ef_exp.o)
 .rodata.ln2HI  0x000000000800c8a4        0x8 d:/apps/embedded_gcc/arm_gcc/bin/../lib/gcc/arm-none-eabi/8.2.1/../../../../arm-none-eabi/lib/thumb/v7e-m+fp/hard\libm.a(lib_a-ef_exp.o)
 .rodata.ln2LO  0x000000000800c8ac        0x8 d:/apps/embedded_gcc/arm_gcc/bin/../lib/gcc/arm-none-eabi/8.2.1/../../../../arm-none-eabi/lib/thumb/v7e-m+fp/hard\libm.a(lib_a-ef_exp.o)
                0x000000000800c8b4                . = ALIGN (0x4)

.rel.dyn        0x000000000800c8b4        0x0
 .rel.iplt      0x000000000800c8b4        0x0 d:/apps/embedded_gcc/arm_gcc/bin/../lib/gcc/arm-none-eabi/8.2.1/thumb/v7e-m+fp/hard/crtbegin.o

.ARM.extab
 *(.ARM.extab* .gnu.linkonce.armextab.*)

.ARM            0x000000000800c8b4        0x0
                0x000000000800c8b4                __exidx_start = .
 *(.ARM.exidx*)
                0x000000000800c8b4                __exidx_end = .

.preinit_array  0x000000000800c8b4        0x0
                0x000000000800c8b4                PROVIDE (__preinit_array_start = .)
 *(.preinit_array*)
                0x000000000800c8b4                PROVIDE (__preinit_array_end = .)

.init_array     0x000000000800c8b4        0x4
                0x000000000800c8b4                PROVIDE (__init_array_start = .)
 *(SORT_BY_NAME(.init_array.*))
 *(.init_array*)
 .init_array    0x000000000800c8b4        0x4 d:/apps/embedded_gcc/arm_gcc/bin/../lib/gcc/arm-none-eabi/8.2.1/thumb/v7e-m+fp/hard/crtbegin.o
                0x000000000800c8b8                PROVIDE (__init_array_end = .)

.fini_array     0x000000000800c8b8        0x4
                [!provide]                        PROVIDE (__fini_array_start = .)
 *(SORT_BY_NAME(.fini_array.*))
 *(.fini_array*)
 .fini_array    0x000000000800c8b8        0x4 d:/apps/embedded_gcc/arm_gcc/bin/../lib/gcc/arm-none-eabi/8.2.1/thumb/v7e-m+fp/hard/crtbegin.o
                [!provide]                        PROVIDE (__fini_array_end = .)
                0x000000000800c8bc                _sidata = LOADADDR (.data)

.data           0x0000000020000000      0x744 load address 0x000000000800c8bc
                0x0000000020000000                . = ALIGN (0x4)
                0x0000000020000000                _sdata = .
 *(.data)
 *(.data*)
 .data.foc1     0x0000000020000000      0x6d4 build/main.o
                0x0000000020000000                foc1
 .data.ubNbDataToTransmit
                0x00000000200006d4        0x1 build/usart.o
                0x00000000200006d4                ubNbDataToTransmit
 *fill*         0x00000000200006d5        0x3 
 .data.SystemCoreClock
                0x00000000200006d8        0x4 build/system_stm32g4xx.o
                0x00000000200006d8                SystemCoreClock
 .data._impure_ptr
                0x00000000200006dc        0x4 d:/apps/embedded_gcc/arm_gcc/bin/../lib/gcc/arm-none-eabi/8.2.1/../../../../arm-none-eabi/lib/thumb/v7e-m+fp/hard\libc_nano.a(lib_a-impure.o)
                0x00000000200006dc                _impure_ptr
 .data.impure_data
                0x00000000200006e0       0x60 d:/apps/embedded_gcc/arm_gcc/bin/../lib/gcc/arm-none-eabi/8.2.1/../../../../arm-none-eabi/lib/thumb/v7e-m+fp/hard\libc_nano.a(lib_a-impure.o)
 .data.__fdlib_version
                0x0000000020000740        0x1 d:/apps/embedded_gcc/arm_gcc/bin/../lib/gcc/arm-none-eabi/8.2.1/../../../../arm-none-eabi/lib/thumb/v7e-m+fp/hard\libm.a(lib_a-s_lib_ver.o)
                0x0000000020000740                __fdlib_version
                0x0000000020000744                . = ALIGN (0x4)
 *fill*         0x0000000020000741        0x3 
                0x0000000020000744                _edata = .

.tm_clone_table
                0x0000000020000744        0x0 load address 0x000000000800d000
 .tm_clone_table
                0x0000000020000744        0x0 d:/apps/embedded_gcc/arm_gcc/bin/../lib/gcc/arm-none-eabi/8.2.1/thumb/v7e-m+fp/hard/crtbegin.o
 .tm_clone_table
                0x0000000020000744        0x0 d:/apps/embedded_gcc/arm_gcc/bin/../lib/gcc/arm-none-eabi/8.2.1/thumb/v7e-m+fp/hard/crtend.o

.igot.plt       0x0000000020000744        0x0 load address 0x000000000800d000
 .igot.plt      0x0000000020000744        0x0 d:/apps/embedded_gcc/arm_gcc/bin/../lib/gcc/arm-none-eabi/8.2.1/thumb/v7e-m+fp/hard/crtbegin.o
                0x0000000020000744                . = ALIGN (0x4)

.bss            0x0000000020000744     0x4378 load address 0x000000000800d000
                0x0000000020000744                _sbss = .
                0x0000000020000744                __bss_start__ = _sbss
 *(.bss)
 *(.bss*)
 .bss.completed.8014
                0x0000000020000744        0x1 d:/apps/embedded_gcc/arm_gcc/bin/../lib/gcc/arm-none-eabi/8.2.1/thumb/v7e-m+fp/hard/crtbegin.o
 *fill*         0x0000000020000745        0x3 
 .bss.object.8019
                0x0000000020000748       0x18 d:/apps/embedded_gcc/arm_gcc/bin/../lib/gcc/arm-none-eabi/8.2.1/thumb/v7e-m+fp/hard/crtbegin.o
 .bss.acc.16870
                0x0000000020000760        0x4 build/main.o
 .bss.angleIncDelay
                0x0000000020000764        0x4 build/main.o
                0x0000000020000764                angleIncDelay
 .bss.diff.16872
                0x0000000020000768        0x4 build/main.o
 .bss.hall      0x000000002000076c       0x8c build/main.o
                0x000000002000076c                hall
 .bss.hybryd_state.16906
                0x00000000200007f8        0x1 build/main.o
 *fill*         0x00000000200007f9        0x3 
 .bss.inPr.16871
                0x00000000200007fc        0x4 build/main.o
 .bss.isrCntrCAN.17276
                0x0000000020000800        0x4 build/main.o
 .bss.ledDelay  0x0000000020000804        0x4 build/main.o
                0x0000000020000804                ledDelay
 .bss.systemReset
                0x0000000020000808        0x1 build/main.o
                0x0000000020000808                systemReset
 *(COMMON)
 *fill*         0x0000000020000809        0x3 
 COMMON         0x000000002000080c     0x4184 build/main.o
                0x000000002000080c                execTime1
                0x0000000020000810                execTime0
                0x0000000020000814                foc_sincos
                0x0000000020000818                foc_bldcpwm_update
                0x000000002000081c                foc_pwm_on
                0x0000000020000820                stop_cc
                0x0000000020000824                foc_pwm_update
                0x0000000020000828                foc_pwm_off
                0x000000002000082c                dataLog
                0x0000000020004874                ntcPcb
                0x0000000020004890                pwmInputValue
                0x0000000020004894                foc_atan2
                0x0000000020004898                start_cc
                0x000000002000489c                foc_pwm_init
                0x00000000200048a0                bldc1
                0x0000000020004968                pwmInputPeriod
                0x000000002000496c                dac_value
                0x0000000020004970                adcData
 COMMON         0x0000000020004990      0x12c build/fdcan.o
                0x0000000020004990                can
                0x0000000020004abc                . = ALIGN (0x4)
                0x0000000020004abc                _ebss = .
                0x0000000020004abc                __bss_end__ = _ebss

._user_heap_stack
                0x0000000020004abc      0x604 load address 0x000000000800d000
                0x0000000020004ac0                . = ALIGN (0x8)
 *fill*         0x0000000020004abc        0x4 
                [!provide]                        PROVIDE (end = .)
                [!provide]                        PROVIDE (_end = .)
                0x0000000020004cc0                . = (. + _Min_Heap_Size)
 *fill*         0x0000000020004ac0      0x200 
                0x00000000200050c0                . = (. + _Min_Stack_Size)
 *fill*         0x0000000020004cc0      0x400 
                0x00000000200050c0                . = ALIGN (0x8)

/DISCARD/
 libc.a(*)
 libm.a(*)
 libgcc.a(*)

.ARM.attributes
                0x0000000000000000       0x30
 *(.ARM.attributes)
 .ARM.attributes
                0x0000000000000000       0x1e d:/apps/embedded_gcc/arm_gcc/bin/../lib/gcc/arm-none-eabi/8.2.1/thumb/v7e-m+fp/hard/crti.o
 .ARM.attributes
                0x000000000000001e       0x34 d:/apps/embedded_gcc/arm_gcc/bin/../lib/gcc/arm-none-eabi/8.2.1/thumb/v7e-m+fp/hard/crtbegin.o
 .ARM.attributes
                0x0000000000000052       0x34 build/main.o
 .ARM.attributes
                0x0000000000000086       0x34 build/gpio.o
 .ARM.attributes
                0x00000000000000ba       0x34 build/adc.o
 .ARM.attributes
                0x00000000000000ee       0x34 build/hrtim.o
 .ARM.attributes
                0x0000000000000122       0x34 build/usart.o
 .ARM.attributes
                0x0000000000000156       0x34 build/fdcan.o
 .ARM.attributes
                0x000000000000018a       0x34 build/cordic.o
 .ARM.attributes
                0x00000000000001be       0x34 build/dac.o
 .ARM.attributes
                0x00000000000001f2       0x34 build/comp.o
 .ARM.attributes
                0x0000000000000226       0x34 build/flash.o
 .ARM.attributes
                0x000000000000025a       0x34 build/stm32g4xx_it.o
 .ARM.attributes
                0x000000000000028e       0x34 build/stm32g4xx_ll_utils.o
 .ARM.attributes
                0x00000000000002c2       0x34 build/stm32g4xx_ll_gpio.o
 .ARM.attributes
                0x00000000000002f6       0x34 build/stm32g4xx_ll_adc.o
 .ARM.attributes
                0x000000000000032a       0x34 build/stm32g4xx_ll_usart.o
 .ARM.attributes
                0x000000000000035e       0x34 build/stm32g4xx_ll_rcc.o
 .ARM.attributes
                0x0000000000000392       0x34 build/stm32g4xx_ll_dac.o
 .ARM.attributes
                0x00000000000003c6       0x34 build/stm32g4xx_ll_comp.o
 .ARM.attributes
                0x00000000000003fa       0x34 build/stm32g4xx_ll_tim.o
 .ARM.attributes
                0x000000000000042e       0x34 build/stm32g4xx_hal_fdcan.o
 .ARM.attributes
                0x0000000000000462       0x34 build/system_stm32g4xx.o
 .ARM.attributes
                0x0000000000000496       0x34 build/tim.o
 .ARM.attributes
                0x00000000000004ca       0x34 build/utils.o
 .ARM.attributes
                0x00000000000004fe       0x21 build/startup_stm32g474xx.o
 .ARM.attributes
                0x000000000000051f       0x32 d:/apps/embedded_gcc/arm_gcc/bin/../lib/gcc/arm-none-eabi/8.2.1/../../../../arm-none-eabi/lib/thumb/v7e-m+fp/hard\libc_nano.a(lib_a-impure.o)
 .ARM.attributes
                0x0000000000000551       0x34 d:/apps/embedded_gcc/arm_gcc/bin/../lib/gcc/arm-none-eabi/8.2.1/../../../../arm-none-eabi/lib/thumb/v7e-m+fp/hard\libc_nano.a(lib_a-init.o)
 .ARM.attributes
                0x0000000000000585       0x34 d:/apps/embedded_gcc/arm_gcc/bin/../lib/gcc/arm-none-eabi/8.2.1/../../../../arm-none-eabi/lib/thumb/v7e-m+fp/hard\libc_nano.a(lib_a-memset.o)
 .ARM.attributes
                0x00000000000005b9       0x34 d:/apps/embedded_gcc/arm_gcc/bin/../lib/gcc/arm-none-eabi/8.2.1/../../../../arm-none-eabi/lib/thumb/v7e-m+fp/hard\libm.a(lib_a-wf_exp.o)
 .ARM.attributes
                0x00000000000005ed       0x34 d:/apps/embedded_gcc/arm_gcc/bin/../lib/gcc/arm-none-eabi/8.2.1/../../../../arm-none-eabi/lib/thumb/v7e-m+fp/hard\libm.a(lib_a-wf_log.o)
 .ARM.attributes
                0x0000000000000621       0x34 d:/apps/embedded_gcc/arm_gcc/bin/../lib/gcc/arm-none-eabi/8.2.1/../../../../arm-none-eabi/lib/thumb/v7e-m+fp/hard\libm.a(lib_a-wf_sqrt.o)
 .ARM.attributes
                0x0000000000000655       0x34 d:/apps/embedded_gcc/arm_gcc/bin/../lib/gcc/arm-none-eabi/8.2.1/../../../../arm-none-eabi/lib/thumb/v7e-m+fp/hard\libm.a(lib_a-ef_exp.o)
 .ARM.attributes
                0x0000000000000689       0x34 d:/apps/embedded_gcc/arm_gcc/bin/../lib/gcc/arm-none-eabi/8.2.1/../../../../arm-none-eabi/lib/thumb/v7e-m+fp/hard\libm.a(lib_a-ef_log.o)
 .ARM.attributes
                0x00000000000006bd       0x34 d:/apps/embedded_gcc/arm_gcc/bin/../lib/gcc/arm-none-eabi/8.2.1/../../../../arm-none-eabi/lib/thumb/v7e-m+fp/hard\libm.a(lib_a-ef_sqrt.o)
 .ARM.attributes
                0x00000000000006f1       0x32 d:/apps/embedded_gcc/arm_gcc/bin/../lib/gcc/arm-none-eabi/8.2.1/../../../../arm-none-eabi/lib/thumb/v7e-m+fp/hard\libm.a(lib_a-s_lib_ver.o)
 .ARM.attributes
                0x0000000000000723       0x34 d:/apps/embedded_gcc/arm_gcc/bin/../lib/gcc/arm-none-eabi/8.2.1/../../../../arm-none-eabi/lib/thumb/v7e-m+fp/hard\libm.a(lib_a-s_matherr.o)
 .ARM.attributes
                0x0000000000000757       0x34 d:/apps/embedded_gcc/arm_gcc/bin/../lib/gcc/arm-none-eabi/8.2.1/../../../../arm-none-eabi/lib/thumb/v7e-m+fp/hard\libm.a(lib_a-s_nan.o)
 .ARM.attributes
                0x000000000000078b       0x34 d:/apps/embedded_gcc/arm_gcc/bin/../lib/gcc/arm-none-eabi/8.2.1/../../../../arm-none-eabi/lib/thumb/v7e-m+fp/hard\libm.a(lib_a-sf_finite.o)
 .ARM.attributes
                0x00000000000007bf       0x1e d:/apps/embedded_gcc/arm_gcc/bin/../lib/gcc/arm-none-eabi/8.2.1/thumb/v7e-m+fp/hard\libgcc.a(_arm_addsubdf3.o)
 .ARM.attributes
                0x00000000000007dd       0x1e d:/apps/embedded_gcc/arm_gcc/bin/../lib/gcc/arm-none-eabi/8.2.1/thumb/v7e-m+fp/hard\libgcc.a(_arm_muldivdf3.o)
 .ARM.attributes
                0x00000000000007fb       0x1e d:/apps/embedded_gcc/arm_gcc/bin/../lib/gcc/arm-none-eabi/8.2.1/thumb/v7e-m+fp/hard\libgcc.a(_arm_truncdfsf2.o)
 .ARM.attributes
                0x0000000000000819       0x34 d:/apps/embedded_gcc/arm_gcc/bin/../lib/gcc/arm-none-eabi/8.2.1/../../../../arm-none-eabi/lib/thumb/v7e-m+fp/hard\libc_nano.a(lib_a-errno.o)
 .ARM.attributes
                0x000000000000084d       0x32 d:/apps/embedded_gcc/arm_gcc/bin/../lib/gcc/arm-none-eabi/8.2.1/thumb/v7e-m+fp/hard/crtend.o
 .ARM.attributes
                0x000000000000087f       0x1e d:/apps/embedded_gcc/arm_gcc/bin/../lib/gcc/arm-none-eabi/8.2.1/thumb/v7e-m+fp/hard/crtn.o
OUTPUT(build/bldc_foc_g474_firmware.elf elf32-littlearm)

.debug_info     0x0000000000000000    0x3a6e7
 .debug_info    0x0000000000000000     0x9ec9 build/main.o
 .debug_info    0x0000000000009ec9     0x17b3 build/gpio.o
 .debug_info    0x000000000000b67c     0x3444 build/adc.o
 .debug_info    0x000000000000eac0     0xb862 build/hrtim.o
 .debug_info    0x000000000001a322     0x2fdf build/usart.o
 .debug_info    0x000000000001d301     0x2a52 build/fdcan.o
 .debug_info    0x000000000001fd53     0x152a build/cordic.o
 .debug_info    0x000000000002127d     0x24b2 build/dac.o
 .debug_info    0x000000000002372f     0x1b85 build/comp.o
 .debug_info    0x00000000000252b4     0x30e4 build/flash.o
 .debug_info    0x0000000000028398     0x238c build/stm32g4xx_it.o
 .debug_info    0x000000000002a724     0x126f build/stm32g4xx_ll_utils.o
 .debug_info    0x000000000002b993      0xdca build/stm32g4xx_ll_gpio.o
 .debug_info    0x000000000002c75d     0x112d build/stm32g4xx_ll_adc.o
 .debug_info    0x000000000002d88a      0xc69 build/stm32g4xx_ll_usart.o
 .debug_info    0x000000000002e4f3     0x2c0a build/stm32g4xx_ll_rcc.o
 .debug_info    0x00000000000310fd      0x8af build/stm32g4xx_ll_dac.o
 .debug_info    0x00000000000319ac      0x320 build/stm32g4xx_ll_comp.o
 .debug_info    0x0000000000031ccc     0x1bd1 build/stm32g4xx_ll_tim.o
 .debug_info    0x000000000003389d     0x1f34 build/stm32g4xx_hal_fdcan.o
 .debug_info    0x00000000000357d1      0x66e build/system_stm32g4xx.o
 .debug_info    0x0000000000035e3f     0x2b45 build/tim.o
 .debug_info    0x0000000000038984     0x1d41 build/utils.o
 .debug_info    0x000000000003a6c5       0x22 build/startup_stm32g474xx.o

.debug_abbrev   0x0000000000000000     0x5194
 .debug_abbrev  0x0000000000000000      0x7cb build/main.o
 .debug_abbrev  0x00000000000007cb      0x2f2 build/gpio.o
 .debug_abbrev  0x0000000000000abd      0x421 build/adc.o
 .debug_abbrev  0x0000000000000ede      0x45d build/hrtim.o
 .debug_abbrev  0x000000000000133b      0x416 build/usart.o
 .debug_abbrev  0x0000000000001751      0x45b build/fdcan.o
 .debug_abbrev  0x0000000000001bac      0x2bc build/cordic.o
 .debug_abbrev  0x0000000000001e68      0x37b build/dac.o
 .debug_abbrev  0x00000000000021e3      0x2fd build/comp.o
 .debug_abbrev  0x00000000000024e0      0x44a build/flash.o
 .debug_abbrev  0x000000000000292a      0x3d4 build/stm32g4xx_it.o
 .debug_abbrev  0x0000000000002cfe      0x364 build/stm32g4xx_ll_utils.o
 .debug_abbrev  0x0000000000003062      0x2b4 build/stm32g4xx_ll_gpio.o
 .debug_abbrev  0x0000000000003316      0x26e build/stm32g4xx_ll_adc.o
 .debug_abbrev  0x0000000000003584      0x31a build/stm32g4xx_ll_usart.o
 .debug_abbrev  0x000000000000389e      0x411 build/stm32g4xx_ll_rcc.o
 .debug_abbrev  0x0000000000003caf      0x24d build/stm32g4xx_ll_dac.o
 .debug_abbrev  0x0000000000003efc      0x1ca build/stm32g4xx_ll_comp.o
 .debug_abbrev  0x00000000000040c6      0x2e6 build/stm32g4xx_ll_tim.o
 .debug_abbrev  0x00000000000043ac      0x2cd build/stm32g4xx_hal_fdcan.o
 .debug_abbrev  0x0000000000004679      0x12e build/system_stm32g4xx.o
 .debug_abbrev  0x00000000000047a7      0x3ca build/tim.o
 .debug_abbrev  0x0000000000004b71      0x611 build/utils.o
 .debug_abbrev  0x0000000000005182       0x12 build/startup_stm32g474xx.o

.debug_loc      0x0000000000000000    0x1a2fc
 .debug_loc     0x0000000000000000     0x52c4 build/main.o
 .debug_loc     0x00000000000052c4       0xf6 build/gpio.o
 .debug_loc     0x00000000000053ba      0xd01 build/adc.o
 .debug_loc     0x00000000000060bb     0x89db build/hrtim.o
 .debug_loc     0x000000000000ea96      0xa49 build/usart.o
 .debug_loc     0x000000000000f4df      0x2f1 build/fdcan.o
 .debug_loc     0x000000000000f7d0       0xb7 build/cordic.o
 .debug_loc     0x000000000000f887      0x6a5 build/dac.o
 .debug_loc     0x000000000000ff2c      0x253 build/comp.o
 .debug_loc     0x000000000001017f      0x4e9 build/flash.o
 .debug_loc     0x0000000000010668       0xc6 build/stm32g4xx_it.o
 .debug_loc     0x000000000001072e      0xd57 build/stm32g4xx_ll_utils.o
 .debug_loc     0x0000000000011485      0x6e5 build/stm32g4xx_ll_gpio.o
 .debug_loc     0x0000000000011b6a      0x847 build/stm32g4xx_ll_adc.o
 .debug_loc     0x00000000000123b1      0x738 build/stm32g4xx_ll_usart.o
 .debug_loc     0x0000000000012ae9     0x1f1c build/stm32g4xx_ll_rcc.o
 .debug_loc     0x0000000000014a05      0x2f4 build/stm32g4xx_ll_dac.o
 .debug_loc     0x0000000000014cf9      0x16d build/stm32g4xx_ll_comp.o
 .debug_loc     0x0000000000014e66     0x184b build/stm32g4xx_ll_tim.o
 .debug_loc     0x00000000000166b1     0x194e build/stm32g4xx_hal_fdcan.o
 .debug_loc     0x0000000000017fff       0xbd build/system_stm32g4xx.o
 .debug_loc     0x00000000000180bc      0x897 build/tim.o
 .debug_loc     0x0000000000018953     0x19a9 build/utils.o

.debug_aranges  0x0000000000000000      0x918
 .debug_aranges
                0x0000000000000000       0xd8 build/main.o
 .debug_aranges
                0x00000000000000d8       0x20 build/gpio.o
 .debug_aranges
                0x00000000000000f8       0x30 build/adc.o
 .debug_aranges
                0x0000000000000128       0x28 build/hrtim.o
 .debug_aranges
                0x0000000000000150       0x28 build/usart.o
 .debug_aranges
                0x0000000000000178       0x48 build/fdcan.o
 .debug_aranges
                0x00000000000001c0       0x20 build/cordic.o
 .debug_aranges
                0x00000000000001e0       0x30 build/dac.o
 .debug_aranges
                0x0000000000000210       0x38 build/comp.o
 .debug_aranges
                0x0000000000000248       0x58 build/flash.o
 .debug_aranges
                0x00000000000002a0       0x60 build/stm32g4xx_it.o
 .debug_aranges
                0x0000000000000300       0x48 build/stm32g4xx_ll_utils.o
 .debug_aranges
                0x0000000000000348       0x30 build/stm32g4xx_ll_gpio.o
 .debug_aranges
                0x0000000000000378       0x68 build/stm32g4xx_ll_adc.o
 .debug_aranges
                0x00000000000003e0       0x40 build/stm32g4xx_ll_usart.o
 .debug_aranges
                0x0000000000000420       0xb8 build/stm32g4xx_ll_rcc.o
 .debug_aranges
                0x00000000000004d8       0x30 build/stm32g4xx_ll_dac.o
 .debug_aranges
                0x0000000000000508       0x30 build/stm32g4xx_ll_comp.o
 .debug_aranges
                0x0000000000000538       0x80 build/stm32g4xx_ll_tim.o
 .debug_aranges
                0x00000000000005b8      0x1a0 build/stm32g4xx_hal_fdcan.o
 .debug_aranges
                0x0000000000000758       0x28 build/system_stm32g4xx.o
 .debug_aranges
                0x0000000000000780       0x48 build/tim.o
 .debug_aranges
                0x00000000000007c8      0x128 build/utils.o
 .debug_aranges
                0x00000000000008f0       0x28 build/startup_stm32g474xx.o

.debug_ranges   0x0000000000000000     0x50a8
 .debug_ranges  0x0000000000000000     0x17c0 build/main.o
 .debug_ranges  0x00000000000017c0       0x88 build/gpio.o
 .debug_ranges  0x0000000000001848      0x2c0 build/adc.o
 .debug_ranges  0x0000000000001b08      0x638 build/hrtim.o
 .debug_ranges  0x0000000000002140      0x2b8 build/usart.o
 .debug_ranges  0x00000000000023f8      0x138 build/fdcan.o
 .debug_ranges  0x0000000000002530       0x58 build/cordic.o
 .debug_ranges  0x0000000000002588      0x1a0 build/dac.o
 .debug_ranges  0x0000000000002728      0x138 build/comp.o
 .debug_ranges  0x0000000000002860      0x1d8 build/flash.o
 .debug_ranges  0x0000000000002a38       0x70 build/stm32g4xx_it.o
 .debug_ranges  0x0000000000002aa8      0x248 build/stm32g4xx_ll_utils.o
 .debug_ranges  0x0000000000002cf0      0x148 build/stm32g4xx_ll_gpio.o
 .debug_ranges  0x0000000000002e38      0x168 build/stm32g4xx_ll_adc.o
 .debug_ranges  0x0000000000002fa0      0x108 build/stm32g4xx_ll_usart.o
 .debug_ranges  0x00000000000030a8     0x16a0 build/stm32g4xx_ll_rcc.o
 .debug_ranges  0x0000000000004748       0x80 build/stm32g4xx_ll_dac.o
 .debug_ranges  0x00000000000047c8       0x20 build/stm32g4xx_ll_comp.o
 .debug_ranges  0x00000000000047e8      0x1e0 build/stm32g4xx_ll_tim.o
 .debug_ranges  0x00000000000049c8      0x228 build/stm32g4xx_hal_fdcan.o
 .debug_ranges  0x0000000000004bf0       0x18 build/system_stm32g4xx.o
 .debug_ranges  0x0000000000004c08      0x1d0 build/tim.o
 .debug_ranges  0x0000000000004dd8      0x2b0 build/utils.o
 .debug_ranges  0x0000000000005088       0x20 build/startup_stm32g474xx.o

.debug_line     0x0000000000000000    0x19234
 .debug_line    0x0000000000000000     0x8735 build/main.o
 .debug_line    0x0000000000008735      0x4df build/gpio.o
 .debug_line    0x0000000000008c14      0xc49 build/adc.o
 .debug_line    0x000000000000985d     0x4367 build/hrtim.o
 .debug_line    0x000000000000dbc4      0x87d build/usart.o
 .debug_line    0x000000000000e441      0x6b9 build/fdcan.o
 .debug_line    0x000000000000eafa      0x309 build/cordic.o
 .debug_line    0x000000000000ee03      0x67a build/dac.o
 .debug_line    0x000000000000f47d      0x6ce build/comp.o
 .debug_line    0x000000000000fb4b      0x736 build/flash.o
 .debug_line    0x0000000000010281      0x4ca build/stm32g4xx_it.o
 .debug_line    0x000000000001074b      0x969 build/stm32g4xx_ll_utils.o
 .debug_line    0x00000000000110b4      0x681 build/stm32g4xx_ll_gpio.o
 .debug_line    0x0000000000011735      0x76a build/stm32g4xx_ll_adc.o
 .debug_line    0x0000000000011e9f      0x5f0 build/stm32g4xx_ll_usart.o
 .debug_line    0x000000000001248f     0x2684 build/stm32g4xx_ll_rcc.o
 .debug_line    0x0000000000014b13      0x3d4 build/stm32g4xx_ll_dac.o
 .debug_line    0x0000000000014ee7      0x27a build/stm32g4xx_ll_comp.o
 .debug_line    0x0000000000015161      0xee3 build/stm32g4xx_ll_tim.o
 .debug_line    0x0000000000016044     0x186a build/stm32g4xx_hal_fdcan.o
 .debug_line    0x00000000000178ae      0x210 build/system_stm32g4xx.o
 .debug_line    0x0000000000017abe      0x834 build/tim.o
 .debug_line    0x00000000000182f2      0xebb build/utils.o
 .debug_line    0x00000000000191ad       0x87 build/startup_stm32g474xx.o

.debug_str      0x0000000000000000     0x6da9
 .debug_str     0x0000000000000000     0x2d0b build/main.o
                                       0x2f2b (size before relaxing)
 .debug_str     0x0000000000002d0b       0x5f build/gpio.o
                                        0xbdd (size before relaxing)
 .debug_str     0x0000000000002d6a      0xadc build/adc.o
                                       0x1815 (size before relaxing)
 .debug_str     0x0000000000003846      0x5fb build/hrtim.o
                                       0x1d06 (size before relaxing)
 .debug_str     0x0000000000003e41      0x41a build/usart.o
                                       0x1870 (size before relaxing)
 .debug_str     0x000000000000425b      0x162 build/fdcan.o
                                       0x1a2b (size before relaxing)
 .debug_str     0x00000000000043bd        0xd build/cordic.o
                                        0xb91 (size before relaxing)
 .debug_str     0x00000000000043ca      0x135 build/dac.o
                                       0x14ef (size before relaxing)
 .debug_str     0x00000000000044ff      0x1c9 build/comp.o
                                        0xda3 (size before relaxing)
 .debug_str     0x00000000000046c8       0xc1 build/flash.o
                                       0x16f1 (size before relaxing)
 .debug_str     0x0000000000004789      0x1b8 build/stm32g4xx_it.o
                                       0x1327 (size before relaxing)
 .debug_str     0x0000000000004941      0x290 build/stm32g4xx_ll_utils.o
                                        0x887 (size before relaxing)
 .debug_str     0x0000000000004bd1      0x119 build/stm32g4xx_ll_gpio.o
                                        0x577 (size before relaxing)
 .debug_str     0x0000000000004cea      0x223 build/stm32g4xx_ll_adc.o
                                        0x870 (size before relaxing)
 .debug_str     0x0000000000004f0d      0x232 build/stm32g4xx_ll_usart.o
                                        0x6cc (size before relaxing)
 .debug_str     0x000000000000513f      0x5e4 build/stm32g4xx_ll_rcc.o
                                        0xaab (size before relaxing)
 .debug_str     0x0000000000005723       0x65 build/stm32g4xx_ll_dac.o
                                        0x58f (size before relaxing)
 .debug_str     0x0000000000005788       0x68 build/stm32g4xx_ll_comp.o
                                        0x34f (size before relaxing)
 .debug_str     0x00000000000057f0      0x59d build/stm32g4xx_ll_tim.o
                                        0xad8 (size before relaxing)
 .debug_str     0x0000000000005d8d      0x9db build/stm32g4xx_hal_fdcan.o
                                       0x12a9 (size before relaxing)
 .debug_str     0x0000000000006768       0x49 build/system_stm32g4xx.o
                                        0x432 (size before relaxing)
 .debug_str     0x00000000000067b1      0x1be build/tim.o
                                       0x1651 (size before relaxing)
 .debug_str     0x000000000000696f      0x415 build/utils.o
                                        0xaf8 (size before relaxing)
 .debug_str     0x0000000000006d84       0x25 build/startup_stm32g474xx.o
                                         0x62 (size before relaxing)

.comment        0x0000000000000000       0x68
 .comment       0x0000000000000000       0x68 build/main.o
                                         0x69 (size before relaxing)
 .comment       0x0000000000000068       0x69 build/gpio.o
 .comment       0x0000000000000068       0x69 build/adc.o
 .comment       0x0000000000000068       0x69 build/hrtim.o
 .comment       0x0000000000000068       0x69 build/usart.o
 .comment       0x0000000000000068       0x69 build/fdcan.o
 .comment       0x0000000000000068       0x69 build/cordic.o
 .comment       0x0000000000000068       0x69 build/dac.o
 .comment       0x0000000000000068       0x69 build/comp.o
 .comment       0x0000000000000068       0x69 build/flash.o
 .comment       0x0000000000000068       0x69 build/stm32g4xx_it.o
 .comment       0x0000000000000068       0x69 build/stm32g4xx_ll_utils.o
 .comment       0x0000000000000068       0x69 build/stm32g4xx_ll_gpio.o
 .comment       0x0000000000000068       0x69 build/stm32g4xx_ll_adc.o
 .comment       0x0000000000000068       0x69 build/stm32g4xx_ll_usart.o
 .comment       0x0000000000000068       0x69 build/stm32g4xx_ll_rcc.o
 .comment       0x0000000000000068       0x69 build/stm32g4xx_ll_dac.o
 .comment       0x0000000000000068       0x69 build/stm32g4xx_ll_comp.o
 .comment       0x0000000000000068       0x69 build/stm32g4xx_ll_tim.o
 .comment       0x0000000000000068       0x69 build/stm32g4xx_hal_fdcan.o
 .comment       0x0000000000000068       0x69 build/system_stm32g4xx.o
 .comment       0x0000000000000068       0x69 build/tim.o
 .comment       0x0000000000000068       0x69 build/utils.o

.debug_frame    0x0000000000000000     0x1fd8
 .debug_frame   0x0000000000000000      0x330 build/main.o
 .debug_frame   0x0000000000000330       0x44 build/gpio.o
 .debug_frame   0x0000000000000374       0x7c build/adc.o
 .debug_frame   0x00000000000003f0       0x7c build/hrtim.o
 .debug_frame   0x000000000000046c       0x4c build/usart.o
 .debug_frame   0x00000000000004b8       0xf8 build/fdcan.o
 .debug_frame   0x00000000000005b0       0x28 build/cordic.o
 .debug_frame   0x00000000000005d8       0x80 build/dac.o
 .debug_frame   0x0000000000000658       0xa4 build/comp.o
 .debug_frame   0x00000000000006fc       0xe8 build/flash.o
 .debug_frame   0x00000000000007e4      0x100 build/stm32g4xx_it.o
 .debug_frame   0x00000000000008e4      0x100 build/stm32g4xx_ll_utils.o
 .debug_frame   0x00000000000009e4       0x58 build/stm32g4xx_ll_gpio.o
 .debug_frame   0x0000000000000a3c      0x15c build/stm32g4xx_ll_adc.o
 .debug_frame   0x0000000000000b98       0x9c build/stm32g4xx_ll_usart.o
 .debug_frame   0x0000000000000c34      0x420 build/stm32g4xx_ll_rcc.o
 .debug_frame   0x0000000000001054       0x70 build/stm32g4xx_ll_dac.o
 .debug_frame   0x00000000000010c4       0x58 build/stm32g4xx_ll_comp.o
 .debug_frame   0x000000000000111c      0x1e8 build/stm32g4xx_ll_tim.o
 .debug_frame   0x0000000000001304      0x564 build/stm32g4xx_hal_fdcan.o
 .debug_frame   0x0000000000001868       0x30 build/system_stm32g4xx.o
 .debug_frame   0x0000000000001898       0xac build/tim.o
 .debug_frame   0x0000000000001944      0x32c build/utils.o
 .debug_frame   0x0000000000001c70       0x2c d:/apps/embedded_gcc/arm_gcc/bin/../lib/gcc/arm-none-eabi/8.2.1/../../../../arm-none-eabi/lib/thumb/v7e-m+fp/hard\libc_nano.a(lib_a-init.o)
 .debug_frame   0x0000000000001c9c       0x20 d:/apps/embedded_gcc/arm_gcc/bin/../lib/gcc/arm-none-eabi/8.2.1/../../../../arm-none-eabi/lib/thumb/v7e-m+fp/hard\libc_nano.a(lib_a-memset.o)
 .debug_frame   0x0000000000001cbc       0x54 d:/apps/embedded_gcc/arm_gcc/bin/../lib/gcc/arm-none-eabi/8.2.1/../../../../arm-none-eabi/lib/thumb/v7e-m+fp/hard\libm.a(lib_a-wf_exp.o)
 .debug_frame   0x0000000000001d10       0x50 d:/apps/embedded_gcc/arm_gcc/bin/../lib/gcc/arm-none-eabi/8.2.1/../../../../arm-none-eabi/lib/thumb/v7e-m+fp/hard\libm.a(lib_a-wf_log.o)
 .debug_frame   0x0000000000001d60       0x50 d:/apps/embedded_gcc/arm_gcc/bin/../lib/gcc/arm-none-eabi/8.2.1/../../../../arm-none-eabi/lib/thumb/v7e-m+fp/hard\libm.a(lib_a-wf_sqrt.o)
 .debug_frame   0x0000000000001db0       0x20 d:/apps/embedded_gcc/arm_gcc/bin/../lib/gcc/arm-none-eabi/8.2.1/../../../../arm-none-eabi/lib/thumb/v7e-m+fp/hard\libm.a(lib_a-ef_exp.o)
 .debug_frame   0x0000000000001dd0       0x48 d:/apps/embedded_gcc/arm_gcc/bin/../lib/gcc/arm-none-eabi/8.2.1/../../../../arm-none-eabi/lib/thumb/v7e-m+fp/hard\libm.a(lib_a-ef_log.o)
 .debug_frame   0x0000000000001e18       0x20 d:/apps/embedded_gcc/arm_gcc/bin/../lib/gcc/arm-none-eabi/8.2.1/../../../../arm-none-eabi/lib/thumb/v7e-m+fp/hard\libm.a(lib_a-ef_sqrt.o)
 .debug_frame   0x0000000000001e38       0x20 d:/apps/embedded_gcc/arm_gcc/bin/../lib/gcc/arm-none-eabi/8.2.1/../../../../arm-none-eabi/lib/thumb/v7e-m+fp/hard\libm.a(lib_a-s_matherr.o)
 .debug_frame   0x0000000000001e58       0x20 d:/apps/embedded_gcc/arm_gcc/bin/../lib/gcc/arm-none-eabi/8.2.1/../../../../arm-none-eabi/lib/thumb/v7e-m+fp/hard\libm.a(lib_a-s_nan.o)
 .debug_frame   0x0000000000001e78       0x20 d:/apps/embedded_gcc/arm_gcc/bin/../lib/gcc/arm-none-eabi/8.2.1/../../../../arm-none-eabi/lib/thumb/v7e-m+fp/hard\libm.a(lib_a-sf_finite.o)
 .debug_frame   0x0000000000001e98       0xac d:/apps/embedded_gcc/arm_gcc/bin/../lib/gcc/arm-none-eabi/8.2.1/thumb/v7e-m+fp/hard\libgcc.a(_arm_addsubdf3.o)
 .debug_frame   0x0000000000001f44       0x50 d:/apps/embedded_gcc/arm_gcc/bin/../lib/gcc/arm-none-eabi/8.2.1/thumb/v7e-m+fp/hard\libgcc.a(_arm_muldivdf3.o)
 .debug_frame   0x0000000000001f94       0x24 d:/apps/embedded_gcc/arm_gcc/bin/../lib/gcc/arm-none-eabi/8.2.1/thumb/v7e-m+fp/hard\libgcc.a(_arm_truncdfsf2.o)
 .debug_frame   0x0000000000001fb8       0x20 d:/apps/embedded_gcc/arm_gcc/bin/../lib/gcc/arm-none-eabi/8.2.1/../../../../arm-none-eabi/lib/thumb/v7e-m+fp/hard\libc_nano.a(lib_a-errno.o)

Cross Reference Table

Symbol                                            File
ADC1_2_IRQHandler                                 build/main.o
ADC3_IRQHandler                                   build/startup_stm32g474xx.o
ADC4_IRQHandler                                   build/startup_stm32g474xx.o
ADC5_IRQHandler                                   build/startup_stm32g474xx.o
AHBPrescTable                                     build/system_stm32g4xx.o
                                                  build/stm32g4xx_ll_rcc.o
                                                  build/stm32g4xx_ll_utils.o
APBPrescTable                                     build/system_stm32g4xx.o
                                                  build/stm32g4xx_ll_rcc.o
BusFault_Handler                                  build/stm32g4xx_it.o
COMP1_2_3_IRQHandler                              build/startup_stm32g474xx.o
COMP4_5_6_IRQHandler                              build/startup_stm32g474xx.o
COMP7_IRQHandler                                  build/startup_stm32g474xx.o
CORDIC_IRQHandler                                 build/startup_stm32g474xx.o
CRS_IRQHandler                                    build/startup_stm32g474xx.o
Cordic_Init                                       build/cordic.o
                                                  build/main.o
CoreInit                                          build/main.o
CoreStart                                         build/main.o
DMA1_Channel1_IRQHandler                          build/startup_stm32g474xx.o
DMA1_Channel2_IRQHandler                          build/startup_stm32g474xx.o
DMA1_Channel3_IRQHandler                          build/startup_stm32g474xx.o
DMA1_Channel4_IRQHandler                          build/startup_stm32g474xx.o
DMA1_Channel5_IRQHandler                          build/startup_stm32g474xx.o
DMA1_Channel6_IRQHandler                          build/stm32g4xx_it.o
DMA1_Channel7_IRQHandler                          build/startup_stm32g474xx.o
DMA1_Channel8_IRQHandler                          build/startup_stm32g474xx.o
DMA2_Channel1_IRQHandler                          build/startup_stm32g474xx.o
DMA2_Channel2_IRQHandler                          build/startup_stm32g474xx.o
DMA2_Channel3_IRQHandler                          build/startup_stm32g474xx.o
DMA2_Channel4_IRQHandler                          build/startup_stm32g474xx.o
DMA2_Channel5_IRQHandler                          build/startup_stm32g474xx.o
DMA2_Channel6_IRQHandler                          build/startup_stm32g474xx.o
DMA2_Channel7_IRQHandler                          build/startup_stm32g474xx.o
DMA2_Channel8_IRQHandler                          build/startup_stm32g474xx.o
DMAMUX_OVR_IRQHandler                             build/startup_stm32g474xx.o
DebugMon_Handler                                  build/stm32g4xx_it.o
Default_Handler                                   build/startup_stm32g474xx.o
EXTI0_IRQHandler                                  build/startup_stm32g474xx.o
EXTI15_10_IRQHandler                              build/startup_stm32g474xx.o
EXTI1_IRQHandler                                  build/startup_stm32g474xx.o
EXTI2_IRQHandler                                  build/startup_stm32g474xx.o
EXTI3_IRQHandler                                  build/startup_stm32g474xx.o
EXTI4_IRQHandler                                  build/startup_stm32g474xx.o
EXTI9_5_IRQHandler                                build/stm32g4xx_it.o
Error_Handler                                     build/main.o
                                                  build/fdcan.o
FDCAN1_IT0_IRQHandler                             build/stm32g4xx_it.o
FDCAN1_IT1_IRQHandler                             build/startup_stm32g474xx.o
FDCAN2_IT0_IRQHandler                             build/startup_stm32g474xx.o
FDCAN2_IT1_IRQHandler                             build/startup_stm32g474xx.o
FDCAN3_IT0_IRQHandler                             build/startup_stm32g474xx.o
FDCAN3_IT1_IRQHandler                             build/startup_stm32g474xx.o
FLASH_IRQHandler                                  build/startup_stm32g474xx.o
FLASH_LoadConfig                                  build/flash.o
                                                  build/main.o
FLASH_PageErase                                   build/flash.o
FLASH_Program_DoubleWord                          build/flash.o
FLASH_UpdateConfig                                build/flash.o
                                                  build/main.o
FMAC_IRQHandler                                   build/startup_stm32g474xx.o
FMC_IRQHandler                                    build/startup_stm32g474xx.o
FPU_IRQHandler                                    build/startup_stm32g474xx.o
Foc_connect_hardware                              build/main.o
GetBank                                           build/flash.o
HAL_FDCAN_AbortTxRequest                          build/stm32g4xx_hal_fdcan.o
HAL_FDCAN_ActivateNotification                    build/stm32g4xx_hal_fdcan.o
                                                  build/fdcan.o
HAL_FDCAN_AddMessageToTxFifoQ                     build/stm32g4xx_hal_fdcan.o
                                                  build/fdcan.o
HAL_FDCAN_ConfigExtendedIdMask                    build/stm32g4xx_hal_fdcan.o
HAL_FDCAN_ConfigFilter                            build/stm32g4xx_hal_fdcan.o
                                                  build/fdcan.o
HAL_FDCAN_ConfigGlobalFilter                      build/stm32g4xx_hal_fdcan.o
                                                  build/fdcan.o
HAL_FDCAN_ConfigInterruptLines                    build/stm32g4xx_hal_fdcan.o
HAL_FDCAN_ConfigRamWatchdog                       build/stm32g4xx_hal_fdcan.o
HAL_FDCAN_ConfigRxFifoOverwrite                   build/stm32g4xx_hal_fdcan.o
HAL_FDCAN_ConfigTimeoutCounter                    build/stm32g4xx_hal_fdcan.o
HAL_FDCAN_ConfigTimestampCounter                  build/stm32g4xx_hal_fdcan.o
HAL_FDCAN_ConfigTxDelayCompensation               build/stm32g4xx_hal_fdcan.o
HAL_FDCAN_DeInit                                  build/stm32g4xx_hal_fdcan.o
HAL_FDCAN_DeactivateNotification                  build/stm32g4xx_hal_fdcan.o
HAL_FDCAN_DisableEdgeFiltering                    build/stm32g4xx_hal_fdcan.o
HAL_FDCAN_DisableISOMode                          build/stm32g4xx_hal_fdcan.o
HAL_FDCAN_DisableTimeoutCounter                   build/stm32g4xx_hal_fdcan.o
HAL_FDCAN_DisableTimestampCounter                 build/stm32g4xx_hal_fdcan.o
HAL_FDCAN_DisableTxDelayCompensation              build/stm32g4xx_hal_fdcan.o
HAL_FDCAN_EnableEdgeFiltering                     build/stm32g4xx_hal_fdcan.o
HAL_FDCAN_EnableISOMode                           build/stm32g4xx_hal_fdcan.o
HAL_FDCAN_EnableTimeoutCounter                    build/stm32g4xx_hal_fdcan.o
HAL_FDCAN_EnableTimestampCounter                  build/stm32g4xx_hal_fdcan.o
HAL_FDCAN_EnableTxDelayCompensation               build/stm32g4xx_hal_fdcan.o
HAL_FDCAN_EnterPowerDownMode                      build/stm32g4xx_hal_fdcan.o
HAL_FDCAN_ErrorCallback                           build/stm32g4xx_hal_fdcan.o
HAL_FDCAN_ErrorStatusCallback                     build/stm32g4xx_hal_fdcan.o
HAL_FDCAN_ExitPowerDownMode                       build/stm32g4xx_hal_fdcan.o
HAL_FDCAN_ExitRestrictedOperationMode             build/stm32g4xx_hal_fdcan.o
HAL_FDCAN_GetError                                build/stm32g4xx_hal_fdcan.o
HAL_FDCAN_GetErrorCounters                        build/stm32g4xx_hal_fdcan.o
HAL_FDCAN_GetHighPriorityMessageStatus            build/stm32g4xx_hal_fdcan.o
HAL_FDCAN_GetLatestTxFifoQRequestBuffer           build/stm32g4xx_hal_fdcan.o
HAL_FDCAN_GetProtocolStatus                       build/stm32g4xx_hal_fdcan.o
HAL_FDCAN_GetRxFifoFillLevel                      build/stm32g4xx_hal_fdcan.o
HAL_FDCAN_GetRxMessage                            build/stm32g4xx_hal_fdcan.o
                                                  build/fdcan.o
HAL_FDCAN_GetState                                build/stm32g4xx_hal_fdcan.o
HAL_FDCAN_GetTimeoutCounter                       build/stm32g4xx_hal_fdcan.o
HAL_FDCAN_GetTimestampCounter                     build/stm32g4xx_hal_fdcan.o
HAL_FDCAN_GetTxEvent                              build/stm32g4xx_hal_fdcan.o
HAL_FDCAN_GetTxFifoFreeLevel                      build/stm32g4xx_hal_fdcan.o
HAL_FDCAN_HighPriorityMessageCallback             build/stm32g4xx_hal_fdcan.o
HAL_FDCAN_IRQHandler                              build/stm32g4xx_hal_fdcan.o
HAL_FDCAN_Init                                    build/stm32g4xx_hal_fdcan.o
                                                  build/fdcan.o
HAL_FDCAN_IsRestrictedOperationMode               build/stm32g4xx_hal_fdcan.o
HAL_FDCAN_IsTxBufferMessagePending                build/stm32g4xx_hal_fdcan.o
HAL_FDCAN_MspDeInit                               build/fdcan.o
HAL_FDCAN_MspInit                                 build/fdcan.o
HAL_FDCAN_ResetTimeoutCounter                     build/stm32g4xx_hal_fdcan.o
HAL_FDCAN_ResetTimestampCounter                   build/stm32g4xx_hal_fdcan.o
HAL_FDCAN_RxFifo0Callback                         build/stm32g4xx_hal_fdcan.o
HAL_FDCAN_RxFifo1Callback                         build/stm32g4xx_hal_fdcan.o
HAL_FDCAN_Start                                   build/stm32g4xx_hal_fdcan.o
                                                  build/fdcan.o
HAL_FDCAN_Stop                                    build/stm32g4xx_hal_fdcan.o
HAL_FDCAN_TimeoutOccurredCallback                 build/stm32g4xx_hal_fdcan.o
HAL_FDCAN_TimestampWraparoundCallback             build/stm32g4xx_hal_fdcan.o
HAL_FDCAN_TxBufferAbortCallback                   build/stm32g4xx_hal_fdcan.o
HAL_FDCAN_TxBufferCompleteCallback                build/stm32g4xx_hal_fdcan.o
HAL_FDCAN_TxEventFifoCallback                     build/stm32g4xx_hal_fdcan.o
HAL_FDCAN_TxFifoEmptyCallback                     build/stm32g4xx_hal_fdcan.o
HRTIM1_FLT_IRQHandler                             build/stm32g4xx_it.o
HRTIM1_Master_IRQHandler                          build/startup_stm32g474xx.o
HRTIM1_TIMA_IRQHandler                            build/startup_stm32g474xx.o
HRTIM1_TIMB_IRQHandler                            build/startup_stm32g474xx.o
HRTIM1_TIMC_IRQHandler                            build/startup_stm32g474xx.o
HRTIM1_TIMD_IRQHandler                            build/startup_stm32g474xx.o
HRTIM1_TIME_IRQHandler                            build/startup_stm32g474xx.o
HRTIM1_TIMF_IRQHandler                            build/startup_stm32g474xx.o
HardFault_Handler                                 build/stm32g4xx_it.o
I2C1_ER_IRQHandler                                build/startup_stm32g474xx.o
I2C1_EV_IRQHandler                                build/startup_stm32g474xx.o
I2C2_ER_IRQHandler                                build/startup_stm32g474xx.o
I2C2_EV_IRQHandler                                build/startup_stm32g474xx.o
I2C3_ER_IRQHandler                                build/startup_stm32g474xx.o
I2C3_EV_IRQHandler                                build/startup_stm32g474xx.o
I2C4_ER_IRQHandler                                build/startup_stm32g474xx.o
I2C4_EV_IRQHandler                                build/startup_stm32g474xx.o
LL_ADC_CommonDeInit                               build/stm32g4xx_ll_adc.o
LL_ADC_CommonInit                                 build/stm32g4xx_ll_adc.o
                                                  build/adc.o
LL_ADC_CommonStructInit                           build/stm32g4xx_ll_adc.o
LL_ADC_DeInit                                     build/stm32g4xx_ll_adc.o
LL_ADC_INJ_Init                                   build/stm32g4xx_ll_adc.o
                                                  build/adc.o
LL_ADC_INJ_StructInit                             build/stm32g4xx_ll_adc.o
LL_ADC_Init                                       build/stm32g4xx_ll_adc.o
                                                  build/adc.o
LL_ADC_REG_Init                                   build/stm32g4xx_ll_adc.o
                                                  build/adc.o
LL_ADC_REG_StructInit                             build/stm32g4xx_ll_adc.o
LL_ADC_StructInit                                 build/stm32g4xx_ll_adc.o
LL_COMP_DeInit                                    build/stm32g4xx_ll_comp.o
LL_COMP_Init                                      build/stm32g4xx_ll_comp.o
                                                  build/comp.o
LL_COMP_StructInit                                build/stm32g4xx_ll_comp.o
LL_CORDIC_DeInit                                  build/stm32g4xx_ll_cordic.o
LL_DAC_DeInit                                     build/stm32g4xx_ll_dac.o
LL_DAC_Init                                       build/stm32g4xx_ll_dac.o
                                                  build/dac.o
LL_DAC_StructInit                                 build/stm32g4xx_ll_dac.o
LL_DMA_DeInit                                     build/stm32g4xx_ll_dma.o
LL_DMA_Init                                       build/stm32g4xx_ll_dma.o
LL_DMA_StructInit                                 build/stm32g4xx_ll_dma.o
LL_EXTI_DeInit                                    build/stm32g4xx_ll_exti.o
LL_EXTI_Init                                      build/stm32g4xx_ll_exti.o
LL_EXTI_StructInit                                build/stm32g4xx_ll_exti.o
LL_GPIO_DeInit                                    build/stm32g4xx_ll_gpio.o
LL_GPIO_Init                                      build/stm32g4xx_ll_gpio.o
                                                  build/tim.o
                                                  build/comp.o
                                                  build/fdcan.o
                                                  build/usart.o
                                                  build/hrtim.o
                                                  build/adc.o
                                                  build/gpio.o
LL_GPIO_StructInit                                build/stm32g4xx_ll_gpio.o
LL_HRTIM_DeInit                                   build/stm32g4xx_ll_hrtim.o
LL_Init1msTick                                    build/stm32g4xx_ll_utils.o
                                                  build/main.o
LL_PLL_ConfigSystemClock_HSE                      build/stm32g4xx_ll_utils.o
LL_PLL_ConfigSystemClock_HSI                      build/stm32g4xx_ll_utils.o
LL_PWR_DeInit                                     build/stm32g4xx_ll_pwr.o
LL_RCC_DeInit                                     build/stm32g4xx_ll_rcc.o
LL_RCC_GetADCClockFreq                            build/stm32g4xx_ll_rcc.o
LL_RCC_GetFDCANClockFreq                          build/stm32g4xx_ll_rcc.o
LL_RCC_GetI2CClockFreq                            build/stm32g4xx_ll_rcc.o
LL_RCC_GetI2SClockFreq                            build/stm32g4xx_ll_rcc.o
LL_RCC_GetLPTIMClockFreq                          build/stm32g4xx_ll_rcc.o
LL_RCC_GetLPUARTClockFreq                         build/stm32g4xx_ll_rcc.o
LL_RCC_GetQUADSPIClockFreq                        build/stm32g4xx_ll_rcc.o
LL_RCC_GetRNGClockFreq                            build/stm32g4xx_ll_rcc.o
LL_RCC_GetSAIClockFreq                            build/stm32g4xx_ll_rcc.o
LL_RCC_GetSystemClocksFreq                        build/stm32g4xx_ll_rcc.o
LL_RCC_GetUARTClockFreq                           build/stm32g4xx_ll_rcc.o
                                                  build/stm32g4xx_ll_usart.o
LL_RCC_GetUSARTClockFreq                          build/stm32g4xx_ll_rcc.o
                                                  build/stm32g4xx_ll_usart.o
LL_RCC_GetUSBClockFreq                            build/stm32g4xx_ll_rcc.o
LL_SetSystemCoreClock                             build/stm32g4xx_ll_utils.o
                                                  build/main.o
LL_TIM_BDTR_Init                                  build/stm32g4xx_ll_tim.o
LL_TIM_BDTR_StructInit                            build/stm32g4xx_ll_tim.o
LL_TIM_DeInit                                     build/stm32g4xx_ll_tim.o
LL_TIM_ENCODER_Init                               build/stm32g4xx_ll_tim.o
LL_TIM_ENCODER_StructInit                         build/stm32g4xx_ll_tim.o
LL_TIM_HALLSENSOR_Init                            build/stm32g4xx_ll_tim.o
LL_TIM_HALLSENSOR_StructInit                      build/stm32g4xx_ll_tim.o
LL_TIM_IC_Init                                    build/stm32g4xx_ll_tim.o
LL_TIM_IC_StructInit                              build/stm32g4xx_ll_tim.o
LL_TIM_Init                                       build/stm32g4xx_ll_tim.o
                                                  build/tim.o
LL_TIM_OC_Init                                    build/stm32g4xx_ll_tim.o
LL_TIM_OC_StructInit                              build/stm32g4xx_ll_tim.o
LL_TIM_StructInit                                 build/stm32g4xx_ll_tim.o
LL_USART_ClockInit                                build/stm32g4xx_ll_usart.o
LL_USART_ClockStructInit                          build/stm32g4xx_ll_usart.o
LL_USART_DeInit                                   build/stm32g4xx_ll_usart.o
LL_USART_Init                                     build/stm32g4xx_ll_usart.o
                                                  build/usart.o
LL_USART_StructInit                               build/stm32g4xx_ll_usart.o
LL_mDelay                                         build/stm32g4xx_ll_utils.o
                                                  build/stm32g4xx_it.o
LPTIM1_IRQHandler                                 build/startup_stm32g474xx.o
LPUART1_IRQHandler                                build/startup_stm32g474xx.o
MX_ADC1_Init                                      build/adc.o
                                                  build/main.o
MX_ADC2_Init                                      build/adc.o
                                                  build/main.o
MX_COMP1_Init                                     build/comp.o
                                                  build/main.o
MX_COMP4_Init                                     build/comp.o
                                                  build/main.o
MX_COMP6_Init                                     build/comp.o
                                                  build/main.o
MX_DAC2_Init                                      build/dac.o
                                                  build/main.o
MX_DAC3_Init                                      build/dac.o
                                                  build/main.o
MX_FDCAN1_Init                                    build/fdcan.o
                                                  build/main.o
MX_GPIO_Init                                      build/gpio.o
                                                  build/main.o
MX_HRTIM1_Init                                    build/hrtim.o
                                                  build/main.o
MX_SYS_Init                                       build/sys.o
MX_TIM2_Init                                      build/tim.o
                                                  build/main.o
MX_TIM6_Init                                      build/tim.o
                                                  build/main.o
MX_TIM7_Init                                      build/tim.o
                                                  build/main.o
MX_USART2_UART_Init                               build/usart.o
                                                  build/main.o
MemManage_Handler                                 build/stm32g4xx_it.o
NMI_Handler                                       build/stm32g4xx_it.o
PVD_PVM_IRQHandler                                build/startup_stm32g474xx.o
PendSV_Handler                                    build/stm32g4xx_it.o
QUADSPI_IRQHandler                                build/startup_stm32g474xx.o
RCC_GetHCLKClockFreq                              build/stm32g4xx_ll_rcc.o
RCC_GetPCLK1ClockFreq                             build/stm32g4xx_ll_rcc.o
RCC_GetPCLK2ClockFreq                             build/stm32g4xx_ll_rcc.o
RCC_GetSystemClockFreq                            build/stm32g4xx_ll_rcc.o
RCC_IRQHandler                                    build/startup_stm32g474xx.o
RCC_PLL_GetFreqDomain_48M                         build/stm32g4xx_ll_rcc.o
RCC_PLL_GetFreqDomain_ADC                         build/stm32g4xx_ll_rcc.o
RCC_PLL_GetFreqDomain_SYS                         build/stm32g4xx_ll_rcc.o
RNG_IRQHandler                                    build/startup_stm32g474xx.o
RTC_Alarm_IRQHandler                              build/startup_stm32g474xx.o
RTC_TAMP_LSECSS_IRQHandler                        build/startup_stm32g474xx.o
RTC_WKUP_IRQHandler                               build/startup_stm32g474xx.o
Reset_Handler                                     build/startup_stm32g474xx.o
SAI1_IRQHandler                                   build/startup_stm32g474xx.o
SPI1_IRQHandler                                   build/startup_stm32g474xx.o
SPI2_IRQHandler                                   build/startup_stm32g474xx.o
SPI3_IRQHandler                                   build/startup_stm32g474xx.o
SPI4_IRQHandler                                   build/startup_stm32g474xx.o
SVC_Handler                                       build/stm32g4xx_it.o
SysTick_Handler                                   build/stm32g4xx_it.o
SystemCoreClock                                   build/system_stm32g4xx.o
                                                  build/stm32g4xx_ll_utils.o
                                                  build/comp.o
                                                  build/dac.o
SystemCoreClockUpdate                             build/system_stm32g4xx.o
SystemInit                                        build/system_stm32g4xx.o
                                                  build/startup_stm32g474xx.o
TIM1_BRK_TIM15_IRQHandler                         build/startup_stm32g474xx.o
TIM1_CC_IRQHandler                                build/startup_stm32g474xx.o
TIM1_TRG_COM_TIM17_IRQHandler                     build/startup_stm32g474xx.o
TIM1_UP_TIM16_IRQHandler                          build/startup_stm32g474xx.o
TIM20_BRK_IRQHandler                              build/startup_stm32g474xx.o
TIM20_CC_IRQHandler                               build/startup_stm32g474xx.o
TIM20_TRG_COM_IRQHandler                          build/startup_stm32g474xx.o
TIM20_UP_IRQHandler                               build/startup_stm32g474xx.o
TIM2_IRQHandler                                   build/main.o
TIM3_IRQHandler                                   build/startup_stm32g474xx.o
TIM4_IRQHandler                                   build/startup_stm32g474xx.o
TIM5_IRQHandler                                   build/startup_stm32g474xx.o
TIM6_DAC_IRQHandler                               build/startup_stm32g474xx.o
TIM7_DAC_IRQHandler                               build/stm32g4xx_it.o
TIM8_BRK_IRQHandler                               build/startup_stm32g474xx.o
TIM8_CC_IRQHandler                                build/startup_stm32g474xx.o
TIM8_TRG_COM_IRQHandler                           build/startup_stm32g474xx.o
TIM8_UP_IRQHandler                                build/startup_stm32g474xx.o
UART4_IRQHandler                                  build/startup_stm32g474xx.o
UART5_IRQHandler                                  build/startup_stm32g474xx.o
UCPD1_IRQHandler                                  build/startup_stm32g474xx.o
USART1_IRQHandler                                 build/startup_stm32g474xx.o
USART2_IRQHandler                                 build/stm32g4xx_it.o
USART2_StartTransfer                              build/usart.o
USART3_IRQHandler                                 build/startup_stm32g474xx.o
USBWakeUp_IRQHandler                              build/startup_stm32g474xx.o
USB_HP_IRQHandler                                 build/startup_stm32g474xx.o
USB_LP_IRQHandler                                 build/startup_stm32g474xx.o
UsageFault_Handler                                build/stm32g4xx_it.o
WWDG_IRQHandler                                   build/startup_stm32g474xx.o
_ITM_deregisterTMCloneTable                       d:/apps/embedded_gcc/arm_gcc/bin/../lib/gcc/arm-none-eabi/8.2.1/thumb/v7e-m+fp/hard/crtbegin.o
_ITM_registerTMCloneTable                         d:/apps/embedded_gcc/arm_gcc/bin/../lib/gcc/arm-none-eabi/8.2.1/thumb/v7e-m+fp/hard/crtbegin.o
__TMC_END__                                       d:/apps/embedded_gcc/arm_gcc/bin/../lib/gcc/arm-none-eabi/8.2.1/thumb/v7e-m+fp/hard/crtend.o
                                                  d:/apps/embedded_gcc/arm_gcc/bin/../lib/gcc/arm-none-eabi/8.2.1/thumb/v7e-m+fp/hard/crtbegin.o
__adddf3                                          d:/apps/embedded_gcc/arm_gcc/bin/../lib/gcc/arm-none-eabi/8.2.1/thumb/v7e-m+fp/hard\libgcc.a(_arm_addsubdf3.o)
__aeabi_d2f                                       d:/apps/embedded_gcc/arm_gcc/bin/../lib/gcc/arm-none-eabi/8.2.1/thumb/v7e-m+fp/hard\libgcc.a(_arm_truncdfsf2.o)
                                                  d:/apps/embedded_gcc/arm_gcc/bin/../lib/gcc/arm-none-eabi/8.2.1/../../../../arm-none-eabi/lib/thumb/v7e-m+fp/hard\libm.a(lib_a-wf_sqrt.o)
                                                  d:/apps/embedded_gcc/arm_gcc/bin/../lib/gcc/arm-none-eabi/8.2.1/../../../../arm-none-eabi/lib/thumb/v7e-m+fp/hard\libm.a(lib_a-wf_pow.o)
                                                  d:/apps/embedded_gcc/arm_gcc/bin/../lib/gcc/arm-none-eabi/8.2.1/../../../../arm-none-eabi/lib/thumb/v7e-m+fp/hard\libm.a(lib_a-wf_log.o)
                                                  d:/apps/embedded_gcc/arm_gcc/bin/../lib/gcc/arm-none-eabi/8.2.1/../../../../arm-none-eabi/lib/thumb/v7e-m+fp/hard\libm.a(lib_a-wf_fmod.o)
                                                  d:/apps/embedded_gcc/arm_gcc/bin/../lib/gcc/arm-none-eabi/8.2.1/../../../../arm-none-eabi/lib/thumb/v7e-m+fp/hard\libm.a(lib_a-wf_exp.o)
__aeabi_dadd                                      d:/apps/embedded_gcc/arm_gcc/bin/../lib/gcc/arm-none-eabi/8.2.1/thumb/v7e-m+fp/hard\libgcc.a(_arm_addsubdf3.o)
__aeabi_ddiv                                      d:/apps/embedded_gcc/arm_gcc/bin/../lib/gcc/arm-none-eabi/8.2.1/thumb/v7e-m+fp/hard\libgcc.a(_arm_muldivdf3.o)
                                                  d:/apps/embedded_gcc/arm_gcc/bin/../lib/gcc/arm-none-eabi/8.2.1/../../../../arm-none-eabi/lib/thumb/v7e-m+fp/hard\libm.a(lib_a-wf_sqrt.o)
                                                  d:/apps/embedded_gcc/arm_gcc/bin/../lib/gcc/arm-none-eabi/8.2.1/../../../../arm-none-eabi/lib/thumb/v7e-m+fp/hard\libm.a(lib_a-wf_fmod.o)
__aeabi_dmul                                      d:/apps/embedded_gcc/arm_gcc/bin/../lib/gcc/arm-none-eabi/8.2.1/thumb/v7e-m+fp/hard\libgcc.a(_arm_muldivdf3.o)
__aeabi_drsub                                     d:/apps/embedded_gcc/arm_gcc/bin/../lib/gcc/arm-none-eabi/8.2.1/thumb/v7e-m+fp/hard\libgcc.a(_arm_addsubdf3.o)
__aeabi_dsub                                      d:/apps/embedded_gcc/arm_gcc/bin/../lib/gcc/arm-none-eabi/8.2.1/thumb/v7e-m+fp/hard\libgcc.a(_arm_addsubdf3.o)
__aeabi_f2d                                       d:/apps/embedded_gcc/arm_gcc/bin/../lib/gcc/arm-none-eabi/8.2.1/thumb/v7e-m+fp/hard\libgcc.a(_arm_addsubdf3.o)
                                                  d:/apps/embedded_gcc/arm_gcc/bin/../lib/gcc/arm-none-eabi/8.2.1/../../../../arm-none-eabi/lib/thumb/v7e-m+fp/hard\libm.a(lib_a-wf_sqrt.o)
                                                  d:/apps/embedded_gcc/arm_gcc/bin/../lib/gcc/arm-none-eabi/8.2.1/../../../../arm-none-eabi/lib/thumb/v7e-m+fp/hard\libm.a(lib_a-wf_pow.o)
                                                  d:/apps/embedded_gcc/arm_gcc/bin/../lib/gcc/arm-none-eabi/8.2.1/../../../../arm-none-eabi/lib/thumb/v7e-m+fp/hard\libm.a(lib_a-wf_log.o)