Archive member included to satisfy reference by file (symbol)

d:/apps/embedded_gcc/arm_gcc/bin/../lib/gcc/arm-none-eabi/8.2.1/../../../../arm-none-eabi/lib/thumb/v7e-m+fp/hard\libc_nano.a(lib_a-exit.o)
                              d:/apps/embedded_gcc/arm_gcc/bin/../lib/gcc/arm-none-eabi/8.2.1/../../../../arm-none-eabi/lib/thumb/v7e-m+fp/hard/crt0.o (exit)
d:/apps/embedded_gcc/arm_gcc/bin/../lib/gcc/arm-none-eabi/8.2.1/../../../../arm-none-eabi/lib/thumb/v7e-m+fp/hard\libc_nano.a(lib_a-impure.o)
                              d:/apps/embedded_gcc/arm_gcc/bin/../lib/gcc/arm-none-eabi/8.2.1/../../../../arm-none-eabi/lib/thumb/v7e-m+fp/hard\libc_nano.a(lib_a-exit.o) (_global_impure_ptr)
d:/apps/embedded_gcc/arm_gcc/bin/../lib/gcc/arm-none-eabi/8.2.1/../../../../arm-none-eabi/lib/thumb/v7e-m+fp/hard\libc_nano.a(lib_a-init.o)
                              d:/apps/embedded_gcc/arm_gcc/bin/../lib/gcc/arm-none-eabi/8.2.1/../../../../arm-none-eabi/lib/thumb/v7e-m+fp/hard/crt0.o (__libc_init_array)
d:/apps/embedded_gcc/arm_gcc/bin/../lib/gcc/arm-none-eabi/8.2.1/../../../../arm-none-eabi/lib/thumb/v7e-m+fp/hard\libc_nano.a(lib_a-memcpy-stub.o)
                              build/utils.o (memcpy)
d:/apps/embedded_gcc/arm_gcc/bin/../lib/gcc/arm-none-eabi/8.2.1/../../../../arm-none-eabi/lib/thumb/v7e-m+fp/hard\libc_nano.a(lib_a-memset.o)
                              d:/apps/embedded_gcc/arm_gcc/bin/../lib/gcc/arm-none-eabi/8.2.1/../../../../arm-none-eabi/lib/thumb/v7e-m+fp/hard/crt0.o (memset)
d:/apps/embedded_gcc/arm_gcc/bin/../lib/gcc/arm-none-eabi/8.2.1/../../../../arm-none-eabi/lib/thumb/v7e-m+fp/hard\libc_nano.a(lib_a-qsort.o)
                              build/utils.o (qsort)
d:/apps/embedded_gcc/arm_gcc/bin/../lib/gcc/arm-none-eabi/8.2.1/../../../../arm-none-eabi/lib/thumb/v7e-m+fp/hard\libc_nano.a(lib_a-strcat.o)
                              build/utils.o (strcat)
d:/apps/embedded_gcc/arm_gcc/bin/../lib/gcc/arm-none-eabi/8.2.1/../../../../arm-none-eabi/lib/thumb/v7e-m+fp/hard\libm.a(lib_a-w_exp.o)
                              build/main.o (exp)
d:/apps/embedded_gcc/arm_gcc/bin/../lib/gcc/arm-none-eabi/8.2.1/../../../../arm-none-eabi/lib/thumb/v7e-m+fp/hard\libm.a(lib_a-wf_exp.o)
                              build/utils.o (expf)
d:/apps/embedded_gcc/arm_gcc/bin/../lib/gcc/arm-none-eabi/8.2.1/../../../../arm-none-eabi/lib/thumb/v7e-m+fp/hard\libm.a(lib_a-wf_fmod.o)
                              build/utils.o (fmodf)
d:/apps/embedded_gcc/arm_gcc/bin/../lib/gcc/arm-none-eabi/8.2.1/../../../../arm-none-eabi/lib/thumb/v7e-m+fp/hard\libm.a(lib_a-wf_log.o)
                              build/main.o (logf)
d:/apps/embedded_gcc/arm_gcc/bin/../lib/gcc/arm-none-eabi/8.2.1/../../../../arm-none-eabi/lib/thumb/v7e-m+fp/hard\libm.a(lib_a-wf_pow.o)
                              build/utils.o (powf)
d:/apps/embedded_gcc/arm_gcc/bin/../lib/gcc/arm-none-eabi/8.2.1/../../../../arm-none-eabi/lib/thumb/v7e-m+fp/hard\libm.a(lib_a-wf_sqrt.o)
                              build/main.o (sqrtf)
d:/apps/embedded_gcc/arm_gcc/bin/../lib/gcc/arm-none-eabi/8.2.1/../../../../arm-none-eabi/lib/thumb/v7e-m+fp/hard\libm.a(lib_a-e_exp.o)
                              d:/apps/embedded_gcc/arm_gcc/bin/../lib/gcc/arm-none-eabi/8.2.1/../../../../arm-none-eabi/lib/thumb/v7e-m+fp/hard\libm.a(lib_a-w_exp.o) (__ieee754_exp)
d:/apps/embedded_gcc/arm_gcc/bin/../lib/gcc/arm-none-eabi/8.2.1/../../../../arm-none-eabi/lib/thumb/v7e-m+fp/hard\libm.a(lib_a-ef_exp.o)
                              d:/apps/embedded_gcc/arm_gcc/bin/../lib/gcc/arm-none-eabi/8.2.1/../../../../arm-none-eabi/lib/thumb/v7e-m+fp/hard\libm.a(lib_a-wf_exp.o) (__ieee754_expf)
d:/apps/embedded_gcc/arm_gcc/bin/../lib/gcc/arm-none-eabi/8.2.1/../../../../arm-none-eabi/lib/thumb/v7e-m+fp/hard\libm.a(lib_a-ef_fmod.o)
                              d:/apps/embedded_gcc/arm_gcc/bin/../lib/gcc/arm-none-eabi/8.2.1/../../../../arm-none-eabi/lib/thumb/v7e-m+fp/hard\libm.a(lib_a-wf_fmod.o) (__ieee754_fmodf)
d:/apps/embedded_gcc/arm_gcc/bin/../lib/gcc/arm-none-eabi/8.2.1/../../../../arm-none-eabi/lib/thumb/v7e-m+fp/hard\libm.a(lib_a-ef_log.o)
                              d:/apps/embedded_gcc/arm_gcc/bin/../lib/gcc/arm-none-eabi/8.2.1/../../../../arm-none-eabi/lib/thumb/v7e-m+fp/hard\libm.a(lib_a-wf_log.o) (__ieee754_logf)
d:/apps/embedded_gcc/arm_gcc/bin/../lib/gcc/arm-none-eabi/8.2.1/../../../../arm-none-eabi/lib/thumb/v7e-m+fp/hard\libm.a(lib_a-ef_pow.o)
                              d:/apps/embedded_gcc/arm_gcc/bin/../lib/gcc/arm-none-eabi/8.2.1/../../../../arm-none-eabi/lib/thumb/v7e-m+fp/hard\libm.a(lib_a-wf_pow.o) (__ieee754_powf)
d:/apps/embedded_gcc/arm_gcc/bin/../lib/gcc/arm-none-eabi/8.2.1/../../../../arm-none-eabi/lib/thumb/v7e-m+fp/hard\libm.a(lib_a-ef_sqrt.o)
                              d:/apps/embedded_gcc/arm_gcc/bin/../lib/gcc/arm-none-eabi/8.2.1/../../../../arm-none-eabi/lib/thumb/v7e-m+fp/hard\libm.a(lib_a-wf_sqrt.o) (__ieee754_sqrtf)
[...]
Memory Configuration

Name             Origin             Length             Attributes
RAM              0x0000000020000000 0x0000000000020000 xrw
FLASH            0x0000000008000000 0x0000000000080000 xr
*default*        0x0000000000000000 0xffffffffffffffff

Linker script and memory map

LOAD d:/apps/embedded_gcc/arm_gcc/bin/../lib/gcc/arm-none-eabi/8.2.1/thumb/v7e-m+fp/hard/crti.o
LOAD d:/apps/embedded_gcc/arm_gcc/bin/../lib/gcc/arm-none-eabi/8.2.1/thumb/v7e-m+fp/hard/crtbegin.o
LOAD d:/apps/embedded_gcc/arm_gcc/bin/../lib/gcc/arm-none-eabi/8.2.1/../../../../arm-none-eabi/lib/thumb/v7e-m+fp/hard/crt0.o
LOAD build/main.o
LOAD build/gpio.o
LOAD build/adc.o
LOAD build/hrtim.o
LOAD build/sys.o
LOAD build/usart.o
LOAD build/stm32g4xx_it.o
LOAD build/stm32g4xx_ll_utils.o
LOAD build/stm32g4xx_ll_exti.o
LOAD build/stm32g4xx_ll_gpio.o
LOAD build/stm32g4xx_ll_adc.o
LOAD build/stm32g4xx_ll_dma.o
LOAD build/stm32g4xx_ll_hrtim.o
LOAD build/stm32g4xx_ll_pwr.o
LOAD build/stm32g4xx_ll_usart.o
LOAD build/stm32g4xx_ll_rcc.o
LOAD build/system_stm32g4xx.o
LOAD build/tim.o
LOAD build/stm32g4xx_ll_tim.o
LOAD build/lptim.o
LOAD build/utils.o
LOAD build/stm32g4xx_ll_lptim.o
LOAD build/startup_stm32g474xx.o
LOAD d:/apps/embedded_gcc/arm_gcc/bin/../lib/gcc/arm-none-eabi/8.2.1/../../../../arm-none-eabi/lib/thumb/v7e-m+fp/hard\libc_nano.a
LOAD d:/apps/embedded_gcc/arm_gcc/bin/../lib/gcc/arm-none-eabi/8.2.1/../../../../arm-none-eabi/lib/thumb/v7e-m+fp/hard\libm.a
LOAD d:/apps/embedded_gcc/arm_gcc/bin/../lib/gcc/arm-none-eabi/8.2.1/../../../../arm-none-eabi/lib/thumb/v7e-m+fp/hard\libnosys.a
START GROUP
LOAD d:/apps/embedded_gcc/arm_gcc/bin/../lib/gcc/arm-none-eabi/8.2.1/thumb/v7e-m+fp/hard\libgcc.a
LOAD d:/apps/embedded_gcc/arm_gcc/bin/../lib/gcc/arm-none-eabi/8.2.1/../../../../arm-none-eabi/lib/thumb/v7e-m+fp/hard\libc_nano.a
END GROUP
START GROUP
LOAD d:/apps/embedded_gcc/arm_gcc/bin/../lib/gcc/arm-none-eabi/8.2.1/thumb/v7e-m+fp/hard\libgcc.a
LOAD d:/apps/embedded_gcc/arm_gcc/bin/../lib/gcc/arm-none-eabi/8.2.1/../../../../arm-none-eabi/lib/thumb/v7e-m+fp/hard\libc_nano.a
END GROUP
LOAD d:/apps/embedded_gcc/arm_gcc/bin/../lib/gcc/arm-none-eabi/8.2.1/thumb/v7e-m+fp/hard/crtend.o
LOAD d:/apps/embedded_gcc/arm_gcc/bin/../lib/gcc/arm-none-eabi/8.2.1/thumb/v7e-m+fp/hard/crtn.o
                0x0000000020020000                _estack = 0x20020000
                0x0000000000000200                _Min_Heap_Size = 0x200
                0x0000000000000400                _Min_Stack_Size = 0x400

.isr_vector     0x0000000008000000      0x1d8
                0x0000000008000000                . = ALIGN (0x4)
 *(.isr_vector)
 .isr_vector    0x0000000008000000      0x1d8 build/startup_stm32g474xx.o
                0x0000000008000000                g_pfnVectors
                0x00000000080001d8                . = ALIGN (0x4)

.text           0x00000000080001d8     0xf11c
                0x00000000080001d8                . = ALIGN (0x4)
 *(.text)
 .text          0x00000000080001d8      0x378 d:/apps/embedded_gcc/arm_gcc/bin/../lib/gcc/arm-none-eabi/8.2.1/thumb/v7e-m+fp/hard\libgcc.a(_arm_addsubdf3.o)
                0x00000000080001d8                __aeabi_drsub
                0x00000000080001e0                __aeabi_dsub
                0x00000000080001e0                __subdf3
                0x00000000080001e4                __aeabi_dadd
                0x00000000080001e4                __adddf3
                0x000000000800045c                __floatunsidf
                0x000000000800045c                __aeabi_ui2d
                0x000000000800047c                __floatsidf
                0x000000000800047c                __aeabi_i2d
                0x00000000080004a0                __aeabi_f2d
                0x00000000080004a0                __extendsfdf2
                0x00000000080004e4                __floatundidf
                0x00000000080004e4                __aeabi_ul2d
                0x00000000080004f4                __floatdidf
                0x00000000080004f4                __aeabi_l2d
 .text          0x0000000008000550      0x424 d:/apps/embedded_gcc/arm_gcc/bin/../lib/gcc/arm-none-eabi/8.2.1/thumb/v7e-m+fp/hard\libgcc.a(_arm_muldivdf3.o)
                0x0000000008000550                __aeabi_dmul
                0x0000000008000550                __muldf3
                0x00000000080007a4                __divdf3
                0x00000000080007a4                __aeabi_ddiv
 .text          0x0000000008000974      0x110 d:/apps/embedded_gcc/arm_gcc/bin/../lib/gcc/arm-none-eabi/8.2.1/thumb/v7e-m+fp/hard\libgcc.a(_arm_cmpdf2.o)
                0x0000000008000974                __gtdf2
                0x0000000008000974                __gedf2
                0x000000000800097c                __ltdf2
                0x000000000800097c                __ledf2
                0x0000000008000984                __nedf2
                0x0000000008000984                __eqdf2
                0x0000000008000984                __cmpdf2
                0x0000000008000a00                __aeabi_cdrcmple
                0x0000000008000a10                __aeabi_cdcmpeq
                0x0000000008000a10                __aeabi_cdcmple
                0x0000000008000a20                __aeabi_dcmpeq
                0x0000000008000a34                __aeabi_dcmplt
                0x0000000008000a48                __aeabi_dcmple
                0x0000000008000a5c                __aeabi_dcmpge
                0x0000000008000a70                __aeabi_dcmpgt
 .text          0x0000000008000a84       0x50 d:/apps/embedded_gcc/arm_gcc/bin/../lib/gcc/arm-none-eabi/8.2.1/thumb/v7e-m+fp/hard\libgcc.a(_arm_fixdfsi.o)
                0x0000000008000a84                __aeabi_d2iz
                0x0000000008000a84                __fixdfsi
 .text          0x0000000008000ad4       0xa0 d:/apps/embedded_gcc/arm_gcc/bin/../lib/gcc/arm-none-eabi/8.2.1/thumb/v7e-m+fp/hard\libgcc.a(_arm_truncdfsf2.o)
                0x0000000008000ad4                __truncdfsf2
                0x0000000008000ad4                __aeabi_d2f
 *(.text*)
 .text.deregister_tm_clones
                0x0000000008000b74       0x1c d:/apps/embedded_gcc/arm_gcc/bin/../lib/gcc/arm-none-eabi/8.2.1/thumb/v7e-m+fp/hard/crtbegin.o
 .text.register_tm_clones
                0x0000000008000b90       0x24 d:/apps/embedded_gcc/arm_gcc/bin/../lib/gcc/arm-none-eabi/8.2.1/thumb/v7e-m+fp/hard/crtbegin.o
 .text.__do_global_dtors_aux
                0x0000000008000bb4       0x28 d:/apps/embedded_gcc/arm_gcc/bin/../lib/gcc/arm-none-eabi/8.2.1/thumb/v7e-m+fp/hard/crtbegin.o
 .text.frame_dummy
                0x0000000008000bdc       0x24 d:/apps/embedded_gcc/arm_gcc/bin/../lib/gcc/arm-none-eabi/8.2.1/thumb/v7e-m+fp/hard/crtbegin.o
 .text.__NVIC_SetPriorityGrouping
                0x0000000008000c00       0x48 build/main.o
 .text.__NVIC_SystemReset
                0x0000000008000c48       0x28 build/main.o
 .text.LL_ADC_INJ_StartConversion
                0x0000000008000c70       0x28 build/main.o
 .text.LL_ADC_ClearFlag_JEOS
                0x0000000008000c98       0x1a build/main.o
 .text.LL_HRTIM_EnableOutput
                0x0000000008000cb2       0x2a build/main.o
 .text.LL_HRTIM_DisableOutput
                0x0000000008000cdc       0x2a build/main.o
 *fill*         0x0000000008000d06        0x2 
 .text.LL_HRTIM_TIM_GetPeriod
                0x0000000008000d08       0x48 build/main.o
 .text.LL_HRTIM_TIM_SetCompare1
                0x0000000008000d50       0x50 build/main.o
 .text.LL_RCC_HSE_Enable
                0x0000000008000da0       0x20 build/main.o
 .text.LL_RCC_HSE_IsReady
                0x0000000008000dc0       0x28 build/main.o
 .text.LL_RCC_SetSysClkSource
                0x0000000008000de8       0x28 build/main.o
 .text.LL_RCC_GetSysClkSource
                0x0000000008000e10       0x1c build/main.o
 .text.LL_RCC_SetAHBPrescaler
                0x0000000008000e2c       0x28 build/main.o
 .text.LL_RCC_SetAPB1Prescaler
                0x0000000008000e54       0x28 build/main.o
 .text.LL_RCC_SetAPB2Prescaler
                0x0000000008000e7c       0x28 build/main.o
 .text.LL_RCC_SetUSARTClockSource
                0x0000000008000ea4       0x34 build/main.o
 .text.LL_RCC_SetLPTIMClockSource
                0x0000000008000ed8       0x2c build/main.o
 .text.LL_RCC_SetADCClockSource
                0x0000000008000f04       0x48 build/main.o
 .text.LL_RCC_PLL_Enable
                0x0000000008000f4c       0x20 build/main.o
 .text.LL_RCC_PLL_IsReady
                0x0000000008000f6c       0x28 build/main.o
 .text.LL_RCC_PLL_ConfigDomain_SYS
                0x0000000008000f94       0x40 build/main.o
 .text.LL_RCC_PLL_ConfigDomain_ADC
                0x0000000008000fd4       0x40 build/main.o
 .text.LL_RCC_PLL_EnableDomain_ADC
                0x0000000008001014       0x20 build/main.o
 .text.LL_RCC_PLL_EnableDomain_SYS
                0x0000000008001034       0x20 build/main.o
 .text.LL_APB1_GRP1_EnableClock
                0x0000000008001054       0x30 build/main.o
 .text.LL_APB2_GRP1_EnableClock
                0x0000000008001084       0x30 build/main.o
 .text.LL_FLASH_SetLatency
                0x00000000080010b4       0x28 build/main.o
 .text.LL_SYSTICK_SetClkSource
                0x00000000080010dc       0x38 build/main.o
 .text.LL_PWR_EnableRange1BoostMode
                0x0000000008001114       0x24 build/main.o
 .text.LL_PWR_DisableDeadBatteryPD
                0x0000000008001138       0x20 build/main.o
 .text.LL_TIM_IC_GetCaptureCH1
                0x0000000008001158       0x18 build/main.o
 .text.LL_TIM_IC_GetCaptureCH2
                0x0000000008001170       0x18 build/main.o
 .text.LL_TIM_ClearFlag_CC1
                0x0000000008001188       0x1c build/main.o
 .text.LL_TIM_IsActiveFlag_CC1
                0x00000000080011a4       0x26 build/main.o
 .text.LL_GPIO_IsInputPinSet
                0x00000000080011ca       0x2a build/main.o
 .text.LL_GPIO_ResetOutputPin
                0x00000000080011f4       0x1c build/main.o
 .text.LL_GPIO_TogglePin
                0x0000000008001210       0x22 build/main.o
 .text.LPF_calc
                0x0000000008001232       0x3e build/main.o
 .text.HPF_calc
                0x0000000008001270       0x46 build/main.o
 *fill*         0x00000000080012b6        0x2 
 .text.utSinPU  0x00000000080012b8       0xc0 build/main.o
 .text.utSinAbs
                0x0000000008001378       0x50 build/main.o
 .text.utCosAbs
                0x00000000080013c8       0x54 build/main.o
 .text.ModelBLDC_Init
                0x000000000800141c       0xec build/main.o
 .text.ModelBLDC_Calc
                0x0000000008001508      0x664 build/main.o
 .text.bldcpwm_update
                0x0000000008001b6c      0x188 build/main.o
 .text.Svgen_calc
                0x0000000008001cf4      0x1ac build/main.o
 .text.PI_calc  0x0000000008001ea0       0xe8 build/main.o
 .text.Volt_calc
                0x0000000008001f88       0xe8 build/main.o
 .text.FluxObs_calc
                0x0000000008002070      0x19e build/main.o
 *fill*         0x000000000800220e        0x2 
 .text.Smopos_calc
                0x0000000008002210      0x30c build/main.o
 .text.Prot_calc
                0x000000000800251c      0x124 build/main.o
 .text.Pll_calc
                0x0000000008002640      0x144 build/main.o
 .text.CMTN_run
                0x0000000008002784      0x65c build/main.o
 .text.Foc_Init
                0x0000000008002de0      0x478 build/main.o
 .text.datalogCalc
                0x0000000008003258      0x168 build/main.o
 .text.ntc_temperature
                0x00000000080033c0       0x9c build/main.o
 .text.Hall_update
                0x000000000800345c      0x300 build/main.o
 .text.main     0x000000000800375c      0x1b0 build/main.o
                0x000000000800375c                main
 .text.CoreInit
                0x000000000800390c      0x100 build/main.o
                0x000000000800390c                CoreInit
 .text.CoreStart
                0x0000000008003a0c       0x78 build/main.o
                0x0000000008003a0c                CoreStart
 .text.ADC1_2_IRQHandler
                0x0000000008003a84     0x5100 build/main.o
                0x0000000008003a84                ADC1_2_IRQHandler
 .text.TIM2_IRQHandler
                0x0000000008008b84       0x54 build/main.o
                0x0000000008008b84                TIM2_IRQHandler
 .text.LL_AHB2_GRP1_EnableClock
                0x0000000008008bd8       0x30 build/gpio.o
 .text.LL_GPIO_ResetOutputPin
                0x0000000008008c08       0x1c build/gpio.o
 .text.MX_GPIO_Init
                0x0000000008008c24      0x17c build/gpio.o
                0x0000000008008c24                MX_GPIO_Init
 .text.__NVIC_GetPriorityGrouping
                0x0000000008008da0       0x1c build/adc.o
 .text.__NVIC_EnableIRQ
                0x0000000008008dbc       0x3c build/adc.o
 .text.__NVIC_SetPriority
                0x0000000008008df8       0x54 build/adc.o
 .text.NVIC_EncodePriority
                0x0000000008008e4c       0x66 build/adc.o
 .text.LL_ADC_SetGainCompensation
                0x0000000008008eb2       0x4a build/adc.o
 .text.LL_ADC_REG_SetSequencerRanks
                0x0000000008008efc       0x52 build/adc.o
 .text.LL_ADC_INJ_SetTriggerEdge
                0x0000000008008f4e       0x26 build/adc.o
 .text.LL_ADC_INJ_SetSequencerRanks
                0x0000000008008f74       0x44 build/adc.o
 .text.LL_ADC_INJ_SetQueueMode
                0x0000000008008fb8       0x2a build/adc.o
 .text.LL_ADC_SetChannelSamplingTime
                0x0000000008008fe2       0x50 build/adc.o
 *fill*         0x0000000008009032        0x2 
 .text.LL_ADC_SetChannelSingleDiff
                0x0000000008009034       0x48 build/adc.o
 .text.LL_ADC_SetOverSamplingScope
                0x000000000800907c       0x2a build/adc.o
 .text.LL_ADC_ConfigOverSamplingRatioShift
                0x00000000080090a6       0x2c build/adc.o
 .text.LL_ADC_DisableDeepPowerDown
                0x00000000080090d2       0x24 build/adc.o
 .text.LL_ADC_EnableInternalRegulator
                0x00000000080090f6       0x28 build/adc.o
 .text.LL_ADC_Enable
                0x000000000800911e       0x28 build/adc.o
 .text.LL_ADC_StartCalibration
                0x0000000008009146       0x32 build/adc.o
 .text.LL_ADC_IsCalibrationOnGoing
                0x0000000008009178       0x28 build/adc.o
 .text.LL_ADC_INJ_StartConversion
                0x00000000080091a0       0x28 build/adc.o
 .text.LL_ADC_IsActiveFlag_ADRDY
                0x00000000080091c8       0x26 build/adc.o
 .text.LL_ADC_ClearFlag_ADRDY
                0x00000000080091ee       0x1a build/adc.o
 .text.LL_ADC_EnableIT_JEOS
                0x0000000008009208       0x20 build/adc.o
 .text.LL_ADC_DisableIT_EOC
                0x0000000008009228       0x20 build/adc.o
 .text.LL_ADC_DisableIT_EOS
                0x0000000008009248       0x20 build/adc.o
 .text.LL_ADC_DisableIT_JEOC
                0x0000000008009268       0x20 build/adc.o
 .text.LL_ADC_DisableIT_JEOS
                0x0000000008009288       0x20 build/adc.o
 .text.LL_AHB2_GRP1_EnableClock
                0x00000000080092a8       0x30 build/adc.o
 .text.adc_start_bldc
                0x00000000080092d8       0xc0 build/adc.o
                0x00000000080092d8                adc_start_bldc
 .text.adc_start
                0x0000000008009398       0xc0 build/adc.o
                0x0000000008009398                adc_start
 .text.MX_ADC1_Init
                0x0000000008009458      0x25c build/adc.o
                0x0000000008009458                MX_ADC1_Init
 .text.MX_ADC2_Init
                0x00000000080096b4      0x1b0 build/adc.o
                0x00000000080096b4                MX_ADC2_Init
 .text.MX_ADC3_Init
                0x0000000008009864      0x14c build/adc.o
                0x0000000008009864                MX_ADC3_Init
 .text.ADC1_Init_BLDC
                0x00000000080099b0      0x26c build/adc.o
                0x00000000080099b0                ADC1_Init_BLDC
 .text.ADC2_Init_BLDC
                0x0000000008009c1c      0x208 build/adc.o
                0x0000000008009c1c                ADC2_Init_BLDC
 .text.__NVIC_GetPriorityGrouping
                0x0000000008009e24       0x1c build/hrtim.o
 .text.__NVIC_EnableIRQ
                0x0000000008009e40       0x3c build/hrtim.o
 .text.__NVIC_SetPriority
                0x0000000008009e7c       0x54 build/hrtim.o
 .text.NVIC_EncodePriority
                0x0000000008009ed0       0x66 build/hrtim.o
 .text.LL_HRTIM_ForceUpdate
                0x0000000008009f36       0x2c build/hrtim.o
 .text.LL_HRTIM_EnableOutput
                0x0000000008009f62       0x2a build/hrtim.o
 .text.LL_HRTIM_ConfigADCTrig
                0x0000000008009f8c       0x98 build/hrtim.o
 .text.LL_HRTIM_SetADCPostScaler
                0x000000000800a024       0xc8 build/hrtim.o
 .text.LL_HRTIM_ConfigDLLCalibration
                0x000000000800a0ec       0x30 build/hrtim.o
 .text.LL_HRTIM_StartDLLCalibration
                0x000000000800a11c       0x24 build/hrtim.o
 .text.LL_HRTIM_TIM_CounterEnable
                0x000000000800a140       0x22 build/hrtim.o
 *fill*         0x000000000800a162        0x2 
 .text.LL_HRTIM_TIM_SetPrescaler
                0x000000000800a164       0x50 build/hrtim.o
 .text.LL_HRTIM_TIM_SetCounterMode
                0x000000000800a1b4       0x50 build/hrtim.o
 .text.LL_HRTIM_TIM_DisableHalfMode
                0x000000000800a204       0x60 build/hrtim.o
 .text.LL_HRTIM_TIM_DisableResyncUpdate
                0x000000000800a264       0x4c build/hrtim.o
 .text.LL_HRTIM_TIM_SetInterleavedMode
                0x000000000800a2b0       0x70 build/hrtim.o
 .text.LL_HRTIM_TIM_DisableStartOnSync
                0x000000000800a320       0x48 build/hrtim.o
 .text.LL_HRTIM_TIM_DisableResetOnSync
                0x000000000800a368       0x48 build/hrtim.o
 .text.LL_HRTIM_TIM_SetDACTrig
                0x000000000800a3b0       0x50 build/hrtim.o
 .text.LL_HRTIM_TIM_EnablePreload
                0x000000000800a400       0x48 build/hrtim.o
 .text.LL_HRTIM_TIM_DisablePreload
                0x000000000800a448       0x48 build/hrtim.o
 .text.LL_HRTIM_TIM_SetUpdateTrig
                0x000000000800a490       0x64 build/hrtim.o
 .text.LL_HRTIM_TIM_SetUpdateGating
                0x000000000800a4f4       0x64 build/hrtim.o
 .text.LL_HRTIM_TIM_DisablePushPullMode
                0x000000000800a558       0x4c build/hrtim.o
 .text.LL_HRTIM_TIM_SetPeriod
                0x000000000800a5a4       0x50 build/hrtim.o
 .text.LL_HRTIM_TIM_SetRepetition
                0x000000000800a5f4       0x50 build/hrtim.o
 .text.LL_HRTIM_TIM_SetCompare1
                0x000000000800a644       0x50 build/hrtim.o
 .text.LL_HRTIM_TIM_SetResetTrig
                0x000000000800a694       0x48 build/hrtim.o
 .text.LL_HRTIM_TIM_EnableDeadTime
                0x000000000800a6dc       0x4c build/hrtim.o
 .text.LL_HRTIM_TIM_SetBurstModeOption
                0x000000000800a728       0x4a build/hrtim.o
 *fill*         0x000000000800a772        0x2 
 .text.LL_HRTIM_TIM_SetComp1Mode
                0x000000000800a774       0x68 build/hrtim.o
 .text.LL_HRTIM_TIM_SetRollOverMode
                0x000000000800a7dc       0x68 build/hrtim.o
 .text.LL_HRTIM_TIM_SetFaultEventRollOverMode
                0x000000000800a844       0x68 build/hrtim.o
 .text.LL_HRTIM_TIM_SetBMRollOverMode
                0x000000000800a8ac       0x68 build/hrtim.o
 .text.LL_HRTIM_TIM_SetADCRollOverMode
                0x000000000800a914       0x68 build/hrtim.o
 .text.LL_HRTIM_TIM_SetOutputRollOverMode
                0x000000000800a97c       0x68 build/hrtim.o
 .text.LL_HRTIM_TIM_SetCountingMode
                0x000000000800a9e4       0x68 build/hrtim.o
 .text.LL_HRTIM_DT_SetPrescaler
                0x000000000800aa4c       0x50 build/hrtim.o
 .text.LL_HRTIM_DT_SetRisingValue
                0x000000000800aa9c       0x54 build/hrtim.o
 .text.LL_HRTIM_DT_SetRisingSign
                0x000000000800aaf0       0x50 build/hrtim.o
 .text.LL_HRTIM_DT_SetFallingValue
                0x000000000800ab40       0x58 build/hrtim.o
 .text.LL_HRTIM_DT_SetFallingSign
                0x000000000800ab98       0x50 build/hrtim.o
 .text.LL_HRTIM_OUT_SetOutputSetSrc
                0x000000000800abe8       0x5c build/hrtim.o
 .text.LL_HRTIM_OUT_SetOutputResetSrc
                0x000000000800ac44       0x5c build/hrtim.o
 .text.LL_HRTIM_OUT_SetPolarity
                0x000000000800aca0       0x7c build/hrtim.o
 .text.LL_HRTIM_OUT_SetIdleMode
                0x000000000800ad1c       0x7c build/hrtim.o
 .text.LL_HRTIM_OUT_SetIdleLevel
                0x000000000800ad98       0x7c build/hrtim.o
 .text.LL_HRTIM_OUT_SetFaultState
                0x000000000800ae14       0x7c build/hrtim.o
 .text.LL_HRTIM_OUT_SetChopperMode
                0x000000000800ae90       0x7c build/hrtim.o
 .text.LL_HRTIM_FLT_SetSrc
                0x000000000800af0c      0x190 build/hrtim.o
 .text.LL_HRTIM_FLT_SetPolarity
                0x000000000800b09c       0xf8 build/hrtim.o
 .text.LL_HRTIM_FLT_SetFilter
                0x000000000800b194       0xf8 build/hrtim.o
 .text.LL_HRTIM_FLT_SetPrescaler
                0x000000000800b28c       0x2a build/hrtim.o
 *fill*         0x000000000800b2b6        0x2 
 .text.LL_HRTIM_FLT_Enable
                0x000000000800b2b8       0x54 build/hrtim.o
 .text.LL_HRTIM_FLT_EnableBlanking
                0x000000000800b30c       0x54 build/hrtim.o
 .text.LL_HRTIM_FLT_SetBlankingSrc
                0x000000000800b360       0x64 build/hrtim.o
 .text.LL_HRTIM_FLT_SetCounterThreshold
                0x000000000800b3c4       0x64 build/hrtim.o
 .text.LL_HRTIM_FLT_SetResetMode
                0x000000000800b428       0x64 build/hrtim.o
 .text.LL_HRTIM_ClearFlag_FLT4
                0x000000000800b48c       0x24 build/hrtim.o
 .text.LL_HRTIM_IsActiveFlag_DLLRDY
                0x000000000800b4b0       0x2a build/hrtim.o
 *fill*         0x000000000800b4da        0x2 
 .text.LL_AHB2_GRP1_EnableClock
                0x000000000800b4dc       0x30 build/hrtim.o
 .text.LL_APB2_GRP1_EnableClock
                0x000000000800b50c       0x30 build/hrtim.o
 .text.hrtim_start
                0x000000000800b53c      0x1c0 build/hrtim.o
                0x000000000800b53c                hrtim_start
 .text.MX_HRTIM1_Init
                0x000000000800b6fc      0x8a4 build/hrtim.o
                0x000000000800b6fc                MX_HRTIM1_Init
 .text.MX_HRTIM1_Init_BLDC
                0x000000000800bfa0      0x8b8 build/hrtim.o
                0x000000000800bfa0                MX_HRTIM1_Init_BLDC
 .text.flashUnlock
                0x000000000800c858       0x28 build/sys.o
                0x000000000800c858                flashUnlock
 .text.flashLock
                0x000000000800c880       0x20 build/sys.o
                0x000000000800c880                flashLock
 .text.flashReadData
                0x000000000800c8a0       0x18 build/sys.o
                0x000000000800c8a0                flashReadData
 .text.FLASH_PageErase
                0x000000000800c8b8       0xb0 build/sys.o
                0x000000000800c8b8                FLASH_PageErase
 .text.FLASH_Program_DoubleWord
                0x000000000800c968       0x70 build/sys.o
                0x000000000800c968                FLASH_Program_DoubleWord
 .text.FLASH_UpdateConfig
                0x000000000800c9d8      0x15c build/sys.o
                0x000000000800c9d8                FLASH_UpdateConfig
 .text.FLASH_LoadConfig
                0x000000000800cb34      0x10c build/sys.o
                0x000000000800cb34                FLASH_LoadConfig
 .text.LL_AHB2_GRP1_EnableClock
                0x000000000800cc40       0x30 build/usart.o
 .text.LL_APB1_GRP1_EnableClock
                0x000000000800cc70       0x30 build/usart.o
 .text.LL_USART_Enable
                0x000000000800cca0       0x20 build/usart.o
 .text.LL_USART_DisableFIFO
                0x000000000800ccc0       0x20 build/usart.o
 .text.LL_USART_SetTXFIFOThreshold
                0x000000000800cce0       0x28 build/usart.o
 .text.LL_USART_SetRXFIFOThreshold
                0x000000000800cd08       0x28 build/usart.o
 .text.LL_USART_ConfigAsyncMode
                0x000000000800cd30       0x2c build/usart.o
 .text.LL_USART_IsActiveFlag_TEACK
                0x000000000800cd5c       0x28 build/usart.o
 .text.LL_USART_IsActiveFlag_REACK
                0x000000000800cd84       0x28 build/usart.o
 .text.MX_USART2_UART_Init
                0x000000000800cdac       0xf0 build/usart.o
                0x000000000800cdac                MX_USART2_UART_Init
 .text.LL_EXTI_IsActiveFlag_0_31
                0x000000000800ce9c       0x2c build/stm32g4xx_it.o
 .text.LL_EXTI_ClearFlag_0_31
                0x000000000800cec8       0x20 build/stm32g4xx_it.o
 .text.LL_TIM_ClearFlag_UPDATE
                0x000000000800cee8       0x1c build/stm32g4xx_it.o
 .text.LL_TIM_IsActiveFlag_UPDATE
                0x000000000800cf04       0x26 build/stm32g4xx_it.o
 .text.LL_GPIO_TogglePin
                0x000000000800cf2a       0x22 build/stm32g4xx_it.o
 .text.NMI_Handler
                0x000000000800cf4c        0xe build/stm32g4xx_it.o
                0x000000000800cf4c                NMI_Handler
 .text.HardFault_Handler
                0x000000000800cf5a        0x6 build/stm32g4xx_it.o
                0x000000000800cf5a                HardFault_Handler
 .text.MemManage_Handler
                0x000000000800cf60        0x6 build/stm32g4xx_it.o
                0x000000000800cf60                MemManage_Handler
 .text.BusFault_Handler
                0x000000000800cf66        0x6 build/stm32g4xx_it.o
                0x000000000800cf66                BusFault_Handler
 .text.UsageFault_Handler
                0x000000000800cf6c        0x6 build/stm32g4xx_it.o
                0x000000000800cf6c                UsageFault_Handler
 .text.SVC_Handler
                0x000000000800cf72        0xe build/stm32g4xx_it.o
                0x000000000800cf72                SVC_Handler
 .text.DebugMon_Handler
                0x000000000800cf80        0xe build/stm32g4xx_it.o
                0x000000000800cf80                DebugMon_Handler
 .text.PendSV_Handler
                0x000000000800cf8e        0xe build/stm32g4xx_it.o
                0x000000000800cf8e                PendSV_Handler
 .text.SysTick_Handler
                0x000000000800cf9c        0xe build/stm32g4xx_it.o
                0x000000000800cf9c                SysTick_Handler
 .text.EXTI9_5_IRQHandler
                0x000000000800cfaa       0x1a build/stm32g4xx_it.o
                0x000000000800cfaa                EXTI9_5_IRQHandler
 .text.TIM7_DAC_IRQHandler
                0x000000000800cfc4       0x20 build/stm32g4xx_it.o
                0x000000000800cfc4                TIM7_DAC_IRQHandler
 .text.HRTIM1_FLT_IRQHandler
                0x000000000800cfe4       0x1c build/stm32g4xx_it.o
                0x000000000800cfe4                HRTIM1_FLT_IRQHandler
 .text.LL_InitTick
                0x000000000800d000       0x34 build/stm32g4xx_ll_utils.o
 .text.LL_Init1msTick
                0x000000000800d034       0x1a build/stm32g4xx_ll_utils.o
                0x000000000800d034                LL_Init1msTick
 *fill*         0x000000000800d04e        0x2 
 .text.LL_mDelay
                0x000000000800d050       0x4c build/stm32g4xx_ll_utils.o
                0x000000000800d050                LL_mDelay
 .text.LL_SetSystemCoreClock
                0x000000000800d09c       0x20 build/stm32g4xx_ll_utils.o
                0x000000000800d09c                LL_SetSystemCoreClock
 .text.LL_GPIO_SetPinMode
                0x000000000800d0bc       0x5e build/stm32g4xx_ll_gpio.o
 .text.LL_GPIO_SetPinOutputType
                0x000000000800d11a       0x30 build/stm32g4xx_ll_gpio.o
 .text.LL_GPIO_SetPinSpeed
                0x000000000800d14a       0x5e build/stm32g4xx_ll_gpio.o
 .text.LL_GPIO_SetPinPull
                0x000000000800d1a8       0x5e build/stm32g4xx_ll_gpio.o
 .text.LL_GPIO_SetAFPin_0_7
                0x000000000800d206       0x5e build/stm32g4xx_ll_gpio.o
 .text.LL_GPIO_SetAFPin_8_15
                0x000000000800d264       0x62 build/stm32g4xx_ll_gpio.o
 .text.LL_GPIO_Init
                0x000000000800d2c6       0xde build/stm32g4xx_ll_gpio.o
                0x000000000800d2c6                LL_GPIO_Init
 .text.LL_ADC_REG_SetSequencerLength
                0x000000000800d3a4       0x26 build/stm32g4xx_ll_adc.o
 .text.LL_ADC_IsEnabled
                0x000000000800d3ca       0x26 build/stm32g4xx_ll_adc.o
 .text.LL_ADC_CommonInit
                0x000000000800d3f0       0xc8 build/stm32g4xx_ll_adc.o
                0x000000000800d3f0                LL_ADC_CommonInit
 .text.LL_ADC_Init
                0x000000000800d4b8       0x4c build/stm32g4xx_ll_adc.o
                0x000000000800d4b8                LL_ADC_Init
 .text.LL_ADC_REG_Init
                0x000000000800d504       0x94 build/stm32g4xx_ll_adc.o
                0x000000000800d504                LL_ADC_REG_Init
 .text.LL_ADC_INJ_Init
                0x000000000800d598       0x7a build/stm32g4xx_ll_adc.o
                0x000000000800d598                LL_ADC_INJ_Init
 .text.LL_USART_IsEnabled
                0x000000000800d612       0x26 build/stm32g4xx_ll_usart.o
 .text.LL_USART_SetPrescaler
                0x000000000800d638       0x28 build/stm32g4xx_ll_usart.o
 .text.LL_USART_SetStopBitsLength
                0x000000000800d660       0x26 build/stm32g4xx_ll_usart.o
 .text.LL_USART_SetHWFlowCtrl
                0x000000000800d686       0x26 build/stm32g4xx_ll_usart.o
 .text.LL_USART_SetBaudRate
                0x000000000800d6ac       0x90 build/stm32g4xx_ll_usart.o
 .text.LL_USART_Init
                0x000000000800d73c      0x10c build/stm32g4xx_ll_usart.o
                0x000000000800d73c                LL_USART_Init
 .text.LL_RCC_HSI_IsReady
                0x000000000800d848       0x28 build/stm32g4xx_ll_rcc.o
 .text.LL_RCC_LSE_IsReady
                0x000000000800d870       0x28 build/stm32g4xx_ll_rcc.o
 .text.LL_RCC_GetSysClkSource
                0x000000000800d898       0x1c build/stm32g4xx_ll_rcc.o
 .text.LL_RCC_GetAHBPrescaler
                0x000000000800d8b4       0x1c build/stm32g4xx_ll_rcc.o
 .text.LL_RCC_GetAPB1Prescaler
                0x000000000800d8d0       0x1c build/stm32g4xx_ll_rcc.o
 .text.LL_RCC_GetAPB2Prescaler
                0x000000000800d8ec       0x1c build/stm32g4xx_ll_rcc.o
 .text.LL_RCC_GetUSARTClockSource
                0x000000000800d908       0x28 build/stm32g4xx_ll_rcc.o
 .text.LL_RCC_GetUARTClockSource
                0x000000000800d930       0x28 build/stm32g4xx_ll_rcc.o
 .text.LL_RCC_PLL_GetMainSource
                0x000000000800d958       0x1c build/stm32g4xx_ll_rcc.o
 .text.LL_RCC_PLL_GetN
                0x000000000800d974       0x1c build/stm32g4xx_ll_rcc.o
 .text.LL_RCC_PLL_GetR
                0x000000000800d990       0x1c build/stm32g4xx_ll_rcc.o
 .text.LL_RCC_PLL_GetDivider
                0x000000000800d9ac       0x1c build/stm32g4xx_ll_rcc.o
 .text.LL_RCC_GetUSARTClockFreq
                0x000000000800d9c8      0x178 build/stm32g4xx_ll_rcc.o
                0x000000000800d9c8                LL_RCC_GetUSARTClockFreq
 .text.LL_RCC_GetUARTClockFreq
                0x000000000800db40      0x104 build/stm32g4xx_ll_rcc.o
                0x000000000800db40                LL_RCC_GetUARTClockFreq
 .text.RCC_GetSystemClockFreq
                0x000000000800dc44       0x44 build/stm32g4xx_ll_rcc.o
                0x000000000800dc44                RCC_GetSystemClockFreq
 .text.RCC_GetHCLKClockFreq
                0x000000000800dc88       0x30 build/stm32g4xx_ll_rcc.o
                0x000000000800dc88                RCC_GetHCLKClockFreq
 .text.RCC_GetPCLK1ClockFreq
                0x000000000800dcb8       0x2c build/stm32g4xx_ll_rcc.o
                0x000000000800dcb8                RCC_GetPCLK1ClockFreq
 .text.RCC_GetPCLK2ClockFreq
                0x000000000800dce4       0x2c build/stm32g4xx_ll_rcc.o
                0x000000000800dce4                RCC_GetPCLK2ClockFreq
 .text.RCC_PLL_GetFreqDomain_SYS
                0x000000000800dd10       0x68 build/stm32g4xx_ll_rcc.o
                0x000000000800dd10                RCC_PLL_GetFreqDomain_SYS
 .text.SystemInit
                0x000000000800dd78       0x2c build/system_stm32g4xx.o
                0x000000000800dd78                SystemInit
 .text.__NVIC_GetPriorityGrouping
                0x000000000800dda4       0x1c build/tim.o
 .text.__NVIC_EnableIRQ
                0x000000000800ddc0       0x3c build/tim.o
 .text.__NVIC_SetPriority
                0x000000000800ddfc       0x54 build/tim.o
 .text.NVIC_EncodePriority
                0x000000000800de50       0x66 build/tim.o
 *fill*         0x000000000800deb6        0x2 
 .text.LL_AHB2_GRP1_EnableClock
                0x000000000800deb8       0x30 build/tim.o
 .text.LL_APB1_GRP1_EnableClock
                0x000000000800dee8       0x30 build/tim.o
 .text.LL_TIM_EnableCounter
                0x000000000800df18       0x20 build/tim.o
 .text.LL_TIM_EnableARRPreload
                0x000000000800df38       0x20 build/tim.o
 .text.LL_TIM_DisableARRPreload
                0x000000000800df58       0x20 build/tim.o
 .text.LL_TIM_CC_EnableChannel
                0x000000000800df78       0x22 build/tim.o
 .text.LL_TIM_CC_DisableChannel
                0x000000000800df9a       0x24 build/tim.o
 *fill*         0x000000000800dfbe        0x2 
 .text.LL_TIM_IC_SetActiveInput
                0x000000000800dfc0       0xb8 build/tim.o
 .text.LL_TIM_IC_SetPrescaler
                0x000000000800e078       0xb8 build/tim.o
 .text.LL_TIM_IC_SetFilter
                0x000000000800e130       0xb8 build/tim.o
 .text.LL_TIM_IC_SetPolarity
                0x000000000800e1e8       0xa8 build/tim.o
 .text.LL_TIM_SetTriggerOutput
                0x000000000800e290       0x2a build/tim.o
 .text.LL_TIM_SetSlaveMode
                0x000000000800e2ba       0x2a build/tim.o
 .text.LL_TIM_SetTriggerInput
                0x000000000800e2e4       0x2a build/tim.o
 .text.LL_TIM_DisableMasterSlaveMode
                0x000000000800e30e       0x20 build/tim.o
 .text.LL_TIM_EnableIT_CC1
                0x000000000800e32e       0x20 build/tim.o
 .text.LL_TIM_DisableIT_TRIG
                0x000000000800e34e       0x20 build/tim.o
 .text.LL_TIM_DisableDMAReq_TRIG
                0x000000000800e36e       0x20 build/tim.o
 .text.tim2_start
                0x000000000800e38e       0x2c build/tim.o
                0x000000000800e38e                tim2_start
 .text.MX_TIM2_Init
                0x000000000800e3ba      0x150 build/tim.o
                0x000000000800e3ba                MX_TIM2_Init
 *fill*         0x000000000800e50a        0x2 
 .text.MX_TIM7_Init
                0x000000000800e50c       0x74 build/tim.o
                0x000000000800e50c                MX_TIM7_Init
 .text.LL_TIM_SetPrescaler
                0x000000000800e580       0x1c build/stm32g4xx_ll_tim.o
 .text.LL_TIM_SetAutoReload
                0x000000000800e59c       0x1c build/stm32g4xx_ll_tim.o
 .text.LL_TIM_SetRepetitionCounter
                0x000000000800e5b8       0x1c build/stm32g4xx_ll_tim.o
 .text.LL_TIM_GenerateEvent_UPDATE
                0x000000000800e5d4       0x20 build/stm32g4xx_ll_tim.o
 .text.LL_TIM_Init
                0x000000000800e5f4      0x144 build/stm32g4xx_ll_tim.o
                0x000000000800e5f4                LL_TIM_Init
 .text.utils_angle_difference_rad
                0x000000000800e738       0x88 build/utils.o
                0x000000000800e738                utils_angle_difference_rad
 .text.utils_fast_atan2
                0x000000000800e7c0      0x120 build/utils.o
                0x000000000800e7c0                utils_fast_atan2
 .text.utils_saturate_vector_2d
                0x000000000800e8e0       0xc4 build/utils.o
                0x000000000800e8e0                utils_saturate_vector_2d
 .text.Reset_Handler
                0x000000000800e9a4       0x50 build/startup_stm32g474xx.o
                0x000000000800e9a4                Reset_Handler
 .text.Default_Handler
                0x000000000800e9f4        0x2 build/startup_stm32g474xx.o
                0x000000000800e9f4                RTC_Alarm_IRQHandler
                0x000000000800e9f4                EXTI2_IRQHandler
                0x000000000800e9f4                TIM8_TRG_COM_IRQHandler
                0x000000000800e9f4                TIM8_CC_IRQHandler
                0x000000000800e9f4                HRTIM1_Master_IRQHandler
                0x000000000800e9f4                SPI4_IRQHandler
                0x000000000800e9f4                FDCAN3_IT0_IRQHandler
                0x000000000800e9f4                TIM1_CC_IRQHandler
                0x000000000800e9f4                HRTIM1_TIMF_IRQHandler
                0x000000000800e9f4                USB_HP_IRQHandler
                0x000000000800e9f4                CORDIC_IRQHandler
                0x000000000800e9f4                HRTIM1_TIMD_IRQHandler
                0x000000000800e9f4                DMA2_Channel8_IRQHandler
                0x000000000800e9f4                EXTI3_IRQHandler
                0x000000000800e9f4                I2C3_ER_IRQHandler
                0x000000000800e9f4                EXTI0_IRQHandler
                0x000000000800e9f4                I2C2_EV_IRQHandler
                0x000000000800e9f4                FPU_IRQHandler
                0x000000000800e9f4                FDCAN1_IT1_IRQHandler
                0x000000000800e9f4                TIM1_UP_TIM16_IRQHandler
                0x000000000800e9f4                HRTIM1_TIME_IRQHandler
                0x000000000800e9f4                SPI1_IRQHandler
                0x000000000800e9f4                TIM6_DAC_IRQHandler
                0x000000000800e9f4                HRTIM1_TIMC_IRQHandler
                0x000000000800e9f4                TIM8_UP_IRQHandler
                0x000000000800e9f4                DMA2_Channel2_IRQHandler
                0x000000000800e9f4                DMA1_Channel4_IRQHandler
                0x000000000800e9f4                TIM20_TRG_COM_IRQHandler
                0x000000000800e9f4                USART3_IRQHandler
                0x000000000800e9f4                DMA1_Channel7_IRQHandler
                0x000000000800e9f4                UART5_IRQHandler
                0x000000000800e9f4                ADC3_IRQHandler
                0x000000000800e9f4                TIM4_IRQHandler
                0x000000000800e9f4                DMA2_Channel1_IRQHandler
                0x000000000800e9f4                QUADSPI_IRQHandler
                0x000000000800e9f4                I2C1_EV_IRQHandler
                0x000000000800e9f4                DMA1_Channel6_IRQHandler
                0x000000000800e9f4                UART4_IRQHandler
                0x000000000800e9f4                DMA2_Channel4_IRQHandler
                0x000000000800e9f4                TIM3_IRQHandler
                0x000000000800e9f4                RCC_IRQHandler
                0x000000000800e9f4                TIM20_UP_IRQHandler
                0x000000000800e9f4                DMA1_Channel1_IRQHandler
                0x000000000800e9f4                Default_Handler
                0x000000000800e9f4                DMA2_Channel7_IRQHandler
                0x000000000800e9f4                RTC_TAMP_LSECSS_IRQHandler
                0x000000000800e9f4                FMAC_IRQHandler
                0x000000000800e9f4                EXTI15_10_IRQHandler
                0x000000000800e9f4                DMA1_Channel8_IRQHandler
                0x000000000800e9f4                HRTIM1_TIMA_IRQHandler
                0x000000000800e9f4                FDCAN3_IT1_IRQHandler
                0x000000000800e9f4                TIM5_IRQHandler
                0x000000000800e9f4                UCPD1_IRQHandler
                0x000000000800e9f4                I2C3_EV_IRQHandler
                0x000000000800e9f4                RTC_WKUP_IRQHandler
                0x000000000800e9f4                PVD_PVM_IRQHandler
                0x000000000800e9f4                SPI2_IRQHandler
                0x000000000800e9f4                ADC5_IRQHandler
                0x000000000800e9f4                DMA2_Channel5_IRQHandler
                0x000000000800e9f4                CRS_IRQHandler
                0x000000000800e9f4                DMA1_Channel5_IRQHandler
                0x000000000800e9f4                USB_LP_IRQHandler
                0x000000000800e9f4                EXTI4_IRQHandler
                0x000000000800e9f4                RNG_IRQHandler
                0x000000000800e9f4                HRTIM1_TIMB_IRQHandler
                0x000000000800e9f4                TIM1_TRG_COM_TIM17_IRQHandler
                0x000000000800e9f4                FDCAN2_IT1_IRQHandler
                0x000000000800e9f4                DMA1_Channel3_IRQHandler
                0x000000000800e9f4                ADC4_IRQHandler
                0x000000000800e9f4                WWDG_IRQHandler
                0x000000000800e9f4                I2C4_EV_IRQHandler
                0x000000000800e9f4                FDCAN2_IT0_IRQHandler
                0x000000000800e9f4                LPUART1_IRQHandler
                0x000000000800e9f4                DMA2_Channel6_IRQHandler
                0x000000000800e9f4                FDCAN1_IT0_IRQHandler
                0x000000000800e9f4                COMP7_IRQHandler
                0x000000000800e9f4                COMP1_2_3_IRQHandler
                0x000000000800e9f4                EXTI1_IRQHandler
                0x000000000800e9f4                USART2_IRQHandler
                0x000000000800e9f4                COMP4_5_6_IRQHandler
                0x000000000800e9f4                TIM20_BRK_IRQHandler
                0x000000000800e9f4                I2C2_ER_IRQHandler
                0x000000000800e9f4                DMA1_Channel2_IRQHandler
                0x000000000800e9f4                TIM8_BRK_IRQHandler
                0x000000000800e9f4                FLASH_IRQHandler
                0x000000000800e9f4                TIM20_CC_IRQHandler
                0x000000000800e9f4                USART1_IRQHandler
                0x000000000800e9f4                SPI3_IRQHandler
                0x000000000800e9f4                I2C1_ER_IRQHandler
                0x000000000800e9f4                FMC_IRQHandler
                0x000000000800e9f4                LPTIM1_IRQHandler
                0x000000000800e9f4                DMAMUX_OVR_IRQHandler
                0x000000000800e9f4                I2C4_ER_IRQHandler
                0x000000000800e9f4                USBWakeUp_IRQHandler
                0x000000000800e9f4                SAI1_IRQHandler
                0x000000000800e9f4                DMA2_Channel3_IRQHandler
                0x000000000800e9f4                TIM1_BRK_TIM15_IRQHandler
 *fill*         0x000000000800e9f6        0x2 
 .text.__libc_init_array
                0x000000000800e9f8       0x48 d:/apps/embedded_gcc/arm_gcc/bin/../lib/gcc/arm-none-eabi/8.2.1/../../../../arm-none-eabi/lib/thumb/v7e-m+fp/hard\libc_nano.a(lib_a-init.o)
                0x000000000800e9f8                __libc_init_array
 .text.memset   0x000000000800ea40       0x10 d:/apps/embedded_gcc/arm_gcc/bin/../lib/gcc/arm-none-eabi/8.2.1/../../../../arm-none-eabi/lib/thumb/v7e-m+fp/hard\libc_nano.a(lib_a-memset.o)
                0x000000000800ea40                memset
 .text.exp      0x000000000800ea50      0x108 d:/apps/embedded_gcc/arm_gcc/bin/../lib/gcc/arm-none-eabi/8.2.1/../../../../arm-none-eabi/lib/thumb/v7e-m+fp/hard\libm.a(lib_a-w_exp.o)
                0x000000000800ea50                exp
 .text.logf     0x000000000800eb58      0x104 d:/apps/embedded_gcc/arm_gcc/bin/../lib/gcc/arm-none-eabi/8.2.1/../../../../arm-none-eabi/lib/thumb/v7e-m+fp/hard\libm.a(lib_a-wf_log.o)
                0x000000000800eb58                logf
 .text.sqrtf    0x000000000800ec5c       0xb0 d:/apps/embedded_gcc/arm_gcc/bin/../lib/gcc/arm-none-eabi/8.2.1/../../../../arm-none-eabi/lib/thumb/v7e-m+fp/hard\libm.a(lib_a-wf_sqrt.o)
                0x000000000800ec5c                sqrtf
 *fill*         0x000000000800ed0c        0x4 
 .text.__ieee754_exp
                0x000000000800ed10      0x39c d:/apps/embedded_gcc/arm_gcc/bin/../lib/gcc/arm-none-eabi/8.2.1/../../../../arm-none-eabi/lib/thumb/v7e-m+fp/hard\libm.a(lib_a-e_exp.o)
                0x000000000800ed10                __ieee754_exp
 .text.__ieee754_logf
                0x000000000800f0ac      0x1f4 d:/apps/embedded_gcc/arm_gcc/bin/../lib/gcc/arm-none-eabi/8.2.1/../../../../arm-none-eabi/lib/thumb/v7e-m+fp/hard\libm.a(lib_a-ef_log.o)
                0x000000000800f0ac                __ieee754_logf
 .text.__ieee754_sqrtf
                0x000000000800f2a0        0x8 d:/apps/embedded_gcc/arm_gcc/bin/../lib/gcc/arm-none-eabi/8.2.1/../../../../arm-none-eabi/lib/thumb/v7e-m+fp/hard\libm.a(lib_a-ef_sqrt.o)
                0x000000000800f2a0                __ieee754_sqrtf
 .text.finite   0x000000000800f2a8       0x10 d:/apps/embedded_gcc/arm_gcc/bin/../lib/gcc/arm-none-eabi/8.2.1/../../../../arm-none-eabi/lib/thumb/v7e-m+fp/hard\libm.a(lib_a-s_finite.o)
                0x000000000800f2a8                finite
 .text.matherr  0x000000000800f2b8        0x4 d:/apps/embedded_gcc/arm_gcc/bin/../lib/gcc/arm-none-eabi/8.2.1/../../../../arm-none-eabi/lib/thumb/v7e-m+fp/hard\libm.a(lib_a-s_matherr.o)
                0x000000000800f2b8                matherr
 *fill*         0x000000000800f2bc        0x4 
 .text.nan      0x000000000800f2c0       0x10 d:/apps/embedded_gcc/arm_gcc/bin/../lib/gcc/arm-none-eabi/8.2.1/../../../../arm-none-eabi/lib/thumb/v7e-m+fp/hard\libm.a(lib_a-s_nan.o)
                0x000000000800f2c0                nan
 .text.__errno  0x000000000800f2d0        0xc d:/apps/embedded_gcc/arm_gcc/bin/../lib/gcc/arm-none-eabi/8.2.1/../../../../arm-none-eabi/lib/thumb/v7e-m+fp/hard\libc_nano.a(lib_a-errno.o)
                0x000000000800f2d0                __errno
 *(.glue_7)
 .glue_7        0x000000000800f2dc        0x0 linker stubs
 *(.glue_7t)
 .glue_7t       0x000000000800f2dc        0x0 linker stubs
 *(.eh_frame)
 .eh_frame      0x000000000800f2dc        0x0 d:/apps/embedded_gcc/arm_gcc/bin/../lib/gcc/arm-none-eabi/8.2.1/thumb/v7e-m+fp/hard/crtbegin.o
 *(.init)
 .init          0x000000000800f2dc        0x4 d:/apps/embedded_gcc/arm_gcc/bin/../lib/gcc/arm-none-eabi/8.2.1/thumb/v7e-m+fp/hard/crti.o
                0x000000000800f2dc                _init
 .init          0x000000000800f2e0        0x8 d:/apps/embedded_gcc/arm_gcc/bin/../lib/gcc/arm-none-eabi/8.2.1/thumb/v7e-m+fp/hard/crtn.o
 *(.fini)
 .fini          0x000000000800f2e8        0x4 d:/apps/embedded_gcc/arm_gcc/bin/../lib/gcc/arm-none-eabi/8.2.1/thumb/v7e-m+fp/hard/crti.o
                0x000000000800f2e8                _fini
 .fini          0x000000000800f2ec        0x8 d:/apps/embedded_gcc/arm_gcc/bin/../lib/gcc/arm-none-eabi/8.2.1/thumb/v7e-m+fp/hard/crtn.o
                0x000000000800f2f4                . = ALIGN (0x4)
                0x000000000800f2f4                _etext = .

.vfp11_veneer   0x000000000800f2f4        0x0
 .vfp11_veneer  0x000000000800f2f4        0x0 linker stubs

.v4_bx          0x000000000800f2f4        0x0
 .v4_bx         0x000000000800f2f4        0x0 linker stubs

.iplt           0x000000000800f2f4        0x0
 .iplt          0x000000000800f2f4        0x0 d:/apps/embedded_gcc/arm_gcc/bin/../lib/gcc/arm-none-eabi/8.2.1/thumb/v7e-m+fp/hard/crtbegin.o

.rodata         0x000000000800f2f8      0x238
                0x000000000800f2f8                . = ALIGN (0x4)
 *(.rodata)
 *(.rodata*)
 .rodata.REG_OFFSET_TAB_TIMER
                0x000000000800f2f8        0xe build/main.o
 *fill*         0x000000000800f306        0x2 
 .rodata.qN.15481
                0x000000000800f308        0x4 build/main.o
 .rodata.B.15483
                0x000000000800f30c        0x4 build/main.o
 .rodata.C.15484
                0x000000000800f310        0x4 build/main.o
 .rodata.qA.15482
                0x000000000800f314        0x4 build/main.o
 .rodata.REG_OFFSET_TAB_TIMER
                0x000000000800f318        0xe build/hrtim.o
 *fill*         0x000000000800f326        0x2 
 .rodata.REG_OFFSET_TAB_ADCER
                0x000000000800f328        0xa build/hrtim.o
 *fill*         0x000000000800f332        0x2 
 .rodata.REG_OFFSET_TAB_ADCUR
                0x000000000800f334        0xa build/hrtim.o
 *fill*         0x000000000800f33e        0x2 
 .rodata.REG_SHIFT_TAB_ADCER
                0x000000000800f340        0xa build/hrtim.o
 *fill*         0x000000000800f34a        0x2 
 .rodata.REG_SHIFT_TAB_ADCUR
                0x000000000800f34c        0xa build/hrtim.o
 *fill*         0x000000000800f356        0x2 
 .rodata.REG_MASK_TAB_ADCER
                0x000000000800f358       0x28 build/hrtim.o
 .rodata.REG_MASK_TAB_ADCUR
                0x000000000800f380       0x28 build/hrtim.o
 .rodata.REG_OFFSET_TAB_ADCPSx
                0x000000000800f3a8        0xa build/hrtim.o
 *fill*         0x000000000800f3b2        0x2 
 .rodata.REG_OFFSET_TAB_SETxR
                0x000000000800f3b4       0x18 build/hrtim.o
 .rodata.REG_OFFSET_TAB_OUTxR
                0x000000000800f3cc       0x18 build/hrtim.o
 .rodata.REG_OFFSET_TAB_FLTINR
                0x000000000800f3e4        0x6 build/hrtim.o
 *fill*         0x000000000800f3ea        0x2 
 .rodata.REG_MASK_TAB_UPDATETRIG
                0x000000000800f3ec       0x20 build/hrtim.o
 .rodata.REG_SHIFT_TAB_UPDATETRIG
                0x000000000800f40c        0x7 build/hrtim.o
 *fill*         0x000000000800f413        0x1 
 .rodata.REG_MASK_TAB_UPDATEGATING
                0x000000000800f414       0x1c build/hrtim.o
 .rodata.REG_SHIFT_TAB_UPDATEGATING
                0x000000000800f430        0x7 build/hrtim.o
 *fill*         0x000000000800f437        0x1 
 .rodata.REG_SHIFT_TAB_OUTxR
                0x000000000800f438        0xc build/hrtim.o
 .rodata.REG_SHIFT_TAB_FLTxE
                0x000000000800f444        0x6 build/hrtim.o
 *fill*         0x000000000800f44a        0x2 
 .rodata.REG_SHIFT_TAB_FLTxF
                0x000000000800f44c        0x6 build/hrtim.o
 *fill*         0x000000000800f452        0x2 
 .rodata.REG_SHIFT_TAB_FLTx
                0x000000000800f454        0x6 build/hrtim.o
 *fill*         0x000000000800f45a        0x2 
 .rodata.REG_SHIFT_TAB_INTLVD
                0x000000000800f45c        0x7 build/hrtim.o
 *fill*         0x000000000800f463        0x1 
 .rodata.REG_MASK_TAB_INTLVD
                0x000000000800f464       0x1c build/hrtim.o
 .rodata.USART_PRESCALER_TAB
                0x000000000800f480       0x30 build/stm32g4xx_ll_usart.o
 .rodata.AHBPrescTable
                0x000000000800f4b0       0x10 build/system_stm32g4xx.o
                0x000000000800f4b0                AHBPrescTable
 .rodata.APBPrescTable
                0x000000000800f4c0        0x8 build/system_stm32g4xx.o
                0x000000000800f4c0                APBPrescTable
 .rodata.OFFSET_TAB_CCMRx
                0x000000000800f4c8        0xa build/tim.o
 *fill*         0x000000000800f4d2        0x2 
 .rodata.SHIFT_TAB_ICxx
                0x000000000800f4d4        0xa build/tim.o
 *fill*         0x000000000800f4de        0x2 
 .rodata.SHIFT_TAB_CCxP
                0x000000000800f4e0        0xa build/tim.o
 *fill*         0x000000000800f4ea        0x2 
 .rodata.exp.str1.4
                0x000000000800f4ec        0x4 d:/apps/embedded_gcc/arm_gcc/bin/../lib/gcc/arm-none-eabi/8.2.1/../../../../arm-none-eabi/lib/thumb/v7e-m+fp/hard\libm.a(lib_a-w_exp.o)
 .rodata.logf.str1.4
                0x000000000800f4f0        0x5 d:/apps/embedded_gcc/arm_gcc/bin/../lib/gcc/arm-none-eabi/8.2.1/../../../../arm-none-eabi/lib/thumb/v7e-m+fp/hard\libm.a(lib_a-wf_log.o)
                                          0x9 (size before relaxing)
 *fill*         0x000000000800f4f5        0x3 
 .rodata.sqrtf.str1.4
                0x000000000800f4f8        0x8 d:/apps/embedded_gcc/arm_gcc/bin/../lib/gcc/arm-none-eabi/8.2.1/../../../../arm-none-eabi/lib/thumb/v7e-m+fp/hard\libm.a(lib_a-wf_sqrt.o)
                                          0x6 (size before relaxing)
 .rodata.halF   0x000000000800f500       0x10 d:/apps/embedded_gcc/arm_gcc/bin/../lib/gcc/arm-none-eabi/8.2.1/../../../../arm-none-eabi/lib/thumb/v7e-m+fp/hard\libm.a(lib_a-e_exp.o)
 .rodata.ln2HI  0x000000000800f510       0x10 d:/apps/embedded_gcc/arm_gcc/bin/../lib/gcc/arm-none-eabi/8.2.1/../../../../arm-none-eabi/lib/thumb/v7e-m+fp/hard\libm.a(lib_a-e_exp.o)
 .rodata.ln2LO  0x000000000800f520       0x10 d:/apps/embedded_gcc/arm_gcc/bin/../lib/gcc/arm-none-eabi/8.2.1/../../../../arm-none-eabi/lib/thumb/v7e-m+fp/hard\libm.a(lib_a-e_exp.o)
                0x000000000800f530                . = ALIGN (0x4)

.rel.dyn        0x000000000800f530        0x0
 .rel.iplt      0x000000000800f530        0x0 d:/apps/embedded_gcc/arm_gcc/bin/../lib/gcc/arm-none-eabi/8.2.1/thumb/v7e-m+fp/hard/crtbegin.o

.ARM.extab
 *(.ARM.extab* .gnu.linkonce.armextab.*)

.ARM            0x000000000800f530        0x0
                0x000000000800f530                __exidx_start = .
 *(.ARM.exidx*)
                0x000000000800f530                __exidx_end = .

.preinit_array  0x000000000800f530        0x0
                0x000000000800f530                PROVIDE (__preinit_array_start = .)
 *(.preinit_array*)
                0x000000000800f530                PROVIDE (__preinit_array_end = .)

.init_array     0x000000000800f530        0x4
                0x000000000800f530                PROVIDE (__init_array_start = .)
 *(SORT_BY_NAME(.init_array.*))
 *(.init_array*)
 .init_array    0x000000000800f530        0x4 d:/apps/embedded_gcc/arm_gcc/bin/../lib/gcc/arm-none-eabi/8.2.1/thumb/v7e-m+fp/hard/crtbegin.o
                0x000000000800f534                PROVIDE (__init_array_end = .)

.fini_array     0x000000000800f534        0x4
                [!provide]                        PROVIDE (__fini_array_start = .)
 *(SORT_BY_NAME(.fini_array.*))
 *(.fini_array*)
 .fini_array    0x000000000800f534        0x4 d:/apps/embedded_gcc/arm_gcc/bin/../lib/gcc/arm-none-eabi/8.2.1/thumb/v7e-m+fp/hard/crtbegin.o
                [!provide]                        PROVIDE (__fini_array_end = .)
                0x000000000800f538                _sidata = LOADADDR (.data)

.data           0x0000000020000000      0x48c load address 0x000000000800f538
                0x0000000020000000                . = ALIGN (0x4)
                0x0000000020000000                _sdata = .
 *(.data)
 *(.data*)
 .data.foc1     0x0000000020000000      0x420 build/main.o
                0x0000000020000000                foc1
 .data.SystemCoreClock
                0x0000000020000420        0x4 build/system_stm32g4xx.o
                0x0000000020000420                SystemCoreClock
 .data._impure_ptr
                0x0000000020000424        0x4 d:/apps/embedded_gcc/arm_gcc/bin/../lib/gcc/arm-none-eabi/8.2.1/../../../../arm-none-eabi/lib/thumb/v7e-m+fp/hard\libc_nano.a(lib_a-impure.o)
                0x0000000020000424                _impure_ptr
 .data.impure_data
                0x0000000020000428       0x60 d:/apps/embedded_gcc/arm_gcc/bin/../lib/gcc/arm-none-eabi/8.2.1/../../../../arm-none-eabi/lib/thumb/v7e-m+fp/hard\libc_nano.a(lib_a-impure.o)
 .data.__fdlib_version
                0x0000000020000488        0x1 d:/apps/embedded_gcc/arm_gcc/bin/../lib/gcc/arm-none-eabi/8.2.1/../../../../arm-none-eabi/lib/thumb/v7e-m+fp/hard\libm.a(lib_a-s_lib_ver.o)
                0x0000000020000488                __fdlib_version
                0x000000002000048c                . = ALIGN (0x4)
 *fill*         0x0000000020000489        0x3 
                0x000000002000048c                _edata = .

.tm_clone_table
                0x000000002000048c        0x0 load address 0x000000000800f9c4
 .tm_clone_table
                0x000000002000048c        0x0 d:/apps/embedded_gcc/arm_gcc/bin/../lib/gcc/arm-none-eabi/8.2.1/thumb/v7e-m+fp/hard/crtbegin.o
 .tm_clone_table
                0x000000002000048c        0x0 d:/apps/embedded_gcc/arm_gcc/bin/../lib/gcc/arm-none-eabi/8.2.1/thumb/v7e-m+fp/hard/crtend.o

.igot.plt       0x000000002000048c        0x0 load address 0x000000000800f9c4
 .igot.plt      0x000000002000048c        0x0 d:/apps/embedded_gcc/arm_gcc/bin/../lib/gcc/arm-none-eabi/8.2.1/thumb/v7e-m+fp/hard/crtbegin.o
                0x000000002000048c                . = ALIGN (0x4)

.bss            0x000000002000048c     0x11ec load address 0x000000000800f9c4
                0x000000002000048c                _sbss = .
                0x000000002000048c                __bss_start__ = _sbss
 *(.bss)
 *(.bss*)
 .bss.completed.8014
                0x000000002000048c        0x1 d:/apps/embedded_gcc/arm_gcc/bin/../lib/gcc/arm-none-eabi/8.2.1/thumb/v7e-m+fp/hard/crtbegin.o
 *fill*         0x000000002000048d        0x3 
 .bss.object.8019
                0x0000000020000490       0x18 d:/apps/embedded_gcc/arm_gcc/bin/../lib/gcc/arm-none-eabi/8.2.1/thumb/v7e-m+fp/hard/crtbegin.o
 .bss.hall      0x00000000200004a8       0x78 build/main.o
                0x00000000200004a8                hall
 .bss.e         0x0000000020000520        0x1 build/main.o
                0x0000000020000520                e
 .bss.systemReset
                0x0000000020000521        0x1 build/main.o
                0x0000000020000521                systemReset
 *fill*         0x0000000020000522        0x2 
 .bss.ledDelay  0x0000000020000524        0x4 build/main.o
                0x0000000020000524                ledDelay
 *(COMMON)
 COMMON         0x0000000020000528     0x1150 build/main.o
                0x0000000020000528                execTime1
                0x000000002000052c                execTime0
                0x0000000020000530                cpuLoad
                0x0000000020000534                stop_cc
                0x0000000020000538                dataLog
                0x0000000020001568                ntcPcb
                0x0000000020001584                pwmInputValue
                0x0000000020001588                start_cc
                0x000000002000158c                bldc1
                0x0000000020001654                pwmInputPeriod
                0x0000000020001658                adcData
                0x0000000020001678                . = ALIGN (0x4)
                0x0000000020001678                _ebss = .
                0x0000000020001678                __bss_end__ = _ebss

._user_heap_stack
                0x0000000020001678      0x600 load address 0x000000000800f9c4
                0x0000000020001678                . = ALIGN (0x8)
                [!provide]                        PROVIDE (end = .)
                [!provide]                        PROVIDE (_end = .)
                0x0000000020001878                . = (. + _Min_Heap_Size)
 *fill*         0x0000000020001678      0x200 
                0x0000000020001c78                . = (. + _Min_Stack_Size)
 *fill*         0x0000000020001878      0x400 
                0x0000000020001c78                . = ALIGN (0x8)

/DISCARD/
 libc.a(*)
 libm.a(*)
 libgcc.a(*)

.ARM.attributes
                0x0000000000000000       0x30
 *(.ARM.attributes)
 .ARM.attributes
                0x0000000000000000       0x1e d:/apps/embedded_gcc/arm_gcc/bin/../lib/gcc/arm-none-eabi/8.2.1/thumb/v7e-m+fp/hard/crti.o
 .ARM.attributes
                0x000000000000001e       0x34 d:/apps/embedded_gcc/arm_gcc/bin/../lib/gcc/arm-none-eabi/8.2.1/thumb/v7e-m+fp/hard/crtbegin.o
 .ARM.attributes
                0x0000000000000052       0x34 build/main.o
 .ARM.attributes
                0x0000000000000086       0x34 build/gpio.o
 .ARM.attributes
                0x00000000000000ba       0x34 build/adc.o
 .ARM.attributes
                0x00000000000000ee       0x34 build/hrtim.o
 .ARM.attributes
                0x0000000000000122       0x34 build/sys.o
 .ARM.attributes
                0x0000000000000156       0x34 build/usart.o
 .ARM.attributes
                0x000000000000018a       0x34 build/stm32g4xx_it.o
 .ARM.attributes
                0x00000000000001be       0x34 build/stm32g4xx_ll_utils.o
 .ARM.attributes
                0x00000000000001f2       0x34 build/stm32g4xx_ll_gpio.o
 .ARM.attributes
                0x0000000000000226       0x34 build/stm32g4xx_ll_adc.o
 .ARM.attributes
                0x000000000000025a       0x34 build/stm32g4xx_ll_usart.o
 .ARM.attributes
                0x000000000000028e       0x34 build/stm32g4xx_ll_rcc.o
 .ARM.attributes
                0x00000000000002c2       0x34 build/system_stm32g4xx.o
 .ARM.attributes
                0x00000000000002f6       0x34 build/tim.o
 .ARM.attributes
                0x000000000000032a       0x34 build/stm32g4xx_ll_tim.o
 .ARM.attributes
                0x000000000000035e       0x34 build/utils.o
 .ARM.attributes
                0x0000000000000392       0x21 build/startup_stm32g474xx.o
 .ARM.attributes
                0x00000000000003b3       0x32 d:/apps/embedded_gcc/arm_gcc/bin/../lib/gcc/arm-none-eabi/8.2.1/../../../../arm-none-eabi/lib/thumb/v7e-m+fp/hard\libc_nano.a(lib_a-impure.o)
 .ARM.attributes
                0x00000000000003e5       0x34 d:/apps/embedded_gcc/arm_gcc/bin/../lib/gcc/arm-none-eabi/8.2.1/../../../../arm-none-eabi/lib/thumb/v7e-m+fp/hard\libc_nano.a(lib_a-init.o)
 .ARM.attributes
                0x0000000000000419       0x34 d:/apps/embedded_gcc/arm_gcc/bin/../lib/gcc/arm-none-eabi/8.2.1/../../../../arm-none-eabi/lib/thumb/v7e-m+fp/hard\libc_nano.a(lib_a-memset.o)
 .ARM.attributes
                0x000000000000044d       0x34 d:/apps/embedded_gcc/arm_gcc/bin/../lib/gcc/arm-none-eabi/8.2.1/../../../../arm-none-eabi/lib/thumb/v7e-m+fp/hard\libm.a(lib_a-w_exp.o)
 .ARM.attributes
                0x0000000000000481       0x34 d:/apps/embedded_gcc/arm_gcc/bin/../lib/gcc/arm-none-eabi/8.2.1/../../../../arm-none-eabi/lib/thumb/v7e-m+fp/hard\libm.a(lib_a-wf_log.o)
 .ARM.attributes
                0x00000000000004b5       0x34 d:/apps/embedded_gcc/arm_gcc/bin/../lib/gcc/arm-none-eabi/8.2.1/../../../../arm-none-eabi/lib/thumb/v7e-m+fp/hard\libm.a(lib_a-wf_sqrt.o)
 .ARM.attributes
                0x00000000000004e9       0x34 d:/apps/embedded_gcc/arm_gcc/bin/../lib/gcc/arm-none-eabi/8.2.1/../../../../arm-none-eabi/lib/thumb/v7e-m+fp/hard\libm.a(lib_a-e_exp.o)
 .ARM.attributes
                0x000000000000051d       0x34 d:/apps/embedded_gcc/arm_gcc/bin/../lib/gcc/arm-none-eabi/8.2.1/../../../../arm-none-eabi/lib/thumb/v7e-m+fp/hard\libm.a(lib_a-ef_log.o)
 .ARM.attributes
                0x0000000000000551       0x34 d:/apps/embedded_gcc/arm_gcc/bin/../lib/gcc/arm-none-eabi/8.2.1/../../../../arm-none-eabi/lib/thumb/v7e-m+fp/hard\libm.a(lib_a-ef_sqrt.o)
 .ARM.attributes
                0x0000000000000585       0x34 d:/apps/embedded_gcc/arm_gcc/bin/../lib/gcc/arm-none-eabi/8.2.1/../../../../arm-none-eabi/lib/thumb/v7e-m+fp/hard\libm.a(lib_a-s_finite.o)
 .ARM.attributes
                0x00000000000005b9       0x32 d:/apps/embedded_gcc/arm_gcc/bin/../lib/gcc/arm-none-eabi/8.2.1/../../../../arm-none-eabi/lib/thumb/v7e-m+fp/hard\libm.a(lib_a-s_lib_ver.o)
 .ARM.attributes
                0x00000000000005eb       0x34 d:/apps/embedded_gcc/arm_gcc/bin/../lib/gcc/arm-none-eabi/8.2.1/../../../../arm-none-eabi/lib/thumb/v7e-m+fp/hard\libm.a(lib_a-s_matherr.o)
 .ARM.attributes
                0x000000000000061f       0x34 d:/apps/embedded_gcc/arm_gcc/bin/../lib/gcc/arm-none-eabi/8.2.1/../../../../arm-none-eabi/lib/thumb/v7e-m+fp/hard\libm.a(lib_a-s_nan.o)
 .ARM.attributes
                0x0000000000000653       0x1e d:/apps/embedded_gcc/arm_gcc/bin/../lib/gcc/arm-none-eabi/8.2.1/thumb/v7e-m+fp/hard\libgcc.a(_arm_addsubdf3.o)
 .ARM.attributes
                0x0000000000000671       0x1e d:/apps/embedded_gcc/arm_gcc/bin/../lib/gcc/arm-none-eabi/8.2.1/thumb/v7e-m+fp/hard\libgcc.a(_arm_muldivdf3.o)
 .ARM.attributes
                0x000000000000068f       0x1e d:/apps/embedded_gcc/arm_gcc/bin/../lib/gcc/arm-none-eabi/8.2.1/thumb/v7e-m+fp/hard\libgcc.a(_arm_cmpdf2.o)
 .ARM.attributes
                0x00000000000006ad       0x1e d:/apps/embedded_gcc/arm_gcc/bin/../lib/gcc/arm-none-eabi/8.2.1/thumb/v7e-m+fp/hard\libgcc.a(_arm_fixdfsi.o)
 .ARM.attributes
                0x00000000000006cb       0x1e d:/apps/embedded_gcc/arm_gcc/bin/../lib/gcc/arm-none-eabi/8.2.1/thumb/v7e-m+fp/hard\libgcc.a(_arm_truncdfsf2.o)
 .ARM.attributes
                0x00000000000006e9       0x34 d:/apps/embedded_gcc/arm_gcc/bin/../lib/gcc/arm-none-eabi/8.2.1/../../../../arm-none-eabi/lib/thumb/v7e-m+fp/hard\libc_nano.a(lib_a-errno.o)
 .ARM.attributes
                0x000000000000071d       0x32 d:/apps/embedded_gcc/arm_gcc/bin/../lib/gcc/arm-none-eabi/8.2.1/thumb/v7e-m+fp/hard/crtend.o
 .ARM.attributes
                0x000000000000074f       0x1e d:/apps/embedded_gcc/arm_gcc/bin/../lib/gcc/arm-none-eabi/8.2.1/thumb/v7e-m+fp/hard/crtn.o
OUTPUT(build/motor_controller_g474.elf elf32-littlearm)

.debug_info     0x0000000000000000    0x1b80c
 .debug_info    0x0000000000000000     0x4a9e build/main.o
 .debug_info    0x0000000000004a9e     0x12f5 build/gpio.o
 .debug_info    0x0000000000005d93     0x24c1 build/adc.o
 .debug_info    0x0000000000008254     0x5217 build/hrtim.o
 .debug_info    0x000000000000d46b     0x29d9 build/sys.o
 .debug_info    0x000000000000fe44     0x15b3 build/usart.o
 .debug_info    0x00000000000113f7     0x145b build/stm32g4xx_it.o
 .debug_info    0x0000000000012852      0xd7d build/stm32g4xx_ll_utils.o
 .debug_info    0x00000000000135cf      0xa3f build/stm32g4xx_ll_gpio.o
 .debug_info    0x000000000001400e      0xdc2 build/stm32g4xx_ll_adc.o
 .debug_info    0x0000000000014dd0      0x98a build/stm32g4xx_ll_usart.o
 .debug_info    0x000000000001575a      0xd97 build/stm32g4xx_ll_rcc.o
 .debug_info    0x00000000000164f1      0x657 build/system_stm32g4xx.o
 .debug_info    0x0000000000016b48     0x20ce build/tim.o
 .debug_info    0x0000000000018c16     0x142a build/stm32g4xx_ll_tim.o
 .debug_info    0x000000000001a040     0x17aa build/utils.o
 .debug_info    0x000000000001b7ea       0x22 build/startup_stm32g474xx.o

.debug_abbrev   0x0000000000000000     0x2a0c
 .debug_abbrev  0x0000000000000000      0x4b7 build/main.o
 .debug_abbrev  0x00000000000004b7      0x268 build/gpio.o
 .debug_abbrev  0x000000000000071f      0x2d4 build/adc.o
 .debug_abbrev  0x00000000000009f3      0x36f build/hrtim.o
 .debug_abbrev  0x0000000000000d62      0x332 build/sys.o
 .debug_abbrev  0x0000000000001094      0x271 build/usart.o
 .debug_abbrev  0x0000000000001305      0x2d0 build/stm32g4xx_it.o
 .debug_abbrev  0x00000000000015d5      0x269 build/stm32g4xx_ll_utils.o
 .debug_abbrev  0x000000000000183e      0x230 build/stm32g4xx_ll_gpio.o
 .debug_abbrev  0x0000000000001a6e      0x1c1 build/stm32g4xx_ll_adc.o
 .debug_abbrev  0x0000000000001c2f      0x1d6 build/stm32g4xx_ll_usart.o
 .debug_abbrev  0x0000000000001e05      0x21b build/stm32g4xx_ll_rcc.o
 .debug_abbrev  0x0000000000002020      0x128 build/system_stm32g4xx.o
 .debug_abbrev  0x0000000000002148      0x2b8 build/tim.o
 .debug_abbrev  0x0000000000002400      0x239 build/stm32g4xx_ll_tim.o
 .debug_abbrev  0x0000000000002639      0x3c1 build/utils.o
 .debug_abbrev  0x00000000000029fa       0x12 build/startup_stm32g474xx.o

.debug_loc      0x0000000000000000     0x8ff2
 .debug_loc     0x0000000000000000     0x1470 build/main.o
 .debug_loc     0x0000000000001470      0x108 build/gpio.o
 .debug_loc     0x0000000000001578      0xb8e build/adc.o
 .debug_loc     0x0000000000002106     0x16f6 build/hrtim.o
 .debug_loc     0x00000000000037fc      0x364 build/sys.o
 .debug_loc     0x0000000000003b60      0x38e build/usart.o
 .debug_loc     0x0000000000003eee      0x454 build/stm32g4xx_it.o
 .debug_loc     0x0000000000004342      0x8a8 build/stm32g4xx_ll_utils.o
 .debug_loc     0x0000000000004bea      0x3dc build/stm32g4xx_ll_gpio.o
 .debug_loc     0x0000000000004fc6      0x8b4 build/stm32g4xx_ll_adc.o
 .debug_loc     0x000000000000587a      0x540 build/stm32g4xx_ll_usart.o
 .debug_loc     0x0000000000005dba     0x1004 build/stm32g4xx_ll_rcc.o
 .debug_loc     0x0000000000006dbe       0xa0 build/system_stm32g4xx.o
 .debug_loc     0x0000000000006e5e      0x924 build/tim.o
 .debug_loc     0x0000000000007782      0xd18 build/stm32g4xx_ll_tim.o
 .debug_loc     0x000000000000849a      0xb58 build/utils.o

.debug_aranges  0x0000000000000000      0xf38
 .debug_aranges
                0x0000000000000000      0x210 build/main.o
 .debug_aranges
                0x0000000000000210       0x30 build/gpio.o
 .debug_aranges
                0x0000000000000240      0x128 build/adc.o
 .debug_aranges
                0x0000000000000368      0x220 build/hrtim.o
 .debug_aranges
                0x0000000000000588       0x70 build/sys.o
 .debug_aranges
                0x00000000000005f8       0x68 build/usart.o
 .debug_aranges
                0x0000000000000660       0xa0 build/stm32g4xx_it.o
 .debug_aranges
                0x0000000000000700       0xf8 build/stm32g4xx_ll_utils.o
 .debug_aranges
                0x00000000000007f8       0x70 build/stm32g4xx_ll_gpio.o
 .debug_aranges
                0x0000000000000868       0xe0 build/stm32g4xx_ll_adc.o
 .debug_aranges
                0x0000000000000948       0x90 build/stm32g4xx_ll_usart.o
 .debug_aranges
                0x00000000000009d8      0x1b8 build/stm32g4xx_ll_rcc.o
 .debug_aranges
                0x0000000000000b90       0x28 build/system_stm32g4xx.o
 .debug_aranges
                0x0000000000000bb8       0xf0 build/tim.o
 .debug_aranges
                0x0000000000000ca8      0x148 build/stm32g4xx_ll_tim.o
 .debug_aranges
                0x0000000000000df0      0x120 build/utils.o
 .debug_aranges
                0x0000000000000f10       0x28 build/startup_stm32g474xx.o

.debug_ranges   0x0000000000000000      0xe48
 .debug_ranges  0x0000000000000000      0x200 build/main.o
 .debug_ranges  0x0000000000000200       0x20 build/gpio.o
 .debug_ranges  0x0000000000000220      0x118 build/adc.o
 .debug_ranges  0x0000000000000338      0x210 build/hrtim.o
 .debug_ranges  0x0000000000000548       0x60 build/sys.o
 .debug_ranges  0x00000000000005a8       0x58 build/usart.o
 .debug_ranges  0x0000000000000600       0x90 build/stm32g4xx_it.o
 .debug_ranges  0x0000000000000690       0xe8 build/stm32g4xx_ll_utils.o
 .debug_ranges  0x0000000000000778       0x60 build/stm32g4xx_ll_gpio.o
 .debug_ranges  0x00000000000007d8       0xd0 build/stm32g4xx_ll_adc.o
 .debug_ranges  0x00000000000008a8       0x80 build/stm32g4xx_ll_usart.o
 .debug_ranges  0x0000000000000928      0x1a8 build/stm32g4xx_ll_rcc.o
 .debug_ranges  0x0000000000000ad0       0x18 build/system_stm32g4xx.o
 .debug_ranges  0x0000000000000ae8       0xe0 build/tim.o
 .debug_ranges  0x0000000000000bc8      0x138 build/stm32g4xx_ll_tim.o
 .debug_ranges  0x0000000000000d00      0x128 build/utils.o
 .debug_ranges  0x0000000000000e28       0x20 build/startup_stm32g474xx.o

.debug_line     0x0000000000000000     0xba65
 .debug_line    0x0000000000000000     0x4896 build/main.o
 .debug_line    0x0000000000004896      0x378 build/gpio.o
 .debug_line    0x0000000000004c0e      0x9e1 build/adc.o
 .debug_line    0x00000000000055ef     0x16af build/hrtim.o
 .debug_line    0x0000000000006c9e      0x59e build/sys.o
 .debug_line    0x000000000000723c      0x431 build/usart.o
 .debug_line    0x000000000000766d      0x476 build/stm32g4xx_it.o
 .debug_line    0x0000000000007ae3      0x6a9 build/stm32g4xx_ll_utils.o
 .debug_line    0x000000000000818c      0x464 build/stm32g4xx_ll_gpio.o
 .debug_line    0x00000000000085f0      0x5f1 build/stm32g4xx_ll_adc.o
 .debug_line    0x0000000000008be1      0x40a build/stm32g4xx_ll_usart.o
 .debug_line    0x0000000000008feb      0xc12 build/stm32g4xx_ll_rcc.o
 .debug_line    0x0000000000009bfd      0x1ca build/system_stm32g4xx.o
 .debug_line    0x0000000000009dc7      0x836 build/tim.o
 .debug_line    0x000000000000a5fd      0x96a build/stm32g4xx_ll_tim.o
 .debug_line    0x000000000000af67      0xa87 build/utils.o
 .debug_line    0x000000000000b9ee       0x77 build/startup_stm32g474xx.o

.debug_str      0x0000000000000000     0x4ee5
 .debug_str     0x0000000000000000     0x1ee4 build/main.o
                                       0x204d (size before relaxing)
 .debug_str     0x0000000000001ee4       0x6a build/gpio.o
                                        0xb39 (size before relaxing)
 .debug_str     0x0000000000001f4e      0xaf4 build/adc.o
                                       0x177a (size before relaxing)
 .debug_str     0x0000000000002a42      0x667 build/hrtim.o
                                       0x2489 (size before relaxing)
 .debug_str     0x00000000000030a9       0xbd build/sys.o
                                       0x14d1 (size before relaxing)
 .debug_str     0x0000000000003166      0x175 build/usart.o
                                        0xc92 (size before relaxing)
 .debug_str     0x00000000000032db      0x194 build/stm32g4xx_it.o
                                        0xb6b (size before relaxing)
 .debug_str     0x000000000000346f      0x2c5 build/stm32g4xx_ll_utils.o
                                        0x84b (size before relaxing)
 .debug_str     0x0000000000003734      0x126 build/stm32g4xx_ll_gpio.o
                                        0x53b (size before relaxing)
 .debug_str     0x000000000000385a      0x261 build/stm32g4xx_ll_adc.o
                                        0x834 (size before relaxing)
 .debug_str     0x0000000000003abb      0x20f build/stm32g4xx_ll_usart.o
                                        0x65f (size before relaxing)
 .debug_str     0x0000000000003cca      0x622 build/stm32g4xx_ll_rcc.o
                                        0xa6f (size before relaxing)
 .debug_str     0x00000000000042ec       0x49 build/system_stm32g4xx.o
                                        0x3f6 (size before relaxing)
 .debug_str     0x0000000000004335      0x257 build/tim.o
                                       0x1589 (size before relaxing)
 .debug_str     0x000000000000458c      0x534 build/stm32g4xx_ll_tim.o
                                        0xa9c (size before relaxing)
 .debug_str     0x0000000000004ac0      0x400 build/utils.o
                                        0xa57 (size before relaxing)
 .debug_str     0x0000000000004ec0       0x25 build/startup_stm32g474xx.o
                                         0x6a (size before relaxing)

.comment        0x0000000000000000       0x68
 .comment       0x0000000000000000       0x68 build/main.o
                                         0x69 (size before relaxing)
 .comment       0x0000000000000068       0x69 build/gpio.o
 .comment       0x0000000000000068       0x69 build/adc.o
 .comment       0x0000000000000068       0x69 build/hrtim.o
 .comment       0x0000000000000068       0x69 build/sys.o
 .comment       0x0000000000000068       0x69 build/usart.o
 .comment       0x0000000000000068       0x69 build/stm32g4xx_it.o
 .comment       0x0000000000000068       0x69 build/stm32g4xx_ll_utils.o
 .comment       0x0000000000000068       0x69 build/stm32g4xx_ll_gpio.o
 .comment       0x0000000000000068       0x69 build/stm32g4xx_ll_adc.o
 .comment       0x0000000000000068       0x69 build/stm32g4xx_ll_usart.o
 .comment       0x0000000000000068       0x69 build/stm32g4xx_ll_rcc.o
 .comment       0x0000000000000068       0x69 build/system_stm32g4xx.o
 .comment       0x0000000000000068       0x69 build/tim.o
 .comment       0x0000000000000068       0x69 build/stm32g4xx_ll_tim.o
 .comment       0x0000000000000068       0x69 build/utils.o

.debug_frame    0x0000000000000000     0x49e0
 .debug_frame   0x0000000000000000      0x9bc build/main.o
 .debug_frame   0x00000000000009bc       0x88 build/gpio.o
 .debug_frame   0x0000000000000a44      0x54c build/adc.o
 .debug_frame   0x0000000000000f90      0xbc4 build/hrtim.o
 .debug_frame   0x0000000000001b54      0x1b8 build/sys.o
 .debug_frame   0x0000000000001d0c      0x1a0 build/usart.o
 .debug_frame   0x0000000000001eac      0x250 build/stm32g4xx_it.o
 .debug_frame   0x00000000000020fc      0x440 build/stm32g4xx_ll_utils.o
 .debug_frame   0x000000000000253c      0x1c8 build/stm32g4xx_ll_gpio.o
 .debug_frame   0x0000000000002704      0x400 build/stm32g4xx_ll_adc.o
 .debug_frame   0x0000000000002b04      0x26c build/stm32g4xx_ll_usart.o
 .debug_frame   0x0000000000002d70      0x7e8 build/stm32g4xx_ll_rcc.o
 .debug_frame   0x0000000000003558       0x5c build/system_stm32g4xx.o
 .debug_frame   0x00000000000035b4      0x458 build/tim.o
 .debug_frame   0x0000000000003a0c      0x600 build/stm32g4xx_ll_tim.o
 .debug_frame   0x000000000000400c      0x554 build/utils.o
 .debug_frame   0x0000000000004560       0x2c d:/apps/embedded_gcc/arm_gcc/bin/../lib/gcc/arm-none-eabi/8.2.1/../../../../arm-none-eabi/lib/thumb/v7e-m+fp/hard\libc_nano.a(lib_a-init.o)
 .debug_frame   0x000000000000458c       0x20 d:/apps/embedded_gcc/arm_gcc/bin/../lib/gcc/arm-none-eabi/8.2.1/../../../../arm-none-eabi/lib/thumb/v7e-m+fp/hard\libc_nano.a(lib_a-memset.o)
 .debug_frame   0x00000000000045ac       0x50 d:/apps/embedded_gcc/arm_gcc/bin/../lib/gcc/arm-none-eabi/8.2.1/../../../../arm-none-eabi/lib/thumb/v7e-m+fp/hard\libm.a(lib_a-w_exp.o)
 .debug_frame   0x00000000000045fc       0x50 d:/apps/embedded_gcc/arm_gcc/bin/../lib/gcc/arm-none-eabi/8.2.1/../../../../arm-none-eabi/lib/thumb/v7e-m+fp/hard\libm.a(lib_a-wf_log.o)
 .debug_frame   0x000000000000464c       0x50 d:/apps/embedded_gcc/arm_gcc/bin/../lib/gcc/arm-none-eabi/8.2.1/../../../../arm-none-eabi/lib/thumb/v7e-m+fp/hard\libm.a(lib_a-wf_sqrt.o)
 .debug_frame   0x000000000000469c       0x54 d:/apps/embedded_gcc/arm_gcc/bin/../lib/gcc/arm-none-eabi/8.2.1/../../../../arm-none-eabi/lib/thumb/v7e-m+fp/hard\libm.a(lib_a-e_exp.o)
 .debug_frame   0x00000000000046f0       0x48 d:/apps/embedded_gcc/arm_gcc/bin/../lib/gcc/arm-none-eabi/8.2.1/../../../../arm-none-eabi/lib/thumb/v7e-m+fp/hard\libm.a(lib_a-ef_log.o)
 .debug_frame   0x0000000000004738       0x20 d:/apps/embedded_gcc/arm_gcc/bin/../lib/gcc/arm-none-eabi/8.2.1/../../../../arm-none-eabi/lib/thumb/v7e-m+fp/hard\libm.a(lib_a-ef_sqrt.o)
 .debug_frame   0x0000000000004758       0x20 d:/apps/embedded_gcc/arm_gcc/bin/../lib/gcc/arm-none-eabi/8.2.1/../../../../arm-none-eabi/lib/thumb/v7e-m+fp/hard\libm.a(lib_a-s_finite.o)
 .debug_frame   0x0000000000004778       0x20 d:/apps/embedded_gcc/arm_gcc/bin/../lib/gcc/arm-none-eabi/8.2.1/../../../../arm-none-eabi/lib/thumb/v7e-m+fp/hard\libm.a(lib_a-s_matherr.o)
 .debug_frame   0x0000000000004798       0x20 d:/apps/embedded_gcc/arm_gcc/bin/../lib/gcc/arm-none-eabi/8.2.1/../../../../arm-none-eabi/lib/thumb/v7e-m+fp/hard\libm.a(lib_a-s_nan.o)
 .debug_frame   0x00000000000047b8       0xac d:/apps/embedded_gcc/arm_gcc/bin/../lib/gcc/arm-none-eabi/8.2.1/thumb/v7e-m+fp/hard\libgcc.a(_arm_addsubdf3.o)
 .debug_frame   0x0000000000004864       0x50 d:/apps/embedded_gcc/arm_gcc/bin/../lib/gcc/arm-none-eabi/8.2.1/thumb/v7e-m+fp/hard\libgcc.a(_arm_muldivdf3.o)
 .debug_frame   0x00000000000048b4       0xc4 d:/apps/embedded_gcc/arm_gcc/bin/../lib/gcc/arm-none-eabi/8.2.1/thumb/v7e-m+fp/hard\libgcc.a(_arm_cmpdf2.o)
 .debug_frame   0x0000000000004978       0x24 d:/apps/embedded_gcc/arm_gcc/bin/../lib/gcc/arm-none-eabi/8.2.1/thumb/v7e-m+fp/hard\libgcc.a(_arm_fixdfsi.o)
 .debug_frame   0x000000000000499c       0x24 d:/apps/embedded_gcc/arm_gcc/bin/../lib/gcc/arm-none-eabi/8.2.1/thumb/v7e-m+fp/hard\libgcc.a(_arm_truncdfsf2.o)
 .debug_frame   0x00000000000049c0       0x20 d:/apps/embedded_gcc/arm_gcc/bin/../lib/gcc/arm-none-eabi/8.2.1/../../../../arm-none-eabi/lib/thumb/v7e-m+fp/hard\libc_nano.a(lib_a-errno.o)

Cross Reference Table

Symbol                                            File
ADC1_2_IRQHandler                                 build/main.o
ADC1_Init_BLDC                                    build/adc.o
                                                  build/main.o
ADC2_Init_BLDC                                    build/adc.o
                                                  build/main.o
ADC3_IRQHandler                                   build/startup_stm32g474xx.o
ADC4_IRQHandler                                   build/startup_stm32g474xx.o
ADC5_IRQHandler                                   build/startup_stm32g474xx.o
AHBPrescTable                                     build/system_stm32g4xx.o
                                                  build/stm32g4xx_ll_rcc.o
                                                  build/stm32g4xx_ll_utils.o
APBPrescTable                                     build/system_stm32g4xx.o
                                                  build/stm32g4xx_ll_rcc.o
BusFault_Handler                                  build/stm32g4xx_it.o
COMP1_2_3_IRQHandler                              build/startup_stm32g474xx.o
COMP4_5_6_IRQHandler                              build/startup_stm32g474xx.o
COMP7_IRQHandler                                  build/startup_stm32g474xx.o
CORDIC_IRQHandler                                 build/startup_stm32g474xx.o
CRS_IRQHandler                                    build/startup_stm32g474xx.o
CoreInit                                          build/main.o
CoreStart                                         build/main.o
DMA1_Channel1_IRQHandler                          build/startup_stm32g474xx.o
DMA1_Channel2_IRQHandler                          build/startup_stm32g474xx.o
DMA1_Channel3_IRQHandler                          build/startup_stm32g474xx.o
DMA1_Channel4_IRQHandler                          build/startup_stm32g474xx.o
DMA1_Channel5_IRQHandler                          build/startup_stm32g474xx.o
DMA1_Channel6_IRQHandler                          build/startup_stm32g474xx.o
DMA1_Channel7_IRQHandler                          build/startup_stm32g474xx.o
DMA1_Channel8_IRQHandler                          build/startup_stm32g474xx.o
DMA2_Channel1_IRQHandler                          build/startup_stm32g474xx.o
DMA2_Channel2_IRQHandler                          build/startup_stm32g474xx.o
DMA2_Channel3_IRQHandler                          build/startup_stm32g474xx.o
DMA2_Channel4_IRQHandler                          build/startup_stm32g474xx.o
DMA2_Channel5_IRQHandler                          build/startup_stm32g474xx.o
DMA2_Channel6_IRQHandler                          build/startup_stm32g474xx.o
DMA2_Channel7_IRQHandler                          build/startup_stm32g474xx.o
DMA2_Channel8_IRQHandler                          build/startup_stm32g474xx.o
DMAMUX_OVR_IRQHandler                             build/startup_stm32g474xx.o
DebugMon_Handler                                  build/stm32g4xx_it.o
Default_Handler                                   build/startup_stm32g474xx.o
EXTI0_IRQHandler                                  build/startup_stm32g474xx.o
EXTI15_10_IRQHandler                              build/startup_stm32g474xx.o
EXTI1_IRQHandler                                  build/startup_stm32g474xx.o
EXTI2_IRQHandler                                  build/startup_stm32g474xx.o
EXTI3_IRQHandler                                  build/startup_stm32g474xx.o
EXTI4_IRQHandler                                  build/startup_stm32g474xx.o
EXTI9_5_IRQHandler                                build/stm32g4xx_it.o
Error_Handler                                     build/main.o
FDCAN1_IT0_IRQHandler                             build/startup_stm32g474xx.o
FDCAN1_IT1_IRQHandler                             build/startup_stm32g474xx.o
FDCAN2_IT0_IRQHandler                             build/startup_stm32g474xx.o
FDCAN2_IT1_IRQHandler                             build/startup_stm32g474xx.o
FDCAN3_IT0_IRQHandler                             build/startup_stm32g474xx.o
FDCAN3_IT1_IRQHandler                             build/startup_stm32g474xx.o
FLASH_IRQHandler                                  build/startup_stm32g474xx.o
FLASH_LoadConfig                                  build/sys.o
                                                  build/main.o
FLASH_PageErase                                   build/sys.o
FLASH_Program_DoubleWord                          build/sys.o
FLASH_UpdateConfig                                build/sys.o
                                                  build/main.o
FMAC_IRQHandler                                   build/startup_stm32g474xx.o
FMC_IRQHandler                                    build/startup_stm32g474xx.o
FPU_IRQHandler                                    build/startup_stm32g474xx.o
HRTIM1_FLT_IRQHandler                             build/stm32g4xx_it.o
HRTIM1_Master_IRQHandler                          build/startup_stm32g474xx.o
HRTIM1_TIMA_IRQHandler                            build/startup_stm32g474xx.o
HRTIM1_TIMB_IRQHandler                            build/startup_stm32g474xx.o
HRTIM1_TIMC_IRQHandler                            build/startup_stm32g474xx.o
HRTIM1_TIMD_IRQHandler                            build/startup_stm32g474xx.o
HRTIM1_TIME_IRQHandler                            build/startup_stm32g474xx.o
HRTIM1_TIMF_IRQHandler                            build/startup_stm32g474xx.o
HardFault_Handler                                 build/stm32g4xx_it.o
I2C1_ER_IRQHandler                                build/startup_stm32g474xx.o
I2C1_EV_IRQHandler                                build/startup_stm32g474xx.o
I2C2_ER_IRQHandler                                build/startup_stm32g474xx.o
I2C2_EV_IRQHandler                                build/startup_stm32g474xx.o
I2C3_ER_IRQHandler                                build/startup_stm32g474xx.o
I2C3_EV_IRQHandler                                build/startup_stm32g474xx.o
I2C4_ER_IRQHandler                                build/startup_stm32g474xx.o
I2C4_EV_IRQHandler                                build/startup_stm32g474xx.o
LL_ADC_CommonDeInit                               build/stm32g4xx_ll_adc.o
LL_ADC_CommonInit                                 build/stm32g4xx_ll_adc.o
                                                  build/adc.o
LL_ADC_CommonStructInit                           build/stm32g4xx_ll_adc.o
LL_ADC_DeInit                                     build/stm32g4xx_ll_adc.o
LL_ADC_INJ_Init                                   build/stm32g4xx_ll_adc.o
                                                  build/adc.o
LL_ADC_INJ_StructInit                             build/stm32g4xx_ll_adc.o
LL_ADC_Init                                       build/stm32g4xx_ll_adc.o
                                                  build/adc.o
LL_ADC_REG_Init                                   build/stm32g4xx_ll_adc.o
                                                  build/adc.o
LL_ADC_REG_StructInit                             build/stm32g4xx_ll_adc.o
LL_ADC_StructInit                                 build/stm32g4xx_ll_adc.o
LL_DMA_DeInit                                     build/stm32g4xx_ll_dma.o
LL_DMA_Init                                       build/stm32g4xx_ll_dma.o
LL_DMA_StructInit                                 build/stm32g4xx_ll_dma.o
LL_EXTI_DeInit                                    build/stm32g4xx_ll_exti.o
LL_EXTI_Init                                      build/stm32g4xx_ll_exti.o
LL_EXTI_StructInit                                build/stm32g4xx_ll_exti.o
LL_GPIO_DeInit                                    build/stm32g4xx_ll_gpio.o
LL_GPIO_Init                                      build/stm32g4xx_ll_gpio.o
                                                  build/lptim.o
                                                  build/tim.o
                                                  build/usart.o
                                                  build/hrtim.o
                                                  build/adc.o
                                                  build/gpio.o
LL_GPIO_StructInit                                build/stm32g4xx_ll_gpio.o
LL_HRTIM_DeInit                                   build/stm32g4xx_ll_hrtim.o
LL_Init1msTick                                    build/stm32g4xx_ll_utils.o
                                                  build/main.o
LL_LPTIM_DeInit                                   build/stm32g4xx_ll_lptim.o
LL_LPTIM_Disable                                  build/stm32g4xx_ll_lptim.o
LL_LPTIM_Init                                     build/stm32g4xx_ll_lptim.o
LL_LPTIM_StructInit                               build/stm32g4xx_ll_lptim.o
LL_PLL_ConfigSystemClock_HSE                      build/stm32g4xx_ll_utils.o
LL_PLL_ConfigSystemClock_HSI                      build/stm32g4xx_ll_utils.o
LL_PWR_DeInit                                     build/stm32g4xx_ll_pwr.o
LL_RCC_DeInit                                     build/stm32g4xx_ll_rcc.o
LL_RCC_GetADCClockFreq                            build/stm32g4xx_ll_rcc.o
LL_RCC_GetFDCANClockFreq                          build/stm32g4xx_ll_rcc.o
LL_RCC_GetI2CClockFreq                            build/stm32g4xx_ll_rcc.o
LL_RCC_GetI2SClockFreq                            build/stm32g4xx_ll_rcc.o
LL_RCC_GetLPTIMClockFreq                          build/stm32g4xx_ll_rcc.o
LL_RCC_GetLPUARTClockFreq                         build/stm32g4xx_ll_rcc.o
LL_RCC_GetQUADSPIClockFreq                        build/stm32g4xx_ll_rcc.o
LL_RCC_GetRNGClockFreq                            build/stm32g4xx_ll_rcc.o
LL_RCC_GetSAIClockFreq                            build/stm32g4xx_ll_rcc.o
LL_RCC_GetSystemClocksFreq                        build/stm32g4xx_ll_rcc.o
                                                  build/stm32g4xx_ll_lptim.o
LL_RCC_GetUARTClockFreq                           build/stm32g4xx_ll_rcc.o
                                                  build/stm32g4xx_ll_usart.o
LL_RCC_GetUSARTClockFreq                          build/stm32g4xx_ll_rcc.o
                                                  build/stm32g4xx_ll_usart.o
LL_RCC_GetUSBClockFreq                            build/stm32g4xx_ll_rcc.o
LL_SetSystemCoreClock                             build/stm32g4xx_ll_utils.o
                                                  build/main.o
LL_TIM_BDTR_Init                                  build/stm32g4xx_ll_tim.o
LL_TIM_BDTR_StructInit                            build/stm32g4xx_ll_tim.o
LL_TIM_DeInit                                     build/stm32g4xx_ll_tim.o
LL_TIM_ENCODER_Init                               build/stm32g4xx_ll_tim.o
LL_TIM_ENCODER_StructInit                         build/stm32g4xx_ll_tim.o
LL_TIM_HALLSENSOR_Init                            build/stm32g4xx_ll_tim.o
LL_TIM_HALLSENSOR_StructInit                      build/stm32g4xx_ll_tim.o
LL_TIM_IC_Init                                    build/stm32g4xx_ll_tim.o
LL_TIM_IC_StructInit                              build/stm32g4xx_ll_tim.o
LL_TIM_Init                                       build/stm32g4xx_ll_tim.o
                                                  build/tim.o
LL_TIM_OC_Init                                    build/stm32g4xx_ll_tim.o
LL_TIM_OC_StructInit                              build/stm32g4xx_ll_tim.o
LL_TIM_StructInit                                 build/stm32g4xx_ll_tim.o
LL_USART_ClockInit                                build/stm32g4xx_ll_usart.o
LL_USART_ClockStructInit                          build/stm32g4xx_ll_usart.o
LL_USART_DeInit                                   build/stm32g4xx_ll_usart.o
LL_USART_Init                                     build/stm32g4xx_ll_usart.o
                                                  build/usart.o
LL_USART_StructInit                               build/stm32g4xx_ll_usart.o
LL_mDelay                                         build/stm32g4xx_ll_utils.o
                                                  build/stm32g4xx_it.o
                                                  build/adc.o
LPTIM1_IRQHandler                                 build/startup_stm32g474xx.o
LPUART1_IRQHandler                                build/startup_stm32g474xx.o
MX_ADC1_Init                                      build/adc.o
                                                  build/main.o
MX_ADC2_Init                                      build/adc.o
                                                  build/main.o
MX_ADC3_Init                                      build/adc.o
                                                  build/main.o
MX_GPIO_Init                                      build/gpio.o
                                                  build/main.o
MX_HRTIM1_Init                                    build/hrtim.o
                                                  build/main.o
MX_HRTIM1_Init_BLDC                               build/hrtim.o
                                                  build/main.o
MX_LPTIM1_Init                                    build/lptim.o
MX_SYS_Init                                       build/sys.o
MX_TIM2_Init                                      build/tim.o
                                                  build/main.o
MX_TIM7_Init                                      build/tim.o
                                                  build/main.o
MX_USART2_UART_Init                               build/usart.o
                                                  build/main.o
MemManage_Handler                                 build/stm32g4xx_it.o
NMI_Handler                                       build/stm32g4xx_it.o
PVD_PVM_IRQHandler                                build/startup_stm32g474xx.o
PendSV_Handler                                    build/stm32g4xx_it.o
QUADSPI_IRQHandler                                build/startup_stm32g474xx.o
RCC_GetHCLKClockFreq                              build/stm32g4xx_ll_rcc.o
RCC_GetPCLK1ClockFreq                             build/stm32g4xx_ll_rcc.o
RCC_GetPCLK2ClockFreq                             build/stm32g4xx_ll_rcc.o
RCC_GetSystemClockFreq                            build/stm32g4xx_ll_rcc.o
RCC_IRQHandler                                    build/startup_stm32g474xx.o
RCC_PLL_GetFreqDomain_48M                         build/stm32g4xx_ll_rcc.o
RCC_PLL_GetFreqDomain_ADC                         build/stm32g4xx_ll_rcc.o
RCC_PLL_GetFreqDomain_SYS                         build/stm32g4xx_ll_rcc.o
RNG_IRQHandler                                    build/startup_stm32g474xx.o
RTC_Alarm_IRQHandler                              build/startup_stm32g474xx.o
RTC_TAMP_LSECSS_IRQHandler                        build/startup_stm32g474xx.o
RTC_WKUP_IRQHandler                               build/startup_stm32g474xx.o
Reset_Handler                                     build/startup_stm32g474xx.o